# EzioClient session log
# file:    20260923_230221 - Willow Springs International Raceway Big Willow (122).gt7td
# started: 2026-09-23T21:02:21Z
# track:   Willow Springs International Raceway: Big Willow (CRS 122)
# context: powerPackRace
# ---
📊 pit loss: estimated 11.0 s from the unofficial table (Willow Springs International Raceway: Big Willow)
📊 strategy: track pit loss 11.0 s
📊 strategy: declared 5 lap race
📊 strategy: fuel consumption OFF (0x) — no stops for fuel, refuel rate disregarded
# car:     MAZDA3 Gr.4 [Gr.4] (id 3537) — confirmed from telemetry
🔓 learning resumed — player on track
🎮 menus → onTrack (pkt 973171, lap 0, flags 0x0015, pos 1, cars 10, tod 43200000)
🔧 session restart: lap-scoped state reset
🏁 start type: GRID_START at pkt 974989 lap 0
🔀 state UNKNOWN → RACING at pkt 974989 lap 0
🔵 sub-state — → FIRST_LAP lap 0
📊 strategy: green flag, race clock running
🗣 spoke (lapPace, imp 0, cost 3.4s, ledger 3.4/20.4s, 1 line): greenFlag
📋 lap 0: — clean fuel_used=0.00
📊 strategy L1: no fuel model yet
🧭 identified: Nürburgring Sprint (CRS 1248) — finishLine, 6 sample(s), ±12 m
🏁 announcing track: Nürburgring Sprint (CRS 1248) from gates
🗣 spoke (radio, imp 2, cost 1.6s, ledger 5.0/20.4s, 1 line): trackIdentified(Nürburgring Sprint, CRS 1248)
🗺 no stored map for course 122 — the live mapper will build one from a clean lap
🚪 gate learned: Willow Springs International Raceway: Big Willow/powerPackRace/lap1 heading -147°
🗣 spoke (radio, imp 0, cost 2.1s, ledger 7.0/20.4s, 1 line): surveyGate(lap1, 1)
🛞 compound: window opened — raceStart, lap 1
🧭 polyline [L1]: 25 candidate(s) dropped on direction — best of them Blue Moon Bay Speedway median 10.01 (alignment -0.84)
🧭 polyline [L1]: 2 layouts share this road (Blue Moon Bay Speedway - Infield A Reverse, Nürburgring Sprint) — watching for the fork
🧭 polyline [L1]: ambiguous — Nürburgring Sprint median 1.52/p90 2.27 vs Blue Moon Bay Speedway - Infield A Reverse median 9.81/p90 38.96 (30 samples), abstaining
🧭 polyline [L1]: 20 candidate(s) dropped on direction — best of them Trial Mountain Circuit median 44.54 (alignment -0.89)
🧭 polyline [L1]: Nürburgring Sprint (CRS 1248, map ctx powerPackRace) median 1.58 m, p90 2.27 m, 6% of lap, 60 samples, alignment +1.00 — next course Blue Moon Bay Speedway - Infield A median 37.80/p90 75.19
🗺 no stored map for course 122 — the live mapper will build one from a clean lap
🧭 polyline DISAGREES with the DECLARED course: Nürburgring Sprint (CRS 1248) vs CRS 122 — declaration wins
🛞 compound: family racing (H+ 0.723, locked for the race)
🗣 spoke (tyres, imp 4, cost 2.1s, ledger 2.1/20.4s, 1 line): compoundEstimate(raceStart, racing, high)
🔵 sub-state FIRST_LAP → FLYING lap 2
📋 lap 1: 1:25.407 first fuel_used=0.00
📊 strategy L2: no fuel model yet
🔵 lap 1: clean
🚪 gate learned: Willow Springs International Raceway: Big Willow/powerPackRace/finishLine heading -146°
🛞 compound: racingHard (low confidence, C 1.10, margin 0.139)
🗣 spoke (radio, imp 0, cost 1.6s, ledger 1.6/20.4s, 1 line): surveyGate(finishLine, 1)
🗣 spoke (tyres, imp 4, cost 1.6s, ledger 3.3/20.4s, 1 line): compoundEstimate(raceStart, RH, low)
🗣 bulletin (imp 6, cost 6.2s, ledger 9.5/20.4s, 2 lines): L2
📋 lap 2: 1:19.083 clean fuel_used=0.00
🔵 lap 2: clean
📊 strategy L3: no fuel model yet
🚪 gate refined: Willow Springs International Raceway: Big Willow/powerPackRace/finishLine (2 samples, σ 0.26 m, ±16 m, across 0.0…0.4 m)
🗣 spoke (radio, imp 0, cost 2.7s, ledger 2.7/20.4s, 1 line): surveyGate(finishLine, 2)
🗺 mapper: learned lap 2 (79.083 s, 3925 m, 785 pts) — installing as session polyline
🗣 spoke (radio, imp 0, cost 3.7s, ledger 6.4/20.4s, 1 line): surveyLap(2, 79083 ms, 785 pts)
🗣 spoke (radio, imp 0, cost 2.7s, ledger 9.0/20.4s, 1 line): surveyComplete(3 optional missing)
🗺 survey stored → 122.trackmap.json (lap 2, 79.083 s)
🗺 session polyline installed from lap 2 (785 pts) — minimap + delta live
⏱ class lap BEST: Willow Springs International Raceway: Big Willow/powerPackRace/Gr.4 → 1:19.083 (1/10 laps, 1 car(s), avg 1:19.083)
🗣 bulletin (imp 2, cost 4.3s, ledger 13.3/20.4s, 2 lines): L3
🗣 spoke (tyres, imp 4, cost 3.8s, ledger 3.8/20.4s, 1 line): tyreTemps(low, 65°, rearRight)
📋 lap 3: 1:24.893 clean fuel_used=0.00
🔵 lap 3: clean
📊 strategy L4: no fuel model yet
🚪 gate refined: Willow Springs International Raceway: Big Willow/powerPackRace/finishLine (3 samples, σ 0.60 m, ±12 m, across -0.9…0.4 m)
🗣 spoke (radio, imp 0, cost 2.7s, ledger 2.7/20.4s, 1 line): surveyGate(finishLine, 3)
🗣 bulletin (imp 6, cost 5.2s, ledger 7.9/20.4s, 2 lines): L4
📋 lap 4: 1:19.231 clean fuel_used=0.00
🔵 lap 4: clean
📊 strategy L5: no fuel model yet
🚪 gate refined: Willow Springs International Raceway: Big Willow/powerPackRace/finishLine (4 samples, σ 0.57 m, ±12 m, across -0.9…0.4 m)
🗣 spoke (radio, imp 0, cost 2.7s, ledger 2.7/20.4s, 1 line): surveyGate(finishLine, 4)
🗣 bulletin (imp 6, cost 8.7s, ledger 11.4/20.4s, 2 lines): L5
📋 lap 5: 1:19.751 clean fuel_used=0.00
🔵 lap 5 antics: contact
📊 strategy: finish armed at L6 (lap 6 > 5) — awaiting lap-clock freeze
📊 strategy L6: no fuel model yet
🚪 gate refined: Willow Springs International Raceway: Big Willow/powerPackRace/finishLine (5 samples, σ 8.07 m, ±20 m, across -18.0…0.4 m)
🗣 spoke (radio, imp 0, cost 2.7s, ledger 2.7/20.4s, 1 line): surveyGate(finishLine, 5)
📊 strategy: race finished at L6 — confirmed, lap clock frozen 0.50 s (handover 0.78 s)
💾 race preserved (finished): 6 lap(s), 0 stop(s), start GRID_START, P1/10
🗑 flag: pending commentary cancelled
✂️ capture auto-stop in 30s (race finished)
🗣 spoke (radio, imp 0, cost 2.5s, ledger 5.2/20.4s, 1 line): raceFinished(L6)
🗑 flag: pending commentary cancelled
🔧 session ended after lap 6
🔒 learning paused — not the player driving (demo lap, replay or off track)
🎮 replay handshake armed (off track, race context still valid: pos 1, cars 10)
🔄 new session on the same connection — resetting track-scoped state
🧭 learned pool: 147 gate(s) from 329 stored
📊 strategy: reset
⚙️ crew cfg: wpm=140 window=24.0s sat=0.85 cap=20.4s overhead=0.35s speech=on
📊 pit loss: estimated 11.0 s from the unofficial table (Willow Springs International Raceway: Big Willow)
⚙️ crew cat lapPace: slider=11 eff=11 budget=24 cd=x0.50 lock=20.0->10.0s ttl=10s
⚙️ crew cat position: slider=11 eff=11 budget=24 cd=x0.50 lock=20.0->10.0s ttl=10s
⚙️ crew cat strategy: slider=11 eff=11 budget=24 cd=x0.50 lock=12.0->6.0s ttl=30s protected
⚙️ crew cat pitSequence: slider=11 eff=11 budget=24 cd=x0.50 lock=10.0->5.0s ttl=12s protected
⚙️ crew cat tyres: slider=11 eff=11 budget=24 cd=x0.50 lock=25.0->12.5s ttl=12s
⚙️ crew cat incidents: slider=3 eff=3 budget=24 cd=x0.50 lock=15.0->7.5s ttl=3s
⚙️ crew cat radio: slider=11 eff=11 budget=24 cd=x0.50 lock=45.0->22.5s ttl=8s
⚙️ crew cat chatter: slider=11 eff=11 budget=24 cd=x0.50 lock=60.0->30.0s ttl=6s
🎮 onTrack → replay (pkt 1000701, lap 0, flags 0x0010, pos 1, cars 10, tod 43200033)
⏸ replay — race commentary suspended
🧭 learned: 2 layouts tied (Nürburgring Sprint, Willow Springs International Raceway: Big Willow) — resolving by divergence
⏹ stopping the recording — auto-stop: race finished
# --- stopped: 28140 packets
