# EzioClient session log
# file:    20260726_233603 - Autodrome Lago Maggiore - East (1226).gt7td
# started: 2026-07-26T21:36:03Z
# track:   Autodrome Lago Maggiore - East (CRS 1226)
# car:     Porsche 911 GT3 R (992) '22 [gr3]
# context: customRace
# ---
📊 strategy: no measured pit loss for this track
🅿️ no pit speaking budget for this track
🧭 divergence: fork at 3114 m on course 1226 — 1 left (Autodrome Lago Maggiore - East)
🧭 divergence: resolved to Autodrome Lago Maggiore - East
🧭 identified (learned): Autodrome Lago Maggiore - East (CRS 1226) — finishLine, 2 sample(s), ±16 m — no legacy gate (new track)
📊 strategy L2: no fuel model yet
🔄 new session on the same connection — resetting track-scoped state
🧭 learned pool: 104 gate(s) from 255 stored
📊 strategy: reset
⚙️ crew cfg: wpm=140 window=24.0s sat=0.85 cap=20.4s overhead=0.35s speech=on
⚙️ crew cat lapPace: slider=11 eff=11 budget=24 cd=x0.50 lock=20.0->10.0s ttl=10s
⚙️ crew cat position: slider=11 eff=11 budget=24 cd=x0.50 lock=20.0->10.0s ttl=10s
⚙️ crew cat strategy: slider=11 eff=11 budget=24 cd=x0.50 lock=12.0->6.0s ttl=30s protected
⚙️ crew cat pitSequence: slider=11 eff=11 budget=24 cd=x0.50 lock=10.0->5.0s ttl=12s protected
⚙️ crew cat tyres: slider=11 eff=11 budget=24 cd=x0.50 lock=25.0->12.5s ttl=12s
⚙️ crew cat incidents: slider=3 eff=3 budget=24 cd=x0.50 lock=15.0->7.5s ttl=3s
⚙️ crew cat radio: slider=11 eff=11 budget=24 cd=x0.50 lock=45.0->22.5s ttl=8s
⚙️ crew cat chatter: slider=6 eff=6 budget=14 cd=x1.25 lock=60.0->75.0s ttl=6s
🏁 start type: GRID_START at pkt 5378869 lap 0
🔀 state UNKNOWN → RACING at pkt 5378869 lap 0
🔵 sub-state — → FIRST_LAP lap 0
📊 strategy: green flag, race clock running
🗣 spoke (lapPace, imp 0, cost 1.2s, ledger 1.2/20.4s, 1 line): greenFlag
📊 strategy L1: no fuel model yet
🧭 learned: 4 layouts tied (Autodrome Lago Maggiore - Centre, Autodrome Lago Maggiore - East, Autodrome Lago Maggiore - Full Course, Autodrome Lago Maggiore - West) — resolving by divergence
🚪 gate learned: Autodrome Lago Maggiore - East/customRace/lap1 heading -37°
🗣 spoke (radio, imp 0, cost 1.6s, ledger 2.8/20.4s, 1 line): surveyGate(lap1, 1)
🧭 polyline [L1]: ambiguous — Autodrome Lago Maggiore - East median 1.14/p90 2.40 vs Autodrome Lago Maggiore - East Reverse median 1.99/p90 2.74 (30 samples), abstaining
🧭 polyline [L1]: ambiguous — Autodrome Lago Maggiore - East median 1.77/p90 3.33 vs Autodrome Lago Maggiore - East Reverse median 2.09/p90 3.19 (60 samples), abstaining
🗣 chain (imp 4, cost 2.1s, ledger 4.9/20.4s, 2 events, 1 lines)
🧭 polyline [L1]: ambiguous — Autodrome Lago Maggiore - East median 2.22/p90 3.64 vs Autodrome Lago Maggiore - East Reverse median 2.34/p90 3.60 (90 samples), abstaining
🧭 polyline [L1]: ambiguous — Autodrome Lago Maggiore - East median 2.36/p90 4.84 vs Autodrome Lago Maggiore - East Reverse median 2.44/p90 4.49 (120 samples), abstaining
🧭 divergence: fork at 594 m on course 365 — 2 left (Autodrome Lago Maggiore - East, Autodrome Lago Maggiore - Full Course)
🧭 divergence: 2 gate(s) for 2 candidates at 3111m, 3114m
🧭 polyline [L1]: ambiguous — Autodrome Lago Maggiore - East Reverse median 2.23/p90 4.07 vs Autodrome Lago Maggiore - East median 2.36/p90 5.06 (150 samples), abstaining
🧭 polyline [L1]: ambiguous — Autodrome Lago Maggiore - East Reverse median 2.26/p90 3.94 vs Autodrome Lago Maggiore - East median 2.36/p90 5.22 (180 samples), abstaining
🧭 polyline [L1]: ambiguous — Autodrome Lago Maggiore - Full Course Reverse median 2.10/p90 3.42 vs Autodrome Lago Maggiore - East Reverse median 2.34/p90 4.52 (180 samples), abstaining
🧭 polyline [L1]: ambiguous — Autodrome Lago Maggiore - Full Course Reverse median 1.98/p90 3.27 vs Autodrome Lago Maggiore - East Reverse median 2.26/p90 4.52 (180 samples), abstaining
🧭 polyline [L1]: ambiguous — Autodrome Lago Maggiore - Full Course Reverse median 1.97/p90 3.27 vs Autodrome Lago Maggiore - East median 2.05/p90 5.59 (180 samples), abstaining
🧭 polyline [L1]: ambiguous — Autodrome Lago Maggiore - Full Course Reverse median 1.97/p90 3.55 vs Autodrome Lago Maggiore - East Reverse median 2.11/p90 3.89 (180 samples), abstaining
🧭 polyline [L1]: ambiguous — Autodrome Lago Maggiore - East End median 1.98/p90 4.75 vs Autodrome Lago Maggiore - Full Course Reverse median 2.27/p90 4.77 (180 samples), abstaining
🧭 polyline [L1]: ambiguous — Autodrome Lago Maggiore - East End median 1.85/p90 3.24 vs Autodrome Lago Maggiore - East median 2.09/p90 5.19 (180 samples), abstaining
🧭 divergence: fork at 3114 m on course 1226 — 1 left (Autodrome Lago Maggiore - East)
🧭 divergence: resolved to Autodrome Lago Maggiore - East
🧭 identified (learned): Autodrome Lago Maggiore - East (CRS 1226) — finishLine, 2 sample(s), ±16 m — no legacy gate (new track)
🔵 sub-state FIRST_LAP → FLYING lap 2
🔵 lap 1 antics: contact
📊 strategy L2: fuel/lap 1.36, 72.7 laps of fuel, race length unknown — fuel horizon
🚪 gate learned: Autodrome Lago Maggiore - East/customRace/finishLine heading -37°
🗣 spoke (radio, imp 0, cost 2.7s, ledger 2.7/20.4s, 1 line): surveyGate(finishLine, 2)
🗣 bulletin (imp 6, cost 5.8s, ledger 8.5/20.4s, 2 lines): L2
🔵 lap 2: clean
📊 laps-left model: elapsed 171.1 s, remaining 128.9 s, median lap 81.8 s -> 2 (no-stop 2, pit loss 18.0 s, rate 3 l/s)
📊 strategy L3: fuel/lap 1.31 | fuel 97.2 = 74.0 laps | 2.0 laps to go | stops 0
🚪 gate refined: Autodrome Lago Maggiore - East/customRace/finishLine (2 samples, σ 5.65 m, ±16 m)
🗣 spoke (radio, imp 0, cost 2.7s, ledger 2.7/20.4s, 1 line): surveyGate(finishLine, 2)
🗺 mapper: learned lap 2 (81.773 s, 3600 m, 720 pts) — installing as session polyline
🗣 spoke (radio, imp 0, cost 3.7s, ledger 6.4/20.4s, 1 line): surveyLap(2, 81773 ms, 720 pts)
🗺 session polyline installed from lap 2 (720 pts) — minimap + delta live
⏱ class lap BEST: Autodrome Lago Maggiore - East/customRace/Gr.3 → 1:21.773 (1/10 laps, 1 car(s), avg 1:21.773)
🗣 spoke (radio, imp 0, cost 2.7s, ledger 9.0/20.4s, 1 line): surveyComplete(3 optional missing)
🗣 bulletin (imp 2, cost 4.3s, ledger 13.3/20.4s, 2 lines): L3
🗣 spoke (strategy, imp 2, cost 3.5s, ledger 16.9/20.4s, 1 line, protected): strategyUpdate(fuel 74.03L, togo 2, stops 0)
🔧 huge stop 178 km/h with clutch 1.00 — pending impact-vs-pit (6 s)
🔀 state RACING → PIT at pkt 5393948 lap 3
🔵 sub-state FLYING → — lap 3
🔧 pit-entry anchor learned: 80447 ms into lap (stop on lap 3)
🔧 pended impact cancelled: pit entry
🚪 gate learned: Autodrome Lago Maggiore - East/customRace/pitEntry (no heading)
🗣 spoke (pitSequence, imp 0, cost 2.9s, ledger 2.9/20.4s, 1 line, protected): pittingIn(L3)
🗑 dropped (in pit): surveyGate(pitEntry, 1)
🗑 dropped (in pit): surveyComplete(2 optional missing)
📊 strategy: box reached on the ENDING lap (entered L3, counter still L3) — the lap in progress completes on release, counting it as banked
📊 laps-left model: elapsed 268.6 s, remaining 31.4 s, median lap 81.8 s -> 1 (no-stop 1, pit loss 18.0 s, rate 3 l/s)
🗣 spoke (pitSequence, imp 2, cost 2.5s, ledger 5.4/20.4s, 1 line, protected): inPitBox
🗣 spoke (strategy, imp 0, cost 3.5s, ledger 8.9/20.4s, 1 line, protected): refuelTarget(1 laps)
🔀 state PIT → RACING at pkt 5395237 lap 4
🔵 sub-state — → OUT_LAP lap 4
🅿️ PIT completed: in L3 → out L4 (no fuel, transit 24.6s, teleport=false)
🚪 gate learned: Autodrome Lago Maggiore - East/customRace/pitBox (no heading)
🗑 dropped (in pit): surveyGate(pitBox, 1)
🅿️ entry→box 20.1s (speaking budget)
🗑 dropped (in pit): surveyComplete(1 optional missing)
🔵 lap 3: clean
🗑 dropped (in pit): lapStarted(4, last 101.92s)
🔧 teleport 165 m on lap 4 — pending reset-vs-pit (2.5 s)
🗑 dropped (in pit): positionChange(P5→P20)
📊 laps-left model: elapsed 273.1 s, remaining 26.9 s, median lap 81.8 s -> 1 (no-stop 1, pit loss 18.0 s, rate 3 l/s)
📊 strategy L4: fuel/lap 1.27 | fuel 96.1 = 75.5 laps | 1.0 laps to go | stops 0
🗑 dropped (topic pitSequence; 4.5s of 5.0s, pitSequence reopens in 0.5s): exitingPit(+0.00l)
🚪 gate learned: Autodrome Lago Maggiore - East/customRace/pitExit heading -36°
🗺 mapper: lap 3 rejected (teleport)
🗣 spoke (radio, imp 0, cost 1.6s, ledger 10.6/20.4s, 1 line): surveyGate(pitExit, 1)
📊 laps-left model: elapsed 273.1 s, remaining 8.9 s, median lap 81.8 s -> 1 (no-stop 1, pit loss 18.0 s, rate 3 l/s), out-lap -18.0s
📊 strategy L4: fuel/lap 1.27 | fuel 96.1 = 75.5 laps | 1.0 laps to go | stops 0 (post-stop recalc)
🗣 spoke (radio, imp 0, cost 2.9s, ledger 13.5/20.4s, 1 line): surveyComplete(0 optional missing)
🗣 spoke (strategy, imp 2, cost 2.9s, ledger 16.4/20.4s, 1 line, protected): strategyUpdate(fuel 75.54L, togo 1, stops 0, post-stop)
🗣 spoke (tyres, imp 4, cost 2.1s, ledger 18.5/20.4s, 1 line): tyreTemps(low, 60°)
🔧 reset-to-track confirmed (no pit followed)
🎭 mood relaxed → focused
🗣 chain (imp 2, cost 1.2s, ledger 16.8/20.4s, 1 events, 1 lines)
🗣 chain (imp 6, cost 2.1s, ledger 12.8/20.4s, 1 events, 1 lines)
🗣 chain (imp 4, cost 2.5s, ledger 2.5/20.4s, 1 events, 1 lines)
🗣 spoke (tyres, imp 4, cost 1.6s, ledger 4.1/20.4s, 1 line): tyreTemps(inWindow, 70°)
🗑 dropped (chain cooldown): 1 event(s)
🔵 sub-state OUT_LAP → FLYING lap 5
🔵 lap 4 antics: contact
📊 strategy: finish armed at L5 (clock 352.7 s of 300) — awaiting lap-clock freeze
📊 laps-left model: elapsed 352.7 s, remaining -52.7 s, median lap 81.8 s -> 0 (expired)
📊 strategy L5: fuel/lap 1.27 | fuel 94.8 = 74.7 laps | 0.0 laps to go | stops 0
🚪 gate refined: Autodrome Lago Maggiore - East/customRace/finishLine (3 samples, σ 4.04 m, ±12 m)
🗣 spoke (position, imp 4, cost 3.3s, ledger 7.4/20.4s, 1 line): positionChange(P20→P19)
🗺 mapper: lap 4 rejected (teleport)
🗣 spoke (radio, imp 0, cost 2.7s, ledger 10.1/20.4s, 1 line): surveyGate(finishLine, 2)
📊 strategy: race finished at L5 — confirmed, lap clock frozen 0.50 s (handover 0.50 s)
✂️ capture auto-stop in 30s (race finished)
🗑 flag: pending commentary cancelled
🗣 spoke (radio, imp 0, cost 2.5s, ledger 12.6/20.4s, 1 line): raceFinished(L5)
🗑 speaker: 3 queued line(s) preempted by flag
🔧 session ended after lap 5
🎭 mood focused → relaxed
🗑 flag: pending commentary cancelled
🔄 new session on the same connection — resetting track-scoped state
🧭 learned pool: 106 gate(s) from 260 stored
📊 strategy: reset
⚙️ crew cfg: wpm=140 window=24.0s sat=0.85 cap=20.4s overhead=0.35s speech=on
⚙️ crew cat lapPace: slider=11 eff=11 budget=24 cd=x0.50 lock=20.0->10.0s ttl=10s
⚙️ crew cat position: slider=11 eff=11 budget=24 cd=x0.50 lock=20.0->10.0s ttl=10s
⚙️ crew cat strategy: slider=11 eff=11 budget=24 cd=x0.50 lock=12.0->6.0s ttl=30s protected
⚙️ crew cat pitSequence: slider=11 eff=11 budget=24 cd=x0.50 lock=10.0->5.0s ttl=12s protected
⚙️ crew cat tyres: slider=11 eff=11 budget=24 cd=x0.50 lock=25.0->12.5s ttl=12s
⚙️ crew cat incidents: slider=3 eff=3 budget=24 cd=x0.50 lock=15.0->7.5s ttl=3s
⚙️ crew cat radio: slider=11 eff=11 budget=24 cd=x0.50 lock=45.0->22.5s ttl=8s
⚙️ crew cat chatter: slider=6 eff=6 budget=14 cd=x1.25 lock=60.0->75.0s ttl=6s
📊 strategy L5: no fuel model yet
🔄 new session on the same connection — resetting track-scoped state
🧭 learned pool: 106 gate(s) from 260 stored
📊 strategy: reset
⚙️ crew cfg: wpm=140 window=24.0s sat=0.85 cap=20.4s overhead=0.35s speech=on
⚙️ crew cat lapPace: slider=11 eff=11 budget=24 cd=x0.50 lock=20.0->10.0s ttl=10s
⚙️ crew cat position: slider=11 eff=11 budget=24 cd=x0.50 lock=20.0->10.0s ttl=10s
⚙️ crew cat strategy: slider=11 eff=11 budget=24 cd=x0.50 lock=12.0->6.0s ttl=30s protected
⚙️ crew cat pitSequence: slider=11 eff=11 budget=24 cd=x0.50 lock=10.0->5.0s ttl=12s protected
⚙️ crew cat tyres: slider=11 eff=11 budget=24 cd=x0.50 lock=25.0->12.5s ttl=12s
⚙️ crew cat incidents: slider=3 eff=3 budget=24 cd=x0.50 lock=15.0->7.5s ttl=3s
⚙️ crew cat radio: slider=11 eff=11 budget=24 cd=x0.50 lock=45.0->22.5s ttl=8s
⚙️ crew cat chatter: slider=6 eff=6 budget=14 cd=x1.25 lock=60.0->75.0s ttl=6s
# --- stopped: 24778 packets
