# EzioClient session log
# file:    20260926_003418 - Autodrome Lago Maggiore - West (1232).gt7td
# started: 2026-09-25T22:34:18Z
# track:   Autodrome Lago Maggiore - West (CRS 1232)
# context: customRace
# ---
📊 ignoring pit loss from a map for course 793 — we are on 1232
📊 pit loss: estimated 17.0 s from the unofficial table (Autodrome Lago Maggiore - West)
📊 strategy: track pit loss 17.0 s
🅿️ no pit speaking budget for this track
# car:     Toyota GR Supra Racing Concept '18 [Gr.3] (id 3352) — confirmed from telemetry
📊 strategy L1: no fuel model yet
🔓 learning resumed — player on track
🛞 compound: car 3352 — reference: RH RM RS
🔄 new session on the same connection — resetting track-scoped state
📊 strategy: reset
📊 pit loss: estimated 17.0 s from the unofficial table (Autodrome Lago Maggiore - West)
⚙️ crew cfg: wpm=140 window=24.0s sat=0.85 cap=20.4s overhead=0.35s speech=on
⚙️ crew cat lapPace: slider=11 eff=11 budget=24 cd=x0.50 lock=20.0->10.0s ttl=10s
⚙️ crew cat position: slider=11 eff=11 budget=24 cd=x0.50 lock=20.0->10.0s ttl=10s
⚙️ crew cat strategy: slider=11 eff=11 budget=24 cd=x0.50 lock=12.0->6.0s ttl=30s protected
⚙️ crew cat pitSequence: slider=11 eff=11 budget=24 cd=x0.50 lock=10.0->5.0s ttl=12s protected
🛞 compound: car 3352 — reference: RH RM RS
⚙️ crew cat tyres: slider=11 eff=11 budget=24 cd=x0.50 lock=25.0->12.5s ttl=12s
⚙️ crew cat incidents: slider=3 eff=3 budget=24 cd=x0.50 lock=15.0->7.5s ttl=3s
⚙️ crew cat radio: slider=11 eff=11 budget=24 cd=x0.50 lock=45.0->22.5s ttl=8s
⚙️ crew cat chatter: slider=11 eff=11 budget=24 cd=x0.50 lock=60.0->30.0s ttl=6s
🎮 menus → onTrack (pkt 2329968, lap 0, flags 0x001D, pos 1, cars 2, tod 62460000)
🧭 polyline [PRE-GREEN]: 25 candidate(s) dropped on direction — best of them Autodrome Lago Maggiore - Full Course Reverse median 1.43 (alignment -1.00)
🧭 polyline [PRE-GREEN]: Autodrome Lago Maggiore - West fits (median 1.38 m) but on 118 m of road — waiting for 800 m
🏁 start type: ROLLING_START at pkt 2330332 lap 1
🔀 state UNKNOWN → RACING at pkt 2330332 lap 1
🔵 sub-state — → FIRST_LAP lap 1
📋 lap 0: — clean fuel_used=0.00
📊 strategy: green flag (speed) at pkt 2330332, race clock running
🗣 spoke (lapPace, imp 0, cost 1.2s, ledger 1.2/20.4s, 1 line): greenFlag
📊 strategy L1: no fuel model yet
🧭 learned (line): Autodrome Lago Maggiore family, 4 layouts (Autodrome Lago Maggiore - Centre, Autodrome Lago Maggiore - East, Autodrome Lago Maggiore - Full Course, Autodrome Lago Maggiore - West) — resolving at the fork
🚪 gate learned: Autodrome Lago Maggiore - West/customRace/lap1 heading -37°
🗣 spoke (radio, imp 0, cost 2.1s, ledger 3.3/20.4s, 1 line): surveyGate(lap1, 1)
🛞 compound: window opened — raceStart, lap 1
🧭 polyline [L1]: 24 candidate(s) dropped on direction — best of them Autodrome Lago Maggiore - Full Course Reverse median 1.86 (alignment -1.00)
🧭 polyline [L1]: Autodrome Lago Maggiore - Full Course fits (median 1.41 m) but on 330 m of road — waiting for 800 m
🧭 polyline [L1]: 24 candidate(s) dropped on direction — best of them Autodrome Lago Maggiore - Full Course Reverse median 1.76 (alignment -1.00)
🧭 polyline [L1]: Autodrome Lago Maggiore - Full Course fits (median 1.66 m) but on 510 m of road — waiting for 800 m
🧭 polyline [L1]: 19 candidate(s) dropped on direction — best of them Autodrome Lago Maggiore - Full Course Reverse median 1.98 (alignment -0.99)
🧭 polyline [L1]: Autodrome Lago Maggiore - West fits (median 1.65 m) but on 629 m of road — waiting for 800 m
🧭 divergence: fork at 595 m on course 793 — 3 left (Autodrome Lago Maggiore - Centre, Autodrome Lago Maggiore - Full Course, Autodrome Lago Maggiore - West)
🧭 divergence: 3 gate(s) for 3 candidates at 599m, 600m, 595m
🧭 divergence: fork at 595 m on course 1232 — 2 left (Autodrome Lago Maggiore - Centre, Autodrome Lago Maggiore - West)
🧭 divergence: 2 gate(s) for 2 candidates at 1494m, 1501m
🧭 polyline [L1]: 16 candidate(s) dropped on direction — best of them Autodrome Lago Maggiore - Full Course Reverse median 2.19 (alignment -0.94)
🧭 polyline [L1]: 4 layouts share this road (Autodrome Lago Maggiore - Centre, Autodrome Lago Maggiore - East, Autodrome Lago Maggiore - Full Course, Autodrome Lago Maggiore - West) — watching for the fork
🧭 polyline [L1]: ambiguous — Autodrome Lago Maggiore - West median 1.68/p90 4.97 vs Autodrome Lago Maggiore - Full Course median 1.85/p90 10.77 (150 samples), abstaining
🧭 polyline [L1]: 11 candidate(s) dropped on direction — best of them Autodrome Lago Maggiore - Full Course Reverse median 2.38 (alignment -0.93)
🧭 polyline [L1]: ambiguous — Autodrome Lago Maggiore - West median 1.78/p90 5.67 vs Autodrome Lago Maggiore - Full Course median 1.94/p90 28.32 (180 samples), abstaining
🧭 polyline [L1]: 8 candidate(s) dropped on direction — best of them Autodrome Lago Maggiore - East Reverse median 2.51 (alignment -0.93)
🧭 polyline [L1]: ambiguous — Autodrome Lago Maggiore - Centre median 1.67/p90 2.78 vs Autodrome Lago Maggiore - West median 1.91/p90 5.67 (180 samples), abstaining
🧭 divergence: fork at 1501 m on course 1232 — 1 left (Autodrome Lago Maggiore - West)
🧭 divergence: resolved to Autodrome Lago Maggiore - West
🧭 identified: Autodrome Lago Maggiore - West (CRS 1232) — finishLine, 44 sample(s), ±13 m
🏁 announcing track: Autodrome Lago Maggiore - West (CRS 1232) from gates
🗣 spoke (radio, imp 2, cost 3.4s, ledger 3.4/20.4s, 1 line): trackIdentified(Autodrome Lago Maggiore - West, CRS 1232)
🗺 stored map loaded on identification (gates): course 1232, 819 pts
📊 pit loss: measured 16.4 s
📊 strategy: track pit loss 16.4 s
🅿️ pit speaking budget 16.7s (entry to box)
🔧 pit approach: entry at station 3885 m of 4096 m (15.9 m off the line), lead 20 s
🧭 polyline [L1]: 10 candidate(s) dropped on direction — best of them Autodrome Lago Maggiore - East Reverse median 2.32 (alignment -0.92)
🧭 polyline [L1]: ambiguous — Autodrome Lago Maggiore - Centre median 1.64/p90 2.77 vs Autodrome Lago Maggiore - West median 1.79/p90 3.87 (180 samples), abstaining
🛞 compound: family racing (H+ 0.216, locked for the race)
🗣 spoke (tyres, imp 4, cost 2.1s, ledger 5.4/20.4s, 1 line): compoundEstimate(raceStart, racing, high)
🧭 polyline [L1]: 12 candidate(s) dropped on direction — best of them Autodrome Lago Maggiore - West Reverse median 2.26 (alignment -0.99)
🧭 polyline [L1]: ambiguous — Autodrome Lago Maggiore - West median 1.77/p90 3.87 vs Autodrome Lago Maggiore - Full Course median 1.89/p90 28.60 (180 samples), abstaining
🧭 polyline [L1]: 12 candidate(s) dropped on direction — best of them Autodrome Lago Maggiore - Full Course Reverse median 2.11 (alignment -0.93)
🧭 polyline [L1]: 2 layouts share this road (Autodrome Lago Maggiore - Full Course, Autodrome Lago Maggiore - West) — watching for the fork
🧭 polyline [L1]: ambiguous — Autodrome Lago Maggiore - West median 1.86/p90 3.87 vs Autodrome Lago Maggiore - Full Course median 1.97/p90 28.32 (180 samples), abstaining
🧭 polyline [L1]: 14 candidate(s) dropped on direction — best of them Autodrome Lago Maggiore - Full Course Reverse median 2.01 (alignment -0.98)
🧭 polyline [L1]: ambiguous — Autodrome Lago Maggiore - West median 1.83/p90 2.88 vs Autodrome Lago Maggiore - Full Course median 2.04/p90 4.26 (180 samples), abstaining
🧭 polyline [L1]: 16 candidate(s) dropped on direction — best of them Autodrome Lago Maggiore - Full Course Reverse median 1.99 (alignment -1.00)
🧭 polyline [L1]: ambiguous — Autodrome Lago Maggiore - West median 1.72/p90 2.62 vs Autodrome Lago Maggiore - Full Course median 1.92/p90 3.96 (180 samples), abstaining
🧭 polyline [L1]: 15 candidate(s) dropped on direction — best of them Autodrome Lago Maggiore - Full Course Reverse median 1.93 (alignment -1.00)
🧭 polyline [L1]: ambiguous — Autodrome Lago Maggiore - West median 1.66/p90 2.64 vs Autodrome Lago Maggiore - Full Course median 1.97/p90 3.93 (180 samples), abstaining
🧭 polyline [L1]: 19 candidate(s) dropped on direction — best of them Autodrome Lago Maggiore - Full Course Reverse median 2.11 (alignment -1.00)
🧭 polyline [L1]: 3 layouts share this road (Autodrome Lago Maggiore - Full Course, Autodrome Lago Maggiore - West, Autodrome Lago Maggiore - West End) — watching for the fork
🧭 polyline [L1]: ambiguous — Autodrome Lago Maggiore - West median 1.71/p90 3.09 vs Autodrome Lago Maggiore - West End median 1.91/p90 4.85 (180 samples), abstaining
🧭 polyline [L1]: 19 candidate(s) dropped on direction — best of them Autodrome Lago Maggiore - Full Course Reverse median 2.11 (alignment -1.00)
🧭 polyline [L1]: ambiguous — Autodrome Lago Maggiore - West End median 1.76/p90 3.21 vs Autodrome Lago Maggiore - West median 1.78/p90 3.09 (180 samples), abstaining
🧭 polyline [L1]: 13 candidate(s) dropped on direction — best of them Autodrome Lago Maggiore - Full Course Reverse median 2.11 (alignment -1.00)
🧭 polyline [L1]: ambiguous — Autodrome Lago Maggiore - West End median 1.69/p90 3.21 vs Autodrome Lago Maggiore - West median 1.78/p90 3.00 (180 samples), abstaining
🧭 polyline [L1]: 8 candidate(s) dropped on direction — best of them Autodrome Lago Maggiore - Full Course Reverse median 1.98 (alignment -1.00)
🧭 polyline [L1]: ambiguous — Autodrome Lago Maggiore - Full Course median 1.67/p90 2.58 vs Autodrome Lago Maggiore - West median 1.67/p90 3.00 (180 samples), abstaining
🧭 polyline [L1]: 11 candidate(s) dropped on direction — best of them Autodrome Lago Maggiore - Full Course Reverse median 1.88 (alignment -1.00)
🧭 polyline [L1]: 2 layouts share this road (Autodrome Lago Maggiore - Full Course, Autodrome Lago Maggiore - West) — watching for the fork
🧭 polyline [L1]: ambiguous — Autodrome Lago Maggiore - West median 1.72/p90 2.84 vs Autodrome Lago Maggiore - Full Course median 1.81/p90 3.08 (180 samples), abstaining
🔵 sub-state FIRST_LAP → FLYING lap 2
📋 lap 1: 1:25.064 first fuel_used=0.00
🔵 lap 1: clean
📊 strategy L2: no fuel model yet
🚪 gate learned: Autodrome Lago Maggiore - West/customRace/finishLine heading -36°
🗣 spoke (radio, imp 0, cost 2.1s, ledger 2.1/20.4s, 1 line): surveyGate(finishLine, 1)
🛞 compound: C 0.83 fits no dry compound (nearest racingHard at 0.202) — unknown
🛞 compound prompt: raceStart lap 1, estimate none
🗑 dropped (no catalog lines; tyres): compoundEstimate(raceStart, abstained: no dry fit — nearest RH at 0.202)
🗣 bulletin (imp 6, cost 6.2s, ledger 8.3/20.4s, 2 lines): L2
🧭 polyline [L2]: 12 candidate(s) dropped on direction — best of them Autodrome Lago Maggiore - West Reverse median 1.94 (alignment -1.00)
🧭 polyline [L2]: ambiguous — Autodrome Lago Maggiore - Full Course median 1.76/p90 2.54 vs Autodrome Lago Maggiore - West median 1.80/p90 3.88 (180 samples), abstaining
🧭 polyline [L2]: 19 candidate(s) dropped on direction — best of them Autodrome Lago Maggiore - West Reverse median 1.83 (alignment -1.00)
🧭 polyline [L2]: ambiguous — Autodrome Lago Maggiore - West median 1.64/p90 2.54 vs Autodrome Lago Maggiore - Full Course median 1.72/p90 2.53 (180 samples), abstaining
🧭 polyline [L2]: 17 candidate(s) dropped on direction — best of them Autodrome Lago Maggiore - West Reverse median 2.07 (alignment -1.00)
🧭 polyline [L2]: 4 layouts share this road (Autodrome Lago Maggiore - Centre, Autodrome Lago Maggiore - East, Autodrome Lago Maggiore - Full Course, Autodrome Lago Maggiore - West) — watching for the fork
🧭 polyline [L2]: ambiguous — Autodrome Lago Maggiore - West median 1.71/p90 3.85 vs Autodrome Lago Maggiore - Full Course median 1.76/p90 2.55 (180 samples), abstaining
🛞 compound prompt corrected: RS
🧭 polyline divergence: fork at 595 m on course 1232 — 3 left (Autodrome Lago Maggiore - Centre, Autodrome Lago Maggiore - East, Autodrome Lago Maggiore - West)
🧭 polyline divergence: 3 gate(s) for 3 candidates at 600m, 606m, 595m
🧭 polyline divergence: fork at 595 m on course 1232 — 2 left (Autodrome Lago Maggiore - Centre, Autodrome Lago Maggiore - West)
🧭 polyline divergence: 2 gate(s) for 2 candidates at 1494m, 1501m
🧭 polyline [L2]: 16 candidate(s) dropped on direction — best of them Autodrome Lago Maggiore - West Reverse median 2.11 (alignment -1.00)
🧭 polyline [L2]: ambiguous — Autodrome Lago Maggiore - Full Course median 1.91/p90 18.29 vs Autodrome Lago Maggiore - West median 1.96/p90 7.13 (180 samples), abstaining
🧭 polyline [L2]: 11 candidate(s) dropped on direction — best of them Autodrome Lago Maggiore - West Reverse median 2.25 (alignment -1.00)
🧭 polyline [L2]: ambiguous — Autodrome Lago Maggiore - Full Course median 1.97/p90 27.70 vs Autodrome Lago Maggiore - West median 1.99/p90 7.13 (180 samples), abstaining
🧭 polyline [L2]: 7 candidate(s) dropped on direction — best of them Autodrome Lago Maggiore - East Reverse median 2.43 (alignment -0.93)
🧭 polyline [L2]: ambiguous — Autodrome Lago Maggiore - Full Course median 1.94/p90 27.70 vs Autodrome Lago Maggiore - Centre median 1.99/p90 3.24 (180 samples), abstaining
🧭 polyline divergence: fork at 1501 m on course 1232 — 1 left (Autodrome Lago Maggiore - West)
🧭 polyline divergence: resolved to Autodrome Lago Maggiore - West
🧭 polyline [L2]: fork resolved to Autodrome Lago Maggiore - West
🧭 polyline [L2]: Autodrome Lago Maggiore - West (CRS 1232, map ctx lobby) median 2.10 m, p90 7.13 m, 21% of lap, 180 samples, alignment +0.99 — next course Autodrome Lago Maggiore - Full Course median 1.94/p90 27.70
🧭 polyline agrees with the declared course (CRS 1232)
📋 lap 2: 1:23.794 clean fuel_used=0.00
🔵 lap 2: clean
📊 strategy L3: no fuel model yet
🚪 gate refined: Autodrome Lago Maggiore - West/customRace/finishLine (2 samples, σ 0.28 m, ±16 m, across 0.0…0.1 m)
🗣 spoke (lapPace, imp 4, cost 2.5s, ledger 2.5/20.4s, 1 line): paceDegradation(18.54s/lap over 4)
🗣 spoke (radio, imp 0, cost 2.7s, ledger 5.2/20.4s, 1 line): surveyGate(finishLine, 2)
🗺 mapper: learned lap 2 (83.794 s, 4095 m, 819 pts) — installing as session polyline
🗣 spoke (radio, imp 0, cost 3.7s, ledger 8.9/20.4s, 1 line): surveyLap(2, 83794 ms, 819 pts)
🗣 spoke (radio, imp 0, cost 3.1s, ledger 11.9/20.4s, 1 line): surveyComplete(3 optional missing)
🗺 frame vs lobby: median 2.1 m, centroid offset 2.1 m
🗺 survey stored → 1232.trackmap.json (lap 2, 83.794 s)
⏱ class lap BEST: Autodrome Lago Maggiore - West/customRace/Gr.3 → 1:23.794 (1/10 laps, 1 car(s), avg 1:23.794)
🗣 bulletin (imp 6, cost 4.5s, ledger 16.5/20.4s, 2 lines): L3
🔧 huge stop 201 km/h with clutch 1.00 — pending impact-vs-pit (6 s)
🔀 state RACING → PIT at pkt 2345472 lap 3
🔵 sub-state FLYING → — lap 3
🔧 pit-entry anchor learned: 83492 ms into lap (stop on lap 3)
🔧 pended impact cancelled: pit entry
🚪 gate learned: Autodrome Lago Maggiore - West/customRace/pitEntry (no heading)
🗣 spoke (pitSequence, imp 0, cost 2.5s, ledger 2.5/20.4s, 1 line, protected): pittingIn(L3)
🗑 dropped (in pit): surveyGate(pitEntry, 1)
🗑 dropped (in pit): surveyComplete(2 optional missing)
🛞 compound: stationary phase ended above 62 °C — no tyre change by temperature (a ride-height lift may still follow)
📊 strategy: box reached on the ENDING lap (entered L3, counter still L3) — the lap in progress completes on release, counting it as banked
🗑 dropped (box deadline; cost 1.2s, 0.8s of 16.7s left): inPitBox
🗣 spoke (strategy, imp 0, cost 4.0s, ledger 6.4/20.4s, 1 line, protected): refuelTarget(2 laps)
🔧 fresh tyres confirmed: 60.0° across all four (was 78.4° at pit entry, step 18.4°)
🗑 dropped (box deadline; cost 1.6s, 0.0s of 16.7s left): freshTyres(confirmed 60.00°)
🛞 compound: tyre change seen (ride-height lift)
🛞 compound: window opened — pitExit, lap 3
🔀 state PIT → RACING at pkt 2346689 lap 4
🔵 sub-state — → OUT_LAP lap 4
🅿️ PIT completed: in L3 → out L4 (no fuel, transit 23.7s, teleport=false)
🚪 gate learned: Autodrome Lago Maggiore - West/customRace/pitBox (no heading)
🗑 dropped (in pit): surveyGate(pitBox, 1)
🅿️ entry→box 19.3s (speaking budget)
🗑 dropped (in pit): surveyComplete(1 optional missing)
🔧 pit approach: entry at station 3885 m of 4096 m (16.1 m off the line), lead 20 s
📋 lap 3: 1:43.759 in fuel_used=0.00
🔵 lap 3: clean
🗑 dropped (in pit): lapStarted(4/5, last 103.76s)
🔧 teleport 165 m on lap 4 — pit release, not a reset
📊 strategy L4: no fuel model yet
🗣 spoke (pitSequence, imp 2, cost 3.4s, ledger 9.8/20.4s, 1 line, protected): exitingPit(+0.00l)
🚪 gate learned: Autodrome Lago Maggiore - West/customRace/pitExit heading -36°
🗺 mapper: lap 3 rejected (teleport)
🗣 spoke (radio, imp 0, cost 1.6s, ledger 11.4/20.4s, 1 line): surveyGate(pitExit, 1)
📊 strategy L4: no fuel model yet
🗣 spoke (radio, imp 0, cost 2.9s, ledger 14.4/20.4s, 1 line): surveyComplete(0 optional missing)
🗣 spoke (tyres, imp 4, cost 2.9s, ledger 17.3/20.4s, 1 line): tyreTemps(low, 60°)
🛞 compound: racingHard (medium confidence, C 0.89, margin 0.200, own reference)
🛞 compound prompt: pitExit lap 3, estimate RH
🗣 spoke (tyres, imp 4, cost 1.6s, ledger 1.6/20.4s, 1 line): compoundEstimate(pitExit, RH, medium)
🛞 compound prompt corrected: RM
🗣 spoke (tyres, imp 4, cost 2.9s, ledger 2.9/20.4s, 1 line): tyreTemps(low, 67°, rearRight)
🔵 sub-state OUT_LAP → FLYING lap 5
📋 lap 4: 1:25.696 out fuel_used=0.00
🔵 lap 4: clean
📊 strategy L5: no fuel model yet
🚪 gate refined: Autodrome Lago Maggiore - West/customRace/finishLine (3 samples, σ 0.51 m, ±12 m, across -0.8…0.1 m)
🗺 mapper: lap 4 rejected (teleport)
🗣 spoke (radio, imp 0, cost 2.7s, ledger 5.6/20.4s, 1 line): surveyGate(finishLine, 3)
🗣 bulletin (imp 6, cost 7.8s, ledger 13.4/20.4s, 2 lines): L5
📋 lap 5: 1:24.332 clean fuel_used=0.00
🔵 lap 5: clean
📊 strategy: finish armed at L6 (lap 6 > 5) — awaiting lap-clock freeze
📊 strategy L6: no fuel model yet
🚪 gate refined: Autodrome Lago Maggiore - West/customRace/finishLine (4 samples, σ 1.59 m, ±12 m, across -3.1…0.1 m)
🗣 spoke (radio, imp 0, cost 2.7s, ledger 2.7/20.4s, 1 line): surveyGate(finishLine, 4)
📊 strategy: race finished at L6 — confirmed, lap clock frozen 0.50 s (handover 0.50 s)
💾 race preserved (finished): 6 lap(s), 1 stop(s), start ROLLING_START, P1/2
✂️ capture auto-stop in 30s (race finished)
🗑 flag: pending commentary cancelled
🗣 spoke (radio, imp 0, cost 1.2s, ledger 3.9/20.4s, 1 line): raceFinished(L6)
🗑 speaker: 1 queued line(s) preempted by flag
🔧 session ended after lap 6
🗑 flag: pending commentary cancelled
🔒 learning paused — not the player driving (demo lap, replay or off track)
🎮 replay handshake armed (off track, race context still valid: pos 1, cars 2)
🔄 new session on the same connection — resetting track-scoped state
🧭 learned pool: 153 gate(s) from 348 stored, 63 pit exit(s)
📊 strategy: reset
📊 pit loss: estimated 17.0 s from the unofficial table (Autodrome Lago Maggiore - West)
📊 strategy: track pit loss 17.0 s
⚙️ crew cfg: wpm=140 window=24.0s sat=0.85 cap=20.4s overhead=0.35s speech=on
⚙️ crew cat lapPace: slider=11 eff=11 budget=24 cd=x0.50 lock=20.0->10.0s ttl=10s
⚙️ crew cat position: slider=11 eff=11 budget=24 cd=x0.50 lock=20.0->10.0s ttl=10s
⚙️ crew cat strategy: slider=11 eff=11 budget=24 cd=x0.50 lock=12.0->6.0s ttl=30s protected
⚙️ crew cat pitSequence: slider=11 eff=11 budget=24 cd=x0.50 lock=10.0->5.0s ttl=12s protected
⚙️ crew cat tyres: slider=11 eff=11 budget=24 cd=x0.50 lock=25.0->12.5s ttl=12s
⚙️ crew cat incidents: slider=3 eff=3 budget=24 cd=x0.50 lock=15.0->7.5s ttl=3s
⚙️ crew cat radio: slider=11 eff=11 budget=24 cd=x0.50 lock=45.0->22.5s ttl=8s
⚙️ crew cat chatter: slider=11 eff=11 budget=24 cd=x0.50 lock=60.0->30.0s ttl=6s
🅿️ no pit speaking budget for this track
🎮 onTrack → replay (pkt 2357686, lap 0, flags 0x0018, pos 1, cars 2, tod 62460000)
⏸ replay — race commentary suspended
🔄 new session on the same connection — resetting track-scoped state
📊 strategy: reset
📊 pit loss: estimated 17.0 s from the unofficial table (Autodrome Lago Maggiore - West)
⚙️ crew cfg: wpm=140 window=24.0s sat=0.85 cap=20.4s overhead=0.35s speech=on
⚙️ crew cat lapPace: slider=11 eff=11 budget=24 cd=x0.50 lock=20.0->10.0s ttl=10s
⚙️ crew cat position: slider=11 eff=11 budget=24 cd=x0.50 lock=20.0->10.0s ttl=10s
⚙️ crew cat strategy: slider=11 eff=11 budget=24 cd=x0.50 lock=12.0->6.0s ttl=30s protected
⚙️ crew cat pitSequence: slider=11 eff=11 budget=24 cd=x0.50 lock=10.0->5.0s ttl=12s protected
⚙️ crew cat tyres: slider=11 eff=11 budget=24 cd=x0.50 lock=25.0->12.5s ttl=12s
⚙️ crew cat incidents: slider=3 eff=3 budget=24 cd=x0.50 lock=15.0->7.5s ttl=3s
⚙️ crew cat radio: slider=11 eff=11 budget=24 cd=x0.50 lock=45.0->22.5s ttl=8s
⚙️ crew cat chatter: slider=11 eff=11 budget=24 cd=x0.50 lock=60.0->30.0s ttl=6s
🎮 replay → menus (pkt 2357882, lap 0, flags 0x001C, pos —, cars —, tod 62460000)
▶️ replay ended — race commentary resumed
🎮 back to the menus — ending the session
📊 strategy: reset
⚙️ crew cfg: wpm=140 window=24.0s sat=0.85 cap=20.4s overhead=0.35s speech=on
📊 pit loss: estimated 17.0 s from the unofficial table (Autodrome Lago Maggiore - West)
⚙️ crew cat lapPace: slider=11 eff=11 budget=24 cd=x0.50 lock=20.0->10.0s ttl=10s
⚙️ crew cat position: slider=11 eff=11 budget=24 cd=x0.50 lock=20.0->10.0s ttl=10s
⚙️ crew cat strategy: slider=11 eff=11 budget=24 cd=x0.50 lock=12.0->6.0s ttl=30s protected
⚙️ crew cat pitSequence: slider=11 eff=11 budget=24 cd=x0.50 lock=10.0->5.0s ttl=12s protected
⚙️ crew cat tyres: slider=11 eff=11 budget=24 cd=x0.50 lock=25.0->12.5s ttl=12s
⚙️ crew cat incidents: slider=3 eff=3 budget=24 cd=x0.50 lock=15.0->7.5s ttl=3s
⚙️ crew cat radio: slider=11 eff=11 budget=24 cd=x0.50 lock=45.0->22.5s ttl=8s
⚙️ crew cat chatter: slider=11 eff=11 budget=24 cd=x0.50 lock=60.0->30.0s ttl=6s
⏹ stopping the recording — auto-stop: race finished
# --- stopped: 29460 packets
