# EzioClient session log
# file:    20260725_225831 - Autodrome Lago Maggiore - West (1232).gt7td
# started: 2026-07-25T20:58:31Z
# track:   Autodrome Lago Maggiore - West (CRS 1232)
# car:     Ferrari 499P '23 [gr3]
# context: lobby
# ---
🏁 start type: GRID_START at pkt 1699038 lap 0
🔀 state UNKNOWN → RACING at pkt 1699038 lap 0
🔵 sub-state — → FIRST_LAP lap 0
📊 strategy: green flag, race clock running
📊 strategy L1: no fuel model yet
🧭 learned: 2 gates matched — falling through to legacy
🧭 primary: 2 candidates ["Autodrome Lago Maggiore: East", "Autodrome Lago Maggiore: West"]
🎭 mood focused → relaxed
🧭 identified (legacy): Autodrome Lago Maggiore: West (CRS 1232) — after narrowing
🔵 sub-state FIRST_LAP → FLYING lap 2
🔵 lap 1: clean
📊 strategy L2: fuel/lap 6.16, 15.2 laps of fuel, race length unknown — fuel horizon
🔵 lap 2: clean
📊 strategy L3: fuel/lap 6.30, 13.8 laps of fuel, race length unknown — fuel horizon
🗺 mapper: learned lap 2 (84.265 s, 4095 m, 819 pts) — installing as session polyline
🗺 survey stored → 1232.trackmap.json
🗺 session polyline installed from lap 2 (819 pts) — minimap + delta live
⏱ class lap BEST: Autodrome Lago Maggiore - West/lobby/Gr.3 → 1:24.265 (1/10 laps, 1 car(s), avg 1:24.265)
🔧 huge stop 201 km/h with clutch 1.00 — pending impact-vs-pit (6 s)
🔀 state RACING → PIT at pkt 1714360 lap 3
🔵 sub-state FLYING → — lap 3
🔧 pit-entry anchor learned: 83926 ms into lap (stop on lap 3)
🔧 pended impact cancelled: pit entry
🗑 dropped (in pit): surveyGate(pitEntry, 1)
🗑 dropped (in pit): surveyComplete(2 optional missing)
🗑 dropped (cooldown): inPitBox
🔀 state PIT → RACING at pkt 1715459 lap 4
🔵 sub-state — → OUT_LAP lap 4
🅿️ PIT completed: in L3 → out L4 (no fuel, transit 21.1s, teleport=false)
🗑 dropped (in pit): surveyGate(pitBox, 1)
🅿️ entry→box 16.7s (speaking budget)
🗑 dropped (in pit): surveyComplete(1 optional missing)
🔵 lap 3: clean
🗑 dropped (in pit): lapStarted(4, last 102.24s)
🔧 teleport 165 m on lap 4 — pending reset-vs-pit (2.5 s)
📊 strategy L4: fuel/lap 6.16, 13.2 laps of fuel, race length unknown — fuel horizon
🗑 dropped (cooldown): freshTyres
🗺 mapper: lap 3 rejected (teleport)
📊 strategy L4: fuel/lap 6.16, 13.2 laps of fuel, race length unknown — fuel horizon
🔧 reset-to-track confirmed (no pit followed)
🎭 mood relaxed → focused
🔄 new session on the same connection — resetting track-scoped state
📊 strategy: reset
🔧 session restart: lap-scoped state reset
✂️ capture auto-stop in 5s (driver off track / not in control)
# --- stopped: 17766 packets
