# EzioClient session log
# file:    20260923_224011 - Nürburgring Sprint (1248).gt7td
# started: 2026-09-23T20:40:11Z
# track:   Nürburgring Sprint (CRS 1248)
# context: powerPackRace
# ---
📊 pit loss: estimated 23.0 s from the unofficial table (Nürburgring Sprint)
📊 strategy: track pit loss 23.0 s
📊 strategy: declared 4 lap race
📊 strategy: fuel consumption OFF (0x) — no stops for fuel, refuel rate disregarded
# car:     Porsche 911 GT3 RS (991) '16 [uncategorised] (id 3268) — confirmed from telemetry
🔓 learning resumed — player on track
🎮 menus → onTrack (pkt 893606, lap 0, flags 0x0005, pos 1, cars 11, tod 28560000)
🔧 session restart: lap-scoped state reset
🏁 start type: GRID_START at pkt 895527 lap 0
🔀 state UNKNOWN → RACING at pkt 895527 lap 0
🔵 sub-state — → FIRST_LAP lap 0
📊 strategy: green flag, race clock running
🗣 spoke (lapPace, imp 0, cost 1.2s, ledger 1.2/20.4s, 1 line): greenFlag
📋 lap 0: — clean fuel_used=0.00
📊 strategy L1: no fuel model yet
🧭 learned: 2 layouts tied (Nürburgring Endurance, Nürburgring GP) — resolving by divergence
🚪 gate learned: Nürburgring Sprint/powerPackRace/lap1 heading 135°
🗣 spoke (radio, imp 0, cost 2.1s, ledger 3.3/20.4s, 1 line): surveyGate(lap1, 1)
🛞 compound: window opened — raceStart, lap 1
🧭 polyline [L1]: 1 candidate(s) dropped on direction — best of them 24 Heures du Mans Racing Circuit median 550.16 (alignment -0.43)
🧭 polyline [L1]: 2 layouts share this road (Nürburgring Endurance, Nürburgring GP) — watching for the fork
🧭 polyline [L1]: ambiguous — Nürburgring Endurance median 2.12/p90 2.84 vs Nürburgring GP median 3.10/p90 4.36 (30 samples), abstaining
🧭 polyline [L1]: 1 candidate(s) dropped on direction — best of them 24 Heures du Mans Racing Circuit median 629.35 (alignment -0.36)
🧭 polyline [L1]: ambiguous — Nürburgring Endurance median 2.01/p90 2.71 vs Nürburgring GP median 3.23/p90 4.48 (60 samples), abstaining
🧭 polyline [L1]: ambiguous — Nürburgring Endurance median 2.27/p90 10.21 vs Nürburgring GP median 4.04/p90 11.56 (90 samples), abstaining
🗣 chain (imp 4, cost 2.5s, ledger 5.8/20.4s, 1 events, 1 lines)
🧭 polyline [L1]: ambiguous — Nürburgring Endurance median 2.39/p90 8.93 vs Nürburgring GP median 3.48/p90 10.41 (120 samples), abstaining
🧭 polyline [L1]: ambiguous — Nürburgring Endurance median 2.40/p90 7.72 vs Nürburgring GP median 2.91/p90 8.96 (150 samples), abstaining
🧭 polyline [L1]: ambiguous — Nürburgring Endurance median 2.35/p90 6.83 vs Nürburgring GP median 2.57/p90 7.46 (180 samples), abstaining
🛞 compound: family road (H+ -0.043, locked for the race)
🗣 spoke (tyres, imp 4, cost 1.6s, ledger 4.1/20.4s, 1 line): compoundEstimate(raceStart, road, high)
🧭 polyline [L1]: ambiguous — Nürburgring GP median 2.17/p90 7.46 vs Nürburgring Endurance median 2.25/p90 6.83 (180 samples), abstaining
🧭 polyline [L1]: ambiguous — Nürburgring Endurance median 2.17/p90 4.72 vs Nürburgring GP median 2.25/p90 7.46 (180 samples), abstaining
🧭 divergence: fork at 1600 m on course 1247 — 1 left (Nürburgring Endurance)
🧭 divergence: resolved to Nürburgring Endurance
🧭 identified: Nürburgring Endurance (CRS 1247) — lap1, 15 sample(s), ±12 m
🏁 announcing track: Nürburgring Endurance (CRS 1247) from gates
🗣 spoke (radio, imp 2, cost 1.6s, ledger 3.3/20.4s, 1 line): trackIdentified(Nürburgring Endurance, CRS 1247)
🗺 no stored map for course 1248 — the live mapper will build one from a clean lap
🧭 polyline divergence: fork at 1600 m on course 1247 — 1 left (Nürburgring Endurance)
🧭 polyline divergence: resolved to Nürburgring Endurance
🧭 polyline [L1]: fork resolved to Nürburgring Endurance
🧭 polyline [L1]: Nürburgring Endurance (CRS 1247, map ctx customRace) median 2.17 m, p90 4.72 m, 3% of lap, 180 samples, alignment +0.99 — next course Nürburgring GP median 2.25/p90 7.46
🗺 no stored map for course 1248 — the live mapper will build one from a clean lap
🧭 polyline DISAGREES with the DECLARED course: Nürburgring Endurance (CRS 1247) vs CRS 1248 — declaration wins
🛞 compound: C 0.92 fits no dry compound (nearest sportsSoft at 0.172) — unknown
🗑 dropped (no catalog lines; tyres): compoundEstimate(raceStart, abstained: no dry fit — nearest SS at 0.172)
🔵 sub-state FIRST_LAP → FLYING lap 2
📋 lap 1: 1:31.844 first fuel_used=0.00
🔵 lap 1 antics: contact
📊 strategy L2: no fuel model yet
🚪 gate learned: Nürburgring Sprint/powerPackRace/finishLine heading 134°
🗣 spoke (radio, imp 0, cost 1.6s, ledger 1.6/20.4s, 1 line): surveyGate(finishLine, 1)
🗣 bulletin (imp 6, cost 4.3s, ledger 6.0/20.4s, 2 lines): L2
📋 lap 2: 1:30.480 clean fuel_used=0.00
🔵 lap 2: clean
📊 strategy L3: no fuel model yet
🚪 gate refined: Nürburgring Sprint/powerPackRace/finishLine (2 samples, σ 8.63 m, ±16 m, across 0.0…12.2 m)
🗣 spoke (radio, imp 0, cost 2.7s, ledger 2.7/20.4s, 1 line): surveyGate(finishLine, 2)
🗺 mapper: learned lap 2 (90.480 s, 3570 m, 714 pts) — installing as session polyline
🗣 spoke (radio, imp 0, cost 3.7s, ledger 6.4/20.4s, 1 line): surveyLap(2, 90480 ms, 714 pts)
🗣 spoke (radio, imp 0, cost 4.0s, ledger 10.3/20.4s, 1 line): surveyComplete(3 optional missing)
🗺 survey stored → 1248.trackmap.json (lap 2, 90.480 s)
🗺 session polyline installed from lap 2 (714 pts) — minimap + delta live
🗣 bulletin (imp 2, cost 4.3s, ledger 14.6/20.4s, 2 lines): L3
📋 lap 3: 1:30.592 clean fuel_used=0.00
🔵 lap 3: clean
📊 strategy L4: no fuel model yet
🚪 gate refined: Nürburgring Sprint/powerPackRace/finishLine (3 samples, σ 6.64 m, ±20 m, across -4.5…12.2 m)
🗣 spoke (radio, imp 0, cost 2.7s, ledger 2.7/20.4s, 1 line): surveyGate(finishLine, 3)
🗣 bulletin (imp 6, cost 5.6s, ledger 8.3/20.4s, 2 lines): L4
📋 lap 4: 1:30.736 clean fuel_used=0.00
🔵 lap 4: clean
📊 strategy: finish armed at L5 (lap 5 > 4) — awaiting lap-clock freeze
📊 strategy L5: no fuel model yet
🚪 gate refined: Nürburgring Sprint/powerPackRace/finishLine (4 samples, σ 6.04 m, ±18 m, across -5.3…12.2 m)
🗣 spoke (radio, imp 0, cost 2.7s, ledger 2.7/20.4s, 1 line): surveyGate(finishLine, 4)
📊 strategy: race finished at L5 — confirmed, lap clock frozen 0.50 s (handover 0.50 s)
💾 race preserved (finished): 5 lap(s), 0 stop(s), start GRID_START, P1/11
✂️ capture auto-stop in 30s (race finished)
🗑 flag: pending commentary cancelled
🗣 spoke (radio, imp 0, cost 2.1s, ledger 4.7/20.4s, 1 line): raceFinished(L5)
🗑 flag: pending commentary cancelled
🔧 session ended after lap 5
🔒 learning paused — not the player driving (demo lap, replay or off track)
🎮 replay handshake armed (off track, race context still valid: pos 1, cars 11)
🔄 new session on the same connection — resetting track-scoped state
🧭 learned pool: 143 gate(s) from 324 stored
📊 strategy: reset
⚙️ crew cfg: wpm=140 window=24.0s sat=0.85 cap=20.4s overhead=0.35s speech=on
📊 pit loss: estimated 23.0 s from the unofficial table (Nürburgring Sprint)
⚙️ crew cat lapPace: slider=11 eff=11 budget=24 cd=x0.50 lock=20.0->10.0s ttl=10s
⚙️ crew cat position: slider=11 eff=11 budget=24 cd=x0.50 lock=20.0->10.0s ttl=10s
⚙️ crew cat strategy: slider=11 eff=11 budget=24 cd=x0.50 lock=12.0->6.0s ttl=30s protected
⚙️ crew cat pitSequence: slider=11 eff=11 budget=24 cd=x0.50 lock=10.0->5.0s ttl=12s protected
⚙️ crew cat tyres: slider=11 eff=11 budget=24 cd=x0.50 lock=25.0->12.5s ttl=12s
⚙️ crew cat incidents: slider=3 eff=3 budget=24 cd=x0.50 lock=15.0->7.5s ttl=3s
⚙️ crew cat radio: slider=11 eff=11 budget=24 cd=x0.50 lock=45.0->22.5s ttl=8s
⚙️ crew cat chatter: slider=11 eff=11 budget=24 cd=x0.50 lock=60.0->30.0s ttl=6s
🎮 onTrack → replay (pkt 918756, lap 0, flags 0x0000, pos 1, cars 11, tod 28560000)
⏸ replay — race commentary suspended
🔄 new session on the same connection — resetting track-scoped state
📊 strategy: reset
⚙️ crew cfg: wpm=140 window=24.0s sat=0.85 cap=20.4s overhead=0.35s speech=on
📊 pit loss: estimated 23.0 s from the unofficial table (Nürburgring Sprint)
⚙️ crew cat lapPace: slider=11 eff=11 budget=24 cd=x0.50 lock=20.0->10.0s ttl=10s
⚙️ crew cat position: slider=11 eff=11 budget=24 cd=x0.50 lock=20.0->10.0s ttl=10s
⚙️ crew cat strategy: slider=11 eff=11 budget=24 cd=x0.50 lock=12.0->6.0s ttl=30s protected
⚙️ crew cat pitSequence: slider=11 eff=11 budget=24 cd=x0.50 lock=10.0->5.0s ttl=12s protected
⚙️ crew cat tyres: slider=11 eff=11 budget=24 cd=x0.50 lock=25.0->12.5s ttl=12s
⚙️ crew cat incidents: slider=3 eff=3 budget=24 cd=x0.50 lock=15.0->7.5s ttl=3s
⚙️ crew cat radio: slider=11 eff=11 budget=24 cd=x0.50 lock=45.0->22.5s ttl=8s
⚙️ crew cat chatter: slider=11 eff=11 budget=24 cd=x0.50 lock=60.0->30.0s ttl=6s
🎮 replay → menus (pkt 919135, lap 0, flags 0x000C, pos —, cars —, tod 28560000)
▶️ replay ended — race commentary resumed
🎮 back to the menus — ending the session
📊 strategy: reset
⚙️ crew cfg: wpm=140 window=24.0s sat=0.85 cap=20.4s overhead=0.35s speech=on
📊 pit loss: estimated 23.0 s from the unofficial table (Nürburgring Sprint)
⚙️ crew cat lapPace: slider=11 eff=11 budget=24 cd=x0.50 lock=20.0->10.0s ttl=10s
⚙️ crew cat position: slider=11 eff=11 budget=24 cd=x0.50 lock=20.0->10.0s ttl=10s
⚙️ crew cat strategy: slider=11 eff=11 budget=24 cd=x0.50 lock=12.0->6.0s ttl=30s protected
⚙️ crew cat pitSequence: slider=11 eff=11 budget=24 cd=x0.50 lock=10.0->5.0s ttl=12s protected
⚙️ crew cat tyres: slider=11 eff=11 budget=24 cd=x0.50 lock=25.0->12.5s ttl=12s
⚙️ crew cat incidents: slider=3 eff=3 budget=24 cd=x0.50 lock=15.0->7.5s ttl=3s
⚙️ crew cat radio: slider=11 eff=11 budget=24 cd=x0.50 lock=45.0->22.5s ttl=8s
⚙️ crew cat chatter: slider=11 eff=11 budget=24 cd=x0.50 lock=60.0->30.0s ttl=6s
⏹ stopping the recording — auto-stop: race finished
# --- stopped: 25434 packets
