# EzioClient session log
# file:    20260926_211714 - Autódromo de Interlagos (152).gt7td
# started: 2026-09-26T19:17:14Z
# track:   Autódromo de Interlagos (CRS 152)
# context: customRace
# ---
📊 pit loss: estimated 30.0 s from the unofficial table (Autódromo de Interlagos)
📊 strategy: track pit loss 30.0 s
# car:     Aston Martin V12 Vantage GT3 '12 [Gr.3] (id 2131) — confirmed from telemetry
🧭 polyline [MENU]: 33 candidate(s) dropped on direction — best of them Dragon Trail - Seaside Reverse median 14.33 (alignment -0.90)
🧭 polyline [MENU]: 25 candidate(s) dropped on direction — best of them Dragon Trail - Seaside Reverse median 15.40 (alignment -0.65)
🧭 polyline [MENU]: 15 candidate(s) dropped on direction — best of them Brands Hatch Indy Circuit median 47.01 (alignment -0.68)
🧭 polyline [MENU]: 19 candidate(s) dropped on direction — best of them Brands Hatch Grand Prix Circuit median 50.56 (alignment -0.74)
🧭 polyline [MENU]: no fit yet — best Sardegna - Road Track - B median 23.74 m (120 samples, pass 1 of 12)
🧭 polyline [MENU]: 19 candidate(s) dropped on direction — best of them Brands Hatch Indy Circuit median 50.41 (alignment -0.74)
🧭 polyline [MENU]: no fit yet — best Sardegna - Road Track - B median 28.81 m (150 samples, pass 2 of 12)
🧭 no gate matched at lap 0→1 (new coordinates) — live-learn only; the learner records this crossing if the track is declared
📊 strategy L1: no fuel model yet
🔓 learning resumed — player on track
🛞 compound: car 2131 — no reference — Gr.3 class ladder (RH RM RS), generic for the rest
🔄 new session on the same connection — resetting track-scoped state
📊 strategy: reset
📊 pit loss: estimated 30.0 s from the unofficial table (Autódromo de Interlagos)
⚙️ crew cfg: wpm=140 window=24.0s sat=0.85 cap=20.4s overhead=0.35s speech=on
⚙️ crew cat lapPace: slider=11 eff=11 budget=24 cd=x0.50 lock=20.0->10.0s ttl=10s
⚙️ crew cat position: slider=11 eff=11 budget=24 cd=x0.50 lock=20.0->10.0s ttl=10s
⚙️ crew cat strategy: slider=11 eff=11 budget=24 cd=x0.50 lock=12.0->6.0s ttl=30s protected
⚙️ crew cat pitSequence: slider=11 eff=11 budget=24 cd=x0.50 lock=10.0->5.0s ttl=12s protected
⚙️ crew cat tyres: slider=11 eff=11 budget=24 cd=x0.50 lock=25.0->12.5s ttl=12s
⚙️ crew cat incidents: slider=3 eff=3 budget=24 cd=x0.50 lock=15.0->7.5s ttl=3s
⚙️ crew cat radio: slider=11 eff=11 budget=24 cd=x0.50 lock=45.0->22.5s ttl=8s
⚙️ crew cat chatter: slider=11 eff=11 budget=24 cd=x0.50 lock=60.0->30.0s ttl=6s
🛞 compound: car 2131 — no reference — Gr.3 class ladder (RH RM RS), generic for the rest
🎮 menus → onTrack (pkt 4459319, lap 0, flags 0x0005, pos 1, cars 2, tod 54600000)
🏁 start type: GRID_START at pkt 4459711 lap 0
🔀 state UNKNOWN → RACING at pkt 4459711 lap 0
🔵 sub-state — → FIRST_LAP lap 0
📊 strategy: green flag (speed) at pkt 4459711, race clock running
🗣 spoke (lapPace, imp 0, cost 1.6s, ledger 1.6/20.4s, 1 line): greenFlag
📋 lap 0: — clean fuel_used=0.11
📊 strategy L1: no fuel model yet
🧭 no gate matched at lap 0→1 (new coordinates) — live-learn only; the learner records this crossing if the track is declared
🚪 gate learned: Autódromo de Interlagos/customRace/lap1 heading 77°
🗣 spoke (radio, imp 0, cost 2.1s, ledger 3.7/20.4s, 1 line): surveyGate(lap1, 1)
🛞 compound: window opened — raceStart, lap 1
🧭 polyline [L1]: 23 candidate(s) dropped on direction — best of them Michelin Raceway Road Atlanta median 8.77 (alignment -1.00)
🧭 polyline [L1]: 22 candidate(s) dropped on direction — best of them Michelin Raceway Road Atlanta median 9.74 (alignment -0.96)
🧭 polyline [L1]: 21 candidate(s) dropped on direction — best of them Michelin Raceway Road Atlanta median 11.55 (alignment -0.75)
🧭 polyline [L1]: 24 candidate(s) dropped on direction — best of them Michelin Raceway Road Atlanta median 21.61 (alignment -0.55)
🧭 polyline [L1]: 23 candidate(s) dropped on direction — best of them Michelin Raceway Road Atlanta median 38.60 (alignment -0.60)
🧭 polyline [L1]: no fit yet — best Sardegna - Road Track - B median 35.11 m (150 samples, pass 1 of 12)
🧭 polyline [L1]: 17 candidate(s) dropped on direction — best of them Michelin Raceway Road Atlanta median 60.29 (alignment -0.66)
🧭 polyline [L1]: no fit yet — best Sardegna - Road Track - B median 38.46 m (180 samples, pass 2 of 12)
🛞 compound: family racing from the declaration (RS)
🗣 spoke (tyres, imp 4, cost 1.2s, ledger 1.2/20.4s, 1 line): compoundEstimate(raceStart, racing, high)
🧭 polyline [L1]: 20 candidate(s) dropped on direction — best of them Circuit de Barcelona-Catalunya GP Layout No Chicane median 46.65 (alignment -0.35)
🧭 polyline [L1]: no fit yet — best Kyoto Driving Park - Yamagiwa median 35.42 m (180 samples, pass 3 of 12)
🧭 polyline [L1]: 20 candidate(s) dropped on direction — best of them Circuit de Barcelona-Catalunya GP Layout median 44.82 (alignment -0.56)
🧭 polyline [L1]: no fit yet — best Kyoto Driving Park - Yamagiwa median 40.19 m (180 samples, pass 4 of 12)
🧭 polyline [L1]: 19 candidate(s) dropped on direction — best of them Circuit de Barcelona-Catalunya GP Layout No Chicane median 45.29 (alignment -0.80)
🧭 polyline [L1]: no fit yet — best Kyoto Driving Park - Yamagiwa median 46.59 m (180 samples, pass 5 of 12)
🧭 polyline [L1]: 13 candidate(s) dropped on direction — best of them Circuit de Barcelona-Catalunya GP Layout median 44.31 (alignment -0.67)
🧭 polyline [L1]: no fit yet — best Kyoto Driving Park - Yamagiwa median 43.51 m (180 samples, pass 6 of 12)
🧭 polyline [L1]: 7 candidate(s) dropped on direction — best of them Circuit de Barcelona-Catalunya GP Layout median 44.31 (alignment -0.36)
🧭 polyline [L1]: no fit yet — best Deep Forest Raceway median 42.74 m (180 samples, pass 7 of 12)
🧭 polyline [L1]: 4 candidate(s) dropped on direction — best of them Autodrome Lago Maggiore - Full Course median 100.39 (alignment -0.58)
🧭 polyline [L1]: no fit yet — best Deep Forest Raceway median 31.13 m (180 samples, pass 8 of 12)
🧭 polyline [L1]: 5 candidate(s) dropped on direction — best of them Sardegna - Road Track - B median 52.78 (alignment -0.42)
🧭 polyline [L1]: no fit yet — best Deep Forest Raceway median 29.99 m (180 samples, pass 9 of 12)
🧭 polyline [L1]: 6 candidate(s) dropped on direction — best of them Sardegna - Road Track - B median 47.09 (alignment -0.36)
🧭 polyline [L1]: no fit yet — best Brands Hatch Grand Prix Circuit median 35.38 m (180 samples, pass 10 of 12)
🧭 polyline [L1]: 10 candidate(s) dropped on direction — best of them Dragon Trail - Seaside Reverse median 94.63 (alignment -0.45)
🧭 polyline [L1]: no fit yet — best Deep Forest Raceway median 33.69 m (180 samples, pass 11 of 12)
🧭 polyline [L1]: 9 candidate(s) dropped on direction — best of them Kyoto Driving Park - Yamagiwa median 81.98 (alignment -0.43)
🧭 polyline [L1]: no fit yet — best Brands Hatch Grand Prix Circuit median 29.01 m (180 samples, pass 12 of 12)
🛞 compound: racingSoft (low confidence, C 0.72, margin 0.156, class reference)
🛞 compound prompt: raceStart lap 1, estimate RS
🗣 spoke (tyres, imp 4, cost 1.6s, ledger 1.6/20.4s, 1 line): compoundEstimate(raceStart, RS, low)
🛞 compound prompt confirmed: RS
🛞 compound: RS confirmed by the driver — anchor
🔵 sub-state FIRST_LAP → FLYING lap 2
📋 lap 1: 1:40.157 first fuel_used=3.76
🔵 lap 1: clean
📊 strategy L2: fuel/lap 3.76 | fuel 96.1 = 25.6 laps | 7.0 laps to go | stops 0
🚪 gate learned: Autódromo de Interlagos/customRace/finishLine heading 76°
🛞 wear (test) lap 1 done: FL 6.2 FR 11.7 RL 5.3 RR 8.0 % — RS ×4 (tap)
🗣 spoke (radio, imp 0, cost 2.1s, ledger 3.7/20.4s, 1 line): surveyGate(finishLine, 1)
🗣 bulletin (imp 6, cost 6.2s, ledger 9.9/20.4s, 2 lines): L2
🛞 compound: stint raceStart lap 1, refinement 1 — C 0.753 over 150 s (1703 samples)
📋 lap 2: 1:35.159 clean fuel_used=3.66
🔵 lap 2: clean
📊 strategy L3: fuel/lap 3.71 | fuel 92.5 = 24.9 laps | 6.0 laps to go | stops 0
🚪 gate refined: Autódromo de Interlagos/customRace/finishLine (2 samples, σ 0.41 m, ±16 m, across -0.1…0.0 m)
🗣 spoke (radio, imp 0, cost 2.7s, ledger 2.7/20.4s, 1 line): surveyGate(finishLine, 2)
🗺 mapper: learned lap 2 (95.159 s, 4250 m, 850 pts) — installing as session polyline
🗣 spoke (radio, imp 0, cost 4.1s, ledger 6.8/20.4s, 1 line): surveyLap(2, 95159 ms, 850 pts)
🗣 spoke (radio, imp 0, cost 3.1s, ledger 9.9/20.4s, 1 line): surveyComplete(3 optional missing)
🗺 survey stored → 152.trackmap.json (lap 2, 95.159 s)
🗺 session polyline installed from lap 2 (850 pts) — minimap + delta live
🛞 wear (test) lap 2 done: FL 12.9 FR 23.7 RL 10.2 RR 15.7 % — RS ×4 (tap)
⏱ class lap BEST: Autódromo de Interlagos/customRace/Gr.3 → 1:35.159 (1/10 laps, 1 car(s), avg 1:35.159)
🗣 bulletin (imp 2, cost 4.3s, ledger 14.2/20.4s, 2 lines): L3
🗣 spoke (strategy, imp 2, cost 3.5s, ledger 17.7/20.4s, 1 line, protected): strategyUpdate(fuel 24.92L, togo 6, stops 0)
🛞 compound: stint raceStart lap 1, refinement 2 — C 0.733 over 210 s (2587 samples)
🗣 chain (imp 4, cost 1.6s, ledger 5.2/20.4s, 1 events, 1 lines)
🛞 compound: stint raceStart lap 1, refinement 3 — C 0.743 over 270 s (3188 samples)
📋 lap 3: 1:34.023 clean fuel_used=3.61
🔵 lap 3 antics: off
📊 strategy L4: fuel/lap 3.66 | fuel 88.9 = 24.2 laps | 5.0 laps to go | stops 0
🚪 gate refined: Autódromo de Interlagos/customRace/finishLine (3 samples, σ 5.43 m, ±16 m, across -9.4…0.0 m)
🗣 spoke (radio, imp 0, cost 2.7s, ledger 2.7/20.4s, 1 line): surveyGate(finishLine, 3)
🗺 mapper: learned lap 3 (94.023 s, 4230 m, 846 pts) — installing as session polyline
🗣 spoke (radio, imp 0, cost 3.7s, ledger 6.4/20.4s, 1 line): surveyLap(3, 94023 ms, 846 pts)
🗺 survey stored → 152.trackmap.json (lap 3, 94.023 s)
🗺 session polyline installed from lap 3 (846 pts) — minimap + delta live
🛞 wear (test) lap 3 done: FL 19.5 FR 36.0 RL 15.1 RR 23.5 % — RS ×4 (tap)
⏱ class lap BEST: Autódromo de Interlagos/customRace/Gr.3 → 1:34.023 (2/10 laps, 1 car(s), avg 1:34.591)
🗣 bulletin (imp 2, cost 6.2s, ledger 12.6/20.4s, 2 lines): L4
🗣 spoke (strategy, imp 2, cost 3.5s, ledger 16.1/20.4s, 1 line, protected): strategyUpdate(fuel 24.25L, togo 5, stops 0)
🛞 compound: stint raceStart lap 1, refinement 4 — C 0.743 over 330 s (4233 samples)
🛞 compound: stint raceStart lap 1, refinement 5 — C 0.733 over 390 s (5021 samples)
🔧 huge stop 198 km/h with clutch 1.00 — pending impact-vs-pit (6 s)
🔀 state RACING → PIT at pkt 4483337 lap 4
🔵 sub-state FLYING → — lap 4
🔧 pit-entry anchor learned: 96094 ms into lap (stop on lap 4)
🔧 pended impact cancelled: pit entry
📊 strategy: no refuel needed — 23.3 laps of fuel against 5 to go (margin 6.2)
🚪 gate learned: Autódromo de Interlagos/customRace/pitEntry (no heading)
🗣 spoke (pitSequence, imp 0, cost 2.9s, ledger 2.9/20.4s, 1 line, protected): pittingIn(L4)
🗣 spoke (strategy, imp 0, cost 4.2s, ledger 7.1/20.4s, 1 line, protected): refuelNotNeeded(5 laps to go)
🗑 dropped (in pit): surveyGate(pitEntry, 1)
🗑 dropped (in pit): surveyComplete(2 optional missing)
📋 lap 4: 1:53.153 in fuel_used=3.47
🔵 lap 4: clean
🗺 mapper: lap 4 rejected (pit)
🗑 dropped (in pit): lapStarted(5/8, last 113.15s)
🛞 wear (test) lap 4 done: FL 26.8 FR 48.5 RL 20.3 RR 31.2 % — RS ×4 (tap)
🛞 compound: stationary phase ended above 62 °C — no tyre change by temperature (a ride-height lift may still follow)
🗣 spoke (pitSequence, imp 2, cost 1.6s, ledger 8.8/20.4s, 1 line, protected): inPitBox
🛞 compound: tyre change seen (ride-height lift)
🛞 wear (test) stint 0 ended at tyre change: FL 26.9 FR 48.5 RL 20.3 RR 31.2 % — RS ×4 (tap)
🛞 compound: stint raceStart lap 1, refinement 6 (final) — C 0.733 over 391 s (5021 samples)
🛞 compound: window opened — pitExit, lap 5
🔀 state PIT → RACING at pkt 4484807 lap 5
🔵 sub-state — → OUT_LAP lap 5
🅿️ PIT completed: in L4 → out L5 (no fuel, transit 27.9s, teleport=false)
🚪 gate learned: Autódromo de Interlagos/customRace/pitBox (no heading)
🗑 dropped (in pit): surveyGate(pitBox, 1)
🅿️ entry→box 22.1s (speaking budget)
🗑 dropped (in pit): surveyComplete(1 optional missing)
🔧 teleport 170 m on lap 5 — pit release, not a reset
📊 strategy L5: fuel/lap 3.64 | fuel 85.4 = 23.5 laps | 4.0 laps to go | stops 0
🗣 spoke (pitSequence, imp 2, cost 1.6s, ledger 3.3/20.4s, 1 line, protected): exitingPit(+0.00l, tyres)
🚪 gate learned: Autódromo de Interlagos/customRace/pitExit heading 78°
🗑 dropped (cooldown pit; 0.0s of 1.0s via tyres x0.50): freshTyres(inferred)
🗣 spoke (radio, imp 0, cost 1.6s, ledger 4.9/20.4s, 1 line): surveyGate(pitExit, 1)
🗣 spoke (radio, imp 0, cost 2.1s, ledger 7.0/20.4s, 1 line): surveyComplete(0 optional missing)
📊 strategy L5: fuel/lap 3.64 | fuel 85.4 = 23.5 laps | 4.0 laps to go | stops 0 (post-stop recalc)
🔧 fresh tyres confirmed: 60.0° across all four (was 78.4° at pit entry, step 18.4°)
🗑 dropped (cooldown pit; 0.1s of 1.0s via tyres x0.50): freshTyres(confirmed 60.01°)
🧭 pit exit: no gate matched — the line decides
🗣 spoke (strategy, imp 2, cost 2.9s, ledger 9.9/20.4s, 1 line, protected): strategyUpdate(fuel 23.47L, togo 4, stops 0, post-stop)
🗣 spoke (tyres, imp 4, cost 2.9s, ledger 12.8/20.4s, 1 line): tyreTemps(low, 60°)
🗑 dropped (cooldown strategy; 6.7s of 75.0s via strategy x0.50): strategyUpdate(fuel 23.47L, togo 4, stops 0)
🗣 chain (imp 4, cost 2.9s, ledger 2.9/20.4s, 1 events, 1 lines)
🗣 spoke (tyres, imp 4, cost 2.1s, ledger 2.1/20.4s, 1 line): tyreTemps(inWindow, 70°)
🛞 compound: racingMedium (high confidence, C 0.83, margin 0.081, relative to RS (truth), class reference)
🛞 compound prompt: pitExit lap 5, estimate RM
🗣 spoke (tyres, imp 4, cost 1.6s, ledger 3.7/20.4s, 1 line): compoundEstimate(pitExit, RM, high)
🔵 sub-state OUT_LAP → FLYING lap 6
📋 lap 5: 1:43.876 out fuel_used=3.34
🔵 lap 5 antics: off
📊 strategy L6: fuel/lap 3.61 | fuel 82.0 = 22.7 laps | 3.0 laps to go | stops 0
🚪 gate refined: Autódromo de Interlagos/customRace/finishLine (4 samples, σ 4.62 m, ±14 m, across -9.4…2.5 m)
🗺 mapper: lap 5 rejected (teleport)
🛞 wear (test) lap 5 done: FL 2.6 FR 4.7 RL 2.2 RR 3.3 % — RM ×4 (declared)
🗣 spoke (radio, imp 0, cost 2.7s, ledger 6.4/20.4s, 1 line): surveyGate(finishLine, 4)
🗣 bulletin (imp 6, cost 5.8s, ledger 12.2/20.4s, 2 lines): L6
🗣 spoke (strategy, imp 2, cost 3.5s, ledger 13.6/20.4s, 1 line, protected): strategyUpdate(fuel 22.71L, togo 3, stops 0)
🛞 compound: stint pitExit lap 5, refinement 1 — C 0.835 over 150 s (1883 samples)
🛞 compound prompt timedOut
📋 lap 6: 1:35.865 clean fuel_used=3.48
🔵 lap 6: clean
📊 strategy L7: fuel/lap 3.55 | fuel 78.6 = 22.1 laps | 2.0 laps to go | stops 0
🚪 gate refined: Autódromo de Interlagos/customRace/finishLine (5 samples, σ 4.67 m, ±14 m, across -9.4…5.4 m)
🛞 wear (test) lap 6 done: FL 5.7 FR 10.5 RL 4.5 RR 7.0 % — RM ×4 (declared)
🗣 spoke (radio, imp 0, cost 2.7s, ledger 2.7/20.4s, 1 line): surveyGate(finishLine, 5)
🗣 bulletin (imp 6, cost 4.8s, ledger 7.4/20.4s, 2 lines): L7
🗣 spoke (strategy, imp 2, cost 4.0s, ledger 11.4/20.4s, 1 line, protected): strategyUpdate(fuel 22.14L, togo 2, stops 0)
🛞 compound: stint pitExit lap 5, refinement 2 — C 0.835 over 210 s (2832 samples)
🛞 compound: stint pitExit lap 5, refinement 3 — C 0.835 over 270 s (3324 samples)
📋 lap 7: 1:34.641 clean fuel_used=3.62
🔵 lap 7: clean
📊 strategy L8: fuel/lap 3.61 | fuel 74.9 = 20.7 laps | 1.0 laps to go | stops 0
🚪 gate refined: Autódromo de Interlagos/customRace/finishLine (6 samples, σ 4.18 m, ±13 m, across -9.4…5.4 m)
🛞 wear (test) lap 7 done: FL 8.7 FR 16.1 RL 6.8 RR 10.6 % — RM ×4 (declared)
🗣 spoke (radio, imp 0, cost 2.7s, ledger 2.7/20.4s, 1 line): surveyGate(finishLine, 6)
🗣 bulletin (imp 6, cost 5.3s, ledger 8.0/20.4s, 2 lines): L8
🛞 compound: stint pitExit lap 5, refinement 4 — C 0.846 over 330 s (4187 samples)
🛞 compound: stint pitExit lap 5, refinement 5 — C 0.835 over 390 s (5059 samples)
📋 lap 8: 1:34.668 clean fuel_used=3.50
🔵 lap 8: clean
📊 strategy: finish armed at L9 (lap 9 > 8) — awaiting lap-clock freeze
📊 strategy L9: fuel/lap 3.56 | fuel 71.4 = 20.1 laps | 0.0 laps to go | stops 0
🚪 gate refined: Autódromo de Interlagos/customRace/finishLine (7 samples, σ 4.96 m, ±15 m, across -9.4…5.4 m)
🛞 compound: stint pitExit lap 5, refinement 6 (final) — C 0.835 over 392 s (5059 samples)
🗣 spoke (radio, imp 0, cost 2.7s, ledger 2.7/20.4s, 1 line): surveyGate(finishLine, 7)
🛞 wear (test) lap 8 done: FL 11.9 FR 21.8 RL 9.2 RR 14.2 % — RM ×4 (declared)
📊 strategy: race finished at L9 — confirmed, lap clock frozen 0.50 s (handover 0.50 s)
💾 race preserved (finished): 9 lap(s), 1 stop(s), start GRID_START, P1/2
✂️ capture auto-stop in 30s (race finished)
🗑 flag: pending commentary cancelled
🗣 spoke (radio, imp 0, cost 2.5s, ledger 5.2/20.4s, 1 line): raceFinished(L9)
🗑 speaker: 1 queued line(s) preempted by flag
⏹ stopping the recording — auto-stop: race finished
# --- stopped: 52153 packets
