# EzioClient session log
# file:    20260927_214317 - Autódromo de Interlagos (152).gt7td
# started: 2026-09-27T19:43:17Z
# track:   Autódromo de Interlagos (CRS 152)
# context: customRace
# ---
# car:     Hyundai Genesis Gr.3 [Gr.3] (id 2160) — confirmed from telemetry
🧭 polyline [MENU]: 19 candidate(s) dropped on direction — best of them Brands Hatch Grand Prix Circuit median 50.93 (alignment -0.74)
🧭 polyline [MENU]: Autódromo de Interlagos (CRS 152, map ctx customRace) median 1.88 m, p90 3.80 m, 14% of lap, 120 samples, alignment +1.00 — next course Sardegna - Road Track - B median 23.94/p90 67.86
🏁 announcing track: Autódromo de Interlagos (CRS 152) from map matcher
🗣 spoke (radio, imp 2, cost 2.5s, ledger 2.5/20.4s, 1 line): trackIdentified(Autódromo de Interlagos, CRS 152)
🔊 we're at Autódromo de Interlagos
🗺 stored map loaded on identification (map matcher): course 152, 843 pts
🧭 polyline agrees with the declared course (CRS 152)
🔧 pit approach: entry at station 4085 m of 4214 m (14.8 m off the line), lead 20 s
🧭 identified: Autódromo de Interlagos (CRS 152) — lap1, 5 sample(s), ±12 m
📊 strategy L1: no fuel model yet
🔓 learning resumed — player on track
🛞 compound: car 2160 — reference: RH RM RS
🔄 new session on the same connection — resetting track-scoped state
📊 strategy: reset
⚙️ crew cfg: wpm=140 window=24.0s sat=0.85 cap=20.4s overhead=0.35s speech=on
⚙️ crew cat lapPace: slider=11 eff=11 budget=24 cd=x0.50 lock=20.0->10.0s ttl=10s
⚙️ crew cat position: slider=11 eff=11 budget=24 cd=x0.50 lock=20.0->10.0s ttl=10s
📊 pit loss: estimated 30.0 s from the unofficial table (Autódromo de Interlagos)
⚙️ crew cat strategy: slider=11 eff=11 budget=24 cd=x0.50 lock=12.0->6.0s ttl=30s protected
⚙️ crew cat pitSequence: slider=11 eff=11 budget=24 cd=x0.50 lock=10.0->5.0s ttl=12s protected
⚙️ crew cat tyres: slider=11 eff=11 budget=24 cd=x0.50 lock=25.0->12.5s ttl=12s
⚙️ crew cat incidents: slider=3 eff=3 budget=24 cd=x0.50 lock=15.0->7.5s ttl=3s
⚙️ crew cat radio: slider=11 eff=11 budget=24 cd=x0.50 lock=45.0->22.5s ttl=8s
⚙️ crew cat chatter: slider=11 eff=11 budget=24 cd=x0.50 lock=60.0->30.0s ttl=6s
🛞 compound: car 2160 — reference: RH RM RS
🎮 menus → onTrack (pkt 6452618, lap 0, flags 0x000D, pos 1, cars 2, tod 54600000)
🧭 polyline [PRE-GREEN]: 34 candidate(s) dropped on direction — best of them Michelin Raceway Road Atlanta median 21.21 (alignment -1.00)
🧭 polyline [PRE-GREEN]: Autódromo de Interlagos fits (median 1.96 m) but on 117 m of road — waiting for 800 m
🏁 start type: ROLLING_START at pkt 6452982 lap 1
🔀 state UNKNOWN → RACING at pkt 6452982 lap 1
🔵 sub-state — → FIRST_LAP lap 1
📋 lap 0: — clean fuel_used=0.00
📊 strategy: green flag (speed) at pkt 6452982, race clock running
🗣 spoke (lapPace, imp 0, cost 1.2s, ledger 1.2/20.4s, 1 line): greenFlag
🔊 green flag
📊 strategy L1: no fuel model yet
🧭 identified: Autódromo de Interlagos (CRS 152) — lap1, 5 sample(s), ±12 m
🏁 Autódromo de Interlagos already announced 26s ago (gates) — not repeated
🗺 stored map loaded on identification (gates): course 152, 843 pts
🚪 gate refined: Autódromo de Interlagos/customRace/lap1 (6 samples, σ 0.16 m, ±12 m, across 0.0…0.2 m)
🗣 spoke (radio, imp 0, cost 2.7s, ledger 3.9/20.4s, 1 line): surveyGate(lap1, 6)
🛞 compound: window opened — raceStart, lap 1
🔧 pit approach: entry at station 4085 m of 4214 m (14.8 m off the line), lead 20 s
🔊 identification gate refined
🔊 6 crossings
🛞 compound: family racing from the declaration (RS)
🗣 spoke (tyres, imp 4, cost 1.2s, ledger 1.2/20.4s, 1 line): compoundEstimate(raceStart, racing, high)
🔊 racing tyres
🗣 chain (imp 4, cost 2.9s, ledger 4.1/20.4s, 1 events, 1 lines)
🔊 bit wide there
🔊 watch track limits
🛞 compound: racingSoft (medium confidence, C 0.72, margin 0.106, own reference)
🛞 compound prompt: raceStart lap 1, estimate RS
🗣 spoke (tyres, imp 4, cost 2.1s, ledger 2.1/20.4s, 1 line): compoundEstimate(raceStart, RS, medium)
🔊 reads like racing softs
🔵 sub-state FIRST_LAP → FLYING lap 2
📋 lap 1: 1:33.366 first fuel_used=0.00
📊 strategy L2: no fuel model yet
🔵 lap 1 antics: off
🚪 gate refined: Autódromo de Interlagos/customRace/finishLine (27 samples, σ 4.49 m, ±13 m, across -9.4…5.5 m)
🛞 wear (test) lap 1 done: FL 6.5 FR 12.3 RL 5.5 RR 8.4 % — RS ×4 (declared)
🗣 spoke (radio, imp 0, cost 2.7s, ledger 4.7/20.4s, 1 line): surveyGate(finishLine, 27)
🔊 finish line now 27 crossings
🛞 compound prompt confirmed: RS
🛞 compound: RS confirmed by the driver — anchor
🗣 bulletin (imp 6, cost 4.9s, ledger 9.7/20.4s, 2 lines): L2
🔊 lap 2 now
🔊 laptime 1 33 point four
🛞 compound: stint raceStart lap 1, refinement 1 — C 0.712 over 150 s (1681 samples)
📋 lap 2: 1:32.200 clean fuel_used=0.00
🔵 lap 2: clean
📊 strategy L3: no fuel model yet
🚪 gate refined: Autódromo de Interlagos/customRace/finishLine (28 samples, σ 4.41 m, ±13 m, across -9.4…5.5 m)
🗺 mapper: learned lap 2 (92.200 s, 4230 m, 846 pts) — installing as session polyline
🗣 spoke (radio, imp 0, cost 3.7s, ledger 3.7/20.4s, 1 line): surveyLap(2, 92200 ms, 846 pts)
🗣 spoke (radio, imp 0, cost 2.7s, ledger 6.4/20.4s, 1 line): surveyComplete(3 optional missing)
🔊 clean lap banked
🗺 survey stored → 152.trackmap.json (lap 2, 92.200 s)
🛞 wear (test) lap 2 done: FL 13.5 FR 24.8 RL 10.6 RR 16.3 % — RS ×4 (tap)
⏱ class lap BEST: Autódromo de Interlagos/customRace/Gr.3 → 1:32.200 (6/10 laps, 3 car(s), avg 1:33.439)
🔊 1 32 point two
🗣 bulletin (imp 2, cost 6.8s, ledger 13.2/20.4s, 2 lines): L3
🔊 essentials recorded
🔊 3 optional outstanding
🔊 new fastest lap
🔊 1 32 point two
🔊 lap 3
🎭 mood relaxed → focused
🗣 chain (imp 2, cost 1.2s, ledger 14.4/20.4s, 2 events, 1 lines)
🔊 wide again
🗣 spoke (tyres, imp 2, cost 2.5s, ledger 16.9/20.4s, 1 line): tyreTemps(overheating, 100°, rearLeft)
🔊 rear left tyre is overheating
🗣 chain (imp 2, cost 1.2s, ledger 18.1/20.4s, 3 events, 1 lines)
🔊 still off
🗑 dropped (cooldown tyretemps; 5.5s of 22.5s via tyres x0.50): tyreTemps(high, 83°, frontRight)
🛞 compound: stint raceStart lap 1, refinement 2 — C 0.723 over 210 s (2737 samples)
🛞 compound: stint raceStart lap 1, refinement 3 — C 0.702 over 270 s (3338 samples)
📋 lap 3: 1:48.903 clean fuel_used=0.00
🎭 mood focused → relaxed
📊 strategy L4: no fuel model yet
🔵 lap 3 antics: off
🚪 gate refined: Autódromo de Interlagos/customRace/finishLine (29 samples, σ 4.51 m, ±14 m, across -9.4…6.9 m)
🛞 wear (test) lap 3 done: FL 20.5 FR 36.3 RL 15.9 RR 23.9 % — RS ×4 (tap)
🗣 bulletin (imp 6, cost 9.1s, ledger 9.1/20.4s, 2 lines): L4
🔊 on lap 4
🔊 focus on getting into a rhythm
🔊 16 point seven down on your previous best
🛞 compound: stint raceStart lap 1, refinement 4 — C 0.723 over 330 s (4113 samples)
📋 lap 4: 1:32.534 clean fuel_used=0.00
📊 strategy L5: no fuel model yet
🔵 lap 4: clean
🚪 gate refined: Autódromo de Interlagos/customRace/finishLine (30 samples, σ 4.44 m, ±13 m, across -9.4…6.9 m)
🛞 wear (test) lap 4 done: FL 27.4 FR 48.5 RL 21.0 RR 31.7 % — RS ×4 (tap)
🗣 bulletin (imp 6, cost 6.9s, ledger 6.9/20.4s, 2 lines): L5
🔊 lap 5
🔊 that was a great lap
🔊 32 point five three four
🛞 compound: stint raceStart lap 1, refinement 5 — C 0.723 over 390 s (4995 samples)
🛞 compound: stint raceStart lap 1, refinement 6 — C 0.723 over 450 s (5394 samples)
📋 lap 5: 1:32.286 clean fuel_used=0.00
🔵 lap 5: clean
📊 strategy L6: no fuel model yet
🚪 gate refined: Autódromo de Interlagos/customRace/finishLine (31 samples, σ 4.54 m, ±14 m, across -9.4…6.9 m)
🛞 wear (test) lap 5 done: FL 34.2 FR 60.8 RL 26.1 RR 39.5 % — RS ×4 (tap)
🗣 bulletin (imp 6, cost 3.1s, ledger 3.1/20.4s, 2 lines): L6
🔊 last lap
🔊 within a tenth
🛞 compound: stint raceStart lap 1, refinement 7 — C 0.723 over 510 s (6359 samples)
📋 lap 6: 1:33.506 clean fuel_used=0.00
🔵 lap 6: clean
📊 strategy: finish armed at L7 (lap 7 > 6) — awaiting lap-clock freeze
📊 strategy L7: no fuel model yet
🚪 gate refined: Autódromo de Interlagos/customRace/finishLine (32 samples, σ 4.66 m, ±14 m, across -9.4…6.9 m)
🛞 compound: stint raceStart lap 1, refinement 8 (final) — C 0.723 over 563 s (7290 samples)
🛞 wear (test) lap 6 done: FL 41.2 FR 73.1 RL 31.2 RR 47.3 % — RS ×4 (tap)
📊 strategy: race finished at L7 — confirmed, lap clock frozen 0.50 s (handover 0.50 s)
💾 race preserved (finished): 7 lap(s), 0 stop(s), start ROLLING_START, P1/2
✂️ capture auto-stop in 30s (race finished)
🗑 flag: pending commentary cancelled
🗣 spoke (radio, imp 0, cost 1.2s, ledger 1.2/20.4s, 1 line): raceFinished(L7)
🔊 race over
🔈 speaker=on latched=no queued=0 wedged=no bg=on (app active)
🔧 session ended after lap 7
🔒 learning paused — not the player driving (demo lap, replay or off track)
🗑 flag: pending commentary cancelled
🎮 replay handshake armed (off track, race context still valid: pos 1, cars 2)
🔄 new session on the same connection — resetting track-scoped state
🧭 learned pool: 155 gate(s) from 357 stored, 65 pit exit(s)
📊 strategy: reset
⚙️ crew cfg: wpm=140 window=24.0s sat=0.85 cap=20.4s overhead=0.35s speech=on
⚙️ crew cat lapPace: slider=11 eff=11 budget=24 cd=x0.50 lock=20.0->10.0s ttl=10s
⚙️ crew cat position: slider=11 eff=11 budget=24 cd=x0.50 lock=20.0->10.0s ttl=10s
⚙️ crew cat strategy: slider=11 eff=11 budget=24 cd=x0.50 lock=12.0->6.0s ttl=30s protected
📊 pit loss: estimated 30.0 s from the unofficial table (Autódromo de Interlagos)
⚙️ crew cat pitSequence: slider=11 eff=11 budget=24 cd=x0.50 lock=10.0->5.0s ttl=12s protected
⚙️ crew cat tyres: slider=11 eff=11 budget=24 cd=x0.50 lock=25.0->12.5s ttl=12s
⚙️ crew cat incidents: slider=3 eff=3 budget=24 cd=x0.50 lock=15.0->7.5s ttl=3s
⚙️ crew cat radio: slider=11 eff=11 budget=24 cd=x0.50 lock=45.0->22.5s ttl=8s
⚙️ crew cat chatter: slider=11 eff=11 budget=24 cd=x0.50 lock=60.0->30.0s ttl=6s
🎮 onTrack → replay (pkt 6488266, lap 0, flags 0x0008, pos 1, cars 2, tod 54600000)
⏸ replay — race commentary suspended
🔄 new session on the same connection — resetting track-scoped state
📊 strategy: reset
⚙️ crew cfg: wpm=140 window=24.0s sat=0.85 cap=20.4s overhead=0.35s speech=on
⚙️ crew cat lapPace: slider=11 eff=11 budget=24 cd=x0.50 lock=20.0->10.0s ttl=10s
⚙️ crew cat position: slider=11 eff=11 budget=24 cd=x0.50 lock=20.0->10.0s ttl=10s
⚙️ crew cat strategy: slider=11 eff=11 budget=24 cd=x0.50 lock=12.0->6.0s ttl=30s protected
⚙️ crew cat pitSequence: slider=11 eff=11 budget=24 cd=x0.50 lock=10.0->5.0s ttl=12s protected
⚙️ crew cat tyres: slider=11 eff=11 budget=24 cd=x0.50 lock=25.0->12.5s ttl=12s
⚙️ crew cat incidents: slider=3 eff=3 budget=24 cd=x0.50 lock=15.0->7.5s ttl=3s
📊 pit loss: estimated 30.0 s from the unofficial table (Autódromo de Interlagos)
⚙️ crew cat radio: slider=11 eff=11 budget=24 cd=x0.50 lock=45.0->22.5s ttl=8s
⚙️ crew cat chatter: slider=11 eff=11 budget=24 cd=x0.50 lock=60.0->30.0s ttl=6s
🎮 replay → menus (pkt 6488366, lap 0, flags 0x000C, pos —, cars —, tod 54600000)
▶️ replay ended — race commentary resumed
🎮 back to the menus — ending the session
📊 strategy: reset
⚙️ crew cfg: wpm=140 window=24.0s sat=0.85 cap=20.4s overhead=0.35s speech=on
⚙️ crew cat lapPace: slider=11 eff=11 budget=24 cd=x0.50 lock=20.0->10.0s ttl=10s
⚙️ crew cat position: slider=11 eff=11 budget=24 cd=x0.50 lock=20.0->10.0s ttl=10s
⚙️ crew cat strategy: slider=11 eff=11 budget=24 cd=x0.50 lock=12.0->6.0s ttl=30s protected
⚙️ crew cat pitSequence: slider=11 eff=11 budget=24 cd=x0.50 lock=10.0->5.0s ttl=12s protected
📊 pit loss: estimated 30.0 s from the unofficial table (Autódromo de Interlagos)
⚙️ crew cat tyres: slider=11 eff=11 budget=24 cd=x0.50 lock=25.0->12.5s ttl=12s
⚙️ crew cat incidents: slider=3 eff=3 budget=24 cd=x0.50 lock=15.0->7.5s ttl=3s
⚙️ crew cat radio: slider=11 eff=11 budget=24 cd=x0.50 lock=45.0->22.5s ttl=8s
⚙️ crew cat chatter: slider=11 eff=11 budget=24 cd=x0.50 lock=60.0->30.0s ttl=6s
🧭 polyline [MENU]: 33 candidate(s) dropped on direction — best of them Dragon Trail - Seaside Reverse median 14.07 (alignment -0.92)
🧭 polyline [MENU]: Autódromo de Interlagos fits (median 2.00 m) but on 177 m of road — waiting for 800 m
🧭 polyline [MENU]: 25 candidate(s) dropped on direction — best of them Dragon Trail - Seaside Reverse median 17.45 (alignment -0.62)
🧭 polyline [MENU]: Autódromo de Interlagos fits (median 1.55 m) but on 343 m of road — waiting for 800 m
⏹ stopping the recording — auto-stop: race finished
# --- stopped: 38009 packets
