# EzioClient session log
# file:    20260927_220416 - Autódromo de Interlagos (152).gt7td
# started: 2026-09-27T20:04:16Z
# track:   Autódromo de Interlagos (CRS 152)
# context: customRace
# ---
# car:     Chevrolet Corvette C7 Gr.3 [Gr.3] (id 2183) — confirmed from telemetry
🧭 polyline [MENU]: 12 candidate(s) dropped on direction — best of them BB Raceway median 74.40 (alignment -0.44)
🧭 polyline [MENU]: Autódromo de Interlagos fits (median 1.86 m) but on 491 m of road — waiting for 800 m
📊 strategy L1: no fuel model yet
🔓 learning resumed — player on track
🛞 compound: car 2183 — reference: CH CM CS RH RM RS SH SM SS
🔄 new session on the same connection — resetting track-scoped state
📊 strategy: reset
⚙️ crew cfg: wpm=140 window=24.0s sat=0.85 cap=20.4s overhead=0.35s speech=on
⚙️ crew cat lapPace: slider=11 eff=11 budget=24 cd=x0.50 lock=20.0->10.0s ttl=10s
⚙️ crew cat position: slider=11 eff=11 budget=24 cd=x0.50 lock=20.0->10.0s ttl=10s
📊 pit loss: estimated 30.0 s from the unofficial table (Autódromo de Interlagos)
⚙️ crew cat strategy: slider=11 eff=11 budget=24 cd=x0.50 lock=12.0->6.0s ttl=30s protected
⚙️ crew cat pitSequence: slider=11 eff=11 budget=24 cd=x0.50 lock=10.0->5.0s ttl=12s protected
⚙️ crew cat tyres: slider=11 eff=11 budget=24 cd=x0.50 lock=25.0->12.5s ttl=12s
⚙️ crew cat incidents: slider=3 eff=3 budget=24 cd=x0.50 lock=15.0->7.5s ttl=3s
⚙️ crew cat radio: slider=11 eff=11 budget=24 cd=x0.50 lock=45.0->22.5s ttl=8s
⚙️ crew cat chatter: slider=11 eff=11 budget=24 cd=x0.50 lock=60.0->30.0s ttl=6s
🛞 compound: car 2183 — reference: CH CM CS RH RM RS SH SM SS
🎮 menus → onTrack (pkt 6526808, lap 0, flags 0x000D, pos 1, cars 2, tod 54600000)
🧭 polyline [PRE-GREEN]: 34 candidate(s) dropped on direction — best of them Michelin Raceway Road Atlanta median 21.22 (alignment -1.00)
🧭 polyline [PRE-GREEN]: Autódromo de Interlagos fits (median 4.11 m) but on 120 m of road — waiting for 800 m
🏁 start type: ROLLING_START at pkt 6527165 lap 1
🔀 state UNKNOWN → RACING at pkt 6527165 lap 1
🔵 sub-state — → FIRST_LAP lap 1
📋 lap 0: — clean fuel_used=0.00
📊 strategy: green flag (speed) at pkt 6527165, race clock running
🗣 spoke (lapPace, imp 0, cost 1.2s, ledger 1.2/20.4s, 1 line): greenFlag
🔊 green flag
📊 strategy L1: no fuel model yet
🧭 identified: Autódromo de Interlagos (CRS 152) — lap1, 8 sample(s), ±12 m
🏁 announcing track: Autódromo de Interlagos (CRS 152) from gates
🗣 spoke (radio, imp 2, cost 2.1s, ledger 3.3/20.4s, 1 line): trackIdentified(Autódromo de Interlagos, CRS 152)
🗺 stored map loaded on identification (gates): course 152, 846 pts
🚪 gate refined: Autódromo de Interlagos/customRace/lap1 (9 samples, σ 0.20 m, ±12 m, across 0.0…0.2 m)
🗣 spoke (radio, imp 0, cost 3.1s, ledger 6.4/20.4s, 1 line): surveyGate(lap1, 9)
🛞 compound: window opened — raceStart, lap 1
🔧 pit approach: entry at station 4099 m of 4228 m (12.3 m off the line), lead 20 s
🔊 identified Autódromo de Interlagos
🔤 IPA: Autódromo, de, Interlagos
🔊 lap one gate now 9 crossings
🛞 compound: family racing from the declaration (RS)
🗣 spoke (tyres, imp 4, cost 1.2s, ledger 1.2/20.4s, 1 line): compoundEstimate(raceStart, racing, high)
🔊 racing tyres
🔤 IPA: tyres
🛞 compound: racingSoft (medium confidence, C 0.80, margin 0.134, own reference)
🛞 compound prompt: raceStart lap 1, estimate RS
🗣 spoke (tyres, imp 4, cost 2.1s, ledger 2.1/20.4s, 1 line): compoundEstimate(raceStart, RS, medium)
🔊 reads like racing softs
🔵 sub-state FIRST_LAP → FLYING lap 2
📋 lap 1: 1:34.046 first fuel_used=0.00
🔵 lap 1: clean
📊 strategy L2: no fuel model yet
🚪 gate refined: Autódromo de Interlagos/customRace/finishLine (39 samples, σ 4.70 m, ±14 m, across -9.4…7.2 m)
🛞 wear (test) lap 1 done: FL 6.4 FR 12.0 RL 5.4 RR 8.2 % — RS ×4 (declared)
🗣 spoke (radio, imp 0, cost 2.7s, ledger 4.7/20.4s, 1 line): surveyGate(finishLine, 39)
🔊 finish line refined
🛞 compound prompt confirmed: RS
🛞 compound: RS confirmed by the driver — anchor
🔊 39 crossings
🗣 bulletin (imp 6, cost 4.5s, ledger 9.2/20.4s, 2 lines): L2
🔊 lap 2
🔊 laptime 1 34 point oh
🛞 compound: stint raceStart lap 1, refinement 1 — C 0.825 over 150 s (1410 samples)
📋 lap 2: 1:32.628 clean fuel_used=0.00
🔵 lap 2: clean
📊 strategy L3: no fuel model yet
🚪 gate refined: Autódromo de Interlagos/customRace/finishLine (40 samples, σ 4.64 m, ±14 m, across -9.4…7.2 m)
🗺 mapper: learned lap 2 (92.628 s, 4225 m, 845 pts) — installing as session polyline
🗣 spoke (radio, imp 0, cost 4.5s, ledger 4.5/20.4s, 1 line): surveyLap(2, 92628 ms, 845 pts)
🗣 spoke (radio, imp 0, cost 3.1s, ledger 7.6/20.4s, 1 line): surveyComplete(3 optional missing)
🔊 clean lap banked
🗺 lap 2 (92.628 s) not stored — the stored map's lap is faster (92.200 s)
🛞 wear (test) lap 2 done: FL 13.0 FR 24.4 RL 10.4 RR 16.1 % — RS ×4 (tap)
⏱ class lap kept: Autódromo de Interlagos/customRace/Gr.3 → 1:32.628 (7/10 laps, 4 car(s), avg 1:33.323)
🔊 1 32 point six two eight
🗣 bulletin (imp 2, cost 4.3s, ledger 12.0/20.4s, 2 lines): L3
🔊 survey usable
🔊 3 optional still missing
🔊 personal best
🔊 lap 3 now
🛞 compound: stint raceStart lap 1, refinement 2 — C 0.815 over 210 s (2242 samples)
🛞 compound: stint raceStart lap 1, refinement 3 — C 0.805 over 270 s (3023 samples)
📋 lap 3: 1:32.265 clean fuel_used=0.00
🔵 lap 3: clean
📊 strategy L4: no fuel model yet
🚪 gate refined: Autódromo de Interlagos/customRace/finishLine (41 samples, σ 4.60 m, ±14 m, across -9.4…7.2 m)
🗺 mapper: learned lap 3 (92.265 s, 4225 m, 845 pts) — installing as session polyline
🗣 spoke (radio, imp 0, cost 3.7s, ledger 3.7/20.4s, 1 line): surveyLap(3, 92265 ms, 845 pts)
🔊 map lap recorded
🗺 lap 3 (92.265 s) not stored — the stored map's lap is faster (92.200 s)
🛞 wear (test) lap 3 done: FL 20.0 FR 36.8 RL 15.5 RR 24.0 % — RS ×4 (tap)
⏱ class lap kept: Autódromo de Interlagos/customRace/Gr.3 → 1:32.265 (8/10 laps, 4 car(s), avg 1:33.191)
🔊 1 32 point three
🗣 bulletin (imp 2, cost 7.1s, ledger 10.8/20.4s, 2 lines): L4
🔊 best lap so far
🔊 32 point three
🔊 that's lap 4
🔤 IPA: 4
🛞 compound: stint raceStart lap 1, refinement 4 — C 0.815 over 330 s (3592 samples)
📋 lap 4: 1:33.534 clean fuel_used=0.00
🔵 lap 4: clean
📊 strategy L5: no fuel model yet
🚪 gate refined: Autódromo de Interlagos/customRace/finishLine (42 samples, σ 4.61 m, ±14 m, across -9.4…7.2 m)
🛞 wear (test) lap 4 done: FL 26.6 FR 48.9 RL 20.5 RR 31.8 % — RS ×4 (tap)
🗣 bulletin (imp 6, cost 8.6s, ledger 8.6/20.4s, 2 lines): L5
🔊 lap 5 now
🔊 that was an ok lap
🔊 1 point three down on your previous best
🛞 compound: stint raceStart lap 1, refinement 5 — C 0.815 over 390 s (4477 samples)
🗣 chain (imp 4, cost 2.9s, ledger 2.9/20.4s, 1 events, 1 lines)
🔊 bit wide there
🔊 watch track limits
🛞 compound: stint raceStart lap 1, refinement 6 — C 0.815 over 450 s (5012 samples)
📋 lap 5: 1:34.593 clean fuel_used=0.00
🔵 lap 5 antics: off
📊 strategy L6: no fuel model yet
🚪 gate refined: Autódromo de Interlagos/customRace/finishLine (43 samples, σ 4.56 m, ±14 m, across -9.4…7.2 m)
🗣 spoke (lapPace, imp 4, cost 5.5s, ledger 5.5/20.4s, 1 line): paceDegradation(0.72s/lap over 4)
🔊 we're losing over half a second a lap
🛞 wear (test) lap 5 done: FL 33.2 FR 60.9 RL 25.5 RR 39.4 % — RS ×4 (tap)
🗣 bulletin (imp 6, cost 4.6s, ledger 10.1/20.4s, 2 lines): L6
🔊 are the tyres ok?
🔤 IPA: tyres
🔊 nearly there
🔊 last lap
🔊 laptime 34 point six
🛞 compound: stint raceStart lap 1, refinement 7 — C 0.825 over 510 s (5872 samples)
📋 lap 6: 1:34.951 clean fuel_used=0.00
🔵 lap 6: clean
📊 strategy: finish armed at L7 (lap 7 > 6) — awaiting lap-clock freeze
📊 strategy L7: no fuel model yet
🚪 gate refined: Autódromo de Interlagos/customRace/finishLine (44 samples, σ 4.56 m, ±14 m, across -9.4…7.2 m)
🛞 compound: stint raceStart lap 1, refinement 8 (final) — C 0.815 over 563 s (6774 samples)
🛞 wear (test) lap 6 done: FL 39.7 FR 72.9 RL 30.4 RR 47.1 % — RS ×4 (tap)
📊 strategy: race finished at L7 — confirmed, lap clock frozen 0.50 s (handover 0.50 s)
💾 race preserved (finished): 7 lap(s), 0 stop(s), start ROLLING_START, P1/2
✂️ capture auto-stop in 30s (race finished)
🗑 flag: pending commentary cancelled
🗣 spoke (radio, imp 0, cost 1.6s, ledger 1.6/20.4s, 1 line): raceFinished(L7)
🔊 that's the flag
🗑 flag: pending commentary cancelled
🔧 session ended after lap 7
🔒 learning paused — not the player driving (demo lap, replay or off track)
🎮 replay handshake armed (off track, race context still valid: pos 1, cars 2)
🔄 new session on the same connection — resetting track-scoped state
🧭 learned pool: 155 gate(s) from 357 stored, 65 pit exit(s)
📊 strategy: reset
⚙️ crew cfg: wpm=140 window=24.0s sat=0.85 cap=20.4s overhead=0.35s speech=on
⚙️ crew cat lapPace: slider=11 eff=11 budget=24 cd=x0.50 lock=20.0->10.0s ttl=10s
⚙️ crew cat position: slider=11 eff=11 budget=24 cd=x0.50 lock=20.0->10.0s ttl=10s
⚙️ crew cat strategy: slider=11 eff=11 budget=24 cd=x0.50 lock=12.0->6.0s ttl=30s protected
⚙️ crew cat pitSequence: slider=11 eff=11 budget=24 cd=x0.50 lock=10.0->5.0s ttl=12s protected
📊 pit loss: estimated 30.0 s from the unofficial table (Autódromo de Interlagos)
⚙️ crew cat tyres: slider=11 eff=11 budget=24 cd=x0.50 lock=25.0->12.5s ttl=12s
⚙️ crew cat incidents: slider=3 eff=3 budget=24 cd=x0.50 lock=15.0->7.5s ttl=3s
⚙️ crew cat radio: slider=11 eff=11 budget=24 cd=x0.50 lock=45.0->22.5s ttl=8s
⚙️ crew cat chatter: slider=11 eff=11 budget=24 cd=x0.50 lock=60.0->30.0s ttl=6s
🎮 onTrack → replay (pkt 6561796, lap 0, flags 0x0008, pos 1, cars 2, tod 54600000)
⏸ replay — race commentary suspended
🧭 polyline [MENU]: 35 candidate(s) dropped on direction — best of them Michelin Raceway Road Atlanta median 21.54 (alignment -1.00)
🧭 polyline [MENU]: Autódromo de Interlagos fits (median 4.01 m) but on 119 m of road — waiting for 800 m
🔈 speaker=on latched=no queued=0 wedged=no bg=on (app active)
🧭 identified: Autódromo de Interlagos (CRS 152) — lap1, 9 sample(s), ±12 m
🏁 Autódromo de Interlagos identified during a replay (gates) — held until the replay ends
🗺 stored map loaded on identification (gates): course 152, 846 pts
🔧 pit approach: entry at station 4099 m of 4228 m (12.3 m off the line), lead 20 s
🔄 new session on the same connection — resetting track-scoped state
📊 strategy: reset
⚙️ crew cfg: wpm=140 window=24.0s sat=0.85 cap=20.4s overhead=0.35s speech=on
⚙️ crew cat lapPace: slider=11 eff=11 budget=24 cd=x0.50 lock=20.0->10.0s ttl=10s
⚙️ crew cat position: slider=11 eff=11 budget=24 cd=x0.50 lock=20.0->10.0s ttl=10s
📊 pit loss: estimated 30.0 s from the unofficial table (Autódromo de Interlagos)
⚙️ crew cat strategy: slider=11 eff=11 budget=24 cd=x0.50 lock=12.0->6.0s ttl=30s protected
⚙️ crew cat pitSequence: slider=11 eff=11 budget=24 cd=x0.50 lock=10.0->5.0s ttl=12s protected
⚙️ crew cat tyres: slider=11 eff=11 budget=24 cd=x0.50 lock=25.0->12.5s ttl=12s
⚙️ crew cat incidents: slider=3 eff=3 budget=24 cd=x0.50 lock=15.0->7.5s ttl=3s
⚙️ crew cat radio: slider=11 eff=11 budget=24 cd=x0.50 lock=45.0->22.5s ttl=8s
⚙️ crew cat chatter: slider=11 eff=11 budget=24 cd=x0.50 lock=60.0->30.0s ttl=6s
🎮 replay → menus (pkt 6562418, lap 0, flags 0x000C, pos —, cars —, tod 54600000)
▶️ replay ended — race commentary resumed
🎮 back to the menus — ending the session
📊 strategy: reset
⚙️ crew cfg: wpm=140 window=24.0s sat=0.85 cap=20.4s overhead=0.35s speech=on
⚙️ crew cat lapPace: slider=11 eff=11 budget=24 cd=x0.50 lock=20.0->10.0s ttl=10s
⚙️ crew cat position: slider=11 eff=11 budget=24 cd=x0.50 lock=20.0->10.0s ttl=10s
⚙️ crew cat strategy: slider=11 eff=11 budget=24 cd=x0.50 lock=12.0->6.0s ttl=30s protected
⚙️ crew cat pitSequence: slider=11 eff=11 budget=24 cd=x0.50 lock=10.0->5.0s ttl=12s protected
📊 pit loss: estimated 30.0 s from the unofficial table (Autódromo de Interlagos)
⚙️ crew cat tyres: slider=11 eff=11 budget=24 cd=x0.50 lock=25.0->12.5s ttl=12s
⚙️ crew cat incidents: slider=3 eff=3 budget=24 cd=x0.50 lock=15.0->7.5s ttl=3s
⚙️ crew cat radio: slider=11 eff=11 budget=24 cd=x0.50 lock=45.0->22.5s ttl=8s
⚙️ crew cat chatter: slider=11 eff=11 budget=24 cd=x0.50 lock=60.0->30.0s ttl=6s
⏹ stopping the recording — auto-stop: race finished
# --- stopped: 36173 packets
