# EzioClient session log
# file:    20260926_000530 - Autodrome Lago Maggiore - Full Course (365).gt7td
# started: 2026-09-25T22:05:30Z
# track:   Autodrome Lago Maggiore - Full Course (CRS 365)
# context: customRace
# ---
📊 strategy: declared 5 lap race
📊 strategy: fuel consumption OFF (0x) — no stops for fuel, refuel rate disregarded
# car:     Porsche 911 RSR (991) '17 [Gr.3] (id 3311) — confirmed from telemetry
🧭 polyline [MENU]: 37 candidate(s) dropped on direction — best of them Autodrome Lago Maggiore - West End Reverse median 1.75 (alignment -1.00)
🧭 polyline [MENU]: Autodrome Lago Maggiore - Full Course fits (median 1.46 m) but on 411 m of road — waiting for 800 m
🧭 polyline [MENU]: 30 candidate(s) dropped on direction — best of them Autodrome Lago Maggiore - Full Course Reverse median 2.07 (alignment -1.00)
🧭 polyline [MENU]: Autodrome Lago Maggiore - Full Course fits (median 1.64 m) but on 672 m of road — waiting for 800 m
🧭 learned (line): Autodrome Lago Maggiore family, 4 layouts (Autodrome Lago Maggiore - Centre, Autodrome Lago Maggiore - East, Autodrome Lago Maggiore - Full Course, Autodrome Lago Maggiore - West) — resolving at the fork
📊 strategy L1: no fuel model yet
🔓 learning resumed — player on track
🛞 compound: car 3311 — no reference — generic ladder
🔄 new session on the same connection — resetting track-scoped state
📊 strategy: reset
📊 pit loss: estimated 17.0 s from the unofficial table (Autodrome Lago Maggiore - Full Course)
⚙️ crew cfg: wpm=140 window=24.0s sat=0.85 cap=20.4s overhead=0.35s speech=on
⚙️ crew cat lapPace: slider=11 eff=11 budget=24 cd=x0.50 lock=20.0->10.0s ttl=10s
⚙️ crew cat position: slider=11 eff=11 budget=24 cd=x0.50 lock=20.0->10.0s ttl=10s
⚙️ crew cat strategy: slider=11 eff=11 budget=24 cd=x0.50 lock=12.0->6.0s ttl=30s protected
⚙️ crew cat pitSequence: slider=11 eff=11 budget=24 cd=x0.50 lock=10.0->5.0s ttl=12s protected
🛞 compound: car 3311 — no reference — generic ladder
⚙️ crew cat tyres: slider=11 eff=11 budget=24 cd=x0.50 lock=25.0->12.5s ttl=12s
⚙️ crew cat incidents: slider=3 eff=3 budget=24 cd=x0.50 lock=15.0->7.5s ttl=3s
⚙️ crew cat radio: slider=11 eff=11 budget=24 cd=x0.50 lock=45.0->22.5s ttl=8s
⚙️ crew cat chatter: slider=11 eff=11 budget=24 cd=x0.50 lock=60.0->30.0s ttl=6s
🎮 menus → onTrack (pkt 2226493, lap 0, flags 0x000D, pos 1, cars 2, tod 62160000)
🧭 polyline [PRE-GREEN]: 25 candidate(s) dropped on direction — best of them Autodrome Lago Maggiore - Full Course Reverse median 0.92 (alignment -1.00)
🧭 polyline [PRE-GREEN]: Autodrome Lago Maggiore - West fits (median 0.97 m) but on 119 m of road — waiting for 800 m
🏁 start type: ROLLING_START at pkt 2226855 lap 1
🔀 state UNKNOWN → RACING at pkt 2226855 lap 1
🔵 sub-state — → FIRST_LAP lap 1
📋 lap 0: — clean fuel_used=0.00
📊 strategy: green flag (speed) at pkt 2226855, race clock running
🗣 spoke (lapPace, imp 0, cost 3.4s, ledger 3.4/20.4s, 1 line): greenFlag
📊 strategy L1: no fuel model yet
🧭 learned (line): Autodrome Lago Maggiore family, 4 layouts (Autodrome Lago Maggiore - Centre, Autodrome Lago Maggiore - East, Autodrome Lago Maggiore - Full Course, Autodrome Lago Maggiore - West) — resolving at the fork
🚪 gate refined: Autodrome Lago Maggiore - Full Course/customRace/lap1 (65 samples, σ 0.48 m, ±12 m, across -0.6…1.0 m)
🛞 compound: window opened — raceStart, lap 1
🗣 spoke (radio, imp 0, cost 2.7s, ledger 6.0/20.4s, 1 line): surveyGate(lap1, 65)
🧭 polyline [L1]: 24 candidate(s) dropped on direction — best of them Autodrome Lago Maggiore - Full Course Reverse median 1.83 (alignment -1.00)
🧭 polyline [L1]: Autodrome Lago Maggiore - Full Course fits (median 1.45 m) but on 333 m of road — waiting for 800 m
🧭 polyline [L1]: 24 candidate(s) dropped on direction — best of them Autodrome Lago Maggiore - West Reverse median 1.71 (alignment -1.00)
🧭 polyline [L1]: Autodrome Lago Maggiore - Full Course fits (median 1.75 m) but on 506 m of road — waiting for 800 m
🧭 polyline [L1]: 20 candidate(s) dropped on direction — best of them Autodrome Lago Maggiore - West Reverse median 1.79 (alignment -1.00)
🧭 polyline [L1]: Autodrome Lago Maggiore - Full Course fits (median 1.77 m) but on 617 m of road — waiting for 800 m
🧭 divergence: fork at 594 m on course 365 — 2 left (Autodrome Lago Maggiore - East, Autodrome Lago Maggiore - Full Course)
🧭 divergence: 2 gate(s) for 2 candidates at 3111m, 3125m
🧭 polyline [L1]: 16 candidate(s) dropped on direction — best of them Autodrome Lago Maggiore - West Reverse median 2.12 (alignment -0.95)
🧭 polyline [L1]: 4 layouts share this road (Autodrome Lago Maggiore - Centre, Autodrome Lago Maggiore - East, Autodrome Lago Maggiore - Full Course, Autodrome Lago Maggiore - West) — watching for the fork
🧭 polyline [L1]: ambiguous — Autodrome Lago Maggiore - Full Course median 2.00/p90 3.99 vs Autodrome Lago Maggiore - West median 2.43/p90 8.37 (150 samples), abstaining
🧭 polyline [L1]: 16 candidate(s) dropped on direction — best of them Autodrome Lago Maggiore - Full Course Reverse median 2.17 (alignment -1.00)
🧭 polyline [L1]: ambiguous — Autodrome Lago Maggiore - Full Course median 2.13/p90 3.90 vs Autodrome Lago Maggiore - East median 2.45/p90 3.31 (180 samples), abstaining
🧭 polyline [L1]: 18 candidate(s) dropped on direction — best of them Autodrome Lago Maggiore - Full Course Reverse median 2.27 (alignment -1.00)
🧭 polyline [L1]: 3 layouts share this road (Autodrome Lago Maggiore - East, Autodrome Lago Maggiore - Full Course, Autodrome Lago Maggiore - West) — watching for the fork
🧭 polyline [L1]: ambiguous — Autodrome Lago Maggiore - Full Course median 2.15/p90 3.90 vs Autodrome Lago Maggiore - East median 2.17/p90 3.27 (180 samples), abstaining
🛞 compound: family racing (H+ 0.487, locked for the race)
🗣 spoke (tyres, imp 4, cost 2.1s, ledger 2.1/20.4s, 1 line): compoundEstimate(raceStart, racing, high)
🧭 polyline [L1]: 20 candidate(s) dropped on direction — best of them Autodrome Lago Maggiore - Full Course Reverse median 2.08 (alignment -1.00)
🧭 polyline [L1]: 3 layouts share this road (Autodrome Lago Maggiore - East, Autodrome Lago Maggiore - East End, Autodrome Lago Maggiore - Full Course) — watching for the fork
🧭 polyline [L1]: ambiguous — Autodrome Lago Maggiore - East median 2.03/p90 2.96 vs Autodrome Lago Maggiore - Full Course median 2.15/p90 3.90 (180 samples), abstaining
🧭 polyline [L1]: 13 candidate(s) dropped on direction — best of them Autodrome Lago Maggiore - Full Course Reverse median 2.35 (alignment -1.00)
🧭 polyline [L1]: ambiguous — Autodrome Lago Maggiore - East median 2.08/p90 3.26 vs Autodrome Lago Maggiore - Full Course median 2.08/p90 3.72 (180 samples), abstaining
🧭 polyline [L1]: 12 candidate(s) dropped on direction — best of them Autodrome Lago Maggiore - Full Course Reverse median 2.17 (alignment -1.00)
🧭 polyline [L1]: ambiguous — Autodrome Lago Maggiore - Full Course median 2.16/p90 5.43 vs Autodrome Lago Maggiore - East median 2.23/p90 6.23 (180 samples), abstaining
🧭 polyline [L1]: 9 candidate(s) dropped on direction — best of them Autodrome Lago Maggiore - Full Course Reverse median 2.05 (alignment -1.00)
🧭 polyline [L1]: ambiguous — Autodrome Lago Maggiore - Full Course median 2.15/p90 5.43 vs Autodrome Lago Maggiore - East median 2.17/p90 6.23 (180 samples), abstaining
🧭 polyline [L1]: 8 candidate(s) dropped on direction — best of them Autodrome Lago Maggiore - East Reverse median 2.06 (alignment -1.00)
🧭 polyline [L1]: ambiguous — Autodrome Lago Maggiore - Full Course median 2.04/p90 5.43 vs Autodrome Lago Maggiore - East median 2.19/p90 6.23 (180 samples), abstaining
🧭 polyline [L1]: 5 candidate(s) dropped on direction — best of them Autodrome Lago Maggiore - East Reverse median 1.96 (alignment -1.00)
🧭 polyline [L1]: ambiguous — Autodrome Lago Maggiore - Full Course median 1.97/p90 5.43 vs Autodrome Lago Maggiore - East median 2.08/p90 6.23 (180 samples), abstaining
🧭 polyline [L1]: 11 candidate(s) dropped on direction — best of them Autodrome Lago Maggiore - East Reverse median 2.08 (alignment -1.00)
🧭 polyline [L1]: ambiguous — Autodrome Lago Maggiore - Full Course median 2.01/p90 5.43 vs Autodrome Lago Maggiore - East median 2.12/p90 6.23 (180 samples), abstaining
🧭 polyline [L1]: 10 candidate(s) dropped on direction — best of them Autodrome Lago Maggiore - East Reverse median 1.89 (alignment -1.00)
🧭 polyline [L1]: 2 layouts share this road (Autodrome Lago Maggiore - East, Autodrome Lago Maggiore - Full Course) — watching for the fork
🧭 polyline [L1]: ambiguous — Autodrome Lago Maggiore - Full Course median 2.03/p90 4.14 vs Autodrome Lago Maggiore - East median 2.19/p90 6.23 (180 samples), abstaining
🧭 divergence: fork at 3111 m on course 365 — 1 left (Autodrome Lago Maggiore - Full Course)
🧭 divergence: resolved to Autodrome Lago Maggiore - Full Course
🧭 identified: Autodrome Lago Maggiore - Full Course (CRS 365) — finishLine, 340 sample(s), ±14 m
🏁 announcing track: Autodrome Lago Maggiore - Full Course (CRS 365) from gates
🗣 spoke (radio, imp 2, cost 4.2s, ledger 4.2/20.4s, 1 line): trackIdentified(Autodrome Lago Maggiore - Full Course, CRS 365)
🗺 stored map loaded on identification (gates): course 365, 1141 pts
🧭 polyline divergence: fork at 3111 m on course 365 — 1 left (Autodrome Lago Maggiore - Full Course)
🧭 polyline divergence: resolved to Autodrome Lago Maggiore - Full Course
🧭 polyline [L1]: fork resolved to Autodrome Lago Maggiore - Full Course
🧭 polyline [L1]: Autodrome Lago Maggiore - Full Course (CRS 365, map ctx customRace) median 2.03 m, p90 4.14 m, 16% of lap, 180 samples, alignment +1.00 — next course Autodrome Lago Maggiore - East median 2.19/p90 6.23
🗺 stored map loaded on identification (map matcher): course 365, 1141 pts
🧭 polyline agrees with the declared course (CRS 365)
📊 pit loss: measured 12.2 s
📊 strategy: track pit loss 12.2 s
🅿️ pit speaking budget 13.2s (entry to box)
🔧 pit approach: entry at station 5500 m of 5702 m (18.3 m off the line), lead 20 s
🔧 pit approach: entry at station 5500 m of 5702 m (18.3 m off the line), lead 20 s
🛞 compound: racingHard (low confidence, C 1.13, margin 0.139, generic reference)
🛞 compound prompt: raceStart lap 1, estimate RH
🗣 spoke (tyres, imp 4, cost 1.6s, ledger 5.8/20.4s, 1 line): compoundEstimate(raceStart, RH, low)
🛞 compound prompt confirmed: RH
🔵 sub-state FIRST_LAP → FLYING lap 2
📋 lap 1: 2:05.851 first fuel_used=0.00
🔵 lap 1: clean
📊 strategy L2: no fuel model yet
🚪 gate refined: Autodrome Lago Maggiore - Full Course/customRace/finishLine (341 samples, σ 4.57 m, ±14 m, across -8.8…5.4 m)
🗣 spoke (radio, imp 0, cost 2.7s, ledger 2.7/20.4s, 1 line): surveyGate(finishLine, 341)
🗣 bulletin (imp 6, cost 5.8s, ledger 8.5/20.4s, 2 lines): L2
🔧 huge stop 192 km/h with clutch 1.00 — pending impact-vs-pit (6 s)
🔀 state RACING → PIT at pkt 2241794 lap 2
🔵 sub-state FLYING → — lap 2
🔧 pit-entry anchor learned: 123099 ms into lap (stop on lap 2)
🔧 pended impact cancelled: pit entry
🚪 gate refined: Autodrome Lago Maggiore - Full Course/customRace/pitEntry (61 samples, σ 0.32 m, ±0 m)
🗣 spoke (pitSequence, imp 0, cost 2.5s, ledger 2.5/20.4s, 1 line, protected): pittingIn(L2)
🗑 dropped (in pit): surveyGate(pitEntry, 61)
🛞 compound: stationary phase ended above 62 °C — no tyre change by temperature (a ride-height lift may still follow)
📊 strategy: box reached on the ENDING lap (entered L2, counter still L2) — the lap in progress completes on release, counting it as banked
🗑 dropped (box deadline; cost 1.2s, 0.2s of 13.2s left): inPitBox
🗣 spoke (strategy, imp 0, cost 3.1s, ledger 5.6/20.4s, 1 line, protected): refuelTarget(3 laps)
🛞 compound: tyre change seen (ride-height lift)
🛞 compound: window opened — pitExit, lap 2
🔀 state PIT → RACING at pkt 2242839 lap 3
🔵 sub-state — → OUT_LAP lap 3
🅿️ PIT completed: in L2 → out L3 (no fuel, transit 20.7s, teleport=false)
🚪 gate refined: Autodrome Lago Maggiore - Full Course/customRace/pitBox (61 samples, σ 0.05 m, ±0 m)
🗑 dropped (in pit): surveyGate(pitBox, 61)
🅿️ entry→box 16.3s (speaking budget)
🔧 pit approach: entry at station 5500 m of 5702 m (18.3 m off the line), lead 20 s
📋 lap 2: 2:20.500 in fuel_used=0.00
🔵 lap 2: clean
🔧 teleport 172 m on lap 3 — pit release, not a reset
🗑 dropped (in pit): lapStarted(3/5, last 140.50s)
📊 strategy L3: no fuel model yet
🗣 spoke (pitSequence, imp 2, cost 1.2s, ledger 6.8/20.4s, 1 line, protected): exitingPit(+0.00l)
🚪 gate refined: Autodrome Lago Maggiore - Full Course/customRace/pitExit (61 samples, σ 0.05 m, ±12 m, across -0.0…0.0 m)
🗺 mapper: lap 2 rejected (teleport)
🗣 spoke (radio, imp 0, cost 2.7s, ledger 9.5/20.4s, 1 line): surveyGate(pitExit, 61)
📊 strategy L3: no fuel model yet
🔧 fresh tyres confirmed: 60.0° across all four (was 81.7° at pit entry, step 21.7°)
🗑 dropped (cooldown pit; 0.0s of 1.0s via pitSequence x0.50): freshTyres(confirmed 60.00°)
🗣 spoke (tyres, imp 4, cost 2.9s, ledger 12.4/20.4s, 1 line): tyreTemps(low, 60°)
🛞 compound: ambiguous — racingMedium vs racingSoft (margin 0.001, C 0.93) — silent
🛞 compound prompt: pitExit lap 2, estimate none
🗑 dropped (no catalog lines; tyres): compoundEstimate(pitExit, abstained: ambiguous — RM vs RS, margin 0.001)
🛞 compound prompt corrected: RS
🗣 spoke (tyres, imp 4, cost 2.1s, ledger 2.1/20.4s, 1 line): tyreTemps(inWindow, 70°)
🎭 mood relaxed → focused
🗣 chain (imp 2, cost 4.2s, ledger 6.3/20.4s, 3 events, 1 lines)
🗣 chain (imp 2, cost 3.4s, ledger 9.6/20.4s, 2 events, 1 lines)
🔧 huge stop 177 km/h with clutch 1.00 — pending impact-vs-pit (6 s)
🔀 state RACING → PIT at pkt 2250677 lap 3
🔵 sub-state OUT_LAP → — lap 3
🔧 pit-entry anchor learned: 130649 ms into lap (stop on lap 3)
🔧 pended impact cancelled: pit entry
🚪 gate refined: Autodrome Lago Maggiore - Full Course/customRace/pitEntry (62 samples, σ 0.32 m, ±0 m)
🗣 spoke (pitSequence, imp 0, cost 1.2s, ledger 8.8/20.4s, 1 line, protected): pittingIn(L3)
🛞 compound: stationary phase ended above 62 °C — no tyre change by temperature (a ride-height lift may still follow)
📊 strategy: box reached on the ENDING lap (entered L3, counter still L3) — the lap in progress completes on release, counting it as banked
🗑 dropped (box deadline; cost 1.2s, 0.1s of 13.2s left): inPitBox
🗣 spoke (strategy, imp 0, cost 4.0s, ledger 5.2/20.4s, 1 line, protected): refuelTarget(2 laps)
🛞 compound: tyre change seen (ride-height lift)
🛞 compound: window opened — pitExit, lap 3
🔀 state PIT → RACING at pkt 2251729 lap 4
🔵 sub-state — → OUT_LAP lap 4
🅿️ PIT completed: in L3 → out L4 (no fuel, transit 20.7s, teleport=false)
🚪 gate refined: Autodrome Lago Maggiore - Full Course/customRace/pitBox (62 samples, σ 0.05 m, ±0 m)
🅿️ entry→box 16.3s (speaking budget)
🔧 pit approach: entry at station 5500 m of 5702 m (18.3 m off the line), lead 20 s
📋 lap 3: 2:28.166 in_out fuel_used=0.00
🔵 lap 3 antics: contact, off
🔧 teleport 172 m on lap 4 — pit release, not a reset
🗑 dropped (in pit): lapStarted(4/5, last 148.17s)
📊 strategy L4: no fuel model yet
🗣 spoke (pitSequence, imp 2, cost 2.1s, ledger 7.2/20.4s, 1 line, protected): exitingPit(+0.00l)
🚪 gate refined: Autodrome Lago Maggiore - Full Course/customRace/pitExit (62 samples, σ 0.05 m, ±12 m, across -0.0…0.0 m)
🗺 mapper: lap 3 rejected (teleport)
📊 strategy L4: no fuel model yet
🔧 fresh tyres confirmed: 60.0° across all four (was 70.7° at pit entry, step 10.7°)
🗑 dropped (cooldown pit; 0.0s of 1.0s via tyres x0.50): freshTyres(confirmed 60.00°)
🗣 spoke (tyres, imp 4, cost 2.1s, ledger 9.3/20.4s, 1 line): tyreTemps(low, 60°)
🛞 compound: racingHard (low confidence, C 1.08, margin 0.047, relative, generic reference)
🛞 compound prompt: pitExit lap 3, estimate RH
🗣 spoke (tyres, imp 4, cost 2.1s, ledger 2.1/20.4s, 1 line): compoundEstimate(pitExit, RH, low)
🛞 compound prompt corrected: RM
🗣 chain (imp 4, cost 2.5s, ledger 4.6/20.4s, 1 events, 1 lines)
🗣 spoke (tyres, imp 4, cost 1.6s, ledger 1.6/20.4s, 1 line): tyreTemps(inWindow, 70°)
🔵 sub-state OUT_LAP → FLYING lap 5
📋 lap 4: 2:00.686 out fuel_used=0.00
🔵 lap 4 antics: contact
📊 strategy L5: no fuel model yet
🚪 gate refined: Autodrome Lago Maggiore - Full Course/customRace/finishLine (342 samples, σ 4.57 m, ±14 m, across -8.8…5.4 m)
🗺 mapper: lap 4 rejected (teleport)
🗣 bulletin (imp 6, cost 4.8s, ledger 4.8/20.4s, 2 lines): L5
📋 lap 5: 2:00.140 clean fuel_used=0.00
🎭 mood focused → relaxed
🔵 lap 5: clean
📊 strategy: finish armed at L6 (lap 6 > 5) — awaiting lap-clock freeze
📊 strategy L6: no fuel model yet
🚪 gate refined: Autodrome Lago Maggiore - Full Course/customRace/finishLine (343 samples, σ 4.57 m, ±14 m, across -8.8…5.4 m)
🗺 mapper: learned lap 5 (120.140 s, 5730 m, 1146 pts) — installing as session polyline
🗣 spoke (radio, imp 0, cost 6.0s, ledger 6.0/20.4s, 1 line): surveyLap(5, 120140 ms, 1146 pts)
🗣 spoke (radio, imp 0, cost 2.1s, ledger 8.1/20.4s, 1 line): surveyComplete(0 optional missing)
🗺 lap 5 (120.140 s) not stored — the stored map's lap is faster (116.316 s)
⏱ class lap kept: Autodrome Lago Maggiore - Full Course/customRace/Gr.3 → 2:00.140 (3/10 laps, 2 car(s), avg 1:58.014)
📊 strategy: race finished at L6 — confirmed, lap clock frozen 0.50 s (handover 0.50 s)
💾 race preserved (finished): 6 lap(s), 2 stop(s), start ROLLING_START, P1/2
✂️ capture auto-stop in 30s (race finished)
🗑 flag: pending commentary cancelled
🗣 spoke (radio, imp 0, cost 2.1s, ledger 10.1/20.4s, 1 line): raceFinished(L6)
🗑 speaker: 3 queued line(s) preempted by flag
🔧 session ended after lap 6
🔒 learning paused — not the player driving (demo lap, replay or off track)
🗑 flag: pending commentary cancelled
🎮 replay handshake armed (off track, race context still valid: pos 1, cars 2)
🔄 new session on the same connection — resetting track-scoped state
🧭 learned pool: 149 gate(s) from 338 stored, 61 pit exit(s)
📊 strategy: reset
📊 pit loss: estimated 17.0 s from the unofficial table (Autodrome Lago Maggiore - Full Course)
📊 strategy: track pit loss 17.0 s
⚙️ crew cfg: wpm=140 window=24.0s sat=0.85 cap=20.4s overhead=0.35s speech=on
⚙️ crew cat lapPace: slider=11 eff=11 budget=24 cd=x0.50 lock=20.0->10.0s ttl=10s
⚙️ crew cat position: slider=11 eff=11 budget=24 cd=x0.50 lock=20.0->10.0s ttl=10s
⚙️ crew cat strategy: slider=11 eff=11 budget=24 cd=x0.50 lock=12.0->6.0s ttl=30s protected
⚙️ crew cat pitSequence: slider=11 eff=11 budget=24 cd=x0.50 lock=10.0->5.0s ttl=12s protected
⚙️ crew cat tyres: slider=11 eff=11 budget=24 cd=x0.50 lock=25.0->12.5s ttl=12s
⚙️ crew cat incidents: slider=3 eff=3 budget=24 cd=x0.50 lock=15.0->7.5s ttl=3s
⚙️ crew cat radio: slider=11 eff=11 budget=24 cd=x0.50 lock=45.0->22.5s ttl=8s
⚙️ crew cat chatter: slider=11 eff=11 budget=24 cd=x0.50 lock=60.0->30.0s ttl=6s
🅿️ no pit speaking budget for this track
🎮 onTrack → replay (pkt 2267290, lap 0, flags 0x0008, pos 1, cars 2, tod 62160000)
⏸ replay — race commentary suspended
🔄 new session on the same connection — resetting track-scoped state
📊 strategy: reset
📊 pit loss: estimated 17.0 s from the unofficial table (Autodrome Lago Maggiore - Full Course)
⚙️ crew cfg: wpm=140 window=24.0s sat=0.85 cap=20.4s overhead=0.35s speech=on
⚙️ crew cat lapPace: slider=11 eff=11 budget=24 cd=x0.50 lock=20.0->10.0s ttl=10s
⚙️ crew cat position: slider=11 eff=11 budget=24 cd=x0.50 lock=20.0->10.0s ttl=10s
⚙️ crew cat strategy: slider=11 eff=11 budget=24 cd=x0.50 lock=12.0->6.0s ttl=30s protected
⚙️ crew cat pitSequence: slider=11 eff=11 budget=24 cd=x0.50 lock=10.0->5.0s ttl=12s protected
⚙️ crew cat tyres: slider=11 eff=11 budget=24 cd=x0.50 lock=25.0->12.5s ttl=12s
⚙️ crew cat incidents: slider=3 eff=3 budget=24 cd=x0.50 lock=15.0->7.5s ttl=3s
⚙️ crew cat radio: slider=11 eff=11 budget=24 cd=x0.50 lock=45.0->22.5s ttl=8s
⚙️ crew cat chatter: slider=11 eff=11 budget=24 cd=x0.50 lock=60.0->30.0s ttl=6s
🎮 replay → menus (pkt 2267523, lap 0, flags 0x000C, pos —, cars —, tod 62160000)
▶️ replay ended — race commentary resumed
🎮 back to the menus — ending the session
📊 strategy: reset
📊 pit loss: estimated 17.0 s from the unofficial table (Autodrome Lago Maggiore - Full Course)
⚙️ crew cfg: wpm=140 window=24.0s sat=0.85 cap=20.4s overhead=0.35s speech=on
⚙️ crew cat lapPace: slider=11 eff=11 budget=24 cd=x0.50 lock=20.0->10.0s ttl=10s
⚙️ crew cat position: slider=11 eff=11 budget=24 cd=x0.50 lock=20.0->10.0s ttl=10s
⚙️ crew cat strategy: slider=11 eff=11 budget=24 cd=x0.50 lock=12.0->6.0s ttl=30s protected
⚙️ crew cat pitSequence: slider=11 eff=11 budget=24 cd=x0.50 lock=10.0->5.0s ttl=12s protected
⚙️ crew cat tyres: slider=11 eff=11 budget=24 cd=x0.50 lock=25.0->12.5s ttl=12s
⚙️ crew cat incidents: slider=3 eff=3 budget=24 cd=x0.50 lock=15.0->7.5s ttl=3s
⚙️ crew cat radio: slider=11 eff=11 budget=24 cd=x0.50 lock=45.0->22.5s ttl=8s
⚙️ crew cat chatter: slider=11 eff=11 budget=24 cd=x0.50 lock=60.0->30.0s ttl=6s
🧭 polyline [MENU]: 36 candidate(s) dropped on direction — best of them Autodrome Lago Maggiore - West End Reverse median 1.21 (alignment -1.00)
🧭 polyline [MENU]: Autodrome Lago Maggiore - West fits (median 1.36 m) but on 173 m of road — waiting for 800 m
⏹ stopping the recording — auto-stop: race finished
# --- stopped: 42312 packets
