# EzioClient session log
# file:    20260927_181724 - Autodrome Lago Maggiore - Full Course (365).gt7td
# started: 2026-09-27T16:17:24Z
# track:   Autodrome Lago Maggiore - Full Course (CRS 365)
# context: customRace
# ---
# car:     Aston Martin V12 Vantage GT3 '12 [Gr.3] (id 2131) — confirmed from telemetry
🧭 polyline [MENU]: 6 candidate(s) dropped on direction — best of them Autodrome Lago Maggiore - Full Course Reverse median 2.21 (alignment -1.00)
🧭 polyline [MENU]: Autodrome Lago Maggiore - East fits (median 1.88 m) but on 663 m of road — waiting for 800 m
🧭 polyline [MENU]: 11 candidate(s) dropped on direction — best of them Autodrome Lago Maggiore - Full Course Reverse median 2.10 (alignment -1.00)
🧭 polyline [MENU]: 3 layouts share this road (Autodrome Lago Maggiore - East, Autodrome Lago Maggiore - East End, Autodrome Lago Maggiore - Full Course) — watching for the fork
🧭 polyline [MENU]: ambiguous — Autodrome Lago Maggiore - East median 2.16/p90 4.72 vs Autodrome Lago Maggiore - Full Course median 2.34/p90 4.50 (120 samples), abstaining
📊 strategy: finish armed at L7 (lap 7 > 6) — awaiting lap-clock freeze
📊 strategy L7: no fuel model yet
🔓 learning resumed — player on track
🛞 compound: car 2131 — reference: RM RS
🔄 new session on the same connection — resetting track-scoped state
📊 strategy: reset
⚙️ crew cfg: wpm=140 window=24.0s sat=0.85 cap=20.4s overhead=0.35s speech=on
⚙️ crew cat lapPace: slider=11 eff=11 budget=24 cd=x0.50 lock=20.0->10.0s ttl=10s
⚙️ crew cat position: slider=11 eff=11 budget=24 cd=x0.50 lock=20.0->10.0s ttl=10s
📊 pit loss: estimated 17.0 s from the unofficial table (Autodrome Lago Maggiore - Full Course)
⚙️ crew cat strategy: slider=11 eff=11 budget=24 cd=x0.50 lock=12.0->6.0s ttl=30s protected
⚙️ crew cat pitSequence: slider=11 eff=11 budget=24 cd=x0.50 lock=10.0->5.0s ttl=12s protected
⚙️ crew cat tyres: slider=11 eff=11 budget=24 cd=x0.50 lock=25.0->12.5s ttl=12s
⚙️ crew cat incidents: slider=3 eff=3 budget=24 cd=x0.50 lock=15.0->7.5s ttl=3s
⚙️ crew cat radio: slider=11 eff=11 budget=24 cd=x0.50 lock=45.0->22.5s ttl=8s
⚙️ crew cat chatter: slider=11 eff=11 budget=24 cd=x0.50 lock=60.0->30.0s ttl=6s
🛞 compound: car 2131 — reference: RM RS
🎮 menus → onTrack (pkt 5711422, lap 0, flags 0x000D, pos 1, cars 2, tod 62160000)
🧭 polyline [PRE-GREEN]: 26 candidate(s) dropped on direction — best of them Autodrome Lago Maggiore - Full Course Reverse median 1.11 (alignment -1.00)
🧭 polyline [PRE-GREEN]: Autodrome Lago Maggiore - West fits (median 1.15 m) but on 118 m of road — waiting for 800 m
🏁 start type: ROLLING_START at pkt 5711784 lap 1
🔀 state UNKNOWN → RACING at pkt 5711784 lap 1
🔵 sub-state — → FIRST_LAP lap 1
📋 lap 0: — clean fuel_used=0.00
📊 strategy: green flag (speed) at pkt 5711784, race clock running
🗣 spoke (lapPace, imp 0, cost 3.4s, ledger 3.4/20.4s, 1 line): greenFlag
🔊 green flag
📊 strategy L1: no fuel model yet
🧭 learned (line): Autodrome Lago Maggiore family, 4 layouts (Autodrome Lago Maggiore - Centre, Autodrome Lago Maggiore - East, Autodrome Lago Maggiore - Full Course, Autodrome Lago Maggiore - West) — resolving at the fork
🚪 gate refined: Autodrome Lago Maggiore - Full Course/customRace/lap1 (72 samples, σ 0.60 m, ±12 m, across -1.5…1.1 m)
🛞 compound: lap 0 → 1 382 packets after the finish — the cool-down lap, not a race start
🗣 spoke (radio, imp 0, cost 2.7s, ledger 6.0/20.4s, 1 line): surveyGate(lap1, 72)
🔊 mind the first corner
🔊 identification gate refined
🧭 polyline [L1]: 25 candidate(s) dropped on direction — best of them Autodrome Lago Maggiore - Full Course Reverse median 1.76 (alignment -1.00)
🧭 polyline [L1]: Autodrome Lago Maggiore - Full Course fits (median 1.34 m) but on 337 m of road — waiting for 800 m
🔊 72 crossings
🧭 polyline [L1]: 24 candidate(s) dropped on direction — best of them Autodrome Lago Maggiore - West Reverse median 1.76 (alignment -1.00)
🧭 polyline [L1]: Autodrome Lago Maggiore - West fits (median 1.38 m) but on 519 m of road — waiting for 800 m
🧭 polyline [L1]: 19 candidate(s) dropped on direction — best of them Autodrome Lago Maggiore - West Reverse median 1.87 (alignment -1.00)
🧭 polyline [L1]: Autodrome Lago Maggiore - West fits (median 1.57 m) but on 638 m of road — waiting for 800 m
🧭 divergence: fork at 600 m on course 1226 — 2 left (Autodrome Lago Maggiore - East, Autodrome Lago Maggiore - Full Course)
🧭 divergence: 2 gate(s) for 2 candidates at 3111m, 3125m
🧭 polyline [L1]: 20 candidate(s) dropped on direction — best of them Autodrome Lago Maggiore - Full Course Reverse median 2.02 (alignment -1.00)
🧭 polyline [L1]: 4 layouts share this road (Autodrome Lago Maggiore - Centre, Autodrome Lago Maggiore - East, Autodrome Lago Maggiore - Full Course, Autodrome Lago Maggiore - West) — watching for the fork
🧭 polyline [L1]: ambiguous — Autodrome Lago Maggiore - Full Course median 1.61/p90 2.70 vs Autodrome Lago Maggiore - West median 1.82/p90 18.84 (150 samples), abstaining
🧭 polyline [L1]: 16 candidate(s) dropped on direction — best of them Autodrome Lago Maggiore - Full Course Reverse median 1.98 (alignment -1.00)
🧭 polyline [L1]: ambiguous — Autodrome Lago Maggiore - Full Course median 1.78/p90 3.94 vs Autodrome Lago Maggiore - West median 2.04/p90 193.23 (180 samples), abstaining
🧭 polyline [L1]: 17 candidate(s) dropped on direction — best of them Autodrome Lago Maggiore - Full Course Reverse median 2.05 (alignment -1.00)
🧭 polyline [L1]: 3 layouts share this road (Autodrome Lago Maggiore - East, Autodrome Lago Maggiore - Full Course, Autodrome Lago Maggiore - West) — watching for the fork
🧭 polyline [L1]: ambiguous — Autodrome Lago Maggiore - Full Course median 1.88/p90 3.94 vs Autodrome Lago Maggiore - East median 2.03/p90 3.23 (180 samples), abstaining
🧭 polyline [L1]: 18 candidate(s) dropped on direction — best of them Autodrome Lago Maggiore - East Reverse median 1.80 (alignment -1.00)
🧭 polyline [L1]: 3 layouts share this road (Autodrome Lago Maggiore - East, Autodrome Lago Maggiore - East End, Autodrome Lago Maggiore - Full Course) — watching for the fork
🧭 polyline [L1]: ambiguous — Autodrome Lago Maggiore - Full Course median 1.82/p90 3.94 vs Autodrome Lago Maggiore - East median 1.90/p90 3.08 (180 samples), abstaining
🧭 polyline [L1]: 13 candidate(s) dropped on direction — best of them Autodrome Lago Maggiore - Full Course Reverse median 1.97 (alignment -1.00)
🧭 polyline [L1]: ambiguous — Autodrome Lago Maggiore - Full Course median 1.75/p90 3.32 vs Autodrome Lago Maggiore - East median 1.81/p90 3.04 (180 samples), abstaining
🧭 polyline [L1]: 12 candidate(s) dropped on direction — best of them Autodrome Lago Maggiore - East End Reverse median 1.88 (alignment -0.93)
🧭 polyline [L1]: ambiguous — Autodrome Lago Maggiore - Full Course median 1.91/p90 4.59 vs Autodrome Lago Maggiore - East median 2.03/p90 4.93 (180 samples), abstaining
🧭 polyline [L1]: 7 candidate(s) dropped on direction — best of them Autodrome Lago Maggiore - Full Course Reverse median 1.87 (alignment -1.00)
🧭 polyline [L1]: ambiguous — Autodrome Lago Maggiore - East median 1.98/p90 4.93 vs Autodrome Lago Maggiore - Full Course median 2.06/p90 4.67 (180 samples), abstaining
🧭 polyline [L1]: 5 candidate(s) dropped on direction — best of them Autodrome Lago Maggiore - East Reverse median 1.79 (alignment -1.00)
🧭 polyline [L1]: ambiguous — Autodrome Lago Maggiore - Full Course median 1.88/p90 4.59 vs Autodrome Lago Maggiore - East median 2.06/p90 4.93 (180 samples), abstaining
🧭 polyline [L1]: 6 candidate(s) dropped on direction — best of them Autodrome Lago Maggiore - East Reverse median 1.87 (alignment -1.00)
🧭 polyline [L1]: ambiguous — Autodrome Lago Maggiore - Full Course median 1.90/p90 4.59 vs Autodrome Lago Maggiore - East median 2.04/p90 4.93 (180 samples), abstaining
🧭 polyline [L1]: 7 candidate(s) dropped on direction — best of them Autodrome Lago Maggiore - Full Course Reverse median 2.03 (alignment -1.00)
🧭 polyline [L1]: 2 layouts share this road (Autodrome Lago Maggiore - East, Autodrome Lago Maggiore - Full Course) — watching for the fork
🧭 polyline [L1]: ambiguous — Autodrome Lago Maggiore - Full Course median 1.96/p90 4.59 vs Autodrome Lago Maggiore - East median 2.13/p90 4.93 (180 samples), abstaining
🧭 divergence: fork at 3111 m on course 365 — 1 left (Autodrome Lago Maggiore - Full Course)
🧭 divergence: resolved to Autodrome Lago Maggiore - Full Course
🧭 identified: Autodrome Lago Maggiore - Full Course (CRS 365) — finishLine, 437 sample(s), ±13 m
🏁 announcing track: Autodrome Lago Maggiore - Full Course (CRS 365) from gates
🗣 spoke (radio, imp 2, cost 3.4s, ledger 3.4/20.4s, 1 line): trackIdentified(Autodrome Lago Maggiore - Full Course, CRS 365)
🔊 identified Autodrome Lago Maggiore
🗺 stored map loaded on identification (gates): course 365, 1141 pts
📊 pit loss: measured 12.2 s
📊 strategy: track pit loss 12.2 s
🅿️ pit speaking budget 13.2s (entry to box)
🔧 pit approach: entry at station 5500 m of 5702 m (18.3 m off the line), lead 20 s
🔊 Full Course
🔵 sub-state FIRST_LAP → FLYING lap 2
📋 lap 1: 1:58.925 first fuel_used=0.00
🔵 lap 1: clean
📊 strategy L2: no fuel model yet
🚪 gate refined: Autodrome Lago Maggiore - Full Course/customRace/finishLine (438 samples, σ 4.38 m, ±13 m, across -9.4…5.4 m)
🛞 wear (test) lap 1 done: FL 13.0 FR 11.9 RL 9.0 RR 8.5 % — RS ×4 (declared)
🗣 spoke (radio, imp 0, cost 2.7s, ledger 2.7/20.4s, 1 line): surveyGate(finishLine, 438)
🔊 finish line now 438 crossings
🗣 bulletin (imp 6, cost 5.4s, ledger 8.0/20.4s, 2 lines): L2
🔊 on lap 2
🔊 last lap 1 58 point nine
🎭 mood relaxed → focused
🗣 chain (imp 2, cost 3.8s, ledger 3.8/20.4s, 4 events, 1 lines)
🔊 wide again
🔊 bring it in a bit
📋 lap 2: 2:10.283 clean fuel_used=0.00
🔵 lap 2 antics: off
📊 strategy L3: no fuel model yet
🚪 gate refined: Autodrome Lago Maggiore - Full Course/customRace/finishLine (439 samples, σ 4.38 m, ±13 m, across -9.4…5.4 m)
🛞 wear (test) lap 2 done: FL 26.4 FR 23.8 RL 18.1 RR 16.7 % — RS ×4 (declared)
🗣 bulletin (imp 2, cost 7.2s, ledger 7.2/20.4s, 2 lines): L3
🔊 new personal best
🗣 spoke (radio, imp 10, cost 2.2s, ledger 9.5/20.4s, 1 line): radioCheck(P1, fuel 100%)
🔊 2 10 point three
🔊 good job
🔊 lap 3
🔊 radio check
🔊 P 1
📋 lap 3: 1:57.434 clean fuel_used=0.00
🎭 mood focused → relaxed
🔵 lap 3: clean
📊 strategy L4: no fuel model yet
🚪 gate refined: Autodrome Lago Maggiore - Full Course/customRace/finishLine (440 samples, σ 4.38 m, ±13 m, across -9.4…5.4 m)
🗺 mapper: learned lap 3 (117.434 s, 5705 m, 1141 pts) — installing as session polyline
🗣 spoke (radio, imp 0, cost 4.1s, ledger 4.1/20.4s, 1 line): surveyLap(3, 117434 ms, 1141 pts)
🗣 spoke (radio, imp 0, cost 2.7s, ledger 6.8/20.4s, 1 line): surveyComplete(3 optional missing)
🔊 got a clean lap
🗺 lap 3 (117.434 s) not stored — the stored map's lap is faster (116.316 s)
🛞 wear (test) lap 3 done: FL 39.9 FR 35.9 RL 26.9 RR 24.9 % — RS ×4 (declared)
⏱ class lap kept: Autodrome Lago Maggiore - Full Course/customRace/Gr.3 → 1:57.434 (9/10 laps, 5 car(s), avg 1:58.204)
🔊 1 57 point four
🗣 bulletin (imp 2, cost 6.6s, ledger 13.4/20.4s, 2 lines): L4
🗑 dropped (unchanged; said 118s ago, repeats after 300s): radioCheck(P1, fuel 100%)
🔊 essentials recorded
🔊 3 optional outstanding
🔊 personal best
🔊 12 point eight quicker
🔊 lap 4 now
📋 lap 4: 1:58.200 clean fuel_used=0.00
🔵 lap 4: clean
📊 strategy L5: no fuel model yet
🚪 gate refined: Autodrome Lago Maggiore - Full Course/customRace/finishLine (441 samples, σ 4.37 m, ±13 m, across -9.4…5.4 m)
🛞 wear (test) lap 4 done: FL 53.1 FR 48.1 RL 35.6 RR 33.1 % — RS ×4 (declared)
🗣 bulletin (imp 6, cost 5.8s, ledger 5.8/20.4s, 2 lines): L5
🔊 that's lap 5
🔊 good lap
🔊 1 58 point two
📋 lap 5: 1:59.139 clean fuel_used=0.00
🔵 lap 5: clean
📊 strategy L6: no fuel model yet
🚪 gate refined: Autodrome Lago Maggiore - Full Course/customRace/finishLine (442 samples, σ 4.37 m, ±13 m, across -9.4…5.4 m)
🛞 wear (test) lap 5 done: FL 66.4 FR 60.1 RL 44.4 RR 41.2 % — RS ×4 (declared)
🗣 bulletin (imp 6, cost 6.1s, ledger 6.1/20.4s, 2 lines): L6
🔊 last lap
🔊 get it over the line
🔊 1 59 point one
📋 lap 6: 1:59.793 clean fuel_used=0.00
🔵 lap 6: clean
📊 strategy: finish armed at L7 (lap 7 > 6) — awaiting lap-clock freeze
📊 strategy L7: no fuel model yet
🚪 gate refined: Autodrome Lago Maggiore - Full Course/customRace/finishLine (443 samples, σ 4.37 m, ±13 m, across -9.4…5.4 m)
🛞 wear (test) lap 6 done: FL 79.3 FR 71.9 RL 53.0 RR 49.2 % — RS ×4 (declared)
📊 strategy: race finished at L7 — confirmed, lap clock frozen 0.50 s (handover 0.50 s)
💾 race preserved (finished): 7 lap(s), 0 stop(s), start ROLLING_START, P1/2
✂️ capture auto-stop in 30s (race finished)
🗑 flag: pending commentary cancelled
🗣 spoke (radio, imp 0, cost 2.5s, ledger 2.5/20.4s, 1 line): raceFinished(L7)
🔊 that's the flag
🔊 good session
🔧 session ended after lap 7
🔒 learning paused — not the player driving (demo lap, replay or off track)
🗑 flag: pending commentary cancelled
🎮 replay handshake armed (off track, race context still valid: pos 1, cars 2)
🔄 new session on the same connection — resetting track-scoped state
🧭 learned pool: 155 gate(s) from 357 stored, 65 pit exit(s)
📊 strategy: reset
⚙️ crew cfg: wpm=140 window=24.0s sat=0.85 cap=20.4s overhead=0.35s speech=on
⚙️ crew cat lapPace: slider=11 eff=11 budget=24 cd=x0.50 lock=20.0->10.0s ttl=10s
⚙️ crew cat position: slider=11 eff=11 budget=24 cd=x0.50 lock=20.0->10.0s ttl=10s
⚙️ crew cat strategy: slider=11 eff=11 budget=24 cd=x0.50 lock=12.0->6.0s ttl=30s protected
📊 pit loss: estimated 17.0 s from the unofficial table (Autodrome Lago Maggiore - Full Course)
⚙️ crew cat pitSequence: slider=11 eff=11 budget=24 cd=x0.50 lock=10.0->5.0s ttl=12s protected
📊 strategy: track pit loss 17.0 s
⚙️ crew cat tyres: slider=11 eff=11 budget=24 cd=x0.50 lock=25.0->12.5s ttl=12s
⚙️ crew cat incidents: slider=3 eff=3 budget=24 cd=x0.50 lock=15.0->7.5s ttl=3s
⚙️ crew cat radio: slider=11 eff=11 budget=24 cd=x0.50 lock=45.0->22.5s ttl=8s
⚙️ crew cat chatter: slider=11 eff=11 budget=24 cd=x0.50 lock=60.0->30.0s ttl=6s
🅿️ no pit speaking budget for this track
🎮 onTrack → replay (pkt 5756467, lap 0, flags 0x0008, pos 1, cars 2, tod 62160000)
⏸ replay — race commentary suspended
🧭 polyline [MENU]: 26 candidate(s) dropped on direction — best of them Autodrome Lago Maggiore - Full Course Reverse median 1.17 (alignment -1.00)
🧭 polyline [MENU]: Autodrome Lago Maggiore - West fits (median 1.22 m) but on 116 m of road — waiting for 800 m
🧭 learned (line): Autodrome Lago Maggiore family, 4 layouts (Autodrome Lago Maggiore - Centre, Autodrome Lago Maggiore - East, Autodrome Lago Maggiore - Full Course, Autodrome Lago Maggiore - West) — resolving at the fork
⏹ stopping the recording — auto-stop: race finished
# --- stopped: 46236 packets
