# EzioClient session log
# file:    20260927_201205 - Autodrome Lago Maggiore - Full Course (365).gt7td
# started: 2026-09-27T18:12:05Z
# track:   Autodrome Lago Maggiore - Full Course (CRS 365)
# context: customRace
# ---
📊 strategy: declared 6 lap race
📊 strategy: fuel consumption OFF (0x) — no stops for fuel, refuel rate disregarded
# car:     Ferrari 296 GT3 '23 [Gr.3] (id 3588) — confirmed from telemetry
🔧 off-track surfaces: grass, sand, dirt, snow (course 365)
🧭 learned (line): Autodrome Lago Maggiore family, 4 layouts (Autodrome Lago Maggiore - Centre, Autodrome Lago Maggiore - East, Autodrome Lago Maggiore - Full Course, Autodrome Lago Maggiore - West) — resolving at the fork
🧭 polyline [MENU]: 21 candidate(s) dropped on direction — best of them Autodrome Lago Maggiore - Full Course Reverse median 2.04 (alignment -1.00)
🧭 polyline [MENU]: 2 layouts share this road (Autodrome Lago Maggiore - Full Course, Autodrome Lago Maggiore - West) — watching for the fork
🧭 polyline [MENU]: ambiguous — Autodrome Lago Maggiore - Full Course median 1.48/p90 2.86 vs Autodrome Lago Maggiore - West median 1.92/p90 4.03 (120 samples), abstaining
📊 strategy L1: no fuel model yet
🔓 learning resumed — player on track
🛞 compound: car 3588 — reference: RH RM RS
📋 lap 1: — clean fuel_used=0.00
📊 strategy: reset
🎮 menus → onTrack (pkt 6123511, lap 0, flags 0x001D, pos 1, cars 2, tod 62160000)
🧭 polyline [PRE-GREEN]: 18 candidate(s) dropped on direction — best of them Autodrome Lago Maggiore - Full Course Reverse median 1.89 (alignment -1.00)
🧭 polyline [PRE-GREEN]: 5 layouts share this road (Autodrome Lago Maggiore - Centre, Autodrome Lago Maggiore - Centre Reverse, Autodrome Lago Maggiore - East, Autodrome Lago Maggiore - Full Course, Autodrome Lago Maggiore - West) — watching for the fork
🧭 polyline [PRE-GREEN]: ambiguous — Autodrome Lago Maggiore - Full Course median 1.43/p90 2.63 vs Autodrome Lago Maggiore - West median 1.82/p90 3.65 (150 samples), abstaining
🏁 start type: ROLLING_START at pkt 6123874 lap 1
🔀 state UNKNOWN → RACING at pkt 6123874 lap 1
🔵 sub-state — → FIRST_LAP lap 1
📋 lap 0: — clean fuel_used=0.00
📊 strategy: green flag (speed) at pkt 6123874, race clock running
🗣 spoke (lapPace, imp 0, cost 2.1s, ledger 2.1/20.4s, 1 line): greenFlag
🔊 green
📊 strategy L1: no fuel model yet
🧭 learned (line): Autodrome Lago Maggiore family, 4 layouts (Autodrome Lago Maggiore - Centre, Autodrome Lago Maggiore - East, Autodrome Lago Maggiore - Full Course, Autodrome Lago Maggiore - West) — resolving at the fork
🚪 gate refined: Autodrome Lago Maggiore - Full Course/customRace/lap1 (83 samples, σ 0.66 m, ±12 m, across -1.5…1.1 m)
🗣 spoke (radio, imp 0, cost 3.1s, ledger 5.2/20.4s, 1 line): surveyGate(lap1, 83)
🛞 compound: window opened — raceStart, lap 1
🔊 keep it clean
🔊 lap one gate now 83 crossings
🧭 polyline [L1]: 21 candidate(s) dropped on direction — best of them Autodrome Lago Maggiore - Full Course Reverse median 1.95 (alignment -1.00)
🧭 polyline [L1]: 4 layouts share this road (Autodrome Lago Maggiore - Centre, Autodrome Lago Maggiore - East, Autodrome Lago Maggiore - Full Course, Autodrome Lago Maggiore - West) — watching for the fork
🧭 polyline [L1]: ambiguous — Autodrome Lago Maggiore - Full Course median 1.43/p90 2.55 vs Autodrome Lago Maggiore - West median 1.65/p90 2.95 (180 samples), abstaining
🧭 polyline [L1]: 20 candidate(s) dropped on direction — best of them Autodrome Lago Maggiore - Full Course Reverse median 1.77 (alignment -1.00)
🧭 polyline [L1]: ambiguous — Autodrome Lago Maggiore - Full Course median 1.51/p90 2.55 vs Autodrome Lago Maggiore - West median 1.72/p90 2.95 (180 samples), abstaining
🧭 polyline [L1]: 17 candidate(s) dropped on direction — best of them Autodrome Lago Maggiore - Full Course Reverse median 2.00 (alignment -1.00)
🧭 polyline [L1]: ambiguous — Autodrome Lago Maggiore - Full Course median 1.59/p90 2.63 vs Autodrome Lago Maggiore - West median 1.78/p90 2.95 (180 samples), abstaining
🧭 divergence: fork at 600 m on course 1226 — 2 left (Autodrome Lago Maggiore - East, Autodrome Lago Maggiore - Full Course)
🧭 divergence: 2 gate(s) for 2 candidates at 3111m, 3125m
🧭 polyline divergence: fork at 600 m on course 365 — 2 left (Autodrome Lago Maggiore - East, Autodrome Lago Maggiore - Full Course)
🧭 polyline divergence: 2 gate(s) for 2 candidates at 3117m, 3114m
🧭 polyline [L1]: 19 candidate(s) dropped on direction — best of them Autodrome Lago Maggiore - Full Course Reverse median 2.00 (alignment -1.00)
🧭 polyline [L1]: ambiguous — Autodrome Lago Maggiore - Full Course median 1.37/p90 2.40 vs Autodrome Lago Maggiore - West median 1.73/p90 2.54 (180 samples), abstaining
🧭 polyline [L1]: 17 candidate(s) dropped on direction — best of them Autodrome Lago Maggiore - Full Course Reverse median 2.14 (alignment -1.00)
🧭 polyline [L1]: ambiguous — Autodrome Lago Maggiore - Full Course median 1.73/p90 3.98 vs Autodrome Lago Maggiore - West median 1.93/p90 133.95 (180 samples), abstaining
🧭 polyline [L1]: 18 candidate(s) dropped on direction — best of them Autodrome Lago Maggiore - Full Course Reverse median 2.20 (alignment -1.00)
🧭 polyline [L1]: ambiguous — Autodrome Lago Maggiore - Full Course median 1.97/p90 3.98 vs Autodrome Lago Maggiore - East median 2.24/p90 3.75 (180 samples), abstaining
🧭 polyline [L1]: 20 candidate(s) dropped on direction — best of them Autodrome Lago Maggiore - East Reverse median 2.13 (alignment -1.00)
🧭 polyline [L1]: 2 layouts share this road (Autodrome Lago Maggiore - East, Autodrome Lago Maggiore - Full Course) — watching for the fork
🧭 polyline [L1]: ambiguous — Autodrome Lago Maggiore - Full Course median 1.98/p90 3.72 vs Autodrome Lago Maggiore - East median 2.13/p90 3.50 (180 samples), abstaining
🛞 compound: family racing from the declaration (RS)
🗣 spoke (tyres, imp 4, cost 2.1s, ledger 2.1/20.4s, 1 line): compoundEstimate(raceStart, racing, high)
🔊 we're on racing rubber
🧭 polyline [L1]: 13 candidate(s) dropped on direction — best of them Autodrome Lago Maggiore - East Reverse median 2.27 (alignment -1.00)
🧭 polyline [L1]: 3 layouts share this road (Autodrome Lago Maggiore - East, Autodrome Lago Maggiore - East End, Autodrome Lago Maggiore - Full Course) — watching for the fork
🧭 polyline [L1]: ambiguous — Autodrome Lago Maggiore - Full Course median 1.90/p90 3.98 vs Autodrome Lago Maggiore - East median 2.19/p90 3.35 (180 samples), abstaining
🧭 polyline [L1]: 13 candidate(s) dropped on direction — best of them Autodrome Lago Maggiore - East End Reverse median 1.96 (alignment -0.91)
🧭 polyline [L1]: ambiguous — Autodrome Lago Maggiore - Full Course median 2.10/p90 4.51 vs Autodrome Lago Maggiore - East median 2.29/p90 4.05 (180 samples), abstaining
🧭 polyline [L1]: 9 candidate(s) dropped on direction — best of them Autodrome Lago Maggiore - East End Reverse median 1.94 (alignment -1.00)
🧭 polyline [L1]: ambiguous — Autodrome Lago Maggiore - Full Course median 2.08/p90 3.44 vs Autodrome Lago Maggiore - East End median 2.22/p90 3.65 (180 samples), abstaining
🧭 polyline [L1]: 8 candidate(s) dropped on direction — best of them Autodrome Lago Maggiore - East End Reverse median 1.94 (alignment -1.00)
🧭 polyline [L1]: ambiguous — Autodrome Lago Maggiore - Full Course median 2.06/p90 3.38 vs Autodrome Lago Maggiore - East End median 2.17/p90 3.54 (180 samples), abstaining
🧭 polyline [L1]: 5 candidate(s) dropped on direction — best of them Autodrome Lago Maggiore - East Reverse median 1.88 (alignment -1.00)
🧭 polyline [L1]: ambiguous — Autodrome Lago Maggiore - Full Course median 1.95/p90 3.89 vs Autodrome Lago Maggiore - East median 2.19/p90 3.67 (180 samples), abstaining
🧭 polyline [L1]: 7 candidate(s) dropped on direction — best of them Autodrome Lago Maggiore - East Reverse median 1.88 (alignment -1.00)
🧭 polyline [L1]: 2 layouts share this road (Autodrome Lago Maggiore - East, Autodrome Lago Maggiore - Full Course) — watching for the fork
🧭 polyline [L1]: ambiguous — Autodrome Lago Maggiore - Full Course median 1.73/p90 3.89 vs Autodrome Lago Maggiore - East median 2.04/p90 3.67 (180 samples), abstaining
🧭 polyline [L1]: 10 candidate(s) dropped on direction — best of them Autodrome Lago Maggiore - Full Course Reverse median 1.86 (alignment -1.00)
🧭 polyline [L1]: ambiguous — Autodrome Lago Maggiore - Full Course median 1.52/p90 2.49 vs Autodrome Lago Maggiore - East median 1.94/p90 3.94 (180 samples), abstaining
🧭 divergence: fork at 3111 m on course 365 — 1 left (Autodrome Lago Maggiore - Full Course)
🧭 divergence: resolved to Autodrome Lago Maggiore - Full Course
🧭 identified: Autodrome Lago Maggiore - Full Course (CRS 365) — finishLine, 480 sample(s), ±13 m
🏁 Autodrome Lago Maggiore - Full Course already announced 279s ago (gates) — not repeated
🗺 stored map loaded on identification (gates): course 365, 1141 pts
📊 pit loss: measured 12.2 s
📊 strategy: track pit loss 12.2 s
🅿️ pit speaking budget 13.2s (entry to box)
🔧 pit approach: entry at station 5500 m of 5702 m (18.3 m off the line), lead 20 s
🛞 compound: racingSoft (medium confidence, C 0.92, margin 0.050, own reference)
🛞 compound prompt: raceStart lap 1, estimate RS
🗣 spoke (tyres, imp 4, cost 2.1s, ledger 2.1/20.4s, 1 line): compoundEstimate(raceStart, RS, medium)
🔊 reads like racing softs
🛞 compound prompt confirmed: RS
🛞 compound: RS confirmed by the driver — anchor
🔵 sub-state FIRST_LAP → FLYING lap 2
📋 lap 1: 1:59.420 first fuel_used=0.00
🔵 lap 1: clean
📊 strategy L2: no fuel model yet
🚪 gate refined: Autodrome Lago Maggiore - Full Course/customRace/finishLine (481 samples, σ 4.25 m, ±13 m, across -9.4…5.4 m)
🛞 wear (test) lap 1 done: FL 12.9 FR 11.5 RL 9.0 RR 8.3 % — RS ×4 (tap)
🗣 spoke (radio, imp 0, cost 2.7s, ledger 2.7/20.4s, 1 line): surveyGate(finishLine, 481)
🔊 finish line refined
🔊 481 crossings
🗣 bulletin (imp 6, cost 5.4s, ledger 8.0/20.4s, 2 lines): L2
🔊 that's lap 2
🔊 last lap 1 59 point four
🛞 compound: stint raceStart lap 1, refinement 1 — C 0.897 over 150 s (1296 samples)
🛞 compound: stint raceStart lap 1, refinement 2 — C 0.917 over 210 s (1829 samples)
📋 lap 2: 1:56.955 clean fuel_used=0.00
🔵 lap 2: clean
📊 strategy L3: no fuel model yet
🚪 gate refined: Autodrome Lago Maggiore - Full Course/customRace/finishLine (482 samples, σ 4.24 m, ±13 m, across -9.4…5.4 m)
🗺 mapper: learned lap 2 (116.955 s, 5715 m, 1143 pts) — installing as session polyline
🗣 spoke (radio, imp 0, cost 4.1s, ledger 4.1/20.4s, 1 line): surveyLap(2, 116955 ms, 1143 pts)
🗣 spoke (radio, imp 0, cost 2.7s, ledger 6.8/20.4s, 1 line): surveyComplete(3 optional missing)
🔊 got a clean lap
🗺 lap 2 (116.955 s) not stored — the stored map's lap is faster (116.316 s)
🛞 wear (test) lap 2 done: FL 26.3 FR 23.7 RL 17.9 RR 16.6 % — RS ×4 (tap)
⏱ class lap kept: Autodrome Lago Maggiore - Full Course/customRace/Gr.3 → 1:56.955 (10/10 laps, 6 car(s), avg 1:57.162)
🔊 1 56 point nine
🗣 bulletin (imp 2, cost 7.7s, ledger 14.4/20.4s, 2 lines): L3
🔊 essentials recorded
🔊 3 optional outstanding
🔊 new fastest lap
🔊 1 56 point nine six
🔊 lap 3 now
🛞 compound: stint raceStart lap 1, refinement 3 — C 0.907 over 270 s (2302 samples)
🛞 compound: stint raceStart lap 1, refinement 4 — C 0.928 over 330 s (2841 samples)
📋 lap 3: 1:56.756 clean fuel_used=0.00
🔵 lap 3: clean
📊 strategy L4: no fuel model yet
🚪 gate refined: Autodrome Lago Maggiore - Full Course/customRace/finishLine (483 samples, σ 4.24 m, ±13 m, across -9.4…5.4 m)
🗺 mapper: learned lap 3 (116.756 s, 5705 m, 1141 pts) — installing as session polyline
🗣 spoke (radio, imp 0, cost 3.7s, ledger 3.7/20.4s, 1 line): surveyLap(3, 116756 ms, 1141 pts)
🔊 map lap recorded
🗺 lap 3 (116.756 s) not stored — the stored map's lap is faster (116.316 s)
🛞 wear (test) lap 3 done: FL 39.8 FR 36.0 RL 26.8 RR 24.9 % — RS ×4 (tap)
⏱ class lap kept: Autodrome Lago Maggiore - Full Course/customRace/Gr.3 → 1:56.756 (10/10 laps, 6 car(s), avg 1:56.989)
🔊 1 56 point eight
🗣 bulletin (imp 2, cost 7.7s, ledger 11.3/20.4s, 2 lines): L4
🔊 best lap so far
🔊 1 56 point eight
🔊 that's lap 4
🛞 compound: stint raceStart lap 1, refinement 5 — C 0.917 over 390 s (3230 samples)
🛞 compound: stint raceStart lap 1, refinement 6 — C 0.938 over 450 s (3765 samples)
📋 lap 4: 1:57.975 clean fuel_used=0.00
🔵 lap 4: clean
📊 strategy L5: no fuel model yet
🚪 gate refined: Autodrome Lago Maggiore - Full Course/customRace/finishLine (484 samples, σ 4.24 m, ±13 m, across -9.4…5.4 m)
🛞 wear (test) lap 4 done: FL 53.3 FR 48.0 RL 35.8 RR 33.1 % — RS ×4 (tap)
🗣 bulletin (imp 6, cost 8.2s, ledger 8.2/20.4s, 2 lines): L5
🔊 on lap 5
🔊 that was a decent lap
🔊 1 point two slower than your best
🛞 compound: stint raceStart lap 1, refinement 7 — C 0.938 over 510 s (4077 samples)
🛞 compound: stint raceStart lap 1, refinement 8 — C 0.938 over 570 s (4588 samples)
📋 lap 5: 1:58.027 clean fuel_used=0.00
🔵 lap 5: clean
📊 strategy L6: no fuel model yet
🚪 gate refined: Autodrome Lago Maggiore - Full Course/customRace/finishLine (485 samples, σ 4.24 m, ±13 m, across -9.4…5.4 m)
🛞 wear (test) lap 5 done: FL 66.5 FR 60.0 RL 44.5 RR 41.3 % — RS ×4 (tap)
🗣 bulletin (imp 6, cost 5.2s, ledger 5.2/20.4s, 2 lines): L6
🔊 last lap
🔊 bring it home
🔊 1 58 point oh
🛞 compound: stint raceStart lap 1, refinement 9 — C 0.938 over 630 s (5068 samples)
🛞 compound: stint raceStart lap 1, refinement 10 — C 0.948 over 690 s (5575 samples)
📋 lap 6: 1:58.193 clean fuel_used=0.00
🔵 lap 6: clean
📊 strategy: finish armed at L7 (lap 7 > 6) — awaiting lap-clock freeze
📊 strategy L7: no fuel model yet
🚪 gate refined: Autodrome Lago Maggiore - Full Course/customRace/finishLine (486 samples, σ 4.23 m, ±13 m, across -9.4…5.4 m)
🛞 compound: stint raceStart lap 1, refinement 11 (final) — C 0.948 over 708 s (5721 samples)
🛞 wear (test) lap 6 done: FL 79.5 FR 72.1 RL 53.2 RR 49.5 % — RS ×4 (tap)
📊 strategy: race finished at L7 — confirmed, lap clock frozen 0.50 s (handover 0.50 s)
💾 race preserved (finished): 8 lap(s), 0 stop(s), start ROLLING_START, P1/2
🗑 flag: pending commentary cancelled
✂️ capture auto-stop in 30s (race finished)
🗣 spoke (radio, imp 0, cost 1.6s, ledger 1.6/20.4s, 1 line): raceFinished(L7)
🔊 that's race over
🔈 speaker=on latched=yes queued=0 wedged=no bg=on (app active)
🔈 speaker=on latched=yes queued=0 wedged=no bg=on (app active)
⏱ speaker: one line has run for over 20 s — stopping it and restarting the pump
🗑 flag: pending commentary cancelled
🔧 session ended after lap 7
🔒 learning paused — not the player driving (demo lap, replay or off track)
🎮 replay handshake armed (off track, race context still valid: pos 1, cars 2)
🔄 new session on the same connection — resetting track-scoped state
🧭 learned pool: 155 gate(s) from 357 stored, 65 pit exit(s)
📊 strategy: reset
⚙️ crew cfg: wpm=140 window=24.0s sat=0.85 cap=20.4s overhead=0.35s speech=on
⚙️ crew cat lapPace: slider=11 eff=11 budget=24 cd=x0.50 lock=20.0->10.0s ttl=10s
📊 pit loss: estimated 17.0 s from the unofficial table (Autodrome Lago Maggiore - Full Course)
📊 strategy: track pit loss 17.0 s
⚙️ crew cat position: slider=11 eff=11 budget=24 cd=x0.50 lock=20.0->10.0s ttl=10s
⚙️ crew cat strategy: slider=11 eff=11 budget=24 cd=x0.50 lock=12.0->6.0s ttl=30s protected
⚙️ crew cat pitSequence: slider=11 eff=11 budget=24 cd=x0.50 lock=10.0->5.0s ttl=12s protected
⚙️ crew cat tyres: slider=11 eff=11 budget=24 cd=x0.50 lock=25.0->12.5s ttl=12s
⚙️ crew cat incidents: slider=3 eff=3 budget=24 cd=x0.50 lock=15.0->7.5s ttl=3s
⚙️ crew cat radio: slider=11 eff=11 budget=24 cd=x0.50 lock=45.0->22.5s ttl=8s
⚙️ crew cat chatter: slider=11 eff=11 budget=24 cd=x0.50 lock=60.0->30.0s ttl=6s
🅿️ no pit speaking budget for this track
🎮 onTrack → replay (pkt 6168058, lap 0, flags 0x0018, pos 1, cars 2, tod 62160000)
⏸ replay — race commentary suspended
🔄 new session on the same connection — resetting track-scoped state
📊 strategy: reset
⚙️ crew cfg: wpm=140 window=24.0s sat=0.85 cap=20.4s overhead=0.35s speech=on
⚙️ crew cat lapPace: slider=11 eff=11 budget=24 cd=x0.50 lock=20.0->10.0s ttl=10s
📊 pit loss: estimated 17.0 s from the unofficial table (Autodrome Lago Maggiore - Full Course)
⚙️ crew cat position: slider=11 eff=11 budget=24 cd=x0.50 lock=20.0->10.0s ttl=10s
⚙️ crew cat strategy: slider=11 eff=11 budget=24 cd=x0.50 lock=12.0->6.0s ttl=30s protected
⚙️ crew cat pitSequence: slider=11 eff=11 budget=24 cd=x0.50 lock=10.0->5.0s ttl=12s protected
⚙️ crew cat tyres: slider=11 eff=11 budget=24 cd=x0.50 lock=25.0->12.5s ttl=12s
⚙️ crew cat incidents: slider=3 eff=3 budget=24 cd=x0.50 lock=15.0->7.5s ttl=3s
⚙️ crew cat radio: slider=11 eff=11 budget=24 cd=x0.50 lock=45.0->22.5s ttl=8s
⚙️ crew cat chatter: slider=11 eff=11 budget=24 cd=x0.50 lock=60.0->30.0s ttl=6s
⏹ stopping the recording — auto-stop: race finished
# --- stopped: 44973 packets
