# EzioClient session log
# file:    20260927_173835 - Autodrome Lago Maggiore - Full Course (365).gt7td
# started: 2026-09-27T15:38:35Z
# track:   Autodrome Lago Maggiore - Full Course (CRS 365)
# context: customRace
# ---
📊 pit loss: estimated 17.0 s from the unofficial table (Autodrome Lago Maggiore - Full Course)
📊 strategy: track pit loss 17.0 s
# car:     Nissan GT-R NISMO GT3 '18 [Gr.3] (id 3450) — confirmed from telemetry
🧭 polyline [MENU]: 35 candidate(s) dropped on direction — best of them Autodrome Lago Maggiore - Full Course Reverse median 2.27 (alignment -1.00)
🧭 polyline [MENU]: Autodrome Lago Maggiore - Full Course fits (median 1.29 m) but on 789 m of road — waiting for 800 m
🧭 polyline [MENU]: 35 candidate(s) dropped on direction — best of them Autodrome Lago Maggiore - Full Course Reverse median 1.94 (alignment -1.00)
🧭 polyline [MENU]: 2 layouts share this road (Autodrome Lago Maggiore - Full Course, Autodrome Lago Maggiore - West) — watching for the fork
🧭 polyline [MENU]: ambiguous — Autodrome Lago Maggiore - Full Course median 1.45/p90 2.32 vs Autodrome Lago Maggiore - West median 1.62/p90 2.50 (60 samples), abstaining
🧭 polyline [MENU]: 28 candidate(s) dropped on direction — best of them Autodrome Lago Maggiore - Full Course Reverse median 2.08 (alignment -1.00)
🧭 polyline [MENU]: ambiguous — Autodrome Lago Maggiore - Full Course median 1.59/p90 2.70 vs Autodrome Lago Maggiore - West median 1.96/p90 3.28 (90 samples), abstaining
🧭 learned (line): Autodrome Lago Maggiore family, 4 layouts (Autodrome Lago Maggiore - Centre, Autodrome Lago Maggiore - East, Autodrome Lago Maggiore - Full Course, Autodrome Lago Maggiore - West) — resolving at the fork
🧭 polyline [MENU]: 24 candidate(s) dropped on direction — best of them Autodrome Lago Maggiore - Full Course Reverse median 1.93 (alignment -1.00)
🧭 polyline [MENU]: ambiguous — Autodrome Lago Maggiore - Full Course median 1.55/p90 2.94 vs Autodrome Lago Maggiore - West median 1.92/p90 3.70 (120 samples), abstaining
🧭 polyline [MENU]: 22 candidate(s) dropped on direction — best of them Autodrome Lago Maggiore - Full Course Reverse median 1.87 (alignment -1.00)
🧭 polyline [MENU]: 5 layouts share this road (Autodrome Lago Maggiore - Centre, Autodrome Lago Maggiore - Centre Reverse, Autodrome Lago Maggiore - East, Autodrome Lago Maggiore - Full Course, Autodrome Lago Maggiore - West) — watching for the fork
🧭 polyline [MENU]: ambiguous — Autodrome Lago Maggiore - Full Course median 1.55/p90 2.89 vs Autodrome Lago Maggiore - West median 1.95/p90 3.23 (150 samples), abstaining
📊 strategy L1: no fuel model yet
🔓 learning resumed — player on track
🛞 compound: car 3450 — reference: RH RM RS
🔄 new session on the same connection — resetting track-scoped state
📊 strategy: reset
📊 pit loss: estimated 17.0 s from the unofficial table (Autodrome Lago Maggiore - Full Course)
⚙️ crew cfg: wpm=140 window=24.0s sat=0.85 cap=20.4s overhead=0.35s speech=on
⚙️ crew cat lapPace: slider=11 eff=11 budget=24 cd=x0.50 lock=20.0->10.0s ttl=10s
⚙️ crew cat position: slider=11 eff=11 budget=24 cd=x0.50 lock=20.0->10.0s ttl=10s
⚙️ crew cat strategy: slider=11 eff=11 budget=24 cd=x0.50 lock=12.0->6.0s ttl=30s protected
⚙️ crew cat pitSequence: slider=11 eff=11 budget=24 cd=x0.50 lock=10.0->5.0s ttl=12s protected
⚙️ crew cat tyres: slider=11 eff=11 budget=24 cd=x0.50 lock=25.0->12.5s ttl=12s
⚙️ crew cat incidents: slider=3 eff=3 budget=24 cd=x0.50 lock=15.0->7.5s ttl=3s
⚙️ crew cat radio: slider=11 eff=11 budget=24 cd=x0.50 lock=45.0->22.5s ttl=8s
⚙️ crew cat chatter: slider=11 eff=11 budget=24 cd=x0.50 lock=60.0->30.0s ttl=6s
🛞 compound: car 3450 — reference: RH RM RS
🎮 menus → onTrack (pkt 5572652, lap 0, flags 0x001D, pos 1, cars 2, tod 62160000)
🧭 polyline [PRE-GREEN]: 26 candidate(s) dropped on direction — best of them Autodrome Lago Maggiore - Full Course Reverse median 1.43 (alignment -1.00)
🧭 polyline [PRE-GREEN]: Autodrome Lago Maggiore - Full Course fits (median 1.15 m) but on 117 m of road — waiting for 800 m
🏁 start type: ROLLING_START at pkt 5573016 lap 1
🔀 state UNKNOWN → RACING at pkt 5573016 lap 1
🔵 sub-state — → FIRST_LAP lap 1
📋 lap 0: — clean fuel_used=0.00
📊 strategy: green flag (speed) at pkt 5573016, race clock running
🗣 spoke (lapPace, imp 0, cost 2.5s, ledger 2.5/20.4s, 1 line): greenFlag
🔊 lights out
📊 strategy L1: no fuel model yet
🧭 learned (line): Autodrome Lago Maggiore family, 4 layouts (Autodrome Lago Maggiore - Centre, Autodrome Lago Maggiore - East, Autodrome Lago Maggiore - Full Course, Autodrome Lago Maggiore - West) — resolving at the fork
🚪 gate refined: Autodrome Lago Maggiore - Full Course/customRace/lap1 (70 samples, σ 0.58 m, ±12 m, across -1.5…1.1 m)
🛞 compound: window opened — raceStart, lap 1
🗣 spoke (radio, imp 0, cost 2.7s, ledger 5.2/20.4s, 1 line): surveyGate(lap1, 70)
🔊 keep it clean
🔊 identification gate refined
🔊 70 crossings
🧭 polyline [L1]: 25 candidate(s) dropped on direction — best of them Autodrome Lago Maggiore - Full Course Reverse median 1.70 (alignment -1.00)
🧭 polyline [L1]: Autodrome Lago Maggiore - Full Course fits (median 1.34 m) but on 328 m of road — waiting for 800 m
🧭 polyline [L1]: 24 candidate(s) dropped on direction — best of them Autodrome Lago Maggiore - Full Course Reverse median 1.76 (alignment -1.00)
🧭 polyline [L1]: Autodrome Lago Maggiore - West fits (median 1.46 m) but on 510 m of road — waiting for 800 m
🧭 polyline [L1]: 19 candidate(s) dropped on direction — best of them Autodrome Lago Maggiore - Full Course Reverse median 1.93 (alignment -0.99)
🧭 polyline [L1]: Autodrome Lago Maggiore - West fits (median 1.53 m) but on 633 m of road — waiting for 800 m
🧭 divergence: fork at 600 m on course 1226 — 2 left (Autodrome Lago Maggiore - East, Autodrome Lago Maggiore - Full Course)
🧭 divergence: 2 gate(s) for 2 candidates at 3111m, 3125m
🧭 polyline [L1]: 20 candidate(s) dropped on direction — best of them Autodrome Lago Maggiore - Full Course Reverse median 2.12 (alignment -0.99)
🧭 polyline [L1]: 4 layouts share this road (Autodrome Lago Maggiore - Centre, Autodrome Lago Maggiore - East, Autodrome Lago Maggiore - Full Course, Autodrome Lago Maggiore - West) — watching for the fork
🧭 polyline [L1]: ambiguous — Autodrome Lago Maggiore - Full Course median 1.77/p90 2.59 vs Autodrome Lago Maggiore - West median 1.85/p90 16.23 (150 samples), abstaining
🧭 polyline [L1]: 18 candidate(s) dropped on direction — best of them Autodrome Lago Maggiore - Full Course Reverse median 2.11 (alignment -0.99)
🧭 polyline [L1]: ambiguous — Autodrome Lago Maggiore - Full Course median 1.84/p90 2.96 vs Autodrome Lago Maggiore - West median 2.14/p90 193.51 (180 samples), abstaining
🧭 polyline [L1]: 17 candidate(s) dropped on direction — best of them Autodrome Lago Maggiore - Full Course Reverse median 2.28 (alignment -0.99)
🧭 polyline [L1]: 3 layouts share this road (Autodrome Lago Maggiore - East, Autodrome Lago Maggiore - Full Course, Autodrome Lago Maggiore - West) — watching for the fork
🧭 polyline [L1]: ambiguous — Autodrome Lago Maggiore - Full Course median 2.01/p90 3.33 vs Autodrome Lago Maggiore - East median 2.05/p90 3.27 (180 samples), abstaining
🧭 polyline [L1]: 18 candidate(s) dropped on direction — best of them Autodrome Lago Maggiore - Full Course Reverse median 2.16 (alignment -0.99)
🧭 polyline [L1]: 3 layouts share this road (Autodrome Lago Maggiore - East, Autodrome Lago Maggiore - East End, Autodrome Lago Maggiore - Full Course) — watching for the fork
🧭 polyline [L1]: ambiguous — Autodrome Lago Maggiore - East median 1.90/p90 2.90 vs Autodrome Lago Maggiore - Full Course median 2.01/p90 3.33 (180 samples), abstaining
🛞 compound: family racing from the declaration (RS)
🗣 spoke (tyres, imp 4, cost 2.1s, ledger 2.1/20.4s, 1 line): compoundEstimate(raceStart, racing, high)
🔊 we're on racing rubber
🧭 polyline [L1]: 13 candidate(s) dropped on direction — best of them Autodrome Lago Maggiore - Full Course Reverse median 2.36 (alignment -1.00)
🧭 polyline [L1]: ambiguous — Autodrome Lago Maggiore - East median 1.96/p90 3.20 vs Autodrome Lago Maggiore - Full Course median 2.06/p90 3.33 (180 samples), abstaining
🧭 polyline [L1]: 12 candidate(s) dropped on direction — best of them Autodrome Lago Maggiore - Full Course Reverse median 2.44 (alignment -1.00)
🧭 polyline [L1]: ambiguous — Autodrome Lago Maggiore - Full Course median 1.91/p90 3.34 vs Autodrome Lago Maggiore - East median 1.95/p90 3.13 (180 samples), abstaining
🧭 polyline [L1]: 7 candidate(s) dropped on direction — best of them Autodrome Lago Maggiore - Full Course Reverse median 2.38 (alignment -1.00)
🧭 polyline [L1]: ambiguous — Autodrome Lago Maggiore - Full Course median 1.95/p90 3.34 vs Autodrome Lago Maggiore - East median 2.02/p90 3.17 (180 samples), abstaining
🧭 polyline [L1]: 5 candidate(s) dropped on direction — best of them Autodrome Lago Maggiore - East Reverse median 2.22 (alignment -1.00)
🧭 polyline [L1]: ambiguous — Autodrome Lago Maggiore - Full Course median 1.86/p90 3.20 vs Autodrome Lago Maggiore - East median 1.92/p90 3.17 (180 samples), abstaining
🧭 polyline [L1]: 5 candidate(s) dropped on direction — best of them Autodrome Lago Maggiore - East Reverse median 2.18 (alignment -1.00)
🧭 polyline [L1]: ambiguous — Autodrome Lago Maggiore - Full Course median 1.76/p90 2.85 vs Autodrome Lago Maggiore - East median 1.81/p90 3.17 (180 samples), abstaining
🧭 polyline [L1]: 9 candidate(s) dropped on direction — best of them Autodrome Lago Maggiore - East Reverse median 2.27 (alignment -1.00)
🧭 polyline [L1]: 2 layouts share this road (Autodrome Lago Maggiore - East, Autodrome Lago Maggiore - Full Course) — watching for the fork
🧭 polyline [L1]: ambiguous — Autodrome Lago Maggiore - East median 1.79/p90 3.17 vs Autodrome Lago Maggiore - Full Course median 1.93/p90 2.93 (180 samples), abstaining
🧭 divergence: fork at 3111 m on course 365 — 1 left (Autodrome Lago Maggiore - Full Course)
🧭 divergence: resolved to Autodrome Lago Maggiore - Full Course
🧭 identified: Autodrome Lago Maggiore - Full Course (CRS 365) — finishLine, 430 sample(s), ±13 m
🏁 announcing track: Autodrome Lago Maggiore - Full Course (CRS 365) from gates
🗣 spoke (radio, imp 2, cost 3.8s, ledger 3.8/20.4s, 1 line): trackIdentified(Autodrome Lago Maggiore - Full Course, CRS 365)
🔊 we're at Autodrome Lago Maggiore
🗺 stored map loaded on identification (gates): course 365, 1141 pts
📊 pit loss: measured 12.2 s
📊 strategy: track pit loss 12.2 s
🅿️ pit speaking budget 13.2s (entry to box)
🔧 pit approach: entry at station 5500 m of 5702 m (18.3 m off the line), lead 20 s
🔊 Full Course
🛞 compound: racingSoft (medium confidence, C 0.71, margin 0.061, own reference)
🛞 compound prompt: raceStart lap 1, estimate RS
🗣 spoke (tyres, imp 4, cost 1.6s, ledger 5.4/20.4s, 1 line): compoundEstimate(raceStart, RS, medium)
🔊 probably racing softs
🛞 compound prompt confirmed: RS
🛞 compound: RS confirmed by the driver — anchor
🔵 sub-state FIRST_LAP → FLYING lap 2
📋 lap 1: 1:59.913 first fuel_used=0.00
🔵 lap 1: clean
📊 strategy L2: no fuel model yet
🚪 gate refined: Autodrome Lago Maggiore - Full Course/customRace/finishLine (431 samples, σ 4.41 m, ±13 m, across -9.4…5.4 m)
🛞 wear (test) lap 1 done: FL 12.5 FR 11.5 RL 8.8 RR 8.2 % — RS ×4 (tap)
🗣 spoke (radio, imp 0, cost 2.7s, ledger 2.7/20.4s, 1 line): surveyGate(finishLine, 431)
🔊 finish line sharpened
🔊 431 samples
🗣 bulletin (imp 6, cost 6.2s, ledger 8.9/20.4s, 2 lines): L2
🔊 on lap 2
🔊 last lap was a 1 59 point nine
🛞 compound: stint raceStart lap 1, refinement 1 — C 0.692 over 150 s (1396 samples)
🛞 compound: stint raceStart lap 1, refinement 2 — C 0.712 over 210 s (2018 samples)
📋 lap 2: 1:58.489 clean fuel_used=0.00
🔵 lap 2: clean
📊 strategy L3: no fuel model yet
🚪 gate refined: Autodrome Lago Maggiore - Full Course/customRace/finishLine (432 samples, σ 4.40 m, ±13 m, across -9.4…5.4 m)
🗺 mapper: learned lap 2 (118.489 s, 5705 m, 1141 pts) — installing as session polyline
🗣 spoke (radio, imp 0, cost 3.7s, ledger 3.7/20.4s, 1 line): surveyLap(2, 118489 ms, 1141 pts)
🗣 spoke (radio, imp 0, cost 3.1s, ledger 6.8/20.4s, 1 line): surveyComplete(3 optional missing)
🔊 clean lap banked
🗺 lap 2 (118.489 s) not stored — the stored map's lap is faster (116.316 s)
🛞 wear (test) lap 2 done: FL 25.7 FR 23.4 RL 17.4 RR 16.2 % — RS ×4 (tap)
⏱ class lap kept: Autodrome Lago Maggiore - Full Course/customRace/Gr.3 → 1:58.489 (7/10 laps, 4 car(s), avg 1:58.372)
🔊 1 58 point five
🗣 bulletin (imp 2, cost 6.8s, ledger 13.6/20.4s, 2 lines): L3
🔊 survey usable
🔊 3 optional still missing
🔊 new fastest lap
🔊 1 58 point five
🔊 lap 3
🛞 compound: stint raceStart lap 1, refinement 3 — C 0.702 over 270 s (2410 samples)
🛞 compound: stint raceStart lap 1, refinement 4 — C 0.723 over 330 s (3053 samples)
📋 lap 3: 1:57.795 clean fuel_used=0.00
🔵 lap 3: clean
📊 strategy L4: no fuel model yet
🚪 gate refined: Autodrome Lago Maggiore - Full Course/customRace/finishLine (433 samples, σ 4.40 m, ±13 m, across -9.4…5.4 m)
🗺 mapper: learned lap 3 (117.795 s, 5710 m, 1142 pts) — installing as session polyline
🗣 spoke (radio, imp 0, cost 3.7s, ledger 3.7/20.4s, 1 line): surveyLap(3, 117795 ms, 1142 pts)
🔊 map lap recorded
🗺 lap 3 (117.795 s) not stored — the stored map's lap is faster (116.316 s)
🛞 wear (test) lap 3 done: FL 39.0 FR 35.4 RL 26.1 RR 24.3 % — RS ×4 (tap)
⏱ class lap kept: Autodrome Lago Maggiore - Full Course/customRace/Gr.3 → 1:57.795 (8/10 laps, 4 car(s), avg 1:58.300)
🔊 1 57 point eight
🗣 bulletin (imp 2, cost 6.0s, ledger 9.7/20.4s, 2 lines): L4
🔊 personal best
🔊 point seven quicker
🔊 lap 4 now
🛞 compound: stint raceStart lap 1, refinement 5 — C 0.723 over 390 s (3438 samples)
🛞 compound: stint raceStart lap 1, refinement 6 — C 0.723 over 450 s (3954 samples)
📋 lap 4: 1:58.291 clean fuel_used=0.00
🔵 lap 4: clean
📊 strategy L5: no fuel model yet
🚪 gate refined: Autodrome Lago Maggiore - Full Course/customRace/finishLine (434 samples, σ 4.40 m, ±13 m, across -9.4…5.4 m)
🛞 wear (test) lap 4 done: FL 52.3 FR 47.3 RL 34.8 RR 32.3 % — RS ×4 (tap)
🗣 bulletin (imp 6, cost 6.2s, ledger 6.2/20.4s, 2 lines): L5
🔊 that's lap 5
🔊 good lap
🔊 1 58 point two nine
🛞 compound: stint raceStart lap 1, refinement 7 — C 0.723 over 510 s (4509 samples)
🛞 compound: stint raceStart lap 1, refinement 8 — C 0.733 over 570 s (5145 samples)
📋 lap 5: 1:58.906 clean fuel_used=0.00
🔵 lap 5: clean
📊 strategy L6: no fuel model yet
🚪 gate refined: Autodrome Lago Maggiore - Full Course/customRace/finishLine (435 samples, σ 4.39 m, ±13 m, across -9.4…5.4 m)
🛞 wear (test) lap 5 done: FL 65.5 FR 59.1 RL 43.5 RR 40.3 % — RS ×4 (tap)
🗣 bulletin (imp 6, cost 6.5s, ledger 6.5/20.4s, 2 lines): L6
🔊 last lap
🔊 that was a good lap
🔊 1 58 point nine
🛞 compound: stint raceStart lap 1, refinement 9 — C 0.733 over 630 s (5483 samples)
🛞 compound: stint raceStart lap 1, refinement 10 — C 0.743 over 690 s (6044 samples)
📋 lap 6: 1:59.341 clean fuel_used=0.00
🔵 lap 6: clean
📊 strategy: finish armed at L7 (lap 7 > 6) — awaiting lap-clock freeze
📊 strategy L7: no fuel model yet
🚪 gate refined: Autodrome Lago Maggiore - Full Course/customRace/finishLine (436 samples, σ 4.39 m, ±13 m, across -9.4…5.4 m)
🛞 compound: stint raceStart lap 1, refinement 11 (final) — C 0.743 over 713 s (6290 samples)
🛞 wear (test) lap 6 done: FL 78.6 FR 70.9 RL 52.1 RR 48.3 % — RS ×4 (tap)
📊 strategy: race finished at L7 — confirmed, lap clock frozen 0.50 s (handover 0.50 s)
💾 race preserved (finished): 7 lap(s), 0 stop(s), start ROLLING_START, P1/2
✂️ capture auto-stop in 30s (race finished)
🗑 flag: pending commentary cancelled
🗣 spoke (radio, imp 0, cost 1.6s, ledger 1.6/20.4s, 1 line): raceFinished(L7)
🔊 that's the flag
⏹ stopping the recording — auto-stop: race finished
# --- stopped: 46426 packets
