# EzioClient session log
# file:    20260927_183740 - Autodrome Lago Maggiore - Full Course (365).gt7td
# started: 2026-09-27T16:37:40Z
# track:   Autodrome Lago Maggiore - Full Course (CRS 365)
# context: customRace
# ---
📊 pit loss: estimated 17.0 s from the unofficial table (Autodrome Lago Maggiore - Full Course)
📊 strategy: track pit loss 17.0 s
📊 strategy: declared 6 lap race
📊 strategy: fuel consumption OFF (0x) — no stops for fuel, refuel rate disregarded
# car:     Hyundai Genesis Gr.3 [Gr.3] (id 2160) — confirmed from telemetry
🔧 off-track surfaces: grass, sand, dirt, snow (course 365)
🧭 polyline [MENU]: 23 candidate(s) dropped on direction — best of them Autodrome Lago Maggiore - West Reverse median 1.72 (alignment -1.00)
🧭 polyline [MENU]: Autodrome Lago Maggiore - Full Course fits (median 1.35 m) but on 543 m of road — waiting for 800 m
📊 strategy L1: no fuel model yet
🔓 learning resumed — player on track
🛞 compound: car 2160 — reference: RH RM RS
🔄 new session on the same connection — resetting track-scoped state
📊 strategy: reset
⚙️ crew cfg: wpm=140 window=24.0s sat=0.85 cap=20.4s overhead=0.35s speech=on
⚙️ crew cat lapPace: slider=11 eff=11 budget=24 cd=x0.50 lock=20.0->10.0s ttl=10s
📊 pit loss: estimated 17.0 s from the unofficial table (Autodrome Lago Maggiore - Full Course)
⚙️ crew cat position: slider=11 eff=11 budget=24 cd=x0.50 lock=20.0->10.0s ttl=10s
⚙️ crew cat strategy: slider=11 eff=11 budget=24 cd=x0.50 lock=12.0->6.0s ttl=30s protected
⚙️ crew cat pitSequence: slider=11 eff=11 budget=24 cd=x0.50 lock=10.0->5.0s ttl=12s protected
⚙️ crew cat tyres: slider=11 eff=11 budget=24 cd=x0.50 lock=25.0->12.5s ttl=12s
⚙️ crew cat incidents: slider=3 eff=3 budget=24 cd=x0.50 lock=15.0->7.5s ttl=3s
⚙️ crew cat radio: slider=11 eff=11 budget=24 cd=x0.50 lock=45.0->22.5s ttl=8s
⚙️ crew cat chatter: slider=11 eff=11 budget=24 cd=x0.50 lock=60.0->30.0s ttl=6s
🛞 compound: car 2160 — reference: RH RM RS
🎮 menus → onTrack (pkt 5783974, lap 0, flags 0x000D, pos 1, cars 2, tod 62160000)
🧭 polyline [PRE-GREEN]: 26 candidate(s) dropped on direction — best of them Autodrome Lago Maggiore - Full Course Reverse median 1.37 (alignment -1.00)
🧭 polyline [PRE-GREEN]: Autodrome Lago Maggiore - Full Course fits (median 1.17 m) but on 117 m of road — waiting for 800 m
🏁 start type: ROLLING_START at pkt 5784339 lap 1
🔀 state UNKNOWN → RACING at pkt 5784339 lap 1
🔵 sub-state — → FIRST_LAP lap 1
📋 lap 0: — clean fuel_used=0.00
📊 strategy: green flag (speed) at pkt 5784339, race clock running
🗣 spoke (lapPace, imp 0, cost 3.4s, ledger 3.4/20.4s, 1 line): greenFlag
🔊 green flag
📊 strategy L1: no fuel model yet
🧭 learned (line): Autodrome Lago Maggiore family, 4 layouts (Autodrome Lago Maggiore - Centre, Autodrome Lago Maggiore - East, Autodrome Lago Maggiore - Full Course, Autodrome Lago Maggiore - West) — resolving at the fork
🚪 gate refined: Autodrome Lago Maggiore - Full Course/customRace/lap1 (74 samples, σ 0.62 m, ±12 m, across -1.5…1.1 m)
🗣 spoke (radio, imp 0, cost 3.1s, ledger 6.4/20.4s, 1 line): surveyGate(lap1, 74)
🛞 compound: window opened — raceStart, lap 1
🔊 mind the first corner
🔊 lap one gate now 74 crossings
🧭 polyline [L1]: 25 candidate(s) dropped on direction — best of them Autodrome Lago Maggiore - Full Course Reverse median 1.73 (alignment -1.00)
🧭 polyline [L1]: Autodrome Lago Maggiore - Full Course fits (median 1.23 m) but on 333 m of road — waiting for 800 m
🧭 polyline [L1]: 24 candidate(s) dropped on direction — best of them Autodrome Lago Maggiore - Full Course Reverse median 1.84 (alignment -1.00)
🧭 polyline [L1]: Autodrome Lago Maggiore - Full Course fits (median 1.44 m) but on 512 m of road — waiting for 800 m
🧭 polyline [L1]: 19 candidate(s) dropped on direction — best of them Autodrome Lago Maggiore - Full Course Reverse median 2.16 (alignment -0.99)
🧭 polyline [L1]: Autodrome Lago Maggiore - Full Course fits (median 1.51 m) but on 636 m of road — waiting for 800 m
🧭 divergence: fork at 600 m on course 1226 — 2 left (Autodrome Lago Maggiore - East, Autodrome Lago Maggiore - Full Course)
🧭 divergence: 2 gate(s) for 2 candidates at 3111m, 3125m
🧭 polyline [L1]: 20 candidate(s) dropped on direction — best of them Autodrome Lago Maggiore - Full Course Reverse median 2.20 (alignment -0.99)
🧭 polyline [L1]: 4 layouts share this road (Autodrome Lago Maggiore - Centre, Autodrome Lago Maggiore - East, Autodrome Lago Maggiore - Full Course, Autodrome Lago Maggiore - West) — watching for the fork
🧭 polyline [L1]: ambiguous — Autodrome Lago Maggiore - Full Course median 1.46/p90 2.42 vs Autodrome Lago Maggiore - West median 1.89/p90 17.97 (150 samples), abstaining
🧭 polyline [L1]: 16 candidate(s) dropped on direction — best of them Autodrome Lago Maggiore - Full Course Reverse median 2.27 (alignment -0.99)
🧭 polyline [L1]: ambiguous — Autodrome Lago Maggiore - Full Course median 1.67/p90 3.55 vs Autodrome Lago Maggiore - East median 2.11/p90 3.26 (180 samples), abstaining
🧭 polyline [L1]: 17 candidate(s) dropped on direction — best of them Autodrome Lago Maggiore - Full Course Reverse median 2.36 (alignment -0.99)
🧭 polyline [L1]: 3 layouts share this road (Autodrome Lago Maggiore - East, Autodrome Lago Maggiore - Full Course, Autodrome Lago Maggiore - West) — watching for the fork
🧭 polyline [L1]: ambiguous — Autodrome Lago Maggiore - East median 1.69/p90 3.15 vs Autodrome Lago Maggiore - Full Course median 1.71/p90 3.55 (180 samples), abstaining
🧭 polyline [L1]: 18 candidate(s) dropped on direction — best of them Autodrome Lago Maggiore - East Reverse median 2.19 (alignment -0.99)
🧭 polyline [L1]: 3 layouts share this road (Autodrome Lago Maggiore - East, Autodrome Lago Maggiore - East End, Autodrome Lago Maggiore - Full Course) — watching for the fork
🧭 polyline [L1]: ambiguous — Autodrome Lago Maggiore - Full Course median 1.63/p90 3.55 vs Autodrome Lago Maggiore - East median 1.64/p90 2.71 (180 samples), abstaining
🛞 compound: family racing from the declaration (RS)
🗣 spoke (tyres, imp 4, cost 2.1s, ledger 2.1/20.4s, 1 line): compoundEstimate(raceStart, racing, high)
🔊 we're on racing rubber
🧭 polyline [L1]: 13 candidate(s) dropped on direction — best of them Autodrome Lago Maggiore - East End Reverse median 2.35 (alignment -0.88)
🧭 polyline [L1]: ambiguous — Autodrome Lago Maggiore - East median 1.65/p90 2.80 vs Autodrome Lago Maggiore - Full Course median 1.69/p90 3.55 (180 samples), abstaining
🧭 polyline [L1]: 12 candidate(s) dropped on direction — best of them Autodrome Lago Maggiore - East End Reverse median 2.35 (alignment -0.93)
🧭 polyline [L1]: ambiguous — Autodrome Lago Maggiore - East median 1.73/p90 2.80 vs Autodrome Lago Maggiore - Full Course median 1.78/p90 3.55 (180 samples), abstaining
🧭 polyline [L1]: 7 candidate(s) dropped on direction — best of them Autodrome Lago Maggiore - East Reverse median 2.26 (alignment -1.00)
🧭 polyline [L1]: ambiguous — Autodrome Lago Maggiore - East median 1.74/p90 2.77 vs Autodrome Lago Maggiore - Full Course median 1.84/p90 3.55 (180 samples), abstaining
🧭 polyline [L1]: 5 candidate(s) dropped on direction — best of them Autodrome Lago Maggiore - East Reverse median 2.05 (alignment -1.00)
🧭 polyline [L1]: ambiguous — Autodrome Lago Maggiore - Full Course median 1.73/p90 2.67 vs Autodrome Lago Maggiore - East median 1.82/p90 2.77 (180 samples), abstaining
🧭 polyline [L1]: 6 candidate(s) dropped on direction — best of them Autodrome Lago Maggiore - East Reverse median 2.04 (alignment -1.00)
🧭 polyline [L1]: ambiguous — Autodrome Lago Maggiore - Full Course median 1.66/p90 2.67 vs Autodrome Lago Maggiore - East median 1.96/p90 2.90 (180 samples), abstaining
🧭 polyline [L1]: 7 candidate(s) dropped on direction — best of them Autodrome Lago Maggiore - East Reverse median 2.11 (alignment -1.00)
🧭 polyline [L1]: 2 layouts share this road (Autodrome Lago Maggiore - East, Autodrome Lago Maggiore - Full Course) — watching for the fork
🧭 polyline [L1]: ambiguous — Autodrome Lago Maggiore - Full Course median 1.66/p90 2.67 vs Autodrome Lago Maggiore - East median 1.86/p90 3.06 (180 samples), abstaining
🧭 divergence: fork at 3111 m on course 365 — 1 left (Autodrome Lago Maggiore - Full Course)
🧭 divergence: resolved to Autodrome Lago Maggiore - Full Course
🧭 identified: Autodrome Lago Maggiore - Full Course (CRS 365) — finishLine, 443 sample(s), ±13 m
🏁 announcing track: Autodrome Lago Maggiore - Full Course (CRS 365) from gates
🗣 spoke (radio, imp 2, cost 3.8s, ledger 3.8/20.4s, 1 line): trackIdentified(Autodrome Lago Maggiore - Full Course, CRS 365)
🔊 we're at Autodrome Lago Maggiore
🗺 stored map loaded on identification (gates): course 365, 1141 pts
📊 pit loss: measured 12.2 s
📊 strategy: track pit loss 12.2 s
🅿️ pit speaking budget 13.2s (entry to box)
🔧 pit approach: entry at station 5500 m of 5702 m (18.3 m off the line), lead 20 s
🔊 Full Course
🛞 compound: racingSoft (medium confidence, C 0.74, margin 0.050, own reference)
🛞 compound prompt: raceStart lap 1, estimate RS
🗣 spoke (tyres, imp 4, cost 1.6s, ledger 5.4/20.4s, 1 line): compoundEstimate(raceStart, RS, medium)
🔊 probably racing softs
🛞 compound prompt confirmed: RS
🛞 compound: RS confirmed by the driver — anchor
🔵 sub-state FIRST_LAP → FLYING lap 2
📋 lap 1: 1:58.546 first fuel_used=0.00
📊 strategy L2: no fuel model yet
🔵 lap 1: clean
🚪 gate refined: Autodrome Lago Maggiore - Full Course/customRace/finishLine (444 samples, σ 4.36 m, ±13 m, across -9.4…5.4 m)
🛞 wear (test) lap 1 done: FL 12.9 FR 11.9 RL 9.0 RR 8.5 % — RS ×4 (tap)
🗣 spoke (radio, imp 0, cost 2.7s, ledger 2.7/20.4s, 1 line): surveyGate(finishLine, 444)
🔊 finish line now 444 crossings
🗣 bulletin (imp 6, cost 5.4s, ledger 8.0/20.4s, 2 lines): L2
🔊 that's lap 2
🔊 last lap 1 58 point five
🛞 compound: stint raceStart lap 1, refinement 1 — C 0.733 over 150 s (1250 samples)
🛞 compound: stint raceStart lap 1, refinement 2 — C 0.753 over 210 s (1850 samples)
📋 lap 2: 1:56.320 clean fuel_used=0.00
🔵 lap 2: clean
📊 strategy L3: no fuel model yet
🚪 gate refined: Autodrome Lago Maggiore - Full Course/customRace/finishLine (445 samples, σ 4.36 m, ±13 m, across -9.4…5.4 m)
🗺 mapper: learned lap 2 (116.320 s, 5710 m, 1142 pts) — installing as session polyline
🗣 spoke (radio, imp 0, cost 3.7s, ledger 3.7/20.4s, 1 line): surveyLap(2, 116320 ms, 1142 pts)
🗣 spoke (radio, imp 0, cost 3.1s, ledger 6.8/20.4s, 1 line): surveyComplete(3 optional missing)
🔊 map lap recorded
🗺 lap 2 (116.320 s) not stored — the stored map's lap is faster (116.316 s)
🛞 wear (test) lap 2 done: FL 26.5 FR 24.3 RL 18.0 RR 16.9 % — RS ×4 (tap)
⏱ class lap kept: Autodrome Lago Maggiore - Full Course/customRace/Gr.3 → 1:56.320 (10/10 laps, 6 car(s), avg 1:58.015)
🔊 1 56 point three
🗣 bulletin (imp 2, cost 4.3s, ledger 11.1/20.4s, 2 lines): L3
🔊 survey usable
🔊 3 optional still missing
🔊 personal best
🔊 lap 3 now
🛞 compound: stint raceStart lap 1, refinement 3 — C 0.753 over 270 s (2226 samples)
🛞 compound: stint raceStart lap 1, refinement 4 — C 0.764 over 330 s (2715 samples)
📋 lap 3: 1:57.659 clean fuel_used=0.00
🔵 lap 3: clean
📊 strategy L4: no fuel model yet
🚪 gate refined: Autodrome Lago Maggiore - Full Course/customRace/finishLine (446 samples, σ 4.36 m, ±13 m, across -9.4…5.4 m)
🛞 wear (test) lap 3 done: FL 39.9 FR 36.3 RL 26.8 RR 25.0 % — RS ×4 (tap)
🗣 bulletin (imp 6, cost 5.4s, ledger 5.4/20.4s, 2 lines): L4
🔊 that's lap 4
🔊 1 57 point six five nine
🛞 compound: stint raceStart lap 1, refinement 5 — C 0.753 over 390 s (3197 samples)
🛞 compound: stint raceStart lap 1, refinement 6 — C 0.764 over 450 s (3815 samples)
📋 lap 4: 1:58.454 clean fuel_used=0.00
🔵 lap 4: clean
📊 strategy L5: no fuel model yet
🚪 gate refined: Autodrome Lago Maggiore - Full Course/customRace/finishLine (447 samples, σ 4.35 m, ±13 m, across -9.4…5.4 m)
🛞 wear (test) lap 4 done: FL 53.3 FR 48.3 RL 35.6 RR 33.1 % — RS ×4 (tap)
🗣 bulletin (imp 6, cost 6.9s, ledger 6.9/20.4s, 2 lines): L5
🔊 lap 5 now
🔊 decent laptime
🔊 2 point one slower than your best
🛞 compound: stint raceStart lap 1, refinement 7 — C 0.753 over 510 s (4211 samples)
🛞 compound: stint raceStart lap 1, refinement 8 — C 0.764 over 570 s (4885 samples)
📋 lap 5: 1:58.741 clean fuel_used=0.00
🔵 lap 5: clean
📊 strategy L6: no fuel model yet
🚪 gate refined: Autodrome Lago Maggiore - Full Course/customRace/finishLine (448 samples, σ 4.35 m, ±13 m, across -9.4…5.4 m)
🗣 spoke (lapPace, imp 4, cost 1.6s, ledger 1.6/20.4s, 1 line): paceDegradation(0.81s/lap over 4)
🔊 pace is slipping
🛞 wear (test) lap 5 done: FL 66.4 FR 60.4 RL 44.3 RR 41.2 % — RS ×4 (tap)
🗣 bulletin (imp 6, cost 5.2s, ledger 6.8/20.4s, 2 lines): L6
🔊 nearly there
🔊 last lap
🔊 laptime 1 58 point seven
🛞 compound: stint raceStart lap 1, refinement 9 — C 0.753 over 630 s (5359 samples)
🛞 compound: stint raceStart lap 1, refinement 10 — C 0.764 over 690 s (6028 samples)
📋 lap 6: 2:00.212 clean fuel_used=0.00
🔵 lap 6: clean
📊 strategy: finish armed at L7 (lap 7 > 6) — awaiting lap-clock freeze
📊 strategy L7: no fuel model yet
🚪 gate refined: Autodrome Lago Maggiore - Full Course/customRace/finishLine (449 samples, σ 4.34 m, ±13 m, across -9.4…5.4 m)
🛞 compound: stint raceStart lap 1, refinement 11 (final) — C 0.764 over 711 s (6185 samples)
🛞 wear (test) lap 6 done: FL 79.5 FR 72.1 RL 52.9 RR 49.2 % — RS ×4 (tap)
📊 strategy: race finished at L7 — confirmed, lap clock frozen 0.50 s (handover 0.50 s)
💾 race preserved (finished): 7 lap(s), 0 stop(s), start ROLLING_START, P1/2
🗑 flag: pending commentary cancelled
✂️ capture auto-stop in 30s (race finished)
🗣 spoke (radio, imp 0, cost 2.1s, ledger 2.1/20.4s, 1 line): raceFinished(L7)
🔊 chequered flag
🔊 well driven
🔈 speaker=on latched=no queued=0 wedged=no bg=on (app active)
🗑 flag: pending commentary cancelled
🔧 session ended after lap 7
🔒 learning paused — not the player driving (demo lap, replay or off track)
🎮 replay handshake armed (off track, race context still valid: pos 1, cars 2)
🔄 new session on the same connection — resetting track-scoped state
🧭 learned pool: 155 gate(s) from 357 stored, 65 pit exit(s)
📊 strategy: reset
⚙️ crew cfg: wpm=140 window=24.0s sat=0.85 cap=20.4s overhead=0.35s speech=on
⚙️ crew cat lapPace: slider=11 eff=11 budget=24 cd=x0.50 lock=20.0->10.0s ttl=10s
⚙️ crew cat position: slider=11 eff=11 budget=24 cd=x0.50 lock=20.0->10.0s ttl=10s
⚙️ crew cat strategy: slider=11 eff=11 budget=24 cd=x0.50 lock=12.0->6.0s ttl=30s protected
📊 pit loss: estimated 17.0 s from the unofficial table (Autodrome Lago Maggiore - Full Course)
⚙️ crew cat pitSequence: slider=11 eff=11 budget=24 cd=x0.50 lock=10.0->5.0s ttl=12s protected
📊 strategy: track pit loss 17.0 s
⚙️ crew cat tyres: slider=11 eff=11 budget=24 cd=x0.50 lock=25.0->12.5s ttl=12s
⚙️ crew cat incidents: slider=3 eff=3 budget=24 cd=x0.50 lock=15.0->7.5s ttl=3s
⚙️ crew cat radio: slider=11 eff=11 budget=24 cd=x0.50 lock=45.0->22.5s ttl=8s
⚙️ crew cat chatter: slider=11 eff=11 budget=24 cd=x0.50 lock=60.0->30.0s ttl=6s
🅿️ no pit speaking budget for this track
🎮 onTrack → replay (pkt 5828300, lap 0, flags 0x0008, pos 1, cars 2, tod 62160000)
⏸ replay — race commentary suspended
🧭 polyline [MENU]: 26 candidate(s) dropped on direction — best of them Autodrome Lago Maggiore - Full Course Reverse median 1.16 (alignment -1.00)
🧭 polyline [MENU]: Autodrome Lago Maggiore - West fits (median 1.25 m) but on 115 m of road — waiting for 800 m
🧭 learned (line): Autodrome Lago Maggiore family, 4 layouts (Autodrome Lago Maggiore - Centre, Autodrome Lago Maggiore - East, Autodrome Lago Maggiore - Full Course, Autodrome Lago Maggiore - West) — resolving at the fork
⏹ stopping the recording — auto-stop: race finished
# --- stopped: 45175 packets
