# EzioClient session log
# file:    20260908_235609 - WeatherTech Raceway Laguna Seca (41).gt7td
# started: 2026-09-08T21:56:09Z
# track:   WeatherTech Raceway Laguna Seca (CRS 41)
# car:     Chevrolet Corvette C7 Gr.3 [gr3]
# context: customRace
# ---
# car:     Chevrolet Corvette C7 Gr.3 (id 2183) — confirmed from telemetry
🧭 polyline [MENU]: 13 candidate(s) dropped on direction — best of them Dragon Trail - Seaside median 35.54 (alignment -0.61)
🧭 polyline [MENU]: no fit yet — best Dragon Trail - Seaside Reverse median 37.02 m (180 samples, pass 10 of 12)
🧭 polyline [MENU]: 10 candidate(s) dropped on direction — best of them Dragon Trail - Seaside median 40.10 (alignment -0.40)
🧭 polyline [MENU]: no fit yet — best Dragon Trail - Seaside Reverse median 41.44 m (180 samples, pass 11 of 12)
🎮 menus → onTrack (pkt 3281525, lap 0, flags 0x0009, pos 20, cars 20, tod 56580000)
🧭 polyline [PRE-GREEN]: 14 candidate(s) dropped on direction — best of them Red Bull Ring median 47.91 (alignment -0.35)
🧭 polyline [PRE-GREEN]: no fit yet — best Dragon Trail - Seaside Reverse median 53.42 m (180 samples, pass 12 of 12)
🏁 start type: ROLLING_START at pkt 3281880 lap 1
🔀 state UNKNOWN → RACING at pkt 3281880 lap 1
🔵 sub-state — → FIRST_LAP lap 1
📋 lap 0: — clean fuel_used=0.09
📊 strategy: green flag, race clock running
🗣 spoke (lapPace, imp 0, cost 1.2s, ledger 1.2/20.4s, 1 line): greenFlag
📊 strategy L1: no fuel model yet
🧭 learned: 2 gates matched, all WeatherTech Raceway Laguna Seca — using the finishLine gate (13 samples)
🧭 identified: WeatherTech Raceway Laguna Seca (CRS 41) — finishLine, 13 sample(s), ±12 m
🚪 gate refined: WeatherTech Raceway Laguna Seca/customRace/lap1 (9 samples, σ 0.40 m, ±12 m, across -0.1…1.0 m)
🗣 spoke (radio, imp 0, cost 3.1s, ledger 4.3/20.4s, 1 line): surveyGate(lap1, 9)
🗣 chain (imp 4, cost 2.5s, ledger 6.8/20.4s, 1 events, 1 lines)
🗣 chain (imp 4, cost 2.1s, ledger 8.9/20.4s, 1 events, 1 lines)
🗣 chain (imp 4, cost 2.1s, ledger 6.6/20.4s, 1 events, 1 lines)
🔵 sub-state FIRST_LAP → FLYING lap 2
📋 lap 1: 1:29.713 first fuel_used=1.82
🔵 lap 1 antics: contact
📊 strategy L2: fuel/lap 1.82, 54.0 laps of fuel, race length unknown — fuel horizon
🚪 gate refined: WeatherTech Raceway Laguna Seca/customRace/finishLine (14 samples, σ 3.22 m, ±12 m, across -4.8…7.7 m)
🎭 mood relaxed → focused
🗣 spoke (radio, imp 0, cost 2.7s, ledger 2.7/20.4s, 1 line): surveyGate(finishLine, 14)
🗣 bulletin (imp 6, cost 5.4s, ledger 8.0/20.4s, 2 lines): L2
🗣 chain (imp 4, cost 1.2s, ledger 1.2/20.4s, 1 events, 1 lines)
🗣 chain (imp 4, cost 2.5s, ledger 2.5/20.4s, 1 events, 1 lines)
📋 lap 2: 1:25.009 clean fuel_used=1.85
🔵 lap 2 antics: contact
📊 laps-left model: elapsed 175.0 s, remaining 125.0 s, median lap 85.0 s -> 2 (no-stop 2, pit loss 32.0 s, rate 20 l/s)
📊 strategy L3: fuel/lap 1.84 | fuel 96.2 = 52.4 laps | 2.0 laps to go | stops 0
🚪 gate refined: WeatherTech Raceway Laguna Seca/customRace/finishLine (15 samples, σ 3.15 m, ±12 m, across -4.8…7.7 m)
🗺 mapper: learned lap 2 (85.009 s, 3555 m, 711 pts) — installing as session polyline
🗣 spoke (radio, imp 0, cost 4.5s, ledger 7.0/20.4s, 1 line): surveyLap(2, 85009 ms, 711 pts)
🗺 session polyline installed from lap 2 (711 pts) — minimap + delta live
⏱ class lap kept: WeatherTech Raceway Laguna Seca/customRace/Gr.3 → 1:25.009 (3/10 laps, 1 car(s), avg 1:24.416)
🗣 spoke (radio, imp 0, cost 4.0s, ledger 11.0/20.4s, 1 line): surveyComplete(3 optional missing)
🗣 bulletin (imp 2, cost 4.3s, ledger 15.3/20.4s, 2 lines): L3
🗣 spoke (strategy, imp 2, cost 3.5s, ledger 16.3/20.4s, 1 line, protected): strategyUpdate(fuel 52.43L, togo 2, stops 0)
📋 lap 3: 1:23.989 clean fuel_used=1.79
🎭 mood focused → relaxed
🔵 lap 3: clean
📊 laps-left model: elapsed 259.0 s, remaining 41.0 s, median lap 84.5 s -> 1 (no-stop 1, pit loss 32.0 s, rate 20 l/s)
📊 strategy L4: fuel/lap 1.82 | fuel 94.5 = 52.0 laps | 1.0 laps to go | stops 0
🚪 gate refined: WeatherTech Raceway Laguna Seca/customRace/finishLine (16 samples, σ 3.13 m, ±12 m, across -4.8…7.7 m)
🗺 mapper: learned lap 3 (83.989 s, 3555 m, 711 pts) — installing as session polyline
🗣 spoke (radio, imp 0, cost 4.1s, ledger 4.1/20.4s, 1 line): surveyLap(3, 83989 ms, 711 pts)
🗺 session polyline installed from lap 3 (711 pts) — minimap + delta live
⏱ class lap kept: WeatherTech Raceway Laguna Seca/customRace/Gr.3 → 1:23.989 (3/10 laps, 1 car(s), avg 1:24.076)
🗣 bulletin (imp 2, cost 7.7s, ledger 11.8/20.4s, 2 lines): L4
📋 lap 4: 1:23.991 clean fuel_used=1.83
🔵 lap 4: clean
📊 strategy: finish armed at L5 (clock 343.1 s of 300) — awaiting lap-clock freeze
📊 laps-left model: elapsed 343.1 s, remaining -43.1 s, median lap 84.0 s -> 0 (expired)
📊 strategy L5: fuel/lap 1.82 | fuel 92.6 = 50.8 laps | 0.0 laps to go | stops 0
🚪 gate refined: WeatherTech Raceway Laguna Seca/customRace/finishLine (17 samples, σ 3.11 m, ±12 m, across -4.8…7.7 m)
📊 strategy: race finished at L5 — confirmed, lap clock frozen 0.50 s (handover 0.50 s)
💾 race preserved (finished): 5 lap(s), 0 stop(s), start ROLLING_START, P1/20
✂️ capture auto-stop in 20s (race finished)
🗑 flag: pending commentary cancelled
🗣 spoke (radio, imp 0, cost 2.5s, ledger 2.5/20.4s, 1 line): raceFinished(L5)
🗑 flag: pending commentary cancelled
🔧 session ended after lap 5
🎮 replay handshake armed (off track, race context still valid: pos 20, cars 20)
🔄 new session on the same connection — resetting track-scoped state
🧭 learned pool: 123 gate(s) from 293 stored
📊 strategy: reset
⚙️ crew cfg: wpm=140 window=24.0s sat=0.85 cap=20.4s overhead=0.35s speech=on
📊 pit loss: estimated 32.0 s from the unofficial table (WeatherTech Raceway Laguna Seca)
⚙️ crew cat lapPace: slider=11 eff=11 budget=24 cd=x0.50 lock=20.0->10.0s ttl=10s
⚙️ crew cat position: slider=11 eff=11 budget=24 cd=x0.50 lock=20.0->10.0s ttl=10s
⚙️ crew cat strategy: slider=11 eff=11 budget=24 cd=x0.50 lock=12.0->6.0s ttl=30s protected
⚙️ crew cat pitSequence: slider=11 eff=11 budget=24 cd=x0.50 lock=10.0->5.0s ttl=12s protected
⚙️ crew cat tyres: slider=11 eff=11 budget=24 cd=x0.50 lock=25.0->12.5s ttl=12s
⚙️ crew cat incidents: slider=3 eff=3 budget=24 cd=x0.50 lock=15.0->7.5s ttl=3s
⚙️ crew cat radio: slider=11 eff=11 budget=24 cd=x0.50 lock=45.0->22.5s ttl=8s
⚙️ crew cat chatter: slider=6 eff=6 budget=14 cd=x1.25 lock=60.0->75.0s ttl=6s
🎮 onTrack → replay (pkt 3302949, lap 0, flags 0x0008, pos 20, cars 20, tod 56580000)
⏸ replay — race commentary suspended
🧭 polyline [MENU]: 17 candidate(s) dropped on direction — best of them High Speed Ring Reverse median 58.65 (alignment -0.56)
🧭 polyline [MENU]: no fit yet — best Brands Hatch Grand Prix Circuit median 24.17 m (30 samples, pass 1 of 12)
🧭 learned: 2 gates matched, all WeatherTech Raceway Laguna Seca — using the finishLine gate (17 samples)
🧭 identified: WeatherTech Raceway Laguna Seca (CRS 41) — finishLine, 17 sample(s), ±12 m
🚪 gate refined: WeatherTech Raceway Laguna Seca/customRace/lap1 (10 samples, σ 0.39 m, ±12 m, across -0.1…1.0 m)
🗣 spoke (radio, imp 0, cost 3.1s, ledger 5.6/20.4s, 1 line): surveyGate(lap1, 10)
🧭 polyline [MENU]: 15 candidate(s) dropped on direction — best of them Circuit de Spa-Francorchamps median 58.64 (alignment -0.79)
🧭 polyline [MENU]: no fit yet — best Brands Hatch Grand Prix Circuit median 24.22 m (60 samples, pass 2 of 12)
⏹ stopping the recording — auto-stop: race finished
# --- stopped: 22946 packets
