# EzioClient session log
# file:    20260908_230318 - WeatherTech Raceway Laguna Seca (41).gt7td
# started: 2026-09-08T21:03:18Z
# track:   WeatherTech Raceway Laguna Seca (CRS 41)
# car:     Chevrolet Corvette C7 Gr.3 [gr3]
# context: customRace
# ---
🚪 gate learned: WeatherTech Raceway Laguna Seca/customRace/lap1 heading 123°
🚪 ✅ flushed 1 parked gate(s) for WeatherTech Raceway Laguna Seca — lap1
📊 pit loss: estimated 32.0 s from the unofficial table (WeatherTech Raceway Laguna Seca)
📊 strategy: track pit loss 32.0 s
# car:     Chevrolet Corvette C7 Gr.3 (id 2183) — confirmed from telemetry
🗣 spoke (radio, imp 0, cost 2.1s, ledger 2.1/20.4s, 1 line): surveyGate(lap1, 1)
🔄 new session on the same connection — resetting track-scoped state
🧭 learned pool: 122 gate(s) from 292 stored
📊 strategy: reset
⚙️ crew cfg: wpm=140 window=24.0s sat=0.85 cap=20.4s overhead=0.35s speech=on
📊 pit loss: estimated 32.0 s from the unofficial table (WeatherTech Raceway Laguna Seca)
⚙️ crew cat lapPace: slider=11 eff=11 budget=24 cd=x0.50 lock=20.0->10.0s ttl=10s
⚙️ crew cat position: slider=11 eff=11 budget=24 cd=x0.50 lock=20.0->10.0s ttl=10s
⚙️ crew cat strategy: slider=11 eff=11 budget=24 cd=x0.50 lock=12.0->6.0s ttl=30s protected
⚙️ crew cat pitSequence: slider=11 eff=11 budget=24 cd=x0.50 lock=10.0->5.0s ttl=12s protected
⚙️ crew cat tyres: slider=11 eff=11 budget=24 cd=x0.50 lock=25.0->12.5s ttl=12s
⚙️ crew cat incidents: slider=3 eff=3 budget=24 cd=x0.50 lock=15.0->7.5s ttl=3s
⚙️ crew cat radio: slider=11 eff=11 budget=24 cd=x0.50 lock=45.0->22.5s ttl=8s
⚙️ crew cat chatter: slider=6 eff=6 budget=14 cd=x1.25 lock=60.0->75.0s ttl=6s
🧭 polyline [MENU]: 10 candidate(s) dropped on direction — best of them Deep Forest Raceway median 23.87 (alignment -0.87)
🧭 polyline [MENU]: no fit yet — best Tsukuba Circuit median 18.45 m (30 samples, pass 1 of 12)
🧭 polyline [MENU]: 10 candidate(s) dropped on direction — best of them Brands Hatch Grand Prix Circuit median 23.44 (alignment -0.68)
🧭 polyline [MENU]: no fit yet — best Tsukuba Circuit median 24.69 m (60 samples, pass 2 of 12)
🧭 polyline [MENU]: 5 candidate(s) dropped on direction — best of them Brands Hatch Grand Prix Circuit median 42.61 (alignment -0.75)
🧭 polyline [MENU]: no fit yet — best Autopolis International Racing Course median 29.75 m (90 samples, pass 3 of 12)
🧭 polyline [MENU]: 10 candidate(s) dropped on direction — best of them Brands Hatch Grand Prix Circuit median 44.83 (alignment -0.77)
🧭 polyline [MENU]: no fit yet — best Autopolis International Racing Course median 46.38 m (120 samples, pass 4 of 12)
🎮 menus → onTrack (pkt 3092482, lap 0, flags 0x0009, pos 20, cars 20, tod 61680000)
🧭 polyline [PRE-GREEN]: 7 candidate(s) dropped on direction — best of them Brands Hatch Grand Prix Circuit median 26.09 (alignment -0.80)
🧭 polyline [PRE-GREEN]: no fit yet — best Kyoto Driving Park - Yamagiwa median 53.50 m (150 samples, pass 5 of 12)
🏁 start type: ROLLING_START at pkt 3092839 lap 1
🔀 state UNKNOWN → RACING at pkt 3092839 lap 1
🔵 sub-state — → FIRST_LAP lap 1
📋 lap 0: — clean fuel_used=0.32
📊 strategy: green flag, race clock running
🗣 spoke (lapPace, imp 0, cost 3.4s, ledger 3.4/20.4s, 1 line): greenFlag
📊 strategy L1: no fuel model yet
🧭 identified: WeatherTech Raceway Laguna Seca (CRS 41) — lap1, 1 sample(s), ±16 m
🚪 gate refined: WeatherTech Raceway Laguna Seca/customRace/lap1 (2 samples, σ 0.09 m, ±16 m, across -0.0…0.0 m)
🗣 spoke (radio, imp 0, cost 3.1s, ledger 6.4/20.4s, 1 line): surveyGate(lap1, 2)
🧭 polyline [L1]: 9 candidate(s) dropped on direction — best of them Brands Hatch Grand Prix Circuit median 25.40 (alignment -0.56)
🧭 polyline [L1]: no fit yet — best Kyoto Driving Park - Yamagiwa median 57.63 m (180 samples, pass 6 of 12)
🧭 polyline [L1]: 13 candidate(s) dropped on direction — best of them Brands Hatch Grand Prix Circuit median 25.63 (alignment -0.48)
🧭 polyline [L1]: no fit yet — best Kyoto Driving Park - Yamagiwa median 59.35 m (180 samples, pass 7 of 12)
🧭 polyline [L1]: 14 candidate(s) dropped on direction — best of them Brands Hatch Grand Prix Circuit median 41.64 (alignment -0.42)
🧭 polyline [L1]: no fit yet — best Kyoto Driving Park - Yamagiwa median 57.84 m (180 samples, pass 8 of 12)
🧭 polyline [L1]: 13 candidate(s) dropped on direction — best of them Dragon Trail - Seaside median 75.07 (alignment -0.65)
🧭 polyline [L1]: no fit yet — best Brands Hatch Grand Prix Circuit median 45.87 m (180 samples, pass 9 of 12)
🧭 polyline [L1]: 2 candidate(s) dropped on direction — best of them Watkins Glen Short Course median 126.74 (alignment -0.43)
🧭 polyline [L1]: no fit yet — best Brands Hatch Grand Prix Circuit median 41.64 m (180 samples, pass 10 of 12)
🧭 polyline [L1]: 5 candidate(s) dropped on direction — best of them Autodrome Lago Maggiore - West Reverse median 95.56 (alignment -0.36)
🧭 polyline [L1]: no fit yet — best Autopolis International Racing Course median 37.45 m (180 samples, pass 11 of 12)
🧭 polyline [L1]: 2 candidate(s) dropped on direction — best of them Watkins Glen Short Course median 60.35 (alignment -0.55)
🧭 polyline [L1]: no fit yet — best Autopolis International Racing Course median 30.25 m (180 samples, pass 12 of 12)
🔵 sub-state FIRST_LAP → FLYING lap 2
📋 lap 1: 1:30.248 first fuel_used=6.72
🔵 lap 1: clean
📊 strategy L2: fuel/lap 6.73, 13.8 laps of fuel, race length unknown — fuel horizon
🚪 gate learned: WeatherTech Raceway Laguna Seca/customRace/finishLine heading 125°
🗣 spoke (radio, imp 0, cost 2.1s, ledger 2.1/20.4s, 1 line): surveyGate(finishLine, 1)
🗣 bulletin (imp 6, cost 4.9s, ledger 7.0/20.4s, 2 lines): L2
🗣 chain (imp 4, cost 2.5s, ledger 9.5/20.4s, 1 events, 1 lines)
🎭 mood relaxed → focused
🗣 chain (imp 4, cost 1.2s, ledger 1.2/20.4s, 1 events, 1 lines)
🗣 chain (imp 4, cost 2.1s, ledger 3.3/20.4s, 1 events, 1 lines)
🎭 mood focused → concerned
🗣 chain (imp 4, cost 1.2s, ledger 3.3/20.4s, 2 events, 1 lines)
📋 lap 2: 1:27.903 clean fuel_used=7.38
🔵 lap 2 antics: contact
📊 laps-left model: elapsed 178.4 s, remaining 3421.6 s, median lap 87.9 s -> 38-39 (no-stop 39, pit loss 32.0 s, rate 15 l/s, tyre-decisive)
📊 strategy L3: fuel/lap 7.05 | fuel 85.6 = 12.1 laps | 39.0 laps to go | stops 2
🚪 gate refined: WeatherTech Raceway Laguna Seca/customRace/finishLine (2 samples, σ 0.57 m, ±16 m, across 0.0…0.4 m)
🗣 spoke (radio, imp 0, cost 2.7s, ledger 5.9/20.4s, 1 line): surveyGate(finishLine, 2)
🗺 mapper: learned lap 2 (87.903 s, 3550 m, 710 pts) — installing as session polyline
🗣 spoke (radio, imp 0, cost 3.7s, ledger 9.6/20.4s, 1 line): surveyLap(2, 87903 ms, 710 pts)
🗺 session polyline installed from lap 2 (710 pts) — minimap + delta live
⏱ class lap BEST: WeatherTech Raceway Laguna Seca/customRace/Gr.3 → 1:27.903 (1/10 laps, 1 car(s), avg 1:27.903)
🗣 spoke (radio, imp 0, cost 3.1s, ledger 12.7/20.4s, 1 line): surveyComplete(3 optional missing)
📋 strategy burst: 3 event(s), releasing best-first — pitWindow(—/L14/L14, stops 2) | pitWindowState(stretch, now L3, —/L14/L14, stops 2, stretch) | pitStopsToGo(2, 39 to go)
🗣 spoke (strategy, imp 2, cost 2.2s, ledger 15.0/20.4s, 1 line, protected): pitWindow(—/L14/L14, stops 2)
🗣 spoke (strategy, imp 4, cost 2.9s, ledger 17.9/20.4s, 1 line, protected): pitWindowState(stretch, now L3, —/L14/L14, stops 2, stretch)
🗣 spoke (strategy, imp 4, cost 2.7s, ledger 20.5/20.4s, 1 line, protected): pitStopsToGo(2, 39 to go)
🗑 dropped (bulletin, ledger full; cost 3.9s, load 20.5/20.4s, 2 lines): L3
🗣 spoke (strategy, imp 2, cost 4.5s, ledger 23.0/20.4s, 1 line, protected): strategyUpdate(fuel 12.13L, togo 38-39/tyres, stops 2)
📋 lap 3: 1:26.802 clean fuel_used=7.25
🎭 mood concerned → focused
🔵 lap 3: clean
📊 laps-left model: elapsed 265.3 s, remaining 3334.7 s, median lap 87.4 s -> 37 (no-stop 39, pit loss 32.0 s, rate 15 l/s)
📊 strategy L4: fuel/lap 7.25 | fuel 78.3 = 10.8 laps | 37.0 laps to go | stops 2
🗣 spoke (position, imp 4, cost 2.2s, ledger 2.2/20.4s, 1 line): positionChange(P12→P8)
🚪 gate refined: WeatherTech Raceway Laguna Seca/customRace/finishLine (3 samples, σ 0.94 m, ±12 m, across 0.0…1.5 m)
🗣 spoke (radio, imp 0, cost 2.7s, ledger 4.9/20.4s, 1 line): surveyGate(finishLine, 3)
🗺 mapper: learned lap 3 (86.802 s, 3575 m, 715 pts) — installing as session polyline
🗣 spoke (radio, imp 0, cost 3.7s, ledger 8.6/20.4s, 1 line): surveyLap(3, 86802 ms, 715 pts)
🗺 session polyline installed from lap 3 (715 pts) — minimap + delta live
⏱ class lap BEST: WeatherTech Raceway Laguna Seca/customRace/Gr.3 → 1:26.802 (2/10 laps, 1 car(s), avg 1:27.352)
📋 strategy burst: 2 event(s), releasing best-first — pitWindow(—/L13/L13, stops 2) | pitWindowState(stretch, now L4, —/L13/L13, stops 2, stretch)
🗣 spoke (strategy, imp 2, cost 4.0s, ledger 12.5/20.4s, 1 line, protected): pitWindow(—/L13/L13, stops 2)
🗣 spoke (strategy, imp 4, cost 2.9s, ledger 15.5/20.4s, 1 line, protected): pitWindowState(stretch, now L4, —/L13/L13, stops 2, stretch)
🗑 dropped (bulletin, ledger full; cost 6.6s, load 15.5/20.4s, 2 lines): L4
🗣 spoke (strategy, imp 2, cost 2.2s, ledger 17.7/20.4s, 1 line, protected): strategyUpdate(fuel 10.80L, togo 37, stops 2)
🗣 chain (imp 4, cost 2.5s, ledger 20.2/20.4s, 1 events, 1 lines)
📋 lap 4: 1:25.294 clean fuel_used=7.15
🔵 lap 4 antics: contact
📊 laps-left model: elapsed 350.7 s, remaining 3249.3 s, median lap 86.8 s -> 37 (no-stop 38, pit loss 32.0 s, rate 15 l/s)
📊 strategy L5: fuel/lap 7.20 | fuel 71.2 = 9.9 laps | 37.0 laps to go | stops 2
📊 strategy L5: stops 2 (flat) → 3 (window) — window wins
🗣 spoke (position, imp 4, cost 3.7s, ledger 3.7/20.4s, 1 line): positionChange(P8→P5)
🚪 gate refined: WeatherTech Raceway Laguna Seca/customRace/finishLine (4 samples, σ 2.02 m, ±12 m, across 0.0…3.7 m)
🗣 spoke (strategy, imp 1, cost 2.7s, ledger 6.4/20.4s, 1 line, protected): stopsPlanChanged(2→3)
🗣 spoke (radio, imp 0, cost 2.7s, ledger 9.0/20.4s, 1 line): surveyGate(finishLine, 4)
🗺 mapper: learned lap 4 (85.294 s, 3565 m, 713 pts) — installing as session polyline
🗣 spoke (radio, imp 0, cost 4.1s, ledger 13.1/20.4s, 1 line): surveyLap(4, 85294 ms, 713 pts)
🗺 session polyline installed from lap 4 (713 pts) — minimap + delta live
⏱ class lap BEST: WeatherTech Raceway Laguna Seca/customRace/Gr.3 → 1:25.294 (3/10 laps, 1 car(s), avg 1:26.666)
📋 strategy burst: 3 event(s), releasing best-first — pitWindow(L5/L11/L13, stops 3) | pitWindowState(openTargetAhead, now L5, L5/L11/L13, stops 3) | pitStopsToGo(3, 37 to go)
🗣 spoke (strategy, imp 2, cost 2.8s, ledger 16.0/20.4s, 1 line, protected): pitWindow(L5/L11/L13, stops 3)
🗣 spoke (strategy, imp 4, cost 3.5s, ledger 19.5/20.4s, 1 line, protected): pitWindowState(openTargetAhead, now L5, L5/L11/L13, stops 3)
🗣 spoke (strategy, imp 4, cost 2.7s, ledger 22.2/20.4s, 1 line, protected): pitStopsToGo(3, 37 to go)
🗑 dropped (bulletin, ledger full; cost 6.6s, load 22.2/20.4s, 2 lines): L5
🗑 speaker: stale, not spoken: "clean lap banked"
🗑 speaker: stale, not spoken: "1 25 point two nine"
🗑 dropped (unchanged; said 85s ago, repeats after 300s): strategyUpdate(fuel 9.88L, togo 37, stops 3)
🗣 chain (imp 6, cost 4.6s, ledger 4.6/20.4s, 1 events, 1 lines)
🗣 chain (imp 4, cost 1.2s, ledger 1.2/20.4s, 1 events, 1 lines)
📋 lap 5: 1:27.700 clean fuel_used=7.05
🔵 lap 5 antics: contact, gained 3
📊 laps-left model: elapsed 438.4 s, remaining 3161.6 s, median lap 87.3 s -> 35 (no-stop 37, pit loss 32.0 s, rate 15 l/s)
📊 strategy L6: fuel/lap 7.15 | fuel 64.1 = 9.0 laps | 35.0 laps to go | stops 2
🗣 spoke (position, imp 4, cost 2.2s, ledger 2.2/20.4s, 1 line): positionChange(P5→P4)
🚪 gate refined: WeatherTech Raceway Laguna Seca/customRace/finishLine (5 samples, σ 3.86 m, ±12 m, across 0.0…7.7 m)
🗣 spoke (radio, imp 0, cost 2.7s, ledger 4.9/20.4s, 1 line): surveyGate(finishLine, 5)
📋 strategy burst: 4 event(s), releasing best-first — pitWindow(—/L13/L13, stops 2) | fuelStatus(extendStint, 8, 35 to go, 8.96 fuel-laps) | pitWindowState(stretch, now L6, —/L13/L13, stops 2, stretch, close) | pitStopsToGo(2, 35 to go)
🗣 spoke (strategy, imp 2, cost 4.0s, ledger 8.9/20.4s, 1 line, protected): pitWindow(—/L13/L13, stops 2)
🗣 spoke (strategy, imp 2, cost 3.8s, ledger 12.6/20.4s, 1 line, protected): fuelStatus(extendStint, 8, 35 to go, 8.96 fuel-laps)
🗣 spoke (strategy, imp 4, cost 2.9s, ledger 15.6/20.4s, 1 line, protected): pitWindowState(stretch, now L6, —/L13/L13, stops 2, stretch, close)
🗑 dropped (burst cap 3): pitStopsToGo(2, 35 to go)
🗣 bulletin (imp 6, cost 4.5s, ledger 20.1/20.4s, 2 lines): L6
🎭 mood focused → concerned
# --- stopped: 27751 packets
