# EzioClient session log
# file:    20260909_000857 - WeatherTech Raceway Laguna Seca (41).gt7td
# started: 2026-09-08T22:08:57Z
# track:   WeatherTech Raceway Laguna Seca (CRS 41)
# car:     Chevrolet Corvette C7 Gr.3 [gr3]
# context: lobby
# ---
# car:     Chevrolet Corvette C7 Gr.3 (id 2183) — confirmed from telemetry
🎮 menus → onTrack (pkt 3329521, lap 0, flags 0x0009, pos 1, cars 1, tod 56580000)
🧭 polyline [PRE-GREEN]: 21 candidate(s) dropped on direction — best of them Circuit de Spa-Francorchamps median 16.26 (alignment -0.64)
🧭 polyline [PRE-GREEN]: no fit yet — best Brands Hatch Grand Prix Circuit median 7.26 m (30 samples, pass 1 of 12)
🧭 polyline [PRE-GREEN]: 22 candidate(s) dropped on direction — best of them Tsukuba Circuit median 46.49 (alignment -0.90)
🧭 polyline [PRE-GREEN]: no fit yet — best Brands Hatch Indy Circuit median 20.78 m (60 samples, pass 2 of 12)
🧭 polyline [PRE-GREEN]: 23 candidate(s) dropped on direction — best of them Michelin Raceway Road Atlanta median 36.93 (alignment -0.90)
🧭 polyline [PRE-GREEN]: no fit yet — best Deep Forest Raceway median 30.69 m (90 samples, pass 3 of 12)
🏁 start type: PIT_START at pkt 3330517 lap 1
🔀 state UNKNOWN → RACING at pkt 3330517 lap 1
🔵 sub-state — → OUT_LAP lap 1
📋 lap 0: — clean fuel_used=0.27
📊 strategy: green flag, race clock running
🗣 spoke (lapPace, imp 0, cost 3.4s, ledger 3.4/20.4s, 1 line): greenFlag
📊 strategy L1: no fuel model yet
🧭 no gate matched at lap 0→1 (new coordinates) — live-learn only; the learner records this crossing if the track is declared
🚪 gate learned: WeatherTech Raceway Laguna Seca/lobby/lap1 heading -92°
🗣 spoke (radio, imp 0, cost 2.1s, ledger 5.4/20.4s, 1 line): surveyGate(lap1, 1)
🧭 polyline [L1]: 14 candidate(s) dropped on direction — best of them Michelin Raceway Road Atlanta median 48.42 (alignment -0.48)
🧭 polyline [L1]: no fit yet — best Deep Forest Raceway median 29.00 m (120 samples, pass 4 of 12)
🧭 polyline [L1]: 5 candidate(s) dropped on direction — best of them Tsukuba Circuit median 64.37 (alignment -0.41)
🧭 polyline [L1]: no fit yet — best Deep Forest Raceway median 29.34 m (150 samples, pass 5 of 12)
🧭 polyline [L1]: 5 candidate(s) dropped on direction — best of them Watkins Glen Short Course median 92.37 (alignment -0.49)
🧭 polyline [L1]: no fit yet — best Autopolis International Racing Course median 34.54 m (180 samples, pass 6 of 12)
🧭 polyline [L1]: 2 candidate(s) dropped on direction — best of them Watkins Glen Short Course median 75.82 (alignment -0.54)
🧭 polyline [L1]: no fit yet — best Tsukuba Circuit median 28.06 m (180 samples, pass 7 of 12)
🧭 polyline [L1]: 6 candidate(s) dropped on direction — best of them Blue Moon Bay Speedway - Infield B median 84.85 (alignment -0.38)
🧭 polyline [L1]: no fit yet — best Autopolis International Racing Course median 32.72 m (180 samples, pass 8 of 12)
🧭 polyline [L1]: 5 candidate(s) dropped on direction — best of them Watkins Glen Short Course median 84.74 (alignment -0.62)
🧭 polyline [L1]: no fit yet — best Autopolis International Racing Course median 31.18 m (180 samples, pass 9 of 12)
🧭 polyline [L1]: 3 candidate(s) dropped on direction — best of them Brands Hatch Grand Prix Circuit median 53.57 (alignment -0.43)
🧭 polyline [L1]: no fit yet — best Autopolis International Racing Course median 32.81 m (180 samples, pass 10 of 12)
🧭 polyline [L1]: 9 candidate(s) dropped on direction — best of them Brands Hatch Grand Prix Circuit median 40.10 (alignment -0.59)
🧭 polyline [L1]: no fit yet — best Autopolis International Racing Course - Short Course median 44.74 m (180 samples, pass 11 of 12)
🧭 polyline [L1]: 15 candidate(s) dropped on direction — best of them Brands Hatch Grand Prix Circuit median 24.68 (alignment -0.83)
🧭 polyline [L1]: no fit yet — best Kyoto Driving Park - Yamagiwa median 67.61 m (180 samples, pass 12 of 12)
🔵 sub-state OUT_LAP → FLYING lap 2
📋 lap 1: 1:14.854 first fuel_used=1.55
🔵 lap 1: clean
📊 strategy L2: fuel/lap 1.55, 63.3 laps of fuel, race length unknown — fuel horizon
🚪 gate learned: WeatherTech Raceway Laguna Seca/lobby/finishLine heading 123°
🗣 spoke (radio, imp 0, cost 2.1s, ledger 2.1/20.4s, 1 line): surveyGate(finishLine, 1)
🗣 bulletin (imp 6, cost 5.4s, ledger 7.4/20.4s, 2 lines): L2
📋 lap 2: 1:28.943 clean fuel_used=1.73
🔵 lap 2: clean
📊 laps-left model: elapsed 163.8 s, remaining 136.2 s, median lap 88.9 s -> 2 (no-stop 2, pit loss 32.0 s, rate 20 l/s)
📊 strategy L3: fuel/lap 1.64 | fuel 96.4 = 58.8 laps | 2.0 laps to go | stops 0
🚪 gate refined: WeatherTech Raceway Laguna Seca/lobby/finishLine (2 samples, σ 1.98 m, ±16 m, across -2.8…0.0 m)
🗣 spoke (radio, imp 0, cost 2.7s, ledger 2.7/20.4s, 1 line): surveyGate(finishLine, 2)
🗺 mapper: learned lap 2 (88.943 s, 3580 m, 716 pts) — installing as session polyline
🗣 spoke (radio, imp 0, cost 4.5s, ledger 7.2/20.4s, 1 line): surveyLap(2, 88943 ms, 716 pts)
🗺 session polyline installed from lap 2 (716 pts) — minimap + delta live
⏱ class lap BEST: WeatherTech Raceway Laguna Seca/lobby/Gr.3 → 1:28.943 (1/10 laps, 1 car(s), avg 1:28.943)
🗣 spoke (radio, imp 0, cost 2.7s, ledger 9.9/20.4s, 1 line): surveyComplete(3 optional missing)
🗣 bulletin (imp 2, cost 4.3s, ledger 14.2/20.4s, 2 lines): L3
🗣 spoke (strategy, imp 2, cost 3.5s, ledger 17.7/20.4s, 1 line, protected): strategyUpdate(fuel 58.76L, togo 2, stops 0)
📋 lap 3: 1:29.032 clean fuel_used=1.74
🔵 lap 3: clean
📊 laps-left model: elapsed 252.8 s, remaining 47.2 s, median lap 89.0 s -> 1 (no-stop 1, pit loss 32.0 s, rate 20 l/s)
📊 strategy L4: fuel/lap 1.73 | fuel 94.7 = 54.7 laps | 1.0 laps to go | stops 0
🚪 gate refined: WeatherTech Raceway Laguna Seca/lobby/finishLine (3 samples, σ 1.76 m, ±12 m, across -2.8…0.0 m)
🗣 spoke (radio, imp 0, cost 2.7s, ledger 2.7/20.4s, 1 line): surveyGate(finishLine, 3)
🗣 bulletin (imp 6, cost 4.6s, ledger 7.3/20.4s, 2 lines): L4
🗣 spoke (tyres, imp 4, cost 2.7s, ledger 2.7/20.4s, 1 line): tyreTemps(high, 85°)
📋 lap 4: 1:27.216 clean fuel_used=1.74
🔵 lap 4: clean
📊 strategy: finish armed at L5 (clock 340.0 s of 300) — awaiting lap-clock freeze
📊 laps-left model: elapsed 340.0 s, remaining -40.0 s, median lap 88.9 s -> 0 (expired)
📊 strategy L5: fuel/lap 1.73 | fuel 93.0 = 53.6 laps | 0.0 laps to go | stops 0
🚪 gate refined: WeatherTech Raceway Laguna Seca/lobby/finishLine (4 samples, σ 1.50 m, ±12 m, across -2.8…0.0 m)
🗣 spoke (radio, imp 0, cost 2.7s, ledger 5.3/20.4s, 1 line): surveyGate(finishLine, 4)
🗺 mapper: learned lap 4 (87.216 s, 3570 m, 714 pts) — installing as session polyline
🗣 spoke (radio, imp 0, cost 4.5s, ledger 9.9/20.4s, 1 line): surveyLap(4, 87216 ms, 714 pts)
🗺 session polyline installed from lap 4 (714 pts) — minimap + delta live
⏱ class lap BEST: WeatherTech Raceway Laguna Seca/lobby/Gr.3 → 1:27.216 (2/10 laps, 1 car(s), avg 1:28.079)
🗣 bulletin (imp 2, cost 6.6s, ledger 16.5/20.4s, 2 lines): L5
📊 strategy: flag WITHHELD at L5 — the clock model says the race ended but the lap clock is still running; staying armed
💾 race preserved (finished): 5 lap(s), 0 stop(s), start PIT_START, P1/1
🗑 flag: pending commentary cancelled
✂️ capture auto-stop in 20s (race finished)
🔧 session ended after lap 5
🗣 spoke (radio, imp 1, cost 1.2s, ledger 17.7/20.4s, 1 line): sessionEnded(L5)
🎮 onTrack → menus (pkt 3351546, lap —, flags 0x0041, pos 1, cars 1, tod 56580000)
🎮 back to the menus — ending the session
🧭 learned pool: 125 gate(s) from 295 stored
📊 strategy: reset
⚙️ crew cfg: wpm=140 window=24.0s sat=0.85 cap=20.4s overhead=0.35s speech=on
📊 pit loss: estimated 32.0 s from the unofficial table (WeatherTech Raceway Laguna Seca)
⚙️ crew cat lapPace: slider=11 eff=11 budget=24 cd=x0.50 lock=20.0->10.0s ttl=10s
⚙️ crew cat position: slider=11 eff=11 budget=24 cd=x0.50 lock=20.0->10.0s ttl=10s
⚙️ crew cat strategy: slider=11 eff=11 budget=24 cd=x0.50 lock=12.0->6.0s ttl=30s protected
⚙️ crew cat pitSequence: slider=11 eff=11 budget=24 cd=x0.50 lock=10.0->5.0s ttl=12s protected
⚙️ crew cat tyres: slider=11 eff=11 budget=24 cd=x0.50 lock=25.0->12.5s ttl=12s
⚙️ crew cat incidents: slider=3 eff=3 budget=24 cd=x0.50 lock=15.0->7.5s ttl=3s
⚙️ crew cat radio: slider=11 eff=11 budget=24 cd=x0.50 lock=45.0->22.5s ttl=8s
⚙️ crew cat chatter: slider=6 eff=6 budget=14 cd=x1.25 lock=60.0->75.0s ttl=6s
⏹ stopping the recording — auto-stop: race finished
# --- stopped: 23407 packets
