# EzioClient session log
# file:    20260918_222055 - Autodromo Nazionale Monza (469).gt7td
# started: 2026-09-18T20:20:55Z
# track:   Autodromo Nazionale Monza (CRS 469)
# car:     Chevrolet Corvette C7 Gr.3 [gr3]
# context: customRace
# ---
# car:     Chevrolet Corvette C7 Gr.3 (id 2183) — confirmed from telemetry
🎮 menus → onTrack (pkt 603290, lap 0, flags 0x0009, pos 20, cars 20, tod 57360000)
🏁 start type: ROLLING_START at pkt 603646 lap 1
🔀 state UNKNOWN → RACING at pkt 603646 lap 1
🔵 sub-state — → FIRST_LAP lap 1
📋 lap 0: — clean fuel_used=0.09
📊 strategy: green flag, race clock running
🗣 spoke (lapPace, imp 0, cost 2.5s, ledger 2.5/20.4s, 1 line): greenFlag
📊 strategy L1: no fuel model yet
🧭 learned: 2 gates matched, all Autodromo Nazionale Monza — using the lap1 gate (12 samples)
🧭 identified: Autodromo Nazionale Monza (CRS 469) — lap1, 12 sample(s), ±12 m
🚪 gate refined: Autodromo Nazionale Monza/customRace/lap1 (13 samples, σ 0.41 m, ±12 m, across -0.9…0.0 m)
🗣 spoke (radio, imp 0, cost 3.1s, ledger 5.6/20.4s, 1 line): surveyGate(lap1, 13)
🗣 chain (imp 4, cost 2.9s, ledger 2.9/20.4s, 1 events, 1 lines)
🗣 chain (imp 4, cost 2.5s, ledger 2.5/20.4s, 1 events, 1 lines)
🔵 sub-state FIRST_LAP → FLYING lap 2
📋 lap 1: 1:54.569 first fuel_used=2.79
🔵 lap 1 antics: contact
📊 strategy L2: fuel/lap 2.79 | fuel 97.1 = 34.7 laps | 5.0 laps to go | stops 0
🚪 gate refined: Autodromo Nazionale Monza/customRace/finishLine (77 samples, σ 4.10 m, ±12 m, across -12.2…7.1 m)
🎭 mood relaxed → focused
🗣 spoke (radio, imp 0, cost 2.7s, ledger 5.2/20.4s, 1 line): surveyGate(finishLine, 77)
🗣 bulletin (imp 6, cost 4.9s, ledger 10.1/20.4s, 2 lines): L2
📋 lap 2: 1:55.526 clean fuel_used=2.88
🎭 mood focused → relaxed
🔵 lap 2: clean
📊 strategy L3: fuel/lap 2.84 | fuel 94.2 = 33.2 laps | 4.0 laps to go | stops 0
🚪 gate refined: Autodromo Nazionale Monza/customRace/finishLine (78 samples, σ 4.16 m, ±12 m, across -12.2…7.4 m)
🗣 spoke (position, imp 4, cost 1.4s, ledger 1.4/20.4s, 1 line): positionChange(P4→P11)
🗺 mapper: learned lap 2 (115.526 s, 5760 m, 1152 pts) — installing as session polyline
🗣 spoke (radio, imp 0, cost 5.1s, ledger 6.5/20.4s, 1 line): surveyLap(2, 115526 ms, 1152 pts)
🗺 session polyline installed from lap 2 (1152 pts) — minimap + delta live
🗣 spoke (radio, imp 0, cost 3.1s, ledger 9.6/20.4s, 1 line): surveyComplete(3 optional missing)
🗣 bulletin (imp 6, cost 6.2s, ledger 15.9/20.4s, 2 lines): L3
🗣 spoke (strategy, imp 2, cost 3.5s, ledger 19.4/20.4s, 1 line, protected): strategyUpdate(fuel 33.19L, togo 4, stops 0)
🎭 mood relaxed → focused
🗣 chain (imp 4, cost 1.6s, ledger 1.6/20.4s, 1 events, 1 lines)
📋 lap 3: 1:54.943 clean fuel_used=2.93
🎭 mood focused → relaxed
🔵 lap 3 antics: off
📊 strategy L4: fuel/lap 2.88 | fuel 91.3 = 31.7 laps | 3.0 laps to go | stops 0
🚪 gate refined: Autodromo Nazionale Monza/customRace/finishLine (79 samples, σ 4.13 m, ±12 m, across -12.2…7.4 m)
🗣 spoke (position, imp 4, cost 3.7s, ledger 3.7/20.4s, 1 line): positionChange(P11→P9)
🗺 mapper: learned lap 3 (114.943 s, 5765 m, 1153 pts) — installing as session polyline
🗣 spoke (radio, imp 0, cost 3.7s, ledger 7.4/20.4s, 1 line): surveyLap(3, 114943 ms, 1153 pts)
🗺 session polyline installed from lap 3 (1153 pts) — minimap + delta live
🗣 bulletin (imp 6, cost 4.9s, ledger 12.3/20.4s, 2 lines): L4
🎭 mood relaxed → focused
🗣 spoke (strategy, imp 2, cost 3.5s, ledger 15.9/20.4s, 1 line, protected): strategyUpdate(fuel 31.67L, togo 3, stops 0)
🗣 chain (imp 4, cost 1.2s, ledger 17.1/20.4s, 1 events, 1 lines)
🗣 chain (imp 6, cost 3.4s, ledger 3.4/20.4s, 1 events, 1 lines)
📋 lap 4: 1:55.856 clean fuel_used=2.93
🎭 mood focused → relaxed
🔵 lap 4 antics: contact, gained 2
📊 strategy L5: fuel/lap 2.91 | fuel 88.4 = 30.4 laps | 2.0 laps to go | stops 0
🚪 gate refined: Autodromo Nazionale Monza/customRace/finishLine (80 samples, σ 4.17 m, ±13 m, across -12.2…7.4 m)
🗣 spoke (position, imp 4, cost 4.4s, ledger 4.4/20.4s, 1 line): positionChange(P9→P6)
🗣 bulletin (imp 6, cost 6.2s, ledger 10.6/20.4s, 2 lines): L5
🗣 spoke (strategy, imp 2, cost 3.5s, ledger 14.1/20.4s, 1 line, protected): strategyUpdate(fuel 30.42L, togo 2, stops 0)
📋 lap 5: 1:54.467 clean fuel_used=2.80
🔵 lap 5: clean
📊 strategy L6: fuel/lap 2.88 | fuel 85.6 = 29.7 laps | 1.0 laps to go | stops 0
🚪 gate refined: Autodromo Nazionale Monza/customRace/finishLine (81 samples, σ 4.15 m, ±12 m, across -12.2…7.4 m)
🗺 mapper: learned lap 5 (114.467 s, 5765 m, 1153 pts) — installing as session polyline
🗣 spoke (radio, imp 0, cost 5.1s, ledger 5.1/20.4s, 1 line): surveyLap(5, 114467 ms, 1153 pts)
🗺 session polyline installed from lap 5 (1153 pts) — minimap + delta live
🗣 bulletin (imp 6, cost 4.8s, ledger 9.9/20.4s, 2 lines): L6
🗣 chain (imp 4, cost 2.5s, ledger 2.5/20.4s, 1 events, 1 lines)
🎭 mood relaxed → focused
🗣 chain (imp 1, cost 3.8s, ledger 3.8/20.4s, 1 events, 1 lines)
🎭 mood focused → concerned
🗣 chain (imp 2, cost 3.8s, ledger 7.6/20.4s, 4 events, 1 lines)
📋 lap 6: 2:03.995 clean fuel_used=2.69
🔵 lap 6 antics: contact, impact, off
📊 strategy: finish armed at L7 (lap 7 > 6) — awaiting lap-clock freeze
📊 strategy L7: fuel/lap 2.84 | fuel 82.9 = 29.2 laps | 0.0 laps to go | stops 0
🚪 gate refined: Autodromo Nazionale Monza/customRace/finishLine (82 samples, σ 4.13 m, ±12 m, across -12.2…7.4 m)
🗣 spoke (lapPace, imp 4, cost 1.6s, ledger 9.2/20.4s, 1 line): paceDegradation(1.65s/lap over 5)
🗣 spoke (position, imp 4, cost 1.4s, ledger 10.6/20.4s, 1 line): positionChange(P6→P11)
📊 strategy: race finished at L7 — confirmed, lap clock frozen 0.50 s (handover 0.00 s)
💾 race preserved (finished): 7 lap(s), 0 stop(s), start ROLLING_START, P11/20
✂️ capture auto-stop in 20s (race finished)
🗑 flag: pending commentary cancelled
🗣 spoke (radio, imp 0, cost 1.6s, ledger 12.2/20.4s, 1 line): raceFinished(L7)
🗑 speaker: 1 queued line(s) preempted by flag
🎭 mood concerned → relaxed
🗑 dropped (race over): tyreTemps(overheating, 103°, frontRight)
🗑 dropped (race over): tyreTemps(inWindow, 75°)
🔧 session ended after lap 7
🗑 flag: pending commentary cancelled
🎮 replay handshake armed (off track, race context still valid: pos 20, cars 20)
🔄 new session on the same connection — resetting track-scoped state
🧭 learned pool: 129 gate(s) from 306 stored
📊 strategy: reset
📊 pit loss: estimated 15.0 s from the unofficial table (Autodromo Nazionale Monza)
⚙️ crew cfg: wpm=140 window=24.0s sat=0.85 cap=20.4s overhead=0.35s speech=on
⚙️ crew cat lapPace: slider=11 eff=11 budget=24 cd=x0.50 lock=20.0->10.0s ttl=10s
⚙️ crew cat position: slider=11 eff=11 budget=24 cd=x0.50 lock=20.0->10.0s ttl=10s
⚙️ crew cat strategy: slider=11 eff=11 budget=24 cd=x0.50 lock=12.0->6.0s ttl=30s protected
⚙️ crew cat pitSequence: slider=11 eff=11 budget=24 cd=x0.50 lock=10.0->5.0s ttl=12s protected
⚙️ crew cat tyres: slider=11 eff=11 budget=24 cd=x0.50 lock=25.0->12.5s ttl=12s
⚙️ crew cat incidents: slider=3 eff=3 budget=24 cd=x0.50 lock=15.0->7.5s ttl=3s
⚙️ crew cat radio: slider=11 eff=11 budget=24 cd=x0.50 lock=45.0->22.5s ttl=8s
⚙️ crew cat chatter: slider=6 eff=6 budget=14 cd=x1.25 lock=60.0->75.0s ttl=6s
🎮 onTrack → replay (pkt 646366, lap 0, flags 0x0008, pos 20, cars 20, tod 57360000)
⏸ replay — race commentary suspended
🧭 polyline [MENU]: 21 candidate(s) dropped on direction — best of them Blue Moon Bay Speedway - Infield A Reverse median 8.61 (alignment -0.69)
🧭 polyline [MENU]: Autodromo Nazionale Monza (CRS 469, map ctx customRace) median 4.82 m, p90 5.26 m, 2% of lap, 30 samples, alignment +1.00 — next course Blue Moon Bay Speedway - Infield A median 7.90/p90 28.58
🧭 polyline agrees with the declared course (CRS 469)
🧭 learned: 2 gates matched, all Autodromo Nazionale Monza — using the lap1 gate (13 samples)
🧭 identified: Autodromo Nazionale Monza (CRS 469) — lap1, 13 sample(s), ±12 m
🚪 gate refined: Autodromo Nazionale Monza/customRace/lap1 (14 samples, σ 0.43 m, ±12 m, across -0.9…0.0 m)
🗣 spoke (radio, imp 0, cost 2.7s, ledger 7.3/20.4s, 1 line): surveyGate(lap1, 14)
⏹ stopping the recording — auto-stop: race finished
# --- stopped: 44390 packets
