# EzioClient session log
# file:    20260919_204339 - Autodromo Nazionale Monza (469).gt7td
# started: 2026-09-19T18:43:39Z
# track:   Autodromo Nazionale Monza (CRS 469)
# car:     Chevrolet Corvette C7 Gr.3 [gr3]
# context: customRace
# ---
# car:     Chevrolet Corvette C7 Gr.3 (id 2183) — confirmed from telemetry
🎮 menus → onTrack (pkt 12886, lap 0, flags 0x0009, pos 20, cars 20, tod 57360000)
🏁 start type: ROLLING_START at pkt 13241 lap 1
🔀 state UNKNOWN → RACING at pkt 13241 lap 1
🔵 sub-state — → FIRST_LAP lap 1
📋 lap 0: — clean fuel_used=0.09
📊 strategy: green flag, race clock running
🗣 spoke (lapPace, imp 0, cost 1.6s, ledger 1.6/20.4s, 1 line): greenFlag
📊 strategy L1: no fuel model yet
🧭 learned: 2 gates matched, all Autodromo Nazionale Monza — using the lap1 gate (14 samples)
🧭 identified: Autodromo Nazionale Monza (CRS 469) — lap1, 14 sample(s), ±12 m
🚪 gate refined: Autodromo Nazionale Monza/customRace/lap1 (15 samples, σ 0.45 m, ±12 m, across -0.9…0.0 m)
🗣 spoke (radio, imp 0, cost 2.7s, ledger 4.3/20.4s, 1 line): surveyGate(lap1, 15)
🔵 sub-state FIRST_LAP → FLYING lap 2
📋 lap 1: 1:52.284 first fuel_used=2.59
🔵 lap 1: clean
📊 strategy L2: fuel/lap 2.59 | fuel 97.3 = 37.6 laps | 5.0 laps to go | stops 0
🚪 gate refined: Autodromo Nazionale Monza/customRace/finishLine (83 samples, σ 4.18 m, ±13 m, across -12.2…7.4 m)
🗣 spoke (radio, imp 0, cost 2.7s, ledger 2.7/20.4s, 1 line): surveyGate(finishLine, 83)
🗣 bulletin (imp 6, cost 5.4s, ledger 8.0/20.4s, 2 lines): L2
🗣 spoke (tyres, imp 4, cost 2.1s, ledger 2.1/20.4s, 1 line): tyreTemps(inWindow, 70°)
📋 lap 2: 1:54.547 clean fuel_used=2.83
🔵 lap 2: clean
📊 strategy L3: fuel/lap 2.71 | fuel 94.5 = 34.9 laps | 4.0 laps to go | stops 0
🚪 gate refined: Autodromo Nazionale Monza/customRace/finishLine (84 samples, σ 4.21 m, ±13 m, across -12.2…7.4 m)
🗺 mapper: learned lap 2 (114.547 s, 5760 m, 1152 pts) — installing as session polyline
🗣 spoke (radio, imp 0, cost 3.7s, ledger 5.8/20.4s, 1 line): surveyLap(2, 114547 ms, 1152 pts)
🗺 session polyline installed from lap 2 (1152 pts) — minimap + delta live
🗣 spoke (radio, imp 0, cost 2.7s, ledger 8.4/20.4s, 1 line): surveyComplete(3 optional missing)
🗣 bulletin (imp 2, cost 4.3s, ledger 12.7/20.4s, 2 lines): L3
🗣 spoke (strategy, imp 2, cost 3.5s, ledger 14.2/20.4s, 1 line, protected): strategyUpdate(fuel 34.86L, togo 4, stops 0)
🗣 spoke (tyres, imp 4, cost 2.1s, ledger 5.6/20.4s, 1 line): tyreTemps(low, 65°)
📋 lap 3: 1:53.908 clean fuel_used=2.82
🔵 lap 3: clean
📊 strategy L4: fuel/lap 2.82 | fuel 91.7 = 32.5 laps | 3.0 laps to go | stops 0
🚪 gate refined: Autodromo Nazionale Monza/customRace/finishLine (85 samples, σ 4.25 m, ±13 m, across -12.2…7.4 m)
🗣 spoke (position, imp 4, cost 2.1s, ledger 2.1/20.4s, 1 line): positionChange(P4→P1)
🗺 mapper: learned lap 3 (113.908 s, 5765 m, 1153 pts) — installing as session polyline
🗣 spoke (radio, imp 0, cost 3.7s, ledger 5.8/20.4s, 1 line): surveyLap(3, 113908 ms, 1153 pts)
🗺 session polyline installed from lap 3 (1153 pts) — minimap + delta live
⏱ class lap kept: Autodromo Nazionale Monza/customRace/Gr.3 → 1:53.908 (4/10 laps, 2 car(s), avg 1:53.042)
🗣 bulletin (imp 2, cost 7.7s, ledger 13.5/20.4s, 2 lines): L4
🗣 spoke (strategy, imp 2, cost 3.5s, ledger 17.0/20.4s, 1 line, protected): strategyUpdate(fuel 32.48L, togo 3, stops 0)
🗣 chain (imp 4, cost 2.9s, ledger 2.9/20.4s, 1 events, 1 lines)
📋 lap 4: 1:51.206 clean fuel_used=2.81
🔵 lap 4 antics: off
📊 strategy L5: fuel/lap 2.81 | fuel 88.9 = 31.6 laps | 2.0 laps to go | stops 0
🚪 gate refined: Autodromo Nazionale Monza/customRace/finishLine (86 samples, σ 4.30 m, ±13 m, across -12.2…7.4 m)
🗺 mapper: learned lap 4 (111.206 s, 5755 m, 1151 pts) — installing as session polyline
🗣 spoke (radio, imp 0, cost 3.7s, ledger 3.7/20.4s, 1 line): surveyLap(4, 111206 ms, 1151 pts)
🗺 session polyline installed from lap 4 (1151 pts) — minimap + delta live
⏱ class lap kept: Autodromo Nazionale Monza/customRace/Gr.3 → 1:51.206 (4/10 laps, 2 car(s), avg 1:52.325)
🗣 bulletin (imp 2, cost 8.1s, ledger 11.8/20.4s, 2 lines): L5
🗣 spoke (strategy, imp 2, cost 3.5s, ledger 15.3/20.4s, 1 line, protected): strategyUpdate(fuel 31.58L, togo 2, stops 0)
🎭 mood relaxed → focused
🗣 chain (imp 2, cost 1.2s, ledger 1.2/20.4s, 2 events, 1 lines)
🎭 mood focused → relaxed
🗣 spoke (tyres, imp 4, cost 4.2s, ledger 4.2/20.4s, 1 line): tyreTemps(high, 87°, frontLeft)
📋 lap 5: 1:56.025 clean fuel_used=2.75
🔵 lap 5 antics: off
📊 strategy L6: fuel/lap 2.81 | fuel 86.1 = 30.7 laps | 1.0 laps to go | stops 0
🚪 gate refined: Autodromo Nazionale Monza/customRace/finishLine (87 samples, σ 4.30 m, ±13 m, across -12.2…7.4 m)
🗣 bulletin (imp 6, cost 8.4s, ledger 12.6/20.4s, 2 lines): L6
📋 lap 6: 1:50.251 clean fuel_used=2.78
🔵 lap 6: clean
📊 strategy: finish armed at L7 (lap 7 > 6) — awaiting lap-clock freeze
📊 strategy L7: fuel/lap 2.79 | fuel 83.3 = 29.8 laps | 0.0 laps to go | stops 0
🚪 gate refined: Autodromo Nazionale Monza/customRace/finishLine (88 samples, σ 4.32 m, ±13 m, across -12.2…7.4 m)
🗺 mapper: learned lap 6 (110.251 s, 5755 m, 1151 pts) — installing as session polyline
🗣 spoke (radio, imp 0, cost 3.7s, ledger 3.7/20.4s, 1 line): surveyLap(6, 110251 ms, 1151 pts)
🗺 session polyline installed from lap 6 (1151 pts) — minimap + delta live
⏱ class lap BEST: Autodromo Nazionale Monza/customRace/Gr.3 → 1:50.251 (4/10 laps, 2 car(s), avg 1:51.410)
📊 strategy: race finished at L7 — confirmed, lap clock frozen 0.50 s (handover 0.45 s)
💾 race preserved (finished): 7 lap(s), 0 stop(s), start ROLLING_START, P1/20
✂️ capture auto-stop in 20s (race finished)
🗑 flag: pending commentary cancelled
🗣 spoke (radio, imp 0, cost 1.2s, ledger 4.9/20.4s, 1 line): raceFinished(L7)
🗑 speaker: 1 queued line(s) preempted by flag
🗑 dropped (race over): tyreTemps(low, 65°)
🔧 session ended after lap 7
🗑 flag: pending commentary cancelled
🎮 replay handshake armed (off track, race context still valid: pos 20, cars 20)
🔄 new session on the same connection — resetting track-scoped state
🧭 learned pool: 129 gate(s) from 306 stored
📊 strategy: reset
📊 pit loss: estimated 15.0 s from the unofficial table (Autodromo Nazionale Monza)
⚙️ crew cfg: wpm=140 window=24.0s sat=0.85 cap=20.4s overhead=0.35s speech=on
⚙️ crew cat lapPace: slider=11 eff=11 budget=24 cd=x0.50 lock=20.0->10.0s ttl=10s
⚙️ crew cat position: slider=11 eff=11 budget=24 cd=x0.50 lock=20.0->10.0s ttl=10s
⚙️ crew cat strategy: slider=11 eff=11 budget=24 cd=x0.50 lock=12.0->6.0s ttl=30s protected
⚙️ crew cat pitSequence: slider=11 eff=11 budget=24 cd=x0.50 lock=10.0->5.0s ttl=12s protected
⚙️ crew cat tyres: slider=11 eff=11 budget=24 cd=x0.50 lock=25.0->12.5s ttl=12s
⚙️ crew cat incidents: slider=3 eff=3 budget=24 cd=x0.50 lock=15.0->7.5s ttl=3s
⚙️ crew cat radio: slider=11 eff=11 budget=24 cd=x0.50 lock=45.0->22.5s ttl=8s
⚙️ crew cat chatter: slider=6 eff=6 budget=14 cd=x1.25 lock=60.0->75.0s ttl=6s
🎮 onTrack → replay (pkt 55112, lap 0, flags 0x0008, pos 20, cars 20, tod 57360000)
⏸ replay — race commentary suspended
⏹ stopping the recording — auto-stop: race finished
# --- stopped: 43166 packets
