# EzioClient session log
# file:    20260919_215022 - Autodromo Nazionale Monza (469).gt7td
# started: 2026-09-19T19:50:22Z
# track:   Autodromo Nazionale Monza (CRS 469)
# car:     Chevrolet Corvette C7 Gr.3 [gr3]
# context: lobby
# ---
📊 strategy: declared 6 min race
# car:     Chevrolet Corvette C7 Gr.3 (id 2183) — confirmed from telemetry
🎮 entered → onTrack (pkt 251263, lap 0, flags 0x0001, pos 14, cars 16, tod 54643636)
🎮 onTrack → entered (pkt 251403, lap 0, flags 0x0041, pos 1, cars 16, tod 54600000)
🎮 entered → onTrack (pkt 252417, lap 0, flags 0x0001, pos 14, cars 16, tod 54617359)
🏁 start type: GRID_START at pkt 253195 lap 0
🔀 state UNKNOWN → RACING at pkt 253195 lap 0
🔵 sub-state — → FIRST_LAP lap 0
📊 strategy: green flag, race clock running
🗣 spoke (lapPace, imp 0, cost 1.2s, ledger 1.2/20.4s, 1 line): greenFlag
📋 lap 0: — clean fuel_used=0.40
📊 strategy L1: no fuel model yet
🧭 learned: 2 gates matched, all Autodromo Nazionale Monza — using the lap1 gate (19 samples)
🧭 identified: Autodromo Nazionale Monza (CRS 469) — lap1, 19 sample(s), ±12 m
🚪 gate learned: Autodromo Nazionale Monza/lobby/lap1 heading -84°
🗣 spoke (radio, imp 0, cost 2.1s, ledger 2.1/20.4s, 1 line): surveyGate(lap1, 1)
🗣 chain (imp 4, cost 2.9s, ledger 2.9/20.4s, 1 events, 1 lines)
🔵 sub-state FIRST_LAP → FLYING lap 2
📋 lap 1: 2:02.752 first fuel_used=2.68
🔵 lap 1 antics: off
📊 strategy L2: fuel/lap 2.68 | fuel 96.9 = 36.1 laps | 5.0 laps to go | stops 0
🚪 gate learned: Autodromo Nazionale Monza/lobby/finishLine heading -88°
🗣 spoke (radio, imp 0, cost 2.1s, ledger 2.1/20.4s, 1 line): surveyGate(finishLine, 1)
🗣 bulletin (imp 6, cost 5.8s, ledger 7.9/20.4s, 2 lines): L2
📋 lap 2: 1:53.265 clean fuel_used=2.83
🔵 lap 2: clean
📊 strategy L3: fuel/lap 2.76 | fuel 94.1 = 34.1 laps | 4.0 laps to go | stops 0
🚪 gate refined: Autodromo Nazionale Monza/lobby/finishLine (2 samples, σ 4.43 m, ±16 m, across -6.2…0.0 m)
🗣 spoke (position, imp 4, cost 1.4s, ledger 1.4/20.4s, 1 line): positionChange(P1→P10)
🗣 spoke (radio, imp 0, cost 2.7s, ledger 4.0/20.4s, 1 line): surveyGate(finishLine, 2)
🗺 mapper: learned lap 2 (113.265 s, 5760 m, 1152 pts) — installing as session polyline
🗣 spoke (radio, imp 0, cost 3.7s, ledger 7.7/20.4s, 1 line): surveyLap(2, 113265 ms, 1152 pts)
🗺 session polyline installed from lap 2 (1152 pts) — minimap + delta live
🗣 spoke (radio, imp 0, cost 3.1s, ledger 10.8/20.4s, 1 line): surveyComplete(3 optional missing)
⏱ class lap BEST: Autodromo Nazionale Monza/lobby/Gr.3 → 1:53.265 (1/10 laps, 1 car(s), avg 1:53.265)
🗣 bulletin (imp 6, cost 4.9s, ledger 15.8/20.4s, 2 lines): L3
🗣 spoke (strategy, imp 2, cost 3.5s, ledger 19.3/20.4s, 1 line, protected): strategyUpdate(fuel 34.14L, togo 4, stops 0)
📋 lap 3: 1:52.985 clean fuel_used=2.85
🔵 lap 3 antics: contact
📊 strategy L4: fuel/lap 2.83 | fuel 91.3 = 32.3 laps | 3.0 laps to go | stops 0
🚪 gate refined: Autodromo Nazionale Monza/lobby/finishLine (3 samples, σ 4.00 m, ±12 m, across -6.2…0.0 m)
🗣 spoke (radio, imp 0, cost 2.7s, ledger 2.7/20.4s, 1 line): surveyGate(finishLine, 3)
🗺 mapper: learned lap 3 (112.985 s, 5760 m, 1152 pts) — installing as session polyline
🗣 spoke (radio, imp 0, cost 4.1s, ledger 6.8/20.4s, 1 line): surveyLap(3, 112985 ms, 1152 pts)
🗺 session polyline installed from lap 3 (1152 pts) — minimap + delta live
⏱ class lap BEST: Autodromo Nazionale Monza/lobby/Gr.3 → 1:52.985 (2/10 laps, 1 car(s), avg 1:53.125)
🗣 chain (imp 4, cost 2.5s, ledger 9.3/20.4s, 1 events, 1 lines)
🗣 bulletin (imp 6, cost 5.4s, ledger 14.6/20.4s, 2 lines): L4
🗑 speaker: stale, not spoken: "be more careful on track"
🗣 spoke (strategy, imp 2, cost 3.5s, ledger 18.2/20.4s, 1 line, protected): strategyUpdate(fuel 32.25L, togo 3, stops 0)
🎭 mood relaxed → focused
🗣 chain (imp 4, cost 2.9s, ledger 2.9/20.4s, 1 events, 1 lines)
🗣 chain (imp 4, cost 1.6s, ledger 4.6/20.4s, 2 events, 1 lines)
📋 lap 4: 1:55.473 clean fuel_used=2.87
🔵 lap 4 antics: off
📊 strategy L5: fuel/lap 2.84 | fuel 88.4 = 31.1 laps | 2.0 laps to go | stops 0
🚪 gate refined: Autodromo Nazionale Monza/lobby/finishLine (4 samples, σ 3.32 m, ±12 m, across -6.2…1.1 m)
🗣 spoke (position, imp 4, cost 1.4s, ledger 1.4/20.4s, 1 line): positionChange(P10→P11)
🗣 spoke (radio, imp 0, cost 2.7s, ledger 4.0/20.4s, 1 line): surveyGate(finishLine, 4)
🗣 bulletin (imp 6, cost 6.2s, ledger 10.3/20.4s, 2 lines): L5
🗣 spoke (strategy, imp 2, cost 3.5s, ledger 13.8/20.4s, 1 line, protected): strategyUpdate(fuel 31.11L, togo 2, stops 0)
🗣 chain (imp 6, cost 2.1s, ledger 2.1/20.4s, 1 events, 1 lines)
🗣 chain (imp 4, cost 1.6s, ledger 1.6/20.4s, 1 events, 1 lines)
📋 lap 5: 1:53.161 clean fuel_used=2.93
🔵 lap 5 antics: off, lost 1
📊 strategy L6: fuel/lap 2.85 | fuel 85.5 = 30.0 laps | 1.0 laps to go | stops 0
🚪 gate refined: Autodromo Nazionale Monza/lobby/finishLine (5 samples, σ 2.88 m, ±12 m, across -6.2…1.1 m)
🗣 spoke (radio, imp 0, cost 2.7s, ledger 2.7/20.4s, 1 line): surveyGate(finishLine, 5)
🗣 bulletin (imp 6, cost 4.8s, ledger 7.4/20.4s, 2 lines): L6
🗣 chain (imp 6, cost 4.2s, ledger 11.6/20.4s, 1 events, 1 lines)
🗣 chain (imp 6, cost 4.6s, ledger 4.6/20.4s, 1 events, 1 lines)
🗣 chain (imp 4, cost 2.5s, ledger 2.5/20.4s, 1 events, 1 lines)
📋 lap 6: 1:54.102 clean fuel_used=2.79
🔵 lap 6 antics: contact
📊 strategy: finish armed at L7 (lap 7 > 6) — awaiting lap-clock freeze
📊 strategy L7: fuel/lap 2.84 | fuel 82.7 = 29.1 laps | 0.0 laps to go | stops 0
🚪 gate refined: Autodromo Nazionale Monza/lobby/finishLine (6 samples, σ 2.82 m, ±12 m, across -6.2…2.8 m)
🗣 spoke (position, imp 4, cost 3.3s, ledger 5.8/20.4s, 1 line): positionChange(P11→P9)
🗣 spoke (radio, imp 0, cost 2.7s, ledger 8.4/20.4s, 1 line): surveyGate(finishLine, 6)
📊 strategy: race finished at L7 — confirmed, lap clock frozen 0.50 s (handover 0.45 s)
💾 race preserved (finished): 7 lap(s), 0 stop(s), start GRID_START, P9/15
✂️ capture auto-stop in 20s (race finished)
🗑 flag: pending commentary cancelled
🗣 spoke (radio, imp 0, cost 2.1s, ledger 10.5/20.4s, 1 line): raceFinished(L7)
🗑 speaker: 2 queued line(s) preempted by flag
⏹ stopping the recording — auto-stop: race finished
# --- stopped: 45841 packets
