# EzioClient session log
# file:    20260919_221014 - Autodromo Nazionale Monza (469).gt7td
# started: 2026-09-19T20:10:14Z
# track:   Autodromo Nazionale Monza (CRS 469)
# car:     Chevrolet Corvette C7 Gr.3 [gr3]
# context: lobby
# ---
# car:     Chevrolet Corvette C7 Gr.3 (id 2183) — confirmed from telemetry
🎮 menus → entered (pkt 320728, lap 0, flags 0x0041, pos 7, cars 7, tod 54604601)
🅿️ parked in the box before the start — this looks like a lobby
🎮 entered → onTrack (pkt 323118, lap 0, flags 0x0001, pos 7, cars 16, tod 54644910)
🎮 onTrack → entered (pkt 323261, lap 0, flags 0x0041, pos 1, cars 16, tod 54600000)
🎮 entered → onTrack (pkt 324272, lap 0, flags 0x0001, pos 7, cars 16, tod 54617347)
🏁 start type: GRID_START at pkt 325023 lap 0
🔀 state UNKNOWN → RACING at pkt 325023 lap 0
🔵 sub-state — → FIRST_LAP lap 0
📊 strategy: green flag, race clock running
🗣 spoke (lapPace, imp 0, cost 2.1s, ledger 2.1/20.4s, 1 line): greenFlag
🧭 polyline [PRE-GREEN]: buffer spans only 48.6 m over 30 samples — not scoring
🧭 polyline [PRE-GREEN]: 13 candidate(s) dropped on direction — best of them Mount Panorama Motor Racing Circuit median 121.44 (alignment -0.91)
🧭 polyline [PRE-GREEN]: Autodromo Nazionale Monza (CRS 469, map ctx customRace) median 3.94 m, p90 8.55 m, 2% of lap, 60 samples, alignment +1.00 — next course Circuit de Spa-Francorchamps median 89.90/p90 102.43
🧭 polyline agrees with the declared course (CRS 469)
📋 lap 0: — clean fuel_used=0.37
📊 strategy L1: no fuel model yet
🧭 learned: 3 gates matched, all Autodromo Nazionale Monza — using the lap1 gate (19 samples)
🧭 identified: Autodromo Nazionale Monza (CRS 469) — lap1, 19 sample(s), ±12 m
🚪 gate refined: Autodromo Nazionale Monza/lobby/lap1 (2 samples, σ 1.29 m, ±16 m, across 0.0…1.7 m)
🗣 spoke (radio, imp 0, cost 3.1s, ledger 3.1/20.4s, 1 line): surveyGate(lap1, 2)
🗣 chain (imp 4, cost 2.5s, ledger 2.5/20.4s, 1 events, 1 lines)
🗣 chain (imp 4, cost 2.1s, ledger 2.1/20.4s, 1 events, 1 lines)
🔵 sub-state FIRST_LAP → FLYING lap 2
📋 lap 1: 2:02.685 first fuel_used=2.62
🔵 lap 1 antics: contact
📊 strategy L2: fuel/lap 2.62 | fuel 97.0 = 37.1 laps | 5.0 laps to go | stops 0
🚪 gate refined: Autodromo Nazionale Monza/lobby/finishLine (7 samples, σ 2.62 m, ±12 m, across -6.2…2.8 m)
🎭 mood relaxed → focused
🗣 spoke (radio, imp 0, cost 2.7s, ledger 4.7/20.4s, 1 line): surveyGate(finishLine, 7)
🗣 bulletin (imp 6, cost 6.2s, ledger 11.0/20.4s, 2 lines): L2
🎭 mood focused → concerned
🗣 chain (imp 2, cost 3.4s, ledger 9.6/20.4s, 4 events, 1 lines)
🎭 mood concerned → focused
🗣 chain (imp 6, cost 3.4s, ledger 3.4/20.4s, 1 events, 1 lines)
🎭 mood focused → concerned
🗣 chain (imp 4, cost 2.9s, ledger 6.3/20.4s, 1 events, 1 lines)
🗣 chain (imp 2, cost 2.9s, ledger 2.9/20.4s, 4 events, 1 lines)
📋 lap 2: 2:05.905 clean fuel_used=2.83
🔵 lap 2 antics: contact, off
📊 strategy L3: fuel/lap 2.72 | fuel 94.2 = 34.6 laps | 4.0 laps to go | stops 0
🚪 gate refined: Autodromo Nazionale Monza/lobby/finishLine (8 samples, σ 2.43 m, ±12 m, across -6.2…2.8 m)
🗣 spoke (radio, imp 0, cost 2.7s, ledger 2.7/20.4s, 1 line): surveyGate(finishLine, 8)
🗺 mapper: learned lap 2 (125.905 s, 5775 m, 1155 pts) — installing as session polyline
🗣 spoke (radio, imp 0, cost 4.1s, ledger 6.8/20.4s, 1 line): surveyLap(2, 125905 ms, 1155 pts)
🗺 session polyline installed from lap 2 (1155 pts) — minimap + delta live
🗣 spoke (radio, imp 0, cost 2.7s, ledger 9.5/20.4s, 1 line): surveyComplete(3 optional missing)
⏱ class lap kept: Autodromo Nazionale Monza/lobby/Gr.3 → 2:05.905 (3/10 laps, 1 car(s), avg 1:57.385)
🗣 bulletin (imp 2, cost 4.3s, ledger 13.8/20.4s, 2 lines): L3
🗣 spoke (radio, imp 10, cost 2.2s, ledger 16.0/20.4s, 1 line): radioCheck(P16, fuel 94%)
🗑 speaker: stale, not spoken: "radio check"
🗑 speaker: stale, not spoken: "P 16"
🗣 spoke (strategy, imp 2, cost 3.5s, ledger 19.5/20.4s, 1 line, protected): strategyUpdate(fuel 34.59L, togo 4, stops 0)
📋 lap 3: 1:54.310 clean fuel_used=2.76
🎭 mood concerned → focused
🔵 lap 3: clean
📊 strategy L4: fuel/lap 2.76 | fuel 91.4 = 33.1 laps | 3.0 laps to go | stops 0
🚪 gate refined: Autodromo Nazionale Monza/lobby/finishLine (9 samples, σ 2.29 m, ±12 m, across -6.2…2.8 m)
🗣 spoke (position, imp 4, cost 3.5s, ledger 3.5/20.4s, 1 line): positionChange(P16→P15)
🗣 spoke (radio, imp 0, cost 2.7s, ledger 6.2/20.4s, 1 line): surveyGate(finishLine, 9)
🗺 mapper: learned lap 3 (114.310 s, 5765 m, 1153 pts) — installing as session polyline
🗣 spoke (radio, imp 0, cost 3.7s, ledger 9.9/20.4s, 1 line): surveyLap(3, 114310 ms, 1153 pts)
🗺 session polyline installed from lap 3 (1153 pts) — minimap + delta live
⏱ class lap kept: Autodromo Nazionale Monza/lobby/Gr.3 → 1:54.310 (3/10 laps, 1 car(s), avg 1:53.520)
🗣 bulletin (imp 2, cost 6.6s, ledger 16.5/20.4s, 2 lines): L4
🗣 spoke (radio, imp 10, cost 2.5s, ledger 19.0/20.4s, 1 line): radioCheck(P15, fuel 91%)
🗑 speaker: stale, not spoken: "all quiet on the wall"
🗣 spoke (strategy, imp 2, cost 3.5s, ledger 22.5/20.4s, 1 line, protected): strategyUpdate(fuel 33.09L, togo 3, stops 0)
📋 lap 4: 1:53.879 clean fuel_used=2.87
🎭 mood focused → relaxed
🔵 lap 4: clean
📊 strategy L5: fuel/lap 2.80 | fuel 88.6 = 31.7 laps | 2.0 laps to go | stops 0
🚪 gate refined: Autodromo Nazionale Monza/lobby/finishLine (10 samples, σ 2.16 m, ±12 m, across -6.2…2.8 m)
🗣 spoke (radio, imp 0, cost 2.7s, ledger 2.7/20.4s, 1 line): surveyGate(finishLine, 10)
🗺 mapper: learned lap 4 (113.879 s, 5760 m, 1152 pts) — installing as session polyline
🗣 spoke (radio, imp 0, cost 4.1s, ledger 6.8/20.4s, 1 line): surveyLap(4, 113879 ms, 1152 pts)
🗺 session polyline installed from lap 4 (1152 pts) — minimap + delta live
⏱ class lap kept: Autodromo Nazionale Monza/lobby/Gr.3 → 1:53.879 (3/10 laps, 1 car(s), avg 1:53.376)
🗣 bulletin (imp 2, cost 7.2s, ledger 14.0/20.4s, 2 lines): L5
🗣 spoke (strategy, imp 2, cost 3.5s, ledger 17.5/20.4s, 1 line, protected): strategyUpdate(fuel 31.67L, togo 2, stops 0)
📋 lap 5: 1:52.620 clean fuel_used=2.81
🔵 lap 5: clean
📊 strategy L6: fuel/lap 2.81 | fuel 85.8 = 30.5 laps | 1.0 laps to go | stops 0
🚪 gate refined: Autodromo Nazionale Monza/lobby/finishLine (11 samples, σ 2.09 m, ±12 m, across -6.2…2.8 m)
🗣 spoke (position, imp 4, cost 3.7s, ledger 3.7/20.4s, 1 line): positionChange(P15→P14)
🗺 mapper: learned lap 5 (112.620 s, 5755 m, 1151 pts) — installing as session polyline
🗣 spoke (radio, imp 0, cost 4.1s, ledger 7.8/20.4s, 1 line): surveyLap(5, 112620 ms, 1151 pts)
🗺 session polyline installed from lap 5 (1151 pts) — minimap + delta live
⏱ class lap BEST: Autodromo Nazionale Monza/lobby/Gr.3 → 1:52.620 (3/10 laps, 1 car(s), avg 1:52.956)
🗣 bulletin (imp 2, cost 8.2s, ledger 16.0/20.4s, 2 lines): L6
🗣 chain (imp 4, cost 2.9s, ledger 2.9/20.4s, 1 events, 1 lines)
📋 lap 6: 1:53.460 clean fuel_used=2.83
🔵 lap 6 antics: off, gained 1
📊 strategy: finish armed at L7 (lap 7 > 6) — awaiting lap-clock freeze
📊 strategy L7: fuel/lap 2.82 | fuel 82.9 = 29.4 laps | 0.0 laps to go | stops 0
🚪 gate refined: Autodromo Nazionale Monza/lobby/finishLine (12 samples, σ 2.88 m, ±12 m, across -6.2…7.2 m)
🗣 spoke (position, imp 4, cost 2.2s, ledger 2.2/20.4s, 1 line): positionChange(P14→P13)
📊 strategy: race finished at L7 — confirmed, lap clock frozen 0.50 s (handover 0.45 s)
💾 race preserved (finished): 7 lap(s), 0 stop(s), start GRID_START, P13/15
✂️ capture auto-stop in 30s (race finished)
🗑 flag: pending commentary cancelled
🗣 spoke (radio, imp 0, cost 1.6s, ledger 3.9/20.4s, 1 line): raceFinished(L7)
🔄 new session on the same connection — resetting track-scoped state
🧭 learned pool: 132 gate(s) from 309 stored
📊 strategy: reset
📊 pit loss: estimated 15.0 s from the unofficial table (Autodromo Nazionale Monza)
🔧 session restart: lap-scoped state reset
⚙️ crew cfg: wpm=140 window=24.0s sat=0.85 cap=20.4s overhead=0.35s speech=on
⚙️ crew cat lapPace: slider=11 eff=11 budget=24 cd=x0.50 lock=20.0->10.0s ttl=10s
⚙️ crew cat position: slider=11 eff=11 budget=24 cd=x0.50 lock=20.0->10.0s ttl=10s
⚙️ crew cat strategy: slider=11 eff=11 budget=24 cd=x0.50 lock=12.0->6.0s ttl=30s protected
⚙️ crew cat pitSequence: slider=11 eff=11 budget=24 cd=x0.50 lock=10.0->5.0s ttl=12s protected
⚙️ crew cat tyres: slider=11 eff=11 budget=24 cd=x0.50 lock=25.0->12.5s ttl=12s
⚙️ crew cat incidents: slider=3 eff=3 budget=24 cd=x0.50 lock=15.0->7.5s ttl=3s
⚙️ crew cat radio: slider=11 eff=11 budget=24 cd=x0.50 lock=45.0->22.5s ttl=8s
⚙️ crew cat chatter: slider=6 eff=6 budget=14 cd=x1.25 lock=60.0->75.0s ttl=6s
🎮 onTrack → entered (pkt 369949, lap 0, flags 0x0041, pos 1, cars 15, tod 55260000)
⏹ stopping the recording — auto-stop: race finished
# --- stopped: 47712 packets
