# EzioClient session log
# file:    20260922_231729 - Deep Forest Raceway (51).gt7td
# started: 2026-09-22T21:17:29Z
# track:   Deep Forest Raceway (CRS 51)
# context: customRace
# ---
# car:     Hyundai Genesis Gr.3 [Gr.3] (id 2160) — confirmed from telemetry
🧭 learned: 3 layouts tied (Circuit de Barcelona-Catalunya GP Layout, Circuit de Sainte-Croix - C, Deep Forest Raceway) — resolving by divergence
🚪 gate refined: Deep Forest Raceway/customRace/lap1 (177 samples, σ 0.76 m, ±12 m, across -2.3…1.1 m)
🗣 spoke (radio, imp 0, cost 2.7s, ledger 2.7/20.4s, 1 line): surveyGate(lap1, 177)
🧭 divergence: fork at 10 m on course 51 — 1 left (Deep Forest Raceway)
🧭 divergence: resolved to Deep Forest Raceway
🧭 identified: Deep Forest Raceway (CRS 51) — finishLine, 4389 sample(s), ±12 m
📊 strategy L1: no fuel model yet
📋 lap 1: — clean fuel_used=0.00
📊 strategy: reset
🎮 menus → onTrack (pkt 85990, lap 0, flags 0x0009, pos 1, cars 2, tod 61620000)
🏁 start type: ROLLING_START at pkt 86350 lap 1
🔀 state UNKNOWN → RACING at pkt 86350 lap 1
🔵 sub-state — → FIRST_LAP lap 1
📋 lap 0: — clean fuel_used=0.00
📊 strategy: green flag, race clock running
🗣 spoke (lapPace, imp 0, cost 3.4s, ledger 6.0/20.4s, 1 line): greenFlag
📊 strategy L1: no fuel model yet
🚪 gate refined: Deep Forest Raceway/customRace/lap1 (178 samples, σ 0.76 m, ±12 m, across -2.3…1.1 m)
🔵 sub-state FIRST_LAP → FLYING lap 2
📋 lap 1: 1:30.837 first fuel_used=0.00
🔵 lap 1: clean
📊 strategy L2: no fuel model yet
🚪 gate refined: Deep Forest Raceway/customRace/finishLine (4390 samples, σ 1.99 m, ±12 m, across -8.9…5.4 m)
🗣 spoke (radio, imp 0, cost 2.7s, ledger 2.7/20.4s, 1 line): surveyGate(finishLine, 4390)
🗣 bulletin (imp 6, cost 4.5s, ledger 7.2/20.4s, 2 lines): L2
📋 lap 2: 1:28.338 clean fuel_used=0.00
🔵 lap 2: clean
📊 strategy L3: no fuel model yet
🚪 gate refined: Deep Forest Raceway/customRace/finishLine (4391 samples, σ 1.99 m, ±12 m, across -8.9…5.4 m)
🗺 mapper: learned lap 2 (88.338 s, 4185 m, 837 pts) — installing as session polyline
🗣 spoke (radio, imp 0, cost 4.1s, ledger 4.1/20.4s, 1 line): surveyLap(2, 88338 ms, 837 pts)
🗣 spoke (radio, imp 0, cost 3.1s, ledger 7.2/20.4s, 1 line): surveyComplete(3 optional missing)
🗺 survey stored → 51.trackmap.json
🗺 session polyline installed from lap 2 (837 pts) — minimap + delta live
🗣 bulletin (imp 6, cost 6.2s, ledger 13.4/20.4s, 2 lines): L3
📋 lap 3: 1:28.412 clean fuel_used=0.00
🔵 lap 3: clean
📊 strategy L4: no fuel model yet
🚪 gate refined: Deep Forest Raceway/customRace/finishLine (4392 samples, σ 1.99 m, ±12 m, across -8.9…5.4 m)
🗣 bulletin (imp 6, cost 5.2s, ledger 5.2/20.4s, 2 lines): L4
📋 lap 4: 1:27.954 clean fuel_used=0.00
🔵 lap 4: clean
📊 strategy: finish armed at L5 (lap 5 > 4) — awaiting lap-clock freeze
📊 strategy L5: no fuel model yet
🚪 gate refined: Deep Forest Raceway/customRace/finishLine (4393 samples, σ 1.99 m, ±12 m, across -8.9…5.4 m)
🗺 mapper: learned lap 4 (87.954 s, 4185 m, 837 pts) — installing as session polyline
🗣 spoke (radio, imp 0, cost 4.5s, ledger 4.5/20.4s, 1 line): surveyLap(4, 87954 ms, 837 pts)
🗺 survey stored → 51.trackmap.json
🗺 session polyline installed from lap 4 (837 pts) — minimap + delta live
⏱ class lap kept: Deep Forest Raceway/customRace/Gr.3 → 1:27.954 (10/10 laps, 6 car(s), avg 1:27.865)
📊 strategy: race finished at L5 — confirmed, lap clock frozen 0.50 s (handover 0.50 s)
💾 race preserved (finished): 6 lap(s), 0 stop(s), start ROLLING_START, P1/2
🗑 flag: pending commentary cancelled
✂️ capture auto-stop in 30s (race finished)
🗣 spoke (radio, imp 0, cost 2.1s, ledger 6.6/20.4s, 1 line): raceFinished(L5)
🗑 speaker: 1 queued line(s) preempted by flag
🗑 flag: pending commentary cancelled
🔧 session ended after lap 5
🎮 replay handshake armed (off track, race context still valid: pos 1, cars 2)
🔄 new session on the same connection — resetting track-scoped state
🧭 learned pool: 142 gate(s) from 323 stored
📊 strategy: reset
⚙️ crew cfg: wpm=140 window=24.0s sat=0.85 cap=20.4s overhead=0.35s speech=on
📊 pit loss: estimated 15.0 s from the unofficial table (Deep Forest Raceway)
⚙️ crew cat lapPace: slider=11 eff=11 budget=24 cd=x0.50 lock=20.0->10.0s ttl=10s
⚙️ crew cat position: slider=11 eff=11 budget=24 cd=x0.50 lock=20.0->10.0s ttl=10s
⚙️ crew cat strategy: slider=11 eff=11 budget=24 cd=x0.50 lock=12.0->6.0s ttl=30s protected
⚙️ crew cat pitSequence: slider=11 eff=11 budget=24 cd=x0.50 lock=10.0->5.0s ttl=12s protected
⚙️ crew cat tyres: slider=11 eff=11 budget=24 cd=x0.50 lock=25.0->12.5s ttl=12s
⚙️ crew cat incidents: slider=3 eff=3 budget=24 cd=x0.50 lock=15.0->7.5s ttl=3s
⚙️ crew cat radio: slider=11 eff=11 budget=24 cd=x0.50 lock=45.0->22.5s ttl=8s
⚙️ crew cat chatter: slider=11 eff=11 budget=24 cd=x0.50 lock=60.0->30.0s ttl=6s
🎮 onTrack → replay (pkt 108894, lap 0, flags 0x0008, pos 1, cars 2, tod 61620000)
⏸ replay — race commentary suspended
🔄 new session on the same connection — resetting track-scoped state
📊 strategy: reset
⚙️ crew cfg: wpm=140 window=24.0s sat=0.85 cap=20.4s overhead=0.35s speech=on
📊 pit loss: estimated 15.0 s from the unofficial table (Deep Forest Raceway)
⚙️ crew cat lapPace: slider=11 eff=11 budget=24 cd=x0.50 lock=20.0->10.0s ttl=10s
⚙️ crew cat position: slider=11 eff=11 budget=24 cd=x0.50 lock=20.0->10.0s ttl=10s
⚙️ crew cat strategy: slider=11 eff=11 budget=24 cd=x0.50 lock=12.0->6.0s ttl=30s protected
⚙️ crew cat pitSequence: slider=11 eff=11 budget=24 cd=x0.50 lock=10.0->5.0s ttl=12s protected
⚙️ crew cat tyres: slider=11 eff=11 budget=24 cd=x0.50 lock=25.0->12.5s ttl=12s
⚙️ crew cat incidents: slider=3 eff=3 budget=24 cd=x0.50 lock=15.0->7.5s ttl=3s
⚙️ crew cat radio: slider=11 eff=11 budget=24 cd=x0.50 lock=45.0->22.5s ttl=8s
⚙️ crew cat chatter: slider=11 eff=11 budget=24 cd=x0.50 lock=60.0->30.0s ttl=6s
🎮 replay → menus (pkt 109059, lap 0, flags 0x0008, pos —, cars —, tod 61620000)
▶️ replay ended — race commentary resumed
🎮 back to the menus — ending the session
📊 strategy: reset
⚙️ crew cfg: wpm=140 window=24.0s sat=0.85 cap=20.4s overhead=0.35s speech=on
📊 pit loss: estimated 15.0 s from the unofficial table (Deep Forest Raceway)
⚙️ crew cat lapPace: slider=11 eff=11 budget=24 cd=x0.50 lock=20.0->10.0s ttl=10s
⚙️ crew cat position: slider=11 eff=11 budget=24 cd=x0.50 lock=20.0->10.0s ttl=10s
⚙️ crew cat strategy: slider=11 eff=11 budget=24 cd=x0.50 lock=12.0->6.0s ttl=30s protected
⚙️ crew cat pitSequence: slider=11 eff=11 budget=24 cd=x0.50 lock=10.0->5.0s ttl=12s protected
⚙️ crew cat tyres: slider=11 eff=11 budget=24 cd=x0.50 lock=25.0->12.5s ttl=12s
⚙️ crew cat incidents: slider=3 eff=3 budget=24 cd=x0.50 lock=15.0->7.5s ttl=3s
⚙️ crew cat radio: slider=11 eff=11 budget=24 cd=x0.50 lock=45.0->22.5s ttl=8s
⚙️ crew cat chatter: slider=11 eff=11 budget=24 cd=x0.50 lock=60.0->30.0s ttl=6s
🧭 polyline [MENU]: 16 candidate(s) dropped on direction — best of them Red Bull Ring Short Track median 32.55 (alignment -0.93)
🧭 polyline [MENU]: Deep Forest Raceway (CRS 51, map ctx customRace) median 1.61 m, p90 2.41 m, 3% of lap, 30 samples, alignment +1.00 — next course Autodrome Lago Maggiore - Full Course median 41.99/p90 80.44
🧭 polyline agrees with the declared course (CRS 51)
⏹ stopping the recording — auto-stop: race finished
# --- stopped: 24972 packets
