# EzioClient session log
# file:    20260925_223459 - Deep Forest Raceway (51).gt7td
# started: 2026-09-25T20:34:59Z
# track:   Deep Forest Raceway (CRS 51)
# context: customRace
# ---
📊 pit loss: estimated 15.0 s from the unofficial table (Deep Forest Raceway)
📊 strategy: track pit loss 15.0 s
📊 strategy: declared 3 lap race
📊 strategy: fuel consumption OFF (0x) — no stops for fuel, refuel rate disregarded
# car:     Chevrolet Corvette C7 Gr.3 [Gr.3] (id 2183) — confirmed from telemetry
🧭 polyline [MENU]: 27 candidate(s) dropped on direction — best of them Kyoto Driving Park - Yamagiwa median 14.36 (alignment -0.79)
🧭 polyline [MENU]: Deep Forest Raceway fits (median 1.37 m) but on 425 m of road — waiting for 800 m
🧭 polyline [MENU]: 23 candidate(s) dropped on direction — best of them Kyoto Driving Park - Yamagiwa median 18.68 (alignment -0.65)
🧭 polyline [MENU]: Deep Forest Raceway fits (median 1.35 m) but on 579 m of road — waiting for 800 m
📊 strategy L1: no fuel model yet
🔓 learning resumed — player on track
🛞 compound: car 2183 — reference: CH CM CS RH RM RS SH SM SS
🔄 new session on the same connection — resetting track-scoped state
📊 strategy: reset
⚙️ crew cfg: wpm=140 window=24.0s sat=0.85 cap=20.4s overhead=0.35s speech=on
📊 pit loss: estimated 15.0 s from the unofficial table (Deep Forest Raceway)
⚙️ crew cat lapPace: slider=11 eff=11 budget=24 cd=x0.50 lock=20.0->10.0s ttl=10s
⚙️ crew cat position: slider=11 eff=11 budget=24 cd=x0.50 lock=20.0->10.0s ttl=10s
⚙️ crew cat strategy: slider=11 eff=11 budget=24 cd=x0.50 lock=12.0->6.0s ttl=30s protected
⚙️ crew cat pitSequence: slider=11 eff=11 budget=24 cd=x0.50 lock=10.0->5.0s ttl=12s protected
⚙️ crew cat tyres: slider=11 eff=11 budget=24 cd=x0.50 lock=25.0->12.5s ttl=12s
⚙️ crew cat incidents: slider=3 eff=3 budget=24 cd=x0.50 lock=15.0->7.5s ttl=3s
🛞 compound: car 2183 — reference: CH CM CS RH RM RS SH SM SS
⚙️ crew cat radio: slider=11 eff=11 budget=24 cd=x0.50 lock=45.0->22.5s ttl=8s
⚙️ crew cat chatter: slider=11 eff=11 budget=24 cd=x0.50 lock=60.0->30.0s ttl=6s
🎮 menus → onTrack (pkt 1901116, lap 0, flags 0x0009, pos 1, cars 2, tod 61620000)
🧭 polyline [PRE-GREEN]: 18 candidate(s) dropped on direction — best of them Sardegna - Road Track - B median 23.90 (alignment -0.94)
🧭 polyline [PRE-GREEN]: Deep Forest Raceway fits (median 1.03 m) but on 120 m of road — waiting for 800 m
🏁 start type: ROLLING_START at pkt 1901470 lap 1
🔀 state UNKNOWN → RACING at pkt 1901470 lap 1
🔵 sub-state — → FIRST_LAP lap 1
📋 lap 0: — clean fuel_used=0.00
📊 strategy: green flag (speed) at pkt 1901470, race clock running
🗣 spoke (lapPace, imp 0, cost 2.1s, ledger 2.1/20.4s, 1 line): greenFlag
📊 strategy L1: no fuel model yet
🧭 learned (line): 3 layouts tied (Circuit de Barcelona-Catalunya GP Layout, Circuit de Sainte-Croix - C, Deep Forest Raceway) — resolving by divergence
🚪 gate refined: Deep Forest Raceway/customRace/lap1 (445 samples, σ 0.68 m, ±12 m, across -2.7…1.1 m)
🛞 compound: window opened — raceStart, lap 1
🗣 spoke (radio, imp 0, cost 3.1s, ledger 5.2/20.4s, 1 line): surveyGate(lap1, 445)
🧭 divergence: fork at 10 m on course 51 — 1 left (Deep Forest Raceway)
🧭 divergence: resolved to Deep Forest Raceway
🧭 identified: Deep Forest Raceway (CRS 51) — finishLine, 8498 sample(s), ±12 m
🏁 announcing track: Deep Forest Raceway (CRS 51) from gates
🗑 dropped (topic radio; 0.1s of 22.5s, radio reopens in 22.4s): trackIdentified(Deep Forest Raceway, CRS 51)
🗺 stored map loaded on identification (gates): course 51, 836 pts
📊 pit loss: measured 11.6 s
📊 strategy: track pit loss 11.6 s
🅿️ pit speaking budget 17.0s (entry to box)
🔧 pit approach: entry at station 3600 m of 4181 m (10.6 m off the line), lead 20 s
🧭 polyline [L1]: 19 candidate(s) dropped on direction — best of them Sardegna - Road Track - B median 19.19 (alignment -0.89)
🧭 polyline [L1]: Deep Forest Raceway fits (median 1.27 m) but on 341 m of road — waiting for 800 m
🧭 polyline [L1]: 18 candidate(s) dropped on direction — best of them Sardegna - Road Track - B median 24.82 (alignment -0.59)
🧭 polyline [L1]: Deep Forest Raceway fits (median 1.36 m) but on 573 m of road — waiting for 800 m
🧭 polyline [L1]: 17 candidate(s) dropped on direction — best of them Blue Moon Bay Speedway Reverse median 55.02 (alignment -0.67)
🧭 polyline [L1]: Deep Forest Raceway fits (median 1.56 m) but on 738 m of road — waiting for 800 m
🧭 polyline [L1]: 11 candidate(s) dropped on direction — best of them Autopolis International Racing Course median 55.32 (alignment -0.56)
🧭 polyline [L1]: Deep Forest Raceway (CRS 51, map ctx customRace) median 1.61 m, p90 2.52 m, 17% of lap, 150 samples, alignment +1.00 — next course Sardegna - Road Track - B median 36.48/p90 121.45
🧭 polyline agrees with the declared course (CRS 51)
🛞 compound: family racing (H+ 0.392, locked for the race)
🗣 spoke (tyres, imp 4, cost 1.2s, ledger 1.2/20.4s, 1 line): compoundEstimate(raceStart, racing, high)
🛞 compound: racingSoft (high confidence, C 0.79, margin 0.142, own reference)
🛞 compound prompt: raceStart lap 1, estimate RS
🗣 spoke (tyres, imp 4, cost 2.1s, ledger 2.1/20.4s, 1 line): compoundEstimate(raceStart, RS, high)
🔵 sub-state FIRST_LAP → FLYING lap 2
📋 lap 1: 1:30.711 first fuel_used=0.00
🔵 lap 1: clean
📊 strategy L2: no fuel model yet
🚪 gate refined: Deep Forest Raceway/customRace/finishLine (8499 samples, σ 2.06 m, ±12 m, across -8.9…5.4 m)
🗣 spoke (radio, imp 0, cost 2.7s, ledger 4.7/20.4s, 1 line): surveyGate(finishLine, 8499)
🗣 bulletin (imp 6, cost 4.9s, ledger 9.7/20.4s, 2 lines): L2
🗣 chain (imp 4, cost 2.9s, ledger 2.9/20.4s, 1 events, 1 lines)
🛞 compound prompt timedOut
🔧 huge stop 229 km/h with clutch 1.00 — pending impact-vs-pit (6 s)
🔀 state RACING → PIT at pkt 1911948 lap 2
🔵 sub-state FLYING → — lap 2
🔧 pit-entry anchor learned: 83822 ms into lap (stop on lap 2)
🔧 pended impact cancelled: pit entry
🚪 gate refined: Deep Forest Raceway/customRace/pitEntry (496 samples, σ 0.54 m, ±0 m)
🗣 spoke (pitSequence, imp 0, cost 2.5s, ledger 2.5/20.4s, 1 line, protected): pittingIn(L2)
🗑 dropped (in pit): surveyGate(pitEntry, 496)
🛞 compound: stationary phase ended above 62 °C — no tyre change by temperature (a ride-height lift may still follow)
📊 strategy: box reached on the ENDING lap (entered L2, counter still L2) — the lap in progress completes on release, counting it as banked
🗣 spoke (pitSequence, imp 2, cost 2.5s, ledger 5.0/20.4s, 1 line, protected): inPitBox
🗣 spoke (strategy, imp 0, cost 3.1s, ledger 8.1/20.4s, 1 line, protected): refuelTarget(1 laps)
🔀 state PIT → RACING at pkt 1912917 lap 3
🔵 sub-state — → OUT_LAP lap 3
🅿️ PIT completed: in L2 → out L3 (no fuel, transit 19.5s, teleport=false)
🚪 gate refined: Deep Forest Raceway/customRace/pitBox (540 samples, σ 0.05 m, ±0 m)
🅿️ entry→box 16.0s (speaking budget)
🗑 dropped (in pit): surveyGate(pitBox, 540)
🔧 pit approach: entry at station 3600 m of 4181 m (10.6 m off the line), lead 20 s
📋 lap 2: 1:39.959 in fuel_used=0.00
🔵 lap 2 antics: off
🗑 dropped (in pit): lapStarted(3/3, last 99.96s)
🔧 teleport 173 m on lap 3 — pit release, not a reset
📊 strategy L3: no fuel model yet
🗑 dropped (topic pitSequence; 3.6s of 5.0s, pitSequence reopens in 1.4s): exitingPit(+0.00l)
🚪 gate refined: Deep Forest Raceway/customRace/pitExit (540 samples, σ 0.05 m, ±12 m, across -0.0…0.0 m)
🗺 mapper: lap 2 rejected (teleport)
🗣 spoke (radio, imp 0, cost 2.7s, ledger 10.7/20.4s, 1 line): surveyGate(pitExit, 540)
📊 strategy L3: no fuel model yet
🔵 sub-state OUT_LAP → FLYING lap 4
📋 lap 3: 1:28.977 out fuel_used=0.00
📊 strategy: finish armed at L4 (lap 4 > 3) — awaiting lap-clock freeze
🔵 lap 3: clean
📊 strategy L4: no fuel model yet
🚪 gate refined: Deep Forest Raceway/customRace/finishLine (8500 samples, σ 2.06 m, ±12 m, across -8.9…5.4 m)
🗺 mapper: lap 3 rejected (teleport)
📊 strategy: race finished at L4 — confirmed, lap clock frozen 0.50 s (handover 0.50 s)
💾 race preserved (finished): 4 lap(s), 1 stop(s), start ROLLING_START, P1/2
✂️ capture auto-stop in 30s (race finished)
🗑 flag: pending commentary cancelled
🗣 spoke (radio, imp 0, cost 2.5s, ledger 2.5/20.4s, 1 line): raceFinished(L4)
🔧 session ended after lap 4
🗑 flag: pending commentary cancelled
🔒 learning paused — not the player driving (demo lap, replay or off track)
🎮 replay handshake armed (off track, race context still valid: pos 1, cars 2)
🔄 new session on the same connection — resetting track-scoped state
🧭 learned pool: 147 gate(s) from 330 stored, 59 pit exit(s)
📊 strategy: reset
📊 pit loss: estimated 15.0 s from the unofficial table (Deep Forest Raceway)
⚙️ crew cfg: wpm=140 window=24.0s sat=0.85 cap=20.4s overhead=0.35s speech=on
📊 strategy: track pit loss 15.0 s
⚙️ crew cat lapPace: slider=11 eff=11 budget=24 cd=x0.50 lock=20.0->10.0s ttl=10s
⚙️ crew cat position: slider=11 eff=11 budget=24 cd=x0.50 lock=20.0->10.0s ttl=10s
⚙️ crew cat strategy: slider=11 eff=11 budget=24 cd=x0.50 lock=12.0->6.0s ttl=30s protected
⚙️ crew cat pitSequence: slider=11 eff=11 budget=24 cd=x0.50 lock=10.0->5.0s ttl=12s protected
⚙️ crew cat tyres: slider=11 eff=11 budget=24 cd=x0.50 lock=25.0->12.5s ttl=12s
⚙️ crew cat incidents: slider=3 eff=3 budget=24 cd=x0.50 lock=15.0->7.5s ttl=3s
⚙️ crew cat radio: slider=11 eff=11 budget=24 cd=x0.50 lock=45.0->22.5s ttl=8s
⚙️ crew cat chatter: slider=11 eff=11 budget=24 cd=x0.50 lock=60.0->30.0s ttl=6s
🅿️ no pit speaking budget for this track
🎮 onTrack → replay (pkt 1919273, lap 0, flags 0x0008, pos 1, cars 2, tod 61620000)
⏸ replay — race commentary suspended
🔄 new session on the same connection — resetting track-scoped state
📊 strategy: reset
📊 pit loss: estimated 15.0 s from the unofficial table (Deep Forest Raceway)
⚙️ crew cfg: wpm=140 window=24.0s sat=0.85 cap=20.4s overhead=0.35s speech=on
⚙️ crew cat lapPace: slider=11 eff=11 budget=24 cd=x0.50 lock=20.0->10.0s ttl=10s
⚙️ crew cat position: slider=11 eff=11 budget=24 cd=x0.50 lock=20.0->10.0s ttl=10s
⚙️ crew cat strategy: slider=11 eff=11 budget=24 cd=x0.50 lock=12.0->6.0s ttl=30s protected
⚙️ crew cat pitSequence: slider=11 eff=11 budget=24 cd=x0.50 lock=10.0->5.0s ttl=12s protected
⚙️ crew cat tyres: slider=11 eff=11 budget=24 cd=x0.50 lock=25.0->12.5s ttl=12s
⚙️ crew cat incidents: slider=3 eff=3 budget=24 cd=x0.50 lock=15.0->7.5s ttl=3s
⚙️ crew cat radio: slider=11 eff=11 budget=24 cd=x0.50 lock=45.0->22.5s ttl=8s
⚙️ crew cat chatter: slider=11 eff=11 budget=24 cd=x0.50 lock=60.0->30.0s ttl=6s
🎮 replay → menus (pkt 1919451, lap 0, flags 0x0008, pos —, cars —, tod 61620000)
▶️ replay ended — race commentary resumed
🎮 back to the menus — ending the session
📊 strategy: reset
⚙️ crew cfg: wpm=140 window=24.0s sat=0.85 cap=20.4s overhead=0.35s speech=on
📊 pit loss: estimated 15.0 s from the unofficial table (Deep Forest Raceway)
⚙️ crew cat lapPace: slider=11 eff=11 budget=24 cd=x0.50 lock=20.0->10.0s ttl=10s
⚙️ crew cat position: slider=11 eff=11 budget=24 cd=x0.50 lock=20.0->10.0s ttl=10s
⚙️ crew cat strategy: slider=11 eff=11 budget=24 cd=x0.50 lock=12.0->6.0s ttl=30s protected
⚙️ crew cat pitSequence: slider=11 eff=11 budget=24 cd=x0.50 lock=10.0->5.0s ttl=12s protected
⚙️ crew cat tyres: slider=11 eff=11 budget=24 cd=x0.50 lock=25.0->12.5s ttl=12s
⚙️ crew cat incidents: slider=3 eff=3 budget=24 cd=x0.50 lock=15.0->7.5s ttl=3s
⚙️ crew cat radio: slider=11 eff=11 budget=24 cd=x0.50 lock=45.0->22.5s ttl=8s
⚙️ crew cat chatter: slider=11 eff=11 budget=24 cd=x0.50 lock=60.0->30.0s ttl=6s
🧭 polyline [MENU]: 19 candidate(s) dropped on direction — best of them Red Bull Ring Short Track median 31.50 (alignment -0.93)
🧭 polyline [MENU]: Deep Forest Raceway fits (median 1.35 m) but on 175 m of road — waiting for 800 m
🧭 polyline [MENU]: 18 candidate(s) dropped on direction — best of them Autodrome Lago Maggiore - East median 18.69 (alignment -0.36)
🧭 polyline [MENU]: Deep Forest Raceway fits (median 1.76 m) but on 290 m of road — waiting for 800 m
⏹ stopping the recording — auto-stop: race finished
# --- stopped: 19858 packets
