# EzioClient session log
# file:    20260829_195438 - Deep Forest Raceway (51).gt7td
# started: 2026-08-29T17:54:38Z
# track:   Deep Forest Raceway (CRS 51)
# car:     Chevrolet Corvette C7 Gr.3 [gr3]
# context: customRace
# ---
# car:     Chevrolet Corvette C7 Gr.3 (id 2183) — confirmed from telemetry
🎮 menus → onTrack (pkt 4411698, lap 0, flags 0x0009, pos 20, cars 20, tod 61620000)
🏁 start type: ROLLING_START at pkt 4412053 lap 1
🔀 state UNKNOWN → RACING at pkt 4412053 lap 1
🔵 sub-state — → FIRST_LAP lap 1
📋 lap 0: — clean fuel_used=0.26
📊 strategy: green flag, race clock running
🗣 spoke (lapPace, imp 0, cost 2.1s, ledger 2.1/20.4s, 1 line): greenFlag
📊 strategy L1: no fuel model yet
🧭 learned: 2 gates matched, all Deep Forest Raceway — using the finishLine gate (412 samples)
🧭 identified: Deep Forest Raceway (CRS 51) — finishLine, 412 sample(s), ±8 m
🚪 gate refined: Deep Forest Raceway/customRace/lap1 (16 samples, σ 0.55 m, ±8 m)
🗣 spoke (radio, imp 0, cost 2.7s, ledger 4.7/20.4s, 1 line): surveyGate(lap1, 16)
🗣 chain (imp 4, cost 1.2s, ledger 5.9/20.4s, 1 events, 1 lines)
🔵 sub-state FIRST_LAP → FLYING lap 2
📋 lap 1: 1:33.859 first fuel_used=5.92
🔵 lap 1 antics: contact
📊 strategy L2: fuel/lap 5.92, 15.9 laps of fuel, race length unknown — fuel horizon
🚪 gate refined: Deep Forest Raceway/customRace/finishLine (413 samples, σ 2.06 m, ±8 m)
🗣 spoke (radio, imp 0, cost 2.7s, ledger 2.7/20.4s, 1 line): surveyGate(finishLine, 413)
🗣 bulletin (imp 6, cost 5.8s, ledger 8.5/20.4s, 2 lines): L2
📋 lap 2: 1:30.165 clean fuel_used=5.45
🔵 lap 2: clean
📊 laps-left model: elapsed 184.3 s, remaining 3415.7 s, median lap 90.2 s -> 38 (no-stop 38, pit loss 15.0 s, rate 7 l/s)
📊 strategy L3: fuel/lap 5.69 | fuel 88.4 = 15.5 laps | 38.0 laps to go | stops 2
🚪 gate refined: Deep Forest Raceway/customRace/finishLine (414 samples, σ 2.06 m, ±8 m)
🗣 spoke (radio, imp 0, cost 2.7s, ledger 2.7/20.4s, 1 line): surveyGate(finishLine, 414)
🗺 mapper: learned lap 2 (90.165 s, 4190 m, 838 pts) — installing as session polyline
🗣 spoke (radio, imp 0, cost 4.5s, ledger 7.2/20.4s, 1 line): surveyLap(2, 90165 ms, 838 pts)
🗺 session polyline installed from lap 2 (838 pts) — minimap + delta live
🗣 spoke (radio, imp 0, cost 4.0s, ledger 11.2/20.4s, 1 line): surveyComplete(3 optional missing)
📋 strategy burst: 3 event(s), releasing best-first — pitWindow(L6/L12/L17, stops 2) | pitWindowState(beforeOpen, now L3, L6/L12/L17, stops 2) | pitStopsToGo(2, 38 to go)
🗣 spoke (strategy, imp 2, cost 2.8s, ledger 14.0/20.4s, 1 line, protected): pitWindow(L6/L12/L17, stops 2)
🗣 spoke (strategy, imp 4, cost 2.7s, ledger 16.7/20.4s, 1 line, protected): pitWindowState(beforeOpen, now L3, L6/L12/L17, stops 2)
🗣 spoke (strategy, imp 4, cost 2.7s, ledger 19.3/20.4s, 1 line, protected): pitStopsToGo(2, 38 to go)
🗑 dropped (bulletin, ledger full; cost 4.3s, load 19.3/20.4s, 2 lines): L3
🗣 spoke (strategy, imp 2, cost 2.2s, ledger 21.6/20.4s, 1 line, protected): strategyUpdate(fuel 15.54L, togo 38, stops 2)
🗣 chain (imp 4, cost 1.2s, ledger 1.2/20.4s, 1 events, 1 lines)
📋 lap 3: 1:29.522 clean fuel_used=4.89
🔵 lap 3 antics: contact
📊 laps-left model: elapsed 273.9 s, remaining 3326.1 s, median lap 89.8 s -> 37 (no-stop 38, pit loss 15.0 s, rate 7 l/s)
📊 strategy L4: fuel/lap 5.46 | fuel 83.5 = 15.3 laps | 37.0 laps to go | stops 2
🗣 spoke (position, imp 4, cost 3.1s, ledger 4.3/20.4s, 1 line): positionChange(P7→P3)
🚪 gate refined: Deep Forest Raceway/customRace/finishLine (415 samples, σ 2.07 m, ±8 m)
🗣 spoke (radio, imp 0, cost 2.7s, ledger 7.0/20.4s, 1 line): surveyGate(finishLine, 415)
🗺 mapper: learned lap 3 (89.522 s, 4195 m, 839 pts) — installing as session polyline
🗣 spoke (radio, imp 0, cost 3.7s, ledger 10.7/20.4s, 1 line): surveyLap(3, 89522 ms, 839 pts)
🗺 session polyline installed from lap 3 (839 pts) — minimap + delta live
📋 strategy burst: 3 event(s), releasing best-first — pitWindow(L6/L12/L18, stops 2) | pitWindowState(beforeOpen, now L4, L6/L12/L18, stops 2) | pitStopsToGo(2, 37 to go)
🗣 spoke (strategy, imp 2, cost 2.8s, ledger 13.5/20.4s, 1 line, protected): pitWindow(L6/L12/L18, stops 2)
🗣 spoke (strategy, imp 4, cost 2.7s, ledger 16.2/20.4s, 1 line, protected): pitWindowState(beforeOpen, now L4, L6/L12/L18, stops 2)
🗣 spoke (strategy, imp 4, cost 2.7s, ledger 18.8/20.4s, 1 line, protected): pitStopsToGo(2, 37 to go)
🗑 dropped (bulletin, ledger full; cost 5.6s, load 17.6/20.4s, 2 lines): L4
🗣 spoke (strategy, imp 2, cost 2.2s, ledger 19.9/20.4s, 1 line, protected): strategyUpdate(fuel 15.30L, togo 37, stops 2)
🎭 mood relaxed → focused
🗣 chain (imp 4, cost 2.5s, ledger 4.7/20.4s, 1 events, 1 lines)
🎭 mood focused → concerned
🗣 chain (imp 4, cost 2.1s, ledger 4.6/20.4s, 2 events, 1 lines)
📋 lap 4: 1:33.370 clean fuel_used=5.47
🎭 mood concerned → focused
🔵 lap 4 antics: contact
📊 laps-left model: elapsed 367.4 s, remaining 3232.6 s, median lap 90.2 s -> 36 (no-stop 36, pit loss 15.0 s, rate 7 l/s)
📊 strategy L5: fuel/lap 5.46 | fuel 78.0 = 14.3 laps | 36.0 laps to go | stops 2
🚪 gate refined: Deep Forest Raceway/customRace/finishLine (416 samples, σ 2.07 m, ±8 m)
🗣 spoke (position, imp 4, cost 1.4s, ledger 1.4/20.4s, 1 line): positionChange(P3→P5)
🗣 spoke (radio, imp 0, cost 2.7s, ledger 4.0/20.4s, 1 line): surveyGate(finishLine, 416)
📋 strategy burst: 2 event(s), releasing best-first — pitWindowState(beforeOpen, now L5, L6/L12/L18, stops 2) | pitStopsToGo(2, 36 to go)
🗣 spoke (strategy, imp 4, cost 4.0s, ledger 8.0/20.4s, 1 line, protected): pitWindowState(beforeOpen, now L5, L6/L12/L18, stops 2)
🗣 spoke (strategy, imp 4, cost 4.0s, ledger 11.9/20.4s, 1 line, protected): pitStopsToGo(2, 36 to go)
🗣 bulletin (imp 6, cost 6.4s, ledger 18.3/20.4s, 2 lines): L5
🗣 chain (imp 4, cost 1.2s, ledger 19.5/20.4s, 1 events, 1 lines)
🗣 spoke (strategy, imp 2, cost 2.2s, ledger 21.8/20.4s, 1 line, protected): strategyUpdate(fuel 14.27L, togo 36, stops 2)
📋 lap 5: 1:29.718 clean fuel_used=5.10
🔵 lap 5 antics: contact, lost 2
📊 laps-left model: elapsed 457.2 s, remaining 3142.8 s, median lap 89.9 s -> 35 (no-stop 35, pit loss 15.0 s, rate 7 l/s)
📊 strategy L6: fuel/lap 5.46 | fuel 72.9 = 13.4 laps | 35.0 laps to go | stops 2
🚪 gate refined: Deep Forest Raceway/customRace/finishLine (417 samples, σ 2.07 m, ±8 m)
🗣 spoke (position, imp 4, cost 3.1s, ledger 3.1/20.4s, 1 line): positionChange(P5→P2)
🗣 spoke (radio, imp 0, cost 2.7s, ledger 5.8/20.4s, 1 line): surveyGate(finishLine, 417)
📋 strategy burst: 2 event(s), releasing best-first — pitWindowState(openTargetAhead, now L6, L6/L12/L18, stops 2) | pitStopsToGo(2, 35 to go)
🗣 spoke (strategy, imp 4, cost 4.5s, ledger 10.3/20.4s, 1 line, protected): pitWindowState(openTargetAhead, now L6, L6/L12/L18, stops 2)
🗣 spoke (strategy, imp 4, cost 2.7s, ledger 13.0/20.4s, 1 line, protected): pitStopsToGo(2, 35 to go)
🗣 bulletin (imp 6, cost 4.6s, ledger 17.6/20.4s, 2 lines): L6
🗣 spoke (strategy, imp 2, cost 2.2s, ledger 19.8/20.4s, 1 line, protected): strategyUpdate(fuel 13.36L, togo 35, stops 2)
📋 lap 6: 1:29.950 clean fuel_used=5.24
🎭 mood focused → relaxed
🔵 lap 6: clean
📊 laps-left model: elapsed 547.2 s, remaining 3052.8 s, median lap 90.0 s -> 34 (no-stop 34, pit loss 15.0 s, rate 7 l/s)
📊 strategy L7: fuel/lap 5.35 | fuel 67.7 = 12.6 laps | 34.0 laps to go | stops 2
🚪 gate refined: Deep Forest Raceway/customRace/finishLine (418 samples, σ 2.07 m, ±8 m)
🗣 spoke (radio, imp 0, cost 2.7s, ledger 2.7/20.4s, 1 line): surveyGate(finishLine, 418)
📋 strategy burst: 2 event(s), releasing best-first — pitWindowState(openTargetAhead, now L7, L7/L12/L18, stops 2) | pitStopsToGo(2, 34 to go)
🗣 spoke (strategy, imp 4, cost 4.4s, ledger 7.0/20.4s, 1 line, protected): pitWindowState(openTargetAhead, now L7, L7/L12/L18, stops 2)
🗣 spoke (strategy, imp 4, cost 4.0s, ledger 11.0/20.4s, 1 line, protected): pitStopsToGo(2, 34 to go)
🗣 bulletin (imp 6, cost 4.6s, ledger 15.6/20.4s, 2 lines): L7
🗣 spoke (strategy, imp 2, cost 2.2s, ledger 17.8/20.4s, 1 line, protected): strategyUpdate(fuel 12.64L, togo 34, stops 2)
📋 lap 7: 1:30.011 clean fuel_used=5.03
🔵 lap 7: clean
📊 laps-left model: elapsed 637.3 s, remaining 2962.7 s, median lap 90.0 s -> 33 (no-stop 33, pit loss 15.0 s, rate 7 l/s)
📊 strategy L8: fuel/lap 5.24 | fuel 62.6 = 11.9 laps | 33.0 laps to go | stops 2
🗣 spoke (position, imp 4, cost 2.1s, ledger 2.1/20.4s, 1 line): positionChange(P2→P1)
🚪 gate refined: Deep Forest Raceway/customRace/finishLine (419 samples, σ 2.07 m, ±8 m)
🗣 spoke (radio, imp 0, cost 2.7s, ledger 4.7/20.4s, 1 line): surveyGate(finishLine, 419)
📋 strategy burst: 3 event(s), releasing best-first — fuelStatus(extendStint, 11, 33 to go, 11.94 fuel-laps) | pitWindowState(openTargetAhead, now L8, L8/L12/L18, stops 2, close) | pitStopsToGo(2, 33 to go)
🗣 spoke (strategy, imp 2, cost 3.8s, ledger 8.5/20.4s, 1 line, protected): fuelStatus(extendStint, 11, 33 to go, 11.94 fuel-laps)
🗣 spoke (strategy, imp 4, cost 3.5s, ledger 12.0/20.4s, 1 line, protected): pitWindowState(openTargetAhead, now L8, L8/L12/L18, stops 2, close)
🗣 spoke (strategy, imp 4, cost 2.7s, ledger 14.7/20.4s, 1 line, protected): pitStopsToGo(2, 33 to go)
🗣 bulletin (imp 6, cost 4.6s, ledger 19.3/20.4s, 2 lines): L8
🗣 spoke (strategy, imp 2, cost 2.2s, ledger 21.5/20.4s, 1 line, protected): strategyUpdate(fuel 11.94L, togo 33, stops 2)
📋 lap 8: 1:29.417 clean fuel_used=5.03
🔵 lap 8: clean
📊 laps-left model: elapsed 726.8 s, remaining 2873.2 s, median lap 90.0 s -> 32 (no-stop 32, pit loss 15.0 s, rate 7 l/s)
📊 strategy L9: fuel/lap 5.17 | fuel 57.6 = 11.1 laps | 32.0 laps to go | stops 2
🚪 gate refined: Deep Forest Raceway/customRace/finishLine (420 samples, σ 2.07 m, ±8 m)
🗣 spoke (radio, imp 0, cost 2.7s, ledger 2.7/20.4s, 1 line): surveyGate(finishLine, 420)
🗺 mapper: learned lap 8 (89.417 s, 4185 m, 837 pts) — installing as session polyline
🗣 spoke (radio, imp 0, cost 3.7s, ledger 6.4/20.4s, 1 line): surveyLap(8, 89417 ms, 837 pts)
🗺 session polyline installed from lap 8 (837 pts) — minimap + delta live
📋 strategy burst: 3 event(s), releasing best-first — pitWindow(L9/L12/L19, stops 2) | pitWindowState(openTargetAhead, now L9, L9/L12/L19, stops 2) | pitStopsToGo(2, 32 to go)
🗣 spoke (strategy, imp 2, cost 4.1s, ledger 10.5/20.4s, 1 line, protected): pitWindow(L9/L12/L19, stops 2)
🗣 spoke (strategy, imp 4, cost 3.5s, ledger 14.0/20.4s, 1 line, protected): pitWindowState(openTargetAhead, now L9, L9/L12/L19, stops 2)
🗣 spoke (strategy, imp 4, cost 2.7s, ledger 16.7/20.4s, 1 line, protected): pitStopsToGo(2, 32 to go)
🗑 dropped (bulletin, ledger full; cost 5.6s, load 16.7/20.4s, 2 lines): L9
🗣 spoke (strategy, imp 2, cost 2.2s, ledger 18.9/20.4s, 1 line, protected): strategyUpdate(fuel 11.14L, togo 32, stops 2)
📋 lap 9: 1:30.030 clean fuel_used=4.78
🔵 lap 9: clean
📊 laps-left model: elapsed 817.0 s, remaining 2783.0 s, median lap 90.0 s -> 31 (no-stop 31, pit loss 15.0 s, rate 7 l/s)
📊 strategy L10: fuel/lap 5.07 | fuel 52.8 = 10.4 laps | 31.0 laps to go | stops 2
🚪 gate refined: Deep Forest Raceway/customRace/finishLine (421 samples, σ 2.07 m, ±8 m)
🗣 spoke (radio, imp 0, cost 2.7s, ledger 2.7/20.4s, 1 line): surveyGate(finishLine, 421)
📋 strategy burst: 2 event(s), releasing best-first — pitWindowState(openTargetAhead, now L10, L10/L12/L19, stops 2) | pitStopsToGo(2, 31 to go)
🗣 spoke (strategy, imp 4, cost 4.8s, ledger 7.5/20.4s, 1 line, protected): pitWindowState(openTargetAhead, now L10, L10/L12/L19, stops 2)
🗣 spoke (strategy, imp 4, cost 4.0s, ledger 11.4/20.4s, 1 line, protected): pitStopsToGo(2, 31 to go)
🗣 bulletin (imp 6, cost 4.6s, ledger 16.0/20.4s, 2 lines): L10
🗣 spoke (strategy, imp 2, cost 2.2s, ledger 18.3/20.4s, 1 line, protected): strategyUpdate(fuel 10.43L, togo 31, stops 2)
📋 lap 10: 1:29.635 clean fuel_used=5.07
🔵 lap 10: clean
📊 laps-left model: elapsed 906.7 s, remaining 2693.3 s, median lap 89.8 s -> 30 (no-stop 30, pit loss 15.0 s, rate 7 l/s)
📊 strategy L11: fuel/lap 5.05 | fuel 47.7 = 9.5 laps | 30.0 laps to go | stops 2
🚪 gate refined: Deep Forest Raceway/customRace/finishLine (422 samples, σ 2.06 m, ±8 m)
🗣 spoke (radio, imp 0, cost 2.7s, ledger 2.7/20.4s, 1 line): surveyGate(finishLine, 422)
📋 strategy burst: 2 event(s), releasing best-first — pitWindowState(openTargetAhead, now L11, L11/L12/L19, stops 2) | pitStopsToGo(2, 30 to go)
🗣 spoke (strategy, imp 4, cost 4.4s, ledger 7.0/20.4s, 1 line, protected): pitWindowState(openTargetAhead, now L11, L11/L12/L19, stops 2)
🗣 spoke (strategy, imp 4, cost 2.7s, ledger 9.7/20.4s, 1 line, protected): pitStopsToGo(2, 30 to go)
🗣 bulletin (imp 6, cost 6.7s, ledger 16.4/20.4s, 2 lines): L11
🗣 spoke (strategy, imp 2, cost 2.2s, ledger 18.7/20.4s, 1 line, protected): strategyUpdate(fuel 9.45L, togo 30, stops 2)
📋 lap 11: 1:29.531 clean fuel_used=5.30
🔵 lap 11: clean
📊 laps-left model: elapsed 996.3 s, remaining 2603.7 s, median lap 89.8 s -> 29 (no-stop 29, pit loss 15.0 s, rate 7 l/s)
📊 strategy L12: fuel/lap 5.08 | fuel 42.4 = 8.4 laps | 29.0 laps to go | stops 2
🚪 gate refined: Deep Forest Raceway/customRace/finishLine (423 samples, σ 2.06 m, ±8 m)
🗣 spoke (radio, imp 0, cost 2.7s, ledger 2.7/20.4s, 1 line): surveyGate(finishLine, 423)
📋 strategy burst: 3 event(s), releasing best-first — pitWindowState(openToLatest, now L12, L12/L12/L19, stops 2) | pitStopsToGo(2, 29 to go) | fuelStatus(lapsToGo, 8, 29 to go, 8.35 fuel-laps)
🗣 spoke (strategy, imp 4, cost 4.0s, ledger 6.6/20.4s, 1 line, protected): pitWindowState(openToLatest, now L12, L12/L12/L19, stops 2)
🗣 spoke (strategy, imp 4, cost 4.4s, ledger 11.0/20.4s, 1 line, protected): pitStopsToGo(2, 29 to go)
🗣 spoke (strategy, imp 4, cost 3.1s, ledger 14.1/20.4s, 1 line, protected): fuelStatus(lapsToGo, 8, 29 to go, 8.35 fuel-laps)
🗣 bulletin (imp 6, cost 4.6s, ledger 18.7/20.4s, 2 lines): L12
🗣 spoke (strategy, imp 2, cost 2.2s, ledger 20.9/20.4s, 1 line, protected): strategyUpdate(fuel 8.35L, togo 29, stops 2)
🗣 chain (imp 4, cost 2.5s, ledger 2.5/20.4s, 1 events, 1 lines)
📋 lap 12: 1:30.579 clean fuel_used=5.16
🔵 lap 12 antics: contact
📊 laps-left model: elapsed 1087.0 s, remaining 2513.0 s, median lap 89.8 s -> 28 (no-stop 28, pit loss 15.0 s, rate 7 l/s)
📊 strategy L13: fuel/lap 5.08 | fuel 37.3 = 7.3 laps | 28.0 laps to go | stops 2
🚪 gate refined: Deep Forest Raceway/customRace/finishLine (424 samples, σ 2.06 m, ±8 m)
🗣 spoke (radio, imp 0, cost 2.7s, ledger 2.7/20.4s, 1 line): surveyGate(finishLine, 424)
📋 strategy burst: 3 event(s), releasing best-first — pitWindowState(openToLatest, now L13, L13/L13/L19, stops 2) | pitStopsToGo(2, 28 to go) | fuelStatus(lapsToGo, 7, 28 to go, 7.34 fuel-laps)
🗣 spoke (strategy, imp 4, cost 4.4s, ledger 7.0/20.4s, 1 line, protected): pitWindowState(openToLatest, now L13, L13/L13/L19, stops 2)
🗣 spoke (strategy, imp 4, cost 2.7s, ledger 9.7/20.4s, 1 line, protected): pitStopsToGo(2, 28 to go)
🗣 spoke (strategy, imp 4, cost 2.7s, ledger 12.4/20.4s, 1 line, protected): fuelStatus(lapsToGo, 7, 28 to go, 7.34 fuel-laps)
🗣 bulletin (imp 6, cost 4.5s, ledger 16.9/20.4s, 2 lines): L13
🗣 spoke (strategy, imp 2, cost 2.2s, ledger 19.1/20.4s, 1 line, protected): strategyUpdate(fuel 7.34L, togo 28, stops 2)
🔧 huge stop 228 km/h with clutch 1.00 — pending impact-vs-pit (6 s)
🔀 state RACING → PIT at pkt 4482305 lap 13
🔵 sub-state FLYING → — lap 13
🔧 pit-entry anchor learned: 84996 ms into lap (stop on lap 13)
🔧 pended impact cancelled: pit entry
📊 strategy: stop underway, plan now 1 more
🚪 gate refined: Deep Forest Raceway/customRace/pitEntry (19 samples, σ 0.49 m, ±0 m)
🗣 spoke (pitSequence, imp 0, cost 0.8s, ledger 0.8/20.4s, 1 line, protected): pittingIn(L13)
🗑 dropped (in pit): surveyGate(pitEntry, 19)
🗑 dropped (in pit): surveyComplete(2 optional missing)
📊 strategy: box reached on the ENDING lap (entered L13, counter still L13) — the lap in progress completes on release, counting it as banked
🗣 spoke (pitSequence, imp 2, cost 1.2s, ledger 2.0/20.4s, 1 line, protected): inPitBox
📊 laps-left model: elapsed 1185.9 s, remaining 2414.1 s, median lap 89.8 s -> 27 (no-stop 27, pit loss 15.0 s, rate 7 l/s)
📊 strategy: refuel target 27 capped to tank (19.7 laps of capacity)
🗣 spoke (strategy, imp 0, cost 4.4s, ledger 6.4/20.4s, 1 line, protected): refuelTarget(19 laps)
🗑 dropped (in pit): tyreTemps(low, 60°)
🔀 state PIT → RACING at pkt 4484218 lap 14
🔵 sub-state — → OUT_LAP lap 14
🅿️ PIT completed: in L13 → out L14 (+67.2 fuel, transit 35.3s, teleport=false)
🚪 gate refined: Deep Forest Raceway/customRace/pitBox (23 samples, σ 0.06 m, ±0 m)
🗑 dropped (in pit): surveyGate(pitBox, 23)
🗑 dropped (in pit): surveyComplete(1 optional missing)
🅿️ entry→box 17.2s (speaking budget)
📋 lap 13: 1:56.867 in fuel_used=4.44
🔵 lap 13: clean
🗑 dropped (in pit): lapStarted(14, last 116.87s)
🗑 dropped (in pit): positionChange(P1→P19)
🔧 teleport 173 m on lap 14 — pit release, not a reset
📊 laps-left model: elapsed 1204.0 s, remaining 2396.0 s, median lap 89.8 s -> 27 (no-stop 27, pit loss 15.0 s, rate 7 l/s)
📊 strategy L14: fuel/lap 5.08 | fuel 100.0 = 19.7 laps | 27.0 laps to go | stops 1
🗣 spoke (pitSequence, imp 2, cost 1.6s, ledger 7.2/20.4s, 1 line, protected): exitingPit(+67.15l)
🚪 gate refined: Deep Forest Raceway/customRace/pitExit (23 samples, σ 0.06 m, ±8 m)
🗺 mapper: lap 13 rejected (teleport)
🗣 spoke (radio, imp 0, cost 2.7s, ledger 9.9/20.4s, 1 line): surveyGate(pitExit, 23)
📊 laps-left model: elapsed 1204.0 s, remaining 2381.0 s, median lap 89.8 s -> 27 (no-stop 27, pit loss 15.0 s, rate 7 l/s), out-lap -15.0s
📊 strategy L14: fuel/lap 5.08 | fuel 100.0 = 19.7 laps | 27.0 laps to go | stops 1 (post-stop recalc)
🗣 spoke (radio, imp 0, cost 2.1s, ledger 11.9/20.4s, 1 line): surveyComplete(0 optional missing)
📋 strategy burst: 4 event(s), releasing best-first — pitWindow(L21/L21/L32, stops 1) | strategyUpdate(fuel 19.68L, togo 27, stops 1, post-stop) | pitWindowState(beforeOpen, now L14, L21/L21/L32, stops 1) | pitStopsToGo(1, 27 to go)
🗣 spoke (strategy, imp 2, cost 2.2s, ledger 14.2/20.4s, 1 line, protected): pitWindow(L21/L21/L32, stops 1)
🗣 spoke (strategy, imp 2, cost 3.1s, ledger 17.3/20.4s, 1 line, protected): strategyUpdate(fuel 19.68L, togo 27, stops 1, post-stop)
🗣 spoke (strategy, imp 4, cost 2.7s, ledger 19.9/20.4s, 1 line, protected): pitWindowState(beforeOpen, now L14, L21/L21/L32, stops 1)
🗑 dropped (burst cap 3): pitStopsToGo(1, 27 to go)
🗑 dropped (cooldown strategy; 13.5s of 75.0s via strategy x0.50): strategyUpdate(fuel 19.68L, togo 27, stops 1)
🗣 chain (imp 4, cost 2.5s, ledger 2.5/20.4s, 1 events, 1 lines)
🎭 mood relaxed → focused
🗣 chain (imp 4, cost 2.1s, ledger 4.6/20.4s, 1 events, 1 lines)
🔵 sub-state OUT_LAP → FLYING lap 15
📋 lap 14: 1:31.256 out fuel_used=5.62
🎭 mood focused → relaxed
🔵 lap 14 antics: contact, lost 18
📊 laps-left model: elapsed 1295.3 s, remaining 2304.7 s, median lap 89.8 s -> 26 (no-stop 26, pit loss 15.0 s, rate 7 l/s)
📊 strategy L15: fuel/lap 5.11 | fuel 94.4 = 18.5 laps | 26.0 laps to go | stops 1
🚪 gate refined: Deep Forest Raceway/customRace/finishLine (425 samples, σ 2.06 m, ±8 m)
🗣 spoke (position, imp 4, cost 3.7s, ledger 3.7/20.4s, 1 line): positionChange(P19→P8)
🗺 mapper: lap 14 rejected (teleport)
🗣 spoke (radio, imp 0, cost 2.7s, ledger 6.4/20.4s, 1 line): surveyGate(finishLine, 425)
📋 strategy burst: 2 event(s), releasing best-first — pitWindowState(beforeOpen, now L15, L21/L21/L32, stops 1) | pitStopsToGo(1, 26 to go)
🗣 spoke (strategy, imp 4, cost 4.4s, ledger 10.7/20.4s, 1 line, protected): pitWindowState(beforeOpen, now L15, L21/L21/L32, stops 1)
🗣 spoke (strategy, imp 4, cost 2.1s, ledger 12.8/20.4s, 1 line, protected): pitStopsToGo(1, 26 to go)
🗣 bulletin (imp 6, cost 5.4s, ledger 18.2/20.4s, 2 lines): L15
🗑 speaker: stale, not spoken: "lap 15"
🗑 speaker: stale, not spoken: "last lap 1 31 point two six"
🗣 spoke (strategy, imp 2, cost 2.2s, ledger 20.4/20.4s, 1 line, protected): strategyUpdate(fuel 18.46L, togo 26, stops 1)
📋 lap 15: 1:28.787 clean fuel_used=5.43
🔵 lap 15: clean
📊 laps-left model: elapsed 1384.2 s, remaining 2215.8 s, median lap 89.8 s -> 25 (no-stop 25, pit loss 15.0 s, rate 7 l/s)
📊 strategy L16: fuel/lap 5.11 | fuel 88.9 = 17.4 laps | 25.0 laps to go | stops 1
🚪 gate refined: Deep Forest Raceway/customRace/finishLine (426 samples, σ 2.06 m, ±8 m)
🗣 spoke (position, imp 4, cost 4.4s, ledger 4.4/20.4s, 1 line): positionChange(P8→P2)
🗣 spoke (radio, imp 0, cost 2.7s, ledger 7.0/20.4s, 1 line): surveyGate(finishLine, 426)
🗺 mapper: learned lap 15 (88.787 s, 4180 m, 836 pts) — installing as session polyline
🗣 spoke (radio, imp 0, cost 4.1s, ledger 11.2/20.4s, 1 line): surveyLap(15, 88787 ms, 836 pts)
🗺 session polyline installed from lap 15 (836 pts) — minimap + delta live
⏱ class lap kept: Deep Forest Raceway/customRace/Gr.3 → 1:28.787 (10/10 laps, 7 car(s), avg 1:28.554)
📋 strategy burst: 2 event(s), releasing best-first — pitWindowState(beforeOpen, now L16, L21/L21/L32, stops 1) | pitStopsToGo(1, 25 to go)
🗣 spoke (strategy, imp 4, cost 2.7s, ledger 13.8/20.4s, 1 line, protected): pitWindowState(beforeOpen, now L16, L21/L21/L32, stops 1)
🗣 spoke (strategy, imp 4, cost 2.1s, ledger 15.9/20.4s, 1 line, protected): pitStopsToGo(1, 25 to go)
🗑 dropped (bulletin, ledger full; cost 6.0s, load 15.9/20.4s, 2 lines): L16
🗣 spoke (strategy, imp 2, cost 2.2s, ledger 18.1/20.4s, 1 line, protected): strategyUpdate(fuel 17.40L, togo 25, stops 1)
🗣 spoke (tyres, imp 4, cost 2.1s, ledger 4.3/20.4s, 1 line): tyreTemps(inWindow, 72°)
📋 lap 16: 1:28.348 clean fuel_used=5.48
🔵 lap 16: clean
📊 laps-left model: elapsed 1472.6 s, remaining 2127.4 s, median lap 89.6 s -> 24 (no-stop 24, pit loss 15.0 s, rate 7 l/s)
📊 strategy L17: fuel/lap 5.23 | fuel 83.5 = 16.0 laps | 24.0 laps to go | stops 1
🗣 spoke (position, imp 4, cost 2.1s, ledger 2.1/20.4s, 1 line): positionChange(P2→P1)
🚪 gate refined: Deep Forest Raceway/customRace/finishLine (427 samples, σ 2.06 m, ±8 m)
🗣 spoke (radio, imp 0, cost 2.7s, ledger 4.7/20.4s, 1 line): surveyGate(finishLine, 427)
🗺 mapper: learned lap 16 (88.348 s, 4185 m, 837 pts) — installing as session polyline
🗣 spoke (radio, imp 0, cost 3.7s, ledger 8.4/20.4s, 1 line): surveyLap(16, 88348 ms, 837 pts)
🗺 session polyline installed from lap 16 (837 pts) — minimap + delta live
⏱ class lap kept: Deep Forest Raceway/customRace/Gr.3 → 1:28.348 (10/10 laps, 6 car(s), avg 1:28.472)
📋 strategy burst: 4 event(s), releasing best-first — pitWindow(L22/L22/L31, stops 1) | fuelStatus(extendStint, 15, 24 to go, 15.96 fuel-laps) | pitWindowState(beforeOpen, now L17, L22/L22/L31, stops 1, close) | pitStopsToGo(1, 24 to go)
🗣 spoke (strategy, imp 2, cost 2.2s, ledger 10.7/20.4s, 1 line, protected): pitWindow(L22/L22/L31, stops 1)
🗣 spoke (strategy, imp 2, cost 3.8s, ledger 14.4/20.4s, 1 line, protected): fuelStatus(extendStint, 15, 24 to go, 15.96 fuel-laps)
🗣 spoke (strategy, imp 4, cost 2.7s, ledger 17.1/20.4s, 1 line, protected): pitWindowState(beforeOpen, now L17, L22/L22/L31, stops 1, close)
🗑 dropped (burst cap 3): pitStopsToGo(1, 24 to go)
🗑 dropped (bulletin, ledger full; cost 5.6s, load 17.1/20.4s, 2 lines): L17
🗣 spoke (strategy, imp 2, cost 2.2s, ledger 19.3/20.4s, 1 line, protected): strategyUpdate(fuel 15.96L, togo 24, stops 1)
📋 lap 17: 1:28.280 clean fuel_used=5.45
🔵 lap 17: clean
📊 laps-left model: elapsed 1561.0 s, remaining 2039.0 s, median lap 89.5 s -> 23 (no-stop 23, pit loss 15.0 s, rate 7 l/s)
📊 strategy L18: fuel/lap 5.37 | fuel 78.0 = 14.5 laps | 23.0 laps to go | stops 1
🚪 gate refined: Deep Forest Raceway/customRace/finishLine (428 samples, σ 2.05 m, ±8 m)
🗣 spoke (radio, imp 0, cost 2.7s, ledger 2.7/20.4s, 1 line): surveyGate(finishLine, 428)
🗺 mapper: learned lap 17 (88.280 s, 4185 m, 837 pts) — installing as session polyline
🗣 spoke (radio, imp 0, cost 4.1s, ledger 6.8/20.4s, 1 line): surveyLap(17, 88280 ms, 837 pts)
🗺 session polyline installed from lap 17 (837 pts) — minimap + delta live
⏱ class lap kept: Deep Forest Raceway/customRace/Gr.3 → 1:28.280 (10/10 laps, 6 car(s), avg 1:28.397)
📋 strategy burst: 2 event(s), releasing best-first — pitWindowState(beforeOpen, now L18, L22/L22/L31, stops 1) | pitStopsToGo(1, 23 to go)
🗣 spoke (strategy, imp 4, cost 4.0s, ledger 10.7/20.4s, 1 line, protected): pitWindowState(beforeOpen, now L18, L22/L22/L31, stops 1)
🗣 spoke (strategy, imp 4, cost 2.5s, ledger 13.2/20.4s, 1 line, protected): pitStopsToGo(1, 23 to go)
🗣 bulletin (imp 2, cost 6.0s, ledger 19.3/20.4s, 2 lines): L18
🗑 speaker: stale, not spoken: "lap 18 now"
🗣 spoke (strategy, imp 2, cost 2.2s, ledger 21.5/20.4s, 1 line, protected): strategyUpdate(fuel 14.54L, togo 23, stops 1)
📋 lap 18: 1:28.714 clean fuel_used=5.63
🔵 lap 18: clean
📊 laps-left model: elapsed 1649.8 s, remaining 1950.2 s, median lap 89.2 s -> 22 (no-stop 22, pit loss 15.0 s, rate 7 l/s)
📊 strategy L19: fuel/lap 5.44 | fuel 72.4 = 13.3 laps | 22.0 laps to go | stops 1
🚪 gate refined: Deep Forest Raceway/customRace/finishLine (429 samples, σ 2.06 m, ±8 m)
🗣 spoke (radio, imp 0, cost 2.7s, ledger 2.7/20.4s, 1 line): surveyGate(finishLine, 429)
📋 strategy burst: 3 event(s), releasing best-first — pitWindow(L23/L23/L31, stops 1) | pitWindowState(beforeOpen, now L19, L23/L23/L31, stops 1) | pitStopsToGo(1, 22 to go)
🗣 spoke (strategy, imp 2, cost 2.2s, ledger 4.9/20.4s, 1 line, protected): pitWindow(L23/L23/L31, stops 1)
🗣 spoke (strategy, imp 4, cost 4.4s, ledger 9.3/20.4s, 1 line, protected): pitWindowState(beforeOpen, now L19, L23/L23/L31, stops 1)
🗣 spoke (strategy, imp 4, cost 2.1s, ledger 11.3/20.4s, 1 line, protected): pitStopsToGo(1, 22 to go)
🗣 bulletin (imp 6, cost 4.6s, ledger 15.9/20.4s, 2 lines): L19
🗑 speaker: stale after pause: "keep those good laps coming"
🗣 spoke (strategy, imp 2, cost 2.2s, ledger 18.2/20.4s, 1 line, protected): strategyUpdate(fuel 13.30L, togo 22, stops 1)
📋 lap 19: 1:28.859 clean fuel_used=5.10
🔵 lap 19: clean
📊 laps-left model: elapsed 1738.7 s, remaining 1861.3 s, median lap 88.8 s -> 21 (no-stop 21, pit loss 15.0 s, rate 7 l/s)
📊 strategy L20: fuel/lap 5.44 | fuel 67.3 = 12.4 laps | 21.0 laps to go | stops 1
🚪 gate refined: Deep Forest Raceway/customRace/finishLine (430 samples, σ 2.06 m, ±8 m)
🗣 spoke (radio, imp 0, cost 2.7s, ledger 2.7/20.4s, 1 line): surveyGate(finishLine, 430)
📋 strategy burst: 2 event(s), releasing best-first — pitWindowState(beforeOpen, now L20, L23/L23/L31, stops 1) | pitStopsToGo(1, 21 to go)
🗣 spoke (strategy, imp 4, cost 4.0s, ledger 6.6/20.4s, 1 line, protected): pitWindowState(beforeOpen, now L20, L23/L23/L31, stops 1)
🗣 spoke (strategy, imp 4, cost 2.1s, ledger 8.7/20.4s, 1 line, protected): pitStopsToGo(1, 21 to go)
🗣 bulletin (imp 6, cost 5.8s, ledger 14.5/20.4s, 2 lines): L20
🗣 spoke (strategy, imp 2, cost 2.2s, ledger 16.7/20.4s, 1 line, protected): strategyUpdate(fuel 12.36L, togo 21, stops 1)
📋 lap 20: 1:28.641 clean fuel_used=5.18
🔵 lap 20: clean
📊 laps-left model: elapsed 1827.5 s, remaining 1772.5 s, median lap 88.8 s -> 20 (no-stop 20, pit loss 15.0 s, rate 7 l/s)
📊 strategy L21: fuel/lap 5.44 | fuel 62.1 = 11.4 laps | 20.0 laps to go | stops 1
🚪 gate refined: Deep Forest Raceway/customRace/finishLine (431 samples, σ 2.05 m, ±8 m)
🗣 spoke (radio, imp 0, cost 2.7s, ledger 2.7/20.4s, 1 line): surveyGate(finishLine, 431)
📋 strategy burst: 2 event(s), releasing best-first — pitWindowState(beforeOpen, now L21, L23/L23/L31, stops 1) | pitStopsToGo(1, 20 to go)
🗣 spoke (strategy, imp 4, cost 2.7s, ledger 5.3/20.4s, 1 line, protected): pitWindowState(beforeOpen, now L21, L23/L23/L31, stops 1)
🗣 spoke (strategy, imp 4, cost 2.5s, ledger 7.8/20.4s, 1 line, protected): pitStopsToGo(1, 20 to go)
🗣 bulletin (imp 6, cost 6.3s, ledger 14.1/20.4s, 2 lines): L21
🗣 spoke (strategy, imp 2, cost 2.2s, ledger 16.4/20.4s, 1 line, protected): strategyUpdate(fuel 11.41L, togo 20, stops 1)
🔧 huge stop 229 km/h with clutch 1.00 — pending impact-vs-pit (6 s)
🔀 state RACING → PIT at pkt 4526656 lap 21
🔵 sub-state FLYING → — lap 21
🔧 pit-entry anchor learned: 84427 ms into lap (stop on lap 21)
🔧 pended impact cancelled: pit entry
📊 strategy: stop underway, plan now 0 more
🚪 gate refined: Deep Forest Raceway/customRace/pitEntry (20 samples, σ 0.50 m, ±0 m)
🗣 spoke (pitSequence, imp 0, cost 2.5s, ledger 2.5/20.4s, 1 line, protected): pittingIn(L21)
🗑 dropped (in pit): surveyGate(pitEntry, 20)
📊 strategy: box reached on the ENDING lap (entered L21, counter still L21) — the lap in progress completes on release, counting it as banked
📊 laps-left model: elapsed 1925.8 s, remaining 1674.2 s, median lap 88.8 s -> 19 (no-stop 19, pit loss 15.0 s, rate 7 l/s)
📊 strategy: refuel target 19 capped to tank (18.4 laps of capacity)
🗣 spoke (pitSequence, imp 2, cost 2.5s, ledger 5.0/20.4s, 1 line, protected): inPitBox
🗣 spoke (strategy, imp 0, cost 4.0s, ledger 8.9/20.4s, 1 line, protected): refuelTarget(18 laps)
🗑 dropped (in pit): tyreTemps(low, 60°)
🔀 state PIT → RACING at pkt 4528356 lap 22
🔵 sub-state — → OUT_LAP lap 22
🅿️ PIT completed: in L21 → out L22 (+42.3 fuel, transit 31.7s, teleport=false)
🚪 gate refined: Deep Forest Raceway/customRace/pitBox (24 samples, σ 0.06 m, ±0 m)
🅿️ entry→box 17.2s (speaking budget)
🗑 dropped (in pit): surveyGate(pitBox, 24)
📋 lap 21: 1:52.748 in fuel_used=4.42
🔵 lap 21: clean
🗑 dropped (in pit): lapStarted(22, last 112.75s)
🗑 dropped (in pit): positionChange(P1→P8)
🔧 teleport 173 m on lap 22 — pit release, not a reset
📊 laps-left model: elapsed 1940.3 s, remaining 1659.7 s, median lap 88.8 s -> 19 (no-stop 19, pit loss 15.0 s, rate 7 l/s)
📊 strategy L22: fuel/lap 5.44 | fuel 100.0 = 18.4 laps | 19.0 laps to go | stops 1
🗣 spoke (pitSequence, imp 2, cost 1.6s, ledger 8.1/20.4s, 1 line, protected): exitingPit(+42.30l, tyres)
🗑 dropped (cooldown pit; 0.0s of 1.0s via pitSequence x0.50): freshTyres
🚪 gate refined: Deep Forest Raceway/customRace/pitExit (24 samples, σ 0.06 m, ±8 m)
🗣 spoke (strategy, imp 1, cost 2.7s, ledger 10.7/20.4s, 1 line, protected): stopsPlanChanged(0→1)
🗺 mapper: lap 21 rejected (teleport)
🗣 spoke (radio, imp 0, cost 2.7s, ledger 13.4/20.4s, 1 line): surveyGate(pitExit, 24)
📊 laps-left model: elapsed 1940.3 s, remaining 1644.7 s, median lap 88.8 s -> 19 (no-stop 19, pit loss 15.0 s, rate 7 l/s), out-lap -15.0s
📊 strategy L22: fuel/lap 5.44 | fuel 100.0 = 18.4 laps | 19.0 laps to go | stops 1 (post-stop recalc)
📋 strategy burst: 4 event(s), releasing best-first — pitWindow(L23/L23/L39, stops 1) | strategyUpdate(fuel 18.37L, togo 19, stops 1, post-stop) | pitWindowState(beforeOpen, now L22, L23/L23/L39, stops 1) | pitStopsToGo(1, 19 to go)
🗣 spoke (strategy, imp 2, cost 2.2s, ledger 15.6/20.4s, 1 line, protected): pitWindow(L23/L23/L39, stops 1)
🗣 spoke (strategy, imp 2, cost 3.1s, ledger 18.7/20.4s, 1 line, protected): strategyUpdate(fuel 18.37L, togo 19, stops 1, post-stop)
🗣 spoke (strategy, imp 4, cost 2.7s, ledger 21.4/20.4s, 1 line, protected): pitWindowState(beforeOpen, now L22, L23/L23/L39, stops 1)
🗑 dropped (burst cap 3): pitStopsToGo(1, 19 to go)
🗑 dropped (cooldown strategy; 13.3s of 75.0s via strategy x0.50): strategyUpdate(fuel 18.37L, togo 19, stops 1)
🔵 sub-state OUT_LAP → FLYING lap 23
📋 lap 22: 1:32.569 out fuel_used=5.05
🔵 lap 22: clean
📊 laps-left model: elapsed 2033.0 s, remaining 1567.0 s, median lap 88.8 s -> 18 (no-stop 18, pit loss 15.0 s, rate 7 l/s)
📊 strategy L23: fuel/lap 5.44 | fuel 94.9 = 17.4 laps | 18.0 laps to go | stops 1
🚪 gate refined: Deep Forest Raceway/customRace/finishLine (432 samples, σ 2.05 m, ±8 m)
🗣 spoke (position, imp 4, cost 2.2s, ledger 2.2/20.4s, 1 line): positionChange(P8→P7)
🗺 mapper: lap 22 rejected (teleport)
🗣 spoke (radio, imp 0, cost 2.7s, ledger 4.9/20.4s, 1 line): surveyGate(finishLine, 432)
📋 strategy burst: 2 event(s), releasing best-first — pitWindowState(openToLatest, now L23, L23/L23/L39, stops 1) | pitStopsToGo(1, 18 to go)
🗣 spoke (strategy, imp 4, cost 4.4s, ledger 9.3/20.4s, 1 line, protected): pitWindowState(openToLatest, now L23, L23/L23/L39, stops 1)
🗣 spoke (strategy, imp 4, cost 2.5s, ledger 11.8/20.4s, 1 line, protected): pitStopsToGo(1, 18 to go)
🗣 bulletin (imp 6, cost 6.4s, ledger 18.2/20.4s, 2 lines): L23
🗑 dropped (ledger full; cost 2.5s, load 18.2/20.4s): tyreTemps(inWindow, 70°)
🗣 spoke (strategy, imp 2, cost 2.2s, ledger 20.4/20.4s, 1 line, protected): strategyUpdate(fuel 17.44L, togo 18, stops 1)
📋 lap 23: 1:30.831 clean fuel_used=4.69
🔵 lap 23: clean
📊 laps-left model: elapsed 2123.9 s, remaining 1476.1 s, median lap 88.8 s -> 17 (no-stop 17, pit loss 15.0 s, rate 7 l/s)
📊 strategy L24: fuel/lap 5.31 | fuel 90.3 = 17.0 laps | 17.0 laps to go | stops 0
🚪 gate refined: Deep Forest Raceway/customRace/finishLine (433 samples, σ 2.05 m, ±8 m)
🗣 spoke (radio, imp 0, cost 2.7s, ledger 2.7/20.4s, 1 line): surveyGate(finishLine, 433)
🗣 bulletin (imp 6, cost 5.4s, ledger 8.0/20.4s, 2 lines): L24
🗣 spoke (strategy, imp 2, cost 4.0s, ledger 12.0/20.4s, 1 line, protected): strategyUpdate(fuel 17.00L, togo 17, stops 0)
🗣 chain (imp 4, cost 1.2s, ledger 1.2/20.4s, 1 events, 1 lines)
📋 lap 24: 1:31.833 clean fuel_used=4.48
🔵 lap 24 antics: contact
📊 laps-left model: elapsed 2215.8 s, remaining 1384.2 s, median lap 88.8 s -> 16 (no-stop 16, pit loss 15.0 s, rate 7 l/s)
📊 strategy L25: fuel/lap 5.14 | fuel 85.8 = 16.7 laps | 16.0 laps to go | stops 0
🗣 spoke (lapPace, imp 4, cost 2.5s, ledger 3.7/20.4s, 1 line): paceDegradation(0.54s/lap over 5)
🚪 gate refined: Deep Forest Raceway/customRace/finishLine (434 samples, σ 2.05 m, ±8 m)
🗣 spoke (position, imp 4, cost 3.7s, ledger 7.4/20.4s, 1 line): positionChange(P7→P5)
🗣 spoke (radio, imp 0, cost 2.7s, ledger 10.1/20.4s, 1 line): surveyGate(finishLine, 434)
🗣 bulletin (imp 6, cost 6.0s, ledger 16.0/20.4s, 2 lines): L25
🗣 spoke (strategy, imp 2, cost 3.5s, ledger 18.3/20.4s, 1 line, protected): strategyUpdate(fuel 16.69L, togo 16, stops 0)
📋 lap 25: 1:30.826 clean fuel_used=4.98
🔵 lap 25: clean
📊 laps-left model: elapsed 2306.7 s, remaining 1293.3 s, median lap 88.8 s -> 15 (no-stop 15, pit loss 15.0 s, rate 7 l/s)
📊 strategy L26: fuel/lap 5.08 | fuel 80.8 = 15.9 laps | 15.0 laps to go | stops 0
🚪 gate refined: Deep Forest Raceway/customRace/finishLine (435 samples, σ 2.05 m, ±8 m)
🗣 spoke (position, imp 4, cost 1.4s, ledger 1.4/20.4s, 1 line): positionChange(P5→P3)
🗣 spoke (radio, imp 0, cost 2.7s, ledger 4.0/20.4s, 1 line): surveyGate(finishLine, 435)
🗣 bulletin (imp 6, cost 5.6s, ledger 9.7/20.4s, 2 lines): L26
🗣 chain (imp 4, cost 2.5s, ledger 12.2/20.4s, 1 events, 1 lines)
🗣 spoke (strategy, imp 2, cost 3.5s, ledger 15.7/20.4s, 1 line, protected): strategyUpdate(fuel 15.92L, togo 15, stops 0)
📋 lap 26: 1:31.149 clean fuel_used=4.89
🔵 lap 26 antics: contact, gained 2
📊 laps-left model: elapsed 2398.0 s, remaining 1202.0 s, median lap 89.8 s -> 14 (no-stop 14, pit loss 15.0 s, rate 7 l/s)
📊 strategy L27: fuel/lap 5.02 | fuel 75.9 = 15.1 laps | 14.0 laps to go | stops 0
🗣 spoke (position, imp 4, cost 2.5s, ledger 2.5/20.4s, 1 line): positionChange(P3→P1)
🚪 gate refined: Deep Forest Raceway/customRace/finishLine (436 samples, σ 2.05 m, ±8 m)
🗣 spoke (radio, imp 0, cost 2.7s, ledger 5.2/20.4s, 1 line): surveyGate(finishLine, 436)
🗣 spoke (strategy, imp 2, cost 3.1s, ledger 8.2/20.4s, 1 line, protected): fuelStatus(plusLaps, 1, 14 to go, 15.12 fuel-laps)
🗣 bulletin (imp 6, cost 4.9s, ledger 13.2/20.4s, 2 lines): L27
🗣 spoke (strategy, imp 2, cost 3.5s, ledger 16.7/20.4s, 1 line, protected): strategyUpdate(fuel 15.12L, togo 14, stops 0)
📋 lap 27: 1:30.710 clean fuel_used=4.73
🔵 lap 27: clean
📊 laps-left model: elapsed 2488.8 s, remaining 1111.2 s, median lap 90.8 s -> 13 (no-stop 13, pit loss 15.0 s, rate 7 l/s)
📊 strategy L28: fuel/lap 4.94 | fuel 71.2 = 14.4 laps | 13.0 laps to go | stops 0
🚪 gate refined: Deep Forest Raceway/customRace/finishLine (437 samples, σ 2.05 m, ±8 m)
🗣 spoke (radio, imp 0, cost 2.7s, ledger 2.7/20.4s, 1 line): surveyGate(finishLine, 437)
🗣 spoke (strategy, imp 2, cost 3.1s, ledger 5.8/20.4s, 1 line, protected): fuelStatus(plusLaps, 1, 13 to go, 14.42 fuel-laps)
🗣 bulletin (imp 6, cost 5.4s, ledger 11.1/20.4s, 2 lines): L28
🗣 spoke (strategy, imp 2, cost 3.5s, ledger 14.7/20.4s, 1 line, protected): strategyUpdate(fuel 14.42L, togo 13, stops 0)
📋 lap 28: 1:31.041 clean fuel_used=4.90
🔵 lap 28: clean
📊 laps-left model: elapsed 2579.9 s, remaining 1020.1 s, median lap 90.8 s -> 12 (no-stop 12, pit loss 15.0 s, rate 7 l/s)
📊 strategy L29: fuel/lap 4.90 | fuel 66.3 = 13.5 laps | 12.0 laps to go | stops 0
🚪 gate refined: Deep Forest Raceway/customRace/finishLine (438 samples, σ 2.05 m, ±8 m)
🗣 spoke (radio, imp 0, cost 2.7s, ledger 2.7/20.4s, 1 line): surveyGate(finishLine, 438)
🗣 spoke (strategy, imp 2, cost 3.5s, ledger 6.2/20.4s, 1 line, protected): fuelStatus(plusLaps, 1, 12 to go, 13.54 fuel-laps)
🗣 bulletin (imp 6, cost 5.8s, ledger 12.0/20.4s, 2 lines): L29
🗣 spoke (strategy, imp 2, cost 3.5s, ledger 15.5/20.4s, 1 line, protected): strategyUpdate(fuel 13.54L, togo 12, stops 0)
📋 lap 29: 1:30.955 clean fuel_used=4.76
🔵 lap 29: clean
📊 laps-left model: elapsed 2671.0 s, remaining 929.0 s, median lap 90.9 s -> 11 (no-stop 11, pit loss 15.0 s, rate 7 l/s)
📊 strategy L30: fuel/lap 4.82 | fuel 61.5 = 12.8 laps | 11.0 laps to go | stops 0
🚪 gate refined: Deep Forest Raceway/customRace/finishLine (439 samples, σ 2.05 m, ±8 m)
🗣 spoke (radio, imp 0, cost 2.7s, ledger 2.7/20.4s, 1 line): surveyGate(finishLine, 439)
🗣 spoke (strategy, imp 2, cost 3.5s, ledger 6.2/20.4s, 1 line, protected): fuelStatus(plusLaps, 1, 11 to go, 12.75 fuel-laps)
🗣 bulletin (imp 6, cost 4.9s, ledger 11.1/20.4s, 2 lines): L30
🗣 spoke (strategy, imp 2, cost 3.5s, ledger 14.7/20.4s, 1 line, protected): strategyUpdate(fuel 12.75L, togo 11, stops 0)
📋 lap 30: 1:30.878 clean fuel_used=4.88
🔵 lap 30: clean
📊 laps-left model: elapsed 2761.9 s, remaining 838.1 s, median lap 90.9 s -> 10 (no-stop 10, pit loss 15.0 s, rate 7 l/s)
📊 strategy L31: fuel/lap 4.82 | fuel 56.6 = 11.8 laps | 10.0 laps to go | stops 0
🚪 gate refined: Deep Forest Raceway/customRace/finishLine (440 samples, σ 2.04 m, ±8 m)
🗣 spoke (radio, imp 0, cost 2.7s, ledger 2.7/20.4s, 1 line): surveyGate(finishLine, 440)
🗣 spoke (strategy, imp 2, cost 3.5s, ledger 6.2/20.4s, 1 line, protected): fuelStatus(plusLaps, 1, 10 to go, 11.76 fuel-laps)
🗣 bulletin (imp 6, cost 5.2s, ledger 11.4/20.4s, 2 lines): L31
🗣 spoke (strategy, imp 2, cost 3.5s, ledger 14.9/20.4s, 1 line, protected): strategyUpdate(fuel 11.76L, togo 10, stops 0)
📋 lap 31: 1:30.524 clean fuel_used=5.14
🔵 lap 31: clean
📊 laps-left model: elapsed 2852.6 s, remaining 747.4 s, median lap 90.9 s -> 9 (no-stop 9, pit loss 15.0 s, rate 7 l/s)
📊 strategy L32: fuel/lap 4.88 | fuel 51.5 = 10.5 laps | 9.0 laps to go | stops 0
🚪 gate refined: Deep Forest Raceway/customRace/finishLine (441 samples, σ 2.04 m, ±8 m)
🗣 spoke (radio, imp 0, cost 2.7s, ledger 2.7/20.4s, 1 line): surveyGate(finishLine, 441)
🗣 spoke (strategy, imp 2, cost 3.1s, ledger 5.8/20.4s, 1 line, protected): fuelStatus(plusLaps, 1, 9 to go, 10.54 fuel-laps)
🗣 bulletin (imp 6, cost 5.4s, ledger 11.1/20.4s, 2 lines): L32
🗣 spoke (strategy, imp 2, cost 3.5s, ledger 14.7/20.4s, 1 line, protected): strategyUpdate(fuel 10.54L, togo 9, stops 0)
📋 lap 32: 1:30.683 clean fuel_used=4.87
🔵 lap 32: clean
📊 laps-left model: elapsed 2943.3 s, remaining 656.7 s, median lap 90.9 s -> 8 (no-stop 8, pit loss 15.0 s, rate 7 l/s)
📊 strategy L33: fuel/lap 4.88 | fuel 46.6 = 9.5 laps | 8.0 laps to go | stops 0
🚪 gate refined: Deep Forest Raceway/customRace/finishLine (442 samples, σ 2.04 m, ±8 m)
🗣 spoke (radio, imp 0, cost 2.7s, ledger 2.7/20.4s, 1 line): surveyGate(finishLine, 442)
🗣 spoke (strategy, imp 2, cost 3.1s, ledger 5.8/20.4s, 1 line, protected): fuelStatus(plusLaps, 1, 8 to go, 9.55 fuel-laps)
🗣 bulletin (imp 6, cost 4.5s, ledger 10.3/20.4s, 2 lines): L33
🗣 spoke (strategy, imp 2, cost 3.5s, ledger 13.8/20.4s, 1 line, protected): strategyUpdate(fuel 9.55L, togo 8, stops 0)
📋 lap 33: 1:30.290 clean fuel_used=4.85
🔵 lap 33: clean
📊 laps-left model: elapsed 3033.7 s, remaining 566.3 s, median lap 90.8 s -> 7 (no-stop 7, pit loss 15.0 s, rate 7 l/s)
📊 strategy L34: fuel/lap 4.88 | fuel 41.8 = 8.6 laps | 7.0 laps to go | stops 0
🚪 gate refined: Deep Forest Raceway/customRace/finishLine (443 samples, σ 2.04 m, ±8 m)
🗣 spoke (radio, imp 0, cost 2.7s, ledger 2.7/20.4s, 1 line): surveyGate(finishLine, 443)
🗣 spoke (strategy, imp 2, cost 2.7s, ledger 5.3/20.4s, 1 line, protected): fuelStatus(plusLaps, 1, 7 to go, 8.57 fuel-laps)
🗣 bulletin (imp 6, cost 5.4s, ledger 10.7/20.4s, 2 lines): L34
🗣 spoke (strategy, imp 2, cost 3.5s, ledger 14.2/20.4s, 1 line, protected): strategyUpdate(fuel 8.57L, togo 7, stops 0)
📋 lap 34: 1:30.266 clean fuel_used=5.03
🔵 lap 34: clean
📊 laps-left model: elapsed 3124.1 s, remaining 475.9 s, median lap 90.7 s -> 6 (no-stop 6, pit loss 15.0 s, rate 7 l/s)
📊 strategy L35: fuel/lap 4.88 | fuel 36.7 = 7.5 laps | 6.0 laps to go | stops 0
🚪 gate refined: Deep Forest Raceway/customRace/finishLine (444 samples, σ 2.05 m, ±8 m)
🗣 spoke (radio, imp 0, cost 2.7s, ledger 2.7/20.4s, 1 line): surveyGate(finishLine, 444)
🗣 spoke (strategy, imp 2, cost 3.1s, ledger 5.8/20.4s, 1 line, protected): fuelStatus(plusLaps, 1, 6 to go, 7.53 fuel-laps)
🗣 bulletin (imp 6, cost 5.2s, ledger 11.0/20.4s, 2 lines): L35
🗣 spoke (strategy, imp 2, cost 3.5s, ledger 14.5/20.4s, 1 line, protected): strategyUpdate(fuel 7.53L, togo 6, stops 0)
🗣 chain (imp 4, cost 1.6s, ledger 16.1/20.4s, 1 events, 1 lines)
📋 lap 35: 1:32.367 clean fuel_used=5.15
🔵 lap 35 antics: off
📊 laps-left model: elapsed 3216.5 s, remaining 383.5 s, median lap 90.8 s -> 5 (no-stop 5, pit loss 15.0 s, rate 7 l/s)
📊 strategy L36: fuel/lap 4.89 | fuel 31.6 = 6.5 laps | 5.0 laps to go | stops 0
🚪 gate refined: Deep Forest Raceway/customRace/finishLine (445 samples, σ 2.05 m, ±8 m)
🗣 spoke (radio, imp 0, cost 2.7s, ledger 2.7/20.4s, 1 line): surveyGate(finishLine, 445)
🗣 spoke (strategy, imp 2, cost 3.5s, ledger 6.2/20.4s, 1 line, protected): fuelStatus(plusLaps, 1, 5 to go, 6.46 fuel-laps)
🗣 bulletin (imp 6, cost 6.4s, ledger 12.6/20.4s, 2 lines): L36
🗣 spoke (strategy, imp 2, cost 3.5s, ledger 16.1/20.4s, 1 line, protected): strategyUpdate(fuel 6.46L, togo 5, stops 0)
📋 lap 36: 1:30.430 clean fuel_used=5.15
🔵 lap 36: clean
📊 laps-left model: elapsed 3307.0 s, remaining 293.0 s, median lap 90.6 s -> 4 (no-stop 4, pit loss 15.0 s, rate 7 l/s)
📊 strategy L37: fuel/lap 4.96 | fuel 26.4 = 5.3 laps | 4.0 laps to go | stops 0
🚪 gate refined: Deep Forest Raceway/customRace/finishLine (446 samples, σ 2.05 m, ±8 m)
🗣 spoke (radio, imp 0, cost 2.7s, ledger 2.7/20.4s, 1 line): surveyGate(finishLine, 446)
🗣 spoke (strategy, imp 2, cost 3.5s, ledger 6.2/20.4s, 1 line, protected): fuelStatus(plusLaps, 1, 4 to go, 5.34 fuel-laps)
🗣 bulletin (imp 6, cost 4.5s, ledger 10.7/20.4s, 2 lines): L37
🗣 spoke (strategy, imp 2, cost 3.5s, ledger 14.2/20.4s, 1 line, protected): strategyUpdate(fuel 5.34L, togo 4, stops 0)
📋 lap 37: 1:30.579 clean fuel_used=4.93
🔵 lap 37: clean
📊 laps-left model: elapsed 3397.7 s, remaining 202.3 s, median lap 90.6 s -> 3 (no-stop 3, pit loss 15.0 s, rate 7 l/s)
📊 strategy L38: fuel/lap 4.98 | fuel 21.5 = 4.3 laps | 3.0 laps to go | stops 0
🚪 gate refined: Deep Forest Raceway/customRace/finishLine (447 samples, σ 2.05 m, ±8 m)
🗣 spoke (radio, imp 0, cost 2.7s, ledger 2.7/20.4s, 1 line): surveyGate(finishLine, 447)
🗣 spoke (strategy, imp 2, cost 2.7s, ledger 5.3/20.4s, 1 line, protected): fuelStatus(plusLaps, 1, 3 to go, 4.32 fuel-laps)
🗣 bulletin (imp 6, cost 5.8s, ledger 11.1/20.4s, 2 lines): L38
🗣 spoke (strategy, imp 2, cost 3.5s, ledger 14.7/20.4s, 1 line, protected): strategyUpdate(fuel 4.32L, togo 3, stops 0)
📋 lap 38: 1:31.160 clean fuel_used=5.11
🔵 lap 38: clean
📊 laps-left model: elapsed 3489.0 s, remaining 111.0 s, median lap 90.6 s -> 2 (no-stop 2, pit loss 15.0 s, rate 7 l/s)
📊 strategy L39: fuel/lap 5.07 | fuel 16.4 = 3.2 laps | 2.0 laps to go | stops 0
🚪 gate refined: Deep Forest Raceway/customRace/finishLine (448 samples, σ 2.05 m, ±8 m)
🗣 spoke (radio, imp 0, cost 2.7s, ledger 2.7/20.4s, 1 line): surveyGate(finishLine, 448)
🗣 spoke (strategy, imp 2, cost 3.5s, ledger 6.2/20.4s, 1 line, protected): fuelStatus(plusLaps, 1, 2 to go, 3.23 fuel-laps)
🗣 bulletin (imp 6, cost 4.9s, ledger 11.1/20.4s, 2 lines): L39
🗣 spoke (strategy, imp 2, cost 3.5s, ledger 14.7/20.4s, 1 line, protected): strategyUpdate(fuel 3.23L, togo 2, stops 0)
📋 lap 39: 1:30.697 clean fuel_used=5.29
🔵 lap 39: clean
📊 laps-left model: elapsed 3579.7 s, remaining 20.3 s, median lap 90.6 s -> 1 (no-stop 1, pit loss 15.0 s, rate 7 l/s)
📊 strategy L40: fuel/lap 5.07 | fuel 11.1 = 2.2 laps | 1.0 laps to go | stops 0
🚪 gate refined: Deep Forest Raceway/customRace/finishLine (449 samples, σ 2.05 m, ±8 m)
🗣 spoke (radio, imp 0, cost 2.7s, ledger 2.7/20.4s, 1 line): surveyGate(finishLine, 449)
🗣 bulletin (imp 6, cost 4.9s, ledger 7.6/20.4s, 2 lines): L40
📋 lap 40: 1:30.859 clean fuel_used=5.47
🔵 lap 40: clean
📊 strategy: finish armed at L41 (clock 3670.7 s of 3600) — awaiting lap-clock freeze
📊 laps-left model: elapsed 3670.7 s, remaining -70.7 s, median lap 90.6 s -> 0 (expired)
📊 strategy L41: fuel/lap 5.13 | fuel 5.6 = 1.1 laps | 0.0 laps to go | stops 0
🚪 gate refined: Deep Forest Raceway/customRace/finishLine (450 samples, σ 2.04 m, ±8 m)
🗣 spoke (radio, imp 0, cost 2.7s, ledger 2.7/20.4s, 1 line): surveyGate(finishLine, 450)
📊 strategy: race finished at L41 — confirmed, lap clock frozen 0.50 s (handover 0.50 s)
✂️ capture auto-stop in 10s (race finished)
🗑 flag: pending commentary cancelled
🗣 spoke (radio, imp 0, cost 2.1s, ledger 4.7/20.4s, 1 line): raceFinished(L41)
🗑 speaker: 1 queued line(s) preempted by flag
# --- stopped: 221258 packets
