# EzioClient session log
# file:    20260821_192506 - Deep Forest Raceway (51).gt7td
# started: 2026-08-21T17:25:06Z
# track:   Deep Forest Raceway (CRS 51)
# car:     Hyundai Genesis Gr.3 [gr3]
# context: customRace
# ---
# car:     Hyundai Genesis Gr.3 (id 2160) — confirmed from telemetry
🧭 learned: 2 gates matched, all Deep Forest Raceway — using the finishLine gate (113 samples)
🧭 identified: Deep Forest Raceway (CRS 51) — finishLine, 113 sample(s), ±8 m
🚪 gate refined: Deep Forest Raceway/customRace/lap1 (6 samples, σ 0.82 m, ±8 m)
🗣 spoke (radio, imp 0, cost 3.1s, ledger 3.1/20.4s, 1 line): surveyGate(lap1, 6)
📊 strategy L1: no fuel model yet
🔄 new session on the same connection — resetting track-scoped state
🧭 learned pool: 109 gate(s) from 269 stored
📊 strategy: reset
📊 pit loss: estimated 15.0 s from the unofficial table (Deep Forest Raceway)
⚙️ crew cfg: wpm=140 window=24.0s sat=0.85 cap=20.4s overhead=0.35s speech=on
⚙️ crew cat lapPace: slider=11 eff=11 budget=24 cd=x0.50 lock=20.0->10.0s ttl=10s
⚙️ crew cat position: slider=11 eff=11 budget=24 cd=x0.50 lock=20.0->10.0s ttl=10s
⚙️ crew cat strategy: slider=11 eff=11 budget=24 cd=x0.50 lock=12.0->6.0s ttl=30s protected
⚙️ crew cat pitSequence: slider=11 eff=11 budget=24 cd=x0.50 lock=10.0->5.0s ttl=12s protected
⚙️ crew cat tyres: slider=11 eff=11 budget=24 cd=x0.50 lock=25.0->12.5s ttl=12s
⚙️ crew cat incidents: slider=3 eff=3 budget=24 cd=x0.50 lock=15.0->7.5s ttl=3s
⚙️ crew cat radio: slider=11 eff=11 budget=24 cd=x0.50 lock=45.0->22.5s ttl=8s
⚙️ crew cat chatter: slider=6 eff=6 budget=14 cd=x1.25 lock=60.0->75.0s ttl=6s
🎮 menus → onTrack (pkt 1278092, lap 0, flags 0x0009, pos 20, cars 20, tod 61620000)
🧭 polyline [PRE-GREEN]: 13 candidate(s) dropped on direction — best of them Tsukuba Circuit median 86.51 (alignment -0.97)
🧭 polyline [PRE-GREEN]: Deep Forest Raceway (CRS 51, map ctx customRace) median 1.52 m, p90 2.55 m, 3% of lap, 30 samples, alignment +1.00 — next course Brands Hatch Indy Circuit median 31.13/p90 82.36
🧭 polyline agrees with the declared course (CRS 51)
🏁 start type: ROLLING_START at pkt 1278453 lap 1
🔀 state UNKNOWN → RACING at pkt 1278453 lap 1
🔵 sub-state — → FIRST_LAP lap 1
📋 lap 0: — clean fuel_used=0.19
📊 strategy: green flag, race clock running
🗣 spoke (lapPace, imp 0, cost 1.2s, ledger 4.3/20.4s, 1 line): greenFlag
📊 strategy L1: no fuel model yet
🧭 learned: 2 gates matched, all Deep Forest Raceway — using the finishLine gate (113 samples)
🧭 identified: Deep Forest Raceway (CRS 51) — finishLine, 113 sample(s), ±8 m
🚪 gate refined: Deep Forest Raceway/customRace/lap1 (7 samples, σ 0.75 m, ±8 m)
🗣 spoke (radio, imp 0, cost 2.7s, ledger 7.0/20.4s, 1 line): surveyGate(lap1, 7)
🗣 chain (imp 4, cost 2.1s, ledger 2.1/20.4s, 1 events, 1 lines)
🗣 chain (imp 4, cost 1.2s, ledger 1.2/20.4s, 1 events, 1 lines)
🔵 sub-state FIRST_LAP → FLYING lap 2
📋 lap 1: 1:34.743 first fuel_used=4.79
🔵 lap 1 antics: contact
📊 strategy L2: fuel/lap 4.79, 19.8 laps of fuel, race length unknown — fuel horizon
🚪 gate refined: Deep Forest Raceway/customRace/finishLine (114 samples, σ 1.99 m, ±8 m)
🗣 spoke (radio, imp 0, cost 2.7s, ledger 3.9/20.4s, 1 line): surveyGate(finishLine, 114)
🗣 bulletin (imp 6, cost 5.4s, ledger 9.2/20.4s, 2 lines): L2
📋 lap 2: 1:31.695 clean fuel_used=4.66
🔵 lap 2: clean
📊 laps-left model: elapsed 186.6 s, remaining 3413.4 s, median lap 91.7 s -> 37 (no-stop 38, pit loss 15.0 s, rate 7 l/s)
📊 strategy L3: fuel/lap 4.73 | fuel 90.4 = 19.1 laps | 37.0 laps to go | stops 1
🚪 gate refined: Deep Forest Raceway/customRace/finishLine (115 samples, σ 1.98 m, ±8 m)
🗣 spoke (radio, imp 0, cost 2.7s, ledger 2.7/20.4s, 1 line): surveyGate(finishLine, 115)
🗺 mapper: learned lap 2 (91.695 s, 4180 m, 836 pts) — installing as session polyline
🗣 spoke (radio, imp 0, cost 3.7s, ledger 6.4/20.4s, 1 line): surveyLap(2, 91695 ms, 836 pts)
🗺 session polyline installed from lap 2 (836 pts) — minimap + delta live
⏱ class lap kept: Deep Forest Raceway/customRace/Gr.3 → 1:31.695 (7/10 laps, 3 car(s), avg 1:29.438)
🗣 spoke (radio, imp 0, cost 3.1s, ledger 9.5/20.4s, 1 line): surveyComplete(3 optional missing)
📋 strategy burst: 3 event(s), releasing best-first — pitWindow(L19/L19/L21, stops 1) | pitWindowState(beforeOpen, now L3, L19/L19/L21, stops 1) | pitStopsToGo(1, 37 to go)
🗣 spoke (strategy, imp 2, cost 2.2s, ledger 11.7/20.4s, 1 line, protected): pitWindow(L19/L19/L21, stops 1)
🗣 spoke (strategy, imp 4, cost 2.7s, ledger 14.4/20.4s, 1 line, protected): pitWindowState(beforeOpen, now L3, L19/L19/L21, stops 1)
🗣 spoke (strategy, imp 4, cost 2.1s, ledger 16.4/20.4s, 1 line, protected): pitStopsToGo(1, 37 to go)
🗑 dropped (bulletin, ledger full; cost 4.3s, load 16.4/20.4s, 2 lines): L3
🗣 spoke (strategy, imp 2, cost 2.2s, ledger 18.6/20.4s, 1 line, protected): strategyUpdate(fuel 19.12L, togo 37, stops 1)
📋 lap 3: 1:30.478 clean fuel_used=4.37
🔵 lap 3: clean
📊 laps-left model: elapsed 277.2 s, remaining 3322.8 s, median lap 91.1 s -> 37 (no-stop 37, pit loss 15.0 s, rate 7 l/s)
📊 strategy L4: fuel/lap 4.66 | fuel 86.0 = 18.4 laps | 37.0 laps to go | stops 1
🗣 spoke (position, imp 4, cost 3.1s, ledger 3.1/20.4s, 1 line): positionChange(P10→P7)
🚪 gate refined: Deep Forest Raceway/customRace/finishLine (116 samples, σ 1.99 m, ±8 m)
🗣 spoke (radio, imp 0, cost 2.7s, ledger 5.8/20.4s, 1 line): surveyGate(finishLine, 116)
🗺 mapper: learned lap 3 (90.478 s, 4190 m, 838 pts) — installing as session polyline
🗣 spoke (radio, imp 0, cost 3.7s, ledger 9.5/20.4s, 1 line): surveyLap(3, 90478 ms, 838 pts)
🗺 session polyline installed from lap 3 (838 pts) — minimap + delta live
⏱ class lap kept: Deep Forest Raceway/customRace/Gr.3 → 1:30.478 (8/10 laps, 3 car(s), avg 1:29.568)
📋 strategy burst: 3 event(s), releasing best-first — pitWindow(L20/L20/L21, stops 1) | pitWindowState(beforeOpen, now L4, L20/L20/L21, stops 1) | pitStopsToGo(1, 37 to go)
🗣 spoke (strategy, imp 2, cost 3.1s, ledger 12.5/20.4s, 1 line, protected): pitWindow(L20/L20/L21, stops 1)
🗣 spoke (strategy, imp 4, cost 2.7s, ledger 15.2/20.4s, 1 line, protected): pitWindowState(beforeOpen, now L4, L20/L20/L21, stops 1)
🗣 spoke (strategy, imp 4, cost 2.5s, ledger 17.7/20.4s, 1 line, protected): pitStopsToGo(1, 37 to go)
🗑 dropped (bulletin, ledger full; cost 6.2s, load 17.7/20.4s, 2 lines): L4
🗣 chain (imp 4, cost 2.5s, ledger 20.2/20.4s, 1 events, 1 lines)
🗑 speaker: stale, not spoken: "that's contact"
🗑 speaker: stale, not spoken: "keep it clean"
🗣 spoke (strategy, imp 2, cost 2.2s, ledger 22.4/20.4s, 1 line, protected): strategyUpdate(fuel 18.45L, togo 37, stops 1)
🎭 mood relaxed → focused
🗣 chain (imp 4, cost 2.5s, ledger 2.5/20.4s, 1 events, 1 lines)
📋 lap 4: 1:32.085 clean fuel_used=4.28
🔵 lap 4 antics: contact
📊 laps-left model: elapsed 369.4 s, remaining 3230.6 s, median lap 91.7 s -> 35 (no-stop 36, pit loss 15.0 s, rate 7 l/s)
📊 strategy L5: fuel/lap 4.52 | fuel 81.7 = 18.1 laps | 35.0 laps to go | stops 1
🚪 gate refined: Deep Forest Raceway/customRace/finishLine (117 samples, σ 2.03 m, ±8 m)
🗣 spoke (position, imp 4, cost 3.5s, ledger 6.0/20.4s, 1 line): positionChange(P7→P6)
🗣 spoke (radio, imp 0, cost 2.7s, ledger 8.7/20.4s, 1 line): surveyGate(finishLine, 117)
📋 strategy burst: 4 event(s), releasing best-first — pitWindow(L18/L19/L22, stops 1) | fuelStatus(extendStint, 18, 35 to go, 18.09 fuel-laps) | pitWindowState(beforeOpen, now L5, L18/L19/L22, stops 1, close) | pitStopsToGo(1, 35 to go)
🗣 spoke (strategy, imp 2, cost 4.1s, ledger 12.8/20.4s, 1 line, protected): pitWindow(L18/L19/L22, stops 1)
🗣 spoke (strategy, imp 2, cost 3.8s, ledger 16.6/20.4s, 1 line, protected): fuelStatus(extendStint, 18, 35 to go, 18.09 fuel-laps)
🗣 spoke (strategy, imp 4, cost 2.7s, ledger 19.2/20.4s, 1 line, protected): pitWindowState(beforeOpen, now L5, L18/L19/L22, stops 1, close)
🗑 dropped (burst cap 3): pitStopsToGo(1, 35 to go)
🗑 dropped (bulletin, ledger full; cost 3.9s, load 19.2/20.4s, 2 lines): L5
🎭 mood focused → relaxed
🗣 spoke (strategy, imp 2, cost 2.2s, ledger 19.0/20.4s, 1 line, protected): strategyUpdate(fuel 18.09L, togo 35, stops 1)
📋 lap 5: 1:30.294 clean fuel_used=4.48
🔵 lap 5: clean
📊 laps-left model: elapsed 459.7 s, remaining 3140.3 s, median lap 91.1 s -> 35 (no-stop 35, pit loss 15.0 s, rate 7 l/s)
📊 strategy L6: fuel/lap 4.49 | fuel 77.2 = 17.2 laps | 35.0 laps to go | stops 1
🚪 gate refined: Deep Forest Raceway/customRace/finishLine (118 samples, σ 2.06 m, ±8 m)
🗣 spoke (position, imp 4, cost 4.4s, ledger 4.4/20.4s, 1 line): positionChange(P6→P2)
🗣 spoke (radio, imp 0, cost 2.7s, ledger 7.0/20.4s, 1 line): surveyGate(finishLine, 118)
🗺 mapper: learned lap 5 (90.294 s, 4200 m, 840 pts) — installing as session polyline
🗣 spoke (radio, imp 0, cost 3.1s, ledger 10.1/20.4s, 1 line): surveyLap(5, 90294 ms, 840 pts)
🗺 session polyline installed from lap 5 (840 pts) — minimap + delta live
⏱ class lap kept: Deep Forest Raceway/customRace/Gr.3 → 1:30.294 (9/10 laps, 3 car(s), avg 1:29.648)
📋 strategy burst: 3 event(s), releasing best-first — pitWindow(L19/L20/L22, stops 1) | pitWindowState(beforeOpen, now L6, L19/L20/L22, stops 1) | pitStopsToGo(1, 35 to go)
🗣 spoke (strategy, imp 2, cost 2.8s, ledger 13.0/20.4s, 1 line, protected): pitWindow(L19/L20/L22, stops 1)
🗣 spoke (strategy, imp 4, cost 2.7s, ledger 15.6/20.4s, 1 line, protected): pitWindowState(beforeOpen, now L6, L19/L20/L22, stops 1)
🗣 spoke (strategy, imp 4, cost 2.5s, ledger 18.1/20.4s, 1 line, protected): pitStopsToGo(1, 35 to go)
🗑 dropped (bulletin, ledger full; cost 6.0s, load 18.1/20.4s, 2 lines): L6
🗣 spoke (strategy, imp 2, cost 2.2s, ledger 20.4/20.4s, 1 line, protected): strategyUpdate(fuel 17.22L, togo 35, stops 1)
📋 lap 6: 1:29.379 clean fuel_used=4.61
🔵 lap 6: clean
📊 laps-left model: elapsed 549.2 s, remaining 3050.8 s, median lap 90.5 s -> 34 (no-stop 34, pit loss 15.0 s, rate 7 l/s)
📊 strategy L7: fuel/lap 4.55 | fuel 72.6 = 16.0 laps | 34.0 laps to go | stops 1
🗣 spoke (position, imp 4, cost 2.5s, ledger 2.5/20.4s, 1 line): positionChange(P2→P1)
🚪 gate refined: Deep Forest Raceway/customRace/finishLine (119 samples, σ 2.06 m, ±8 m)
🗣 spoke (radio, imp 0, cost 2.7s, ledger 5.2/20.4s, 1 line): surveyGate(finishLine, 119)
🗺 mapper: learned lap 6 (89.379 s, 4185 m, 837 pts) — installing as session polyline
🗣 spoke (radio, imp 0, cost 3.7s, ledger 8.9/20.4s, 1 line): surveyLap(6, 89379 ms, 837 pts)
🗺 session polyline installed from lap 6 (837 pts) — minimap + delta live
⏱ class lap kept: Deep Forest Raceway/customRace/Gr.3 → 1:29.379 (9/10 laps, 3 car(s), avg 1:29.391)
📋 strategy burst: 4 event(s), releasing best-first — pitWindow(L19/L20/L21, stops 1) | fuelStatus(extendStint, 15, 34 to go, 15.96 fuel-laps) | pitWindowState(beforeOpen, now L7, L19/L20/L21, stops 1, close) | pitStopsToGo(1, 34 to go)
🗣 spoke (strategy, imp 2, cost 4.1s, ledger 13.0/20.4s, 1 line, protected): pitWindow(L19/L20/L21, stops 1)
🗣 spoke (strategy, imp 2, cost 3.8s, ledger 16.8/20.4s, 1 line, protected): fuelStatus(extendStint, 15, 34 to go, 15.96 fuel-laps)
🗣 spoke (strategy, imp 4, cost 2.7s, ledger 19.4/20.4s, 1 line, protected): pitWindowState(beforeOpen, now L7, L19/L20/L21, stops 1, close)
🗑 dropped (burst cap 3): pitStopsToGo(1, 34 to go)
🗑 dropped (bulletin, ledger full; cost 6.0s, load 19.4/20.4s, 2 lines): L7
🗣 spoke (strategy, imp 2, cost 2.2s, ledger 21.6/20.4s, 1 line, protected): strategyUpdate(fuel 15.96L, togo 34, stops 1)
📋 lap 7: 1:30.382 clean fuel_used=4.42
🔵 lap 7: clean
📊 laps-left model: elapsed 639.7 s, remaining 2960.3 s, median lap 90.4 s -> 33 (no-stop 33, pit loss 15.0 s, rate 7 l/s)
📊 strategy L8: fuel/lap 4.49 | fuel 68.2 = 15.2 laps | 33.0 laps to go | stops 1
🚪 gate refined: Deep Forest Raceway/customRace/finishLine (120 samples, σ 2.05 m, ±8 m)
🗣 spoke (radio, imp 0, cost 2.7s, ledger 2.7/20.4s, 1 line): surveyGate(finishLine, 120)
📋 strategy burst: 3 event(s), releasing best-first — pitWindow(L19/L20/L22, stops 1) | pitWindowState(beforeOpen, now L8, L19/L20/L22, stops 1) | pitStopsToGo(1, 33 to go)
🗣 spoke (strategy, imp 2, cost 4.1s, ledger 6.8/20.4s, 1 line, protected): pitWindow(L19/L20/L22, stops 1)
🗣 spoke (strategy, imp 4, cost 4.0s, ledger 10.7/20.4s, 1 line, protected): pitWindowState(beforeOpen, now L8, L19/L20/L22, stops 1)
🗣 spoke (strategy, imp 4, cost 2.5s, ledger 13.2/20.4s, 1 line, protected): pitStopsToGo(1, 33 to go)
🗣 bulletin (imp 6, cost 4.1s, ledger 17.3/20.4s, 2 lines): L8
🗣 spoke (strategy, imp 2, cost 2.2s, ledger 19.6/20.4s, 1 line, protected): strategyUpdate(fuel 15.20L, togo 33, stops 1)
📋 lap 8: 1:29.596 clean fuel_used=4.50
🔵 lap 8: clean
📊 laps-left model: elapsed 729.4 s, remaining 2870.6 s, median lap 90.4 s -> 32 (no-stop 32, pit loss 15.0 s, rate 7 l/s)
📊 strategy L9: fuel/lap 4.50 | fuel 63.7 = 14.2 laps | 32.0 laps to go | stops 1
🚪 gate refined: Deep Forest Raceway/customRace/finishLine (121 samples, σ 2.04 m, ±8 m)
🗣 spoke (radio, imp 0, cost 2.7s, ledger 2.7/20.4s, 1 line): surveyGate(finishLine, 121)
📋 strategy burst: 2 event(s), releasing best-first — pitWindowState(beforeOpen, now L9, L19/L20/L22, stops 1) | pitStopsToGo(1, 32 to go)
🗣 spoke (strategy, imp 4, cost 4.8s, ledger 7.5/20.4s, 1 line, protected): pitWindowState(beforeOpen, now L9, L19/L20/L22, stops 1)
🗣 spoke (strategy, imp 4, cost 2.1s, ledger 9.5/20.4s, 1 line, protected): pitStopsToGo(1, 32 to go)
🗣 bulletin (imp 6, cost 6.7s, ledger 16.2/20.4s, 2 lines): L9
🗣 spoke (strategy, imp 2, cost 2.2s, ledger 18.4/20.4s, 1 line, protected): strategyUpdate(fuel 14.17L, togo 32, stops 1)
📋 lap 9: 1:29.932 clean fuel_used=4.65
🔵 lap 9: clean
📊 laps-left model: elapsed 819.4 s, remaining 2780.6 s, median lap 90.3 s -> 31 (no-stop 31, pit loss 15.0 s, rate 7 l/s)
📊 strategy L10: fuel/lap 4.50 | fuel 59.0 = 13.1 laps | 31.0 laps to go | stops 1
🚪 gate refined: Deep Forest Raceway/customRace/finishLine (122 samples, σ 2.04 m, ±8 m)
🗣 spoke (radio, imp 0, cost 2.7s, ledger 2.7/20.4s, 1 line): surveyGate(finishLine, 122)
📋 strategy burst: 2 event(s), releasing best-first — pitWindowState(beforeOpen, now L10, L19/L20/L22, stops 1) | pitStopsToGo(1, 31 to go)
🗣 spoke (strategy, imp 4, cost 4.4s, ledger 7.0/20.4s, 1 line, protected): pitWindowState(beforeOpen, now L10, L19/L20/L22, stops 1)
🗣 spoke (strategy, imp 4, cost 2.5s, ledger 9.5/20.4s, 1 line, protected): pitStopsToGo(1, 31 to go)
🗣 bulletin (imp 6, cost 4.6s, ledger 14.1/20.4s, 2 lines): L10
🗣 spoke (strategy, imp 2, cost 2.2s, ledger 16.4/20.4s, 1 line, protected): strategyUpdate(fuel 13.13L, togo 31, stops 1)
📋 lap 10: 1:29.874 clean fuel_used=4.68
🔵 lap 10: clean
📊 laps-left model: elapsed 909.4 s, remaining 2690.6 s, median lap 90.1 s -> 30 (no-stop 30, pit loss 15.0 s, rate 7 l/s)
📊 strategy L11: fuel/lap 4.50 | fuel 54.4 = 12.1 laps | 30.0 laps to go | stops 1
🚪 gate refined: Deep Forest Raceway/customRace/finishLine (123 samples, σ 2.04 m, ±8 m)
🗣 spoke (radio, imp 0, cost 2.7s, ledger 2.7/20.4s, 1 line): surveyGate(finishLine, 123)
📋 strategy burst: 3 event(s), releasing best-first — fuelStatus(extendStint, 12, 30 to go, 12.09 fuel-laps) | pitWindowState(beforeOpen, now L11, L19/L20/L22, stops 1, close) | pitStopsToGo(1, 30 to go)
🗣 spoke (strategy, imp 2, cost 4.6s, ledger 7.3/20.4s, 1 line, protected): fuelStatus(extendStint, 12, 30 to go, 12.09 fuel-laps)
🗣 spoke (strategy, imp 4, cost 4.0s, ledger 11.2/20.4s, 1 line, protected): pitWindowState(beforeOpen, now L11, L19/L20/L22, stops 1, close)
🗣 spoke (strategy, imp 4, cost 2.1s, ledger 13.3/20.4s, 1 line, protected): pitStopsToGo(1, 30 to go)
🗣 bulletin (imp 6, cost 4.6s, ledger 17.9/20.4s, 2 lines): L11
🗣 spoke (strategy, imp 2, cost 2.2s, ledger 20.1/20.4s, 1 line, protected): strategyUpdate(fuel 12.09L, togo 30, stops 1)
📋 lap 11: 1:30.062 clean fuel_used=4.62
🔵 lap 11: clean
📊 laps-left model: elapsed 999.5 s, remaining 2600.5 s, median lap 90.0 s -> 29 (no-stop 29, pit loss 15.0 s, rate 7 l/s)
📊 strategy L12: fuel/lap 4.56 | fuel 49.7 = 10.9 laps | 29.0 laps to go | stops 1
🚪 gate refined: Deep Forest Raceway/customRace/finishLine (124 samples, σ 2.03 m, ±8 m)
🗣 spoke (radio, imp 0, cost 2.7s, ledger 2.7/20.4s, 1 line): surveyGate(finishLine, 124)
📋 strategy burst: 4 event(s), releasing best-first — pitWindow(L19/L20/L21, stops 1) | fuelStatus(extendStint, 10, 29 to go, 10.91 fuel-laps) | pitWindowState(beforeOpen, now L12, L19/L20/L21, stops 1, close) | pitStopsToGo(1, 29 to go)
🗣 spoke (strategy, imp 2, cost 2.8s, ledger 5.5/20.4s, 1 line, protected): pitWindow(L19/L20/L21, stops 1)
🗣 spoke (strategy, imp 2, cost 3.8s, ledger 9.3/20.4s, 1 line, protected): fuelStatus(extendStint, 10, 29 to go, 10.91 fuel-laps)
🗣 spoke (strategy, imp 4, cost 2.7s, ledger 11.9/20.4s, 1 line, protected): pitWindowState(beforeOpen, now L12, L19/L20/L21, stops 1, close)
🗑 dropped (burst cap 3): pitStopsToGo(1, 29 to go)
🗣 bulletin (imp 6, cost 4.2s, ledger 16.1/20.4s, 2 lines): L12
🗣 spoke (strategy, imp 2, cost 2.2s, ledger 18.4/20.4s, 1 line, protected): strategyUpdate(fuel 10.91L, togo 29, stops 1)
📋 lap 12: 1:30.131 clean fuel_used=4.49
🔵 lap 12: clean
📊 laps-left model: elapsed 1089.7 s, remaining 2510.3 s, median lap 90.0 s -> 28 (no-stop 28, pit loss 15.0 s, rate 7 l/s)
📊 strategy L13: fuel/lap 4.56 | fuel 45.2 = 9.9 laps | 28.0 laps to go | stops 1
🚪 gate refined: Deep Forest Raceway/customRace/finishLine (125 samples, σ 2.03 m, ±8 m)
🗣 spoke (radio, imp 0, cost 2.7s, ledger 2.7/20.4s, 1 line): surveyGate(finishLine, 125)
📋 strategy burst: 3 event(s), releasing best-first — fuelStatus(extendStint, 9, 28 to go, 9.92 fuel-laps) | pitWindowState(beforeOpen, now L13, L19/L20/L21, stops 1, close) | pitStopsToGo(1, 28 to go)
🗣 spoke (strategy, imp 2, cost 4.6s, ledger 7.3/20.4s, 1 line, protected): fuelStatus(extendStint, 9, 28 to go, 9.92 fuel-laps)
🗣 spoke (strategy, imp 4, cost 4.0s, ledger 11.2/20.4s, 1 line, protected): pitWindowState(beforeOpen, now L13, L19/L20/L21, stops 1, close)
🗣 spoke (strategy, imp 4, cost 2.1s, ledger 13.3/20.4s, 1 line, protected): pitStopsToGo(1, 28 to go)
🗣 bulletin (imp 6, cost 4.6s, ledger 17.9/20.4s, 2 lines): L13
🗑 speaker: stale, not spoken: "keep the good laps coming"
🗣 spoke (strategy, imp 2, cost 2.2s, ledger 20.1/20.4s, 1 line, protected): strategyUpdate(fuel 9.92L, togo 28, stops 1)
🔧 huge stop 227 km/h with clutch 1.00 — pending impact-vs-pit (6 s)
🔀 state RACING → PIT at pkt 1348885 lap 13
🔵 sub-state FLYING → — lap 13
🔧 pit-entry anchor learned: 85232 ms into lap (stop on lap 13)
🔧 pended impact cancelled: pit entry
📊 strategy: stop underway, plan now 0 more
🚪 gate refined: Deep Forest Raceway/customRace/pitEntry (7 samples, σ 0.40 m, ±0 m)
🗣 spoke (pitSequence, imp 0, cost 1.2s, ledger 1.2/20.4s, 1 line, protected): pittingIn(L13)
🗑 dropped (in pit): surveyGate(pitEntry, 7)
🗑 dropped (in pit): surveyComplete(2 optional missing)
📊 strategy: box reached on the ENDING lap (entered L13, counter still L13) — the lap in progress completes on release, counting it as banked
📊 laps-left model: elapsed 1188.1 s, remaining 2411.9 s, median lap 90.0 s -> 27 (no-stop 27, pit loss 15.0 s, rate 7 l/s)
📊 strategy: refuel target 27 capped to tank (21.9 laps of capacity)
🗣 spoke (pitSequence, imp 2, cost 1.6s, ledger 2.8/20.4s, 1 line, protected): inPitBox
🗣 spoke (strategy, imp 0, cost 4.4s, ledger 7.2/20.4s, 1 line, protected): refuelTarget(21 laps)
🗑 dropped (in pit): tyreTemps(low, 60°)
🔀 state PIT → RACING at pkt 1350680 lap 14
🔵 sub-state — → OUT_LAP lap 14
🅿️ PIT completed: in L13 → out L14 (+58.6 fuel, transit 34.1s, teleport=false)
🚪 gate refined: Deep Forest Raceway/customRace/pitBox (7 samples, σ 0.01 m, ±0 m)
🗑 dropped (in pit): surveyGate(pitBox, 7)
🅿️ entry→box 17.2s (speaking budget)
🗑 dropped (in pit): surveyComplete(1 optional missing)
📋 lap 13: 1:55.136 in fuel_used=3.83
🔵 lap 13: clean
🗑 dropped (in pit): lapStarted(14, last 115.14s)
🗑 dropped (in pit): positionChange(P1→P19)
🔧 teleport 173 m on lap 14 — pit release, not a reset
📊 laps-left model: elapsed 1205.0 s, remaining 2395.0 s, median lap 90.0 s -> 27 (no-stop 27, pit loss 15.0 s, rate 7 l/s)
📊 strategy L14: fuel/lap 4.56 | fuel 100.0 = 21.9 laps | 27.0 laps to go | stops 1
🗣 spoke (pitSequence, imp 2, cost 1.6s, ledger 7.7/20.4s, 1 line, protected): exitingPit(+58.59l, tyres)
🚪 gate refined: Deep Forest Raceway/customRace/pitExit (7 samples, σ 0.01 m, ±8 m)
🗑 dropped (cooldown pit; 0.0s of 1.0s via pitSequence x0.50): freshTyres
🗣 spoke (strategy, imp 1, cost 2.7s, ledger 10.3/20.4s, 1 line, protected): stopsPlanChanged(0→1)
🗺 mapper: lap 13 rejected (teleport)
🗣 spoke (radio, imp 0, cost 2.7s, ledger 13.0/20.4s, 1 line): surveyGate(pitExit, 7)
🗣 spoke (radio, imp 0, cost 2.9s, ledger 15.9/20.4s, 1 line): surveyComplete(0 optional missing)
📊 laps-left model: elapsed 1205.0 s, remaining 2380.0 s, median lap 90.0 s -> 27 (no-stop 27, pit loss 15.0 s, rate 7 l/s), out-lap -15.0s
📊 strategy L14: fuel/lap 4.56 | fuel 100.0 = 21.9 laps | 27.0 laps to go | stops 1 (post-stop recalc)
📋 strategy burst: 5 event(s), releasing best-first — pitWindow(L19/L20/L34, stops 1) | fuelStatus(extendStint, 21, 27 to go, 21.94 fuel-laps) | strategyUpdate(fuel 21.94L, togo 27, stops 1, post-stop) | pitWindowState(beforeOpen, now L14, L19/L20/L34, stops 1, close) | pitStopsToGo(1, 27 to go)
🗣 spoke (strategy, imp 2, cost 2.8s, ledger 18.7/20.4s, 1 line, protected): pitWindow(L19/L20/L34, stops 1)
🗣 spoke (strategy, imp 2, cost 3.8s, ledger 22.5/20.4s, 1 line, protected): fuelStatus(extendStint, 21, 27 to go, 21.94 fuel-laps)
🗣 spoke (strategy, imp 2, cost 3.1s, ledger 25.6/20.4s, 1 line, protected): strategyUpdate(fuel 21.94L, togo 27, stops 1, post-stop)
🗑 dropped (burst cap 3): pitWindowState(beforeOpen, now L14, L19/L20/L34, stops 1, close)
🗑 dropped (burst cap 3): pitStopsToGo(1, 27 to go)
🗑 dropped (cooldown strategy; 13.5s of 75.0s via strategy x0.50): strategyUpdate(fuel 21.94L, togo 27, stops 1)
🗣 chain (imp 4, cost 1.2s, ledger 1.2/20.4s, 1 events, 1 lines)
🔵 sub-state OUT_LAP → FLYING lap 15
📋 lap 14: 1:30.122 out fuel_used=4.81
🔵 lap 14 antics: contact, lost 18
📊 laps-left model: elapsed 1295.2 s, remaining 2304.8 s, median lap 90.0 s -> 26 (no-stop 26, pit loss 15.0 s, rate 7 l/s)
📊 strategy L15: fuel/lap 4.62 | fuel 95.2 = 20.6 laps | 26.0 laps to go | stops 1
🚪 gate refined: Deep Forest Raceway/customRace/finishLine (126 samples, σ 2.02 m, ±8 m)
🗣 spoke (position, imp 4, cost 3.3s, ledger 3.3/20.4s, 1 line): positionChange(P19→P10)
🗺 mapper: lap 14 rejected (teleport)
🗣 spoke (radio, imp 0, cost 2.7s, ledger 5.9/20.4s, 1 line): surveyGate(finishLine, 126)
📋 strategy burst: 2 event(s), releasing best-first — pitWindowState(beforeOpen, now L15, L19/L20/L34, stops 1) | pitStopsToGo(1, 26 to go)
🗣 spoke (strategy, imp 4, cost 2.7s, ledger 8.6/20.4s, 1 line, protected): pitWindowState(beforeOpen, now L15, L19/L20/L34, stops 1)
🗣 spoke (strategy, imp 4, cost 2.1s, ledger 10.7/20.4s, 1 line, protected): pitStopsToGo(1, 26 to go)
🗣 bulletin (imp 6, cost 4.6s, ledger 15.3/20.4s, 2 lines): L15
🗣 spoke (strategy, imp 2, cost 2.2s, ledger 17.5/20.4s, 1 line, protected): strategyUpdate(fuel 20.61L, togo 26, stops 1)
🗣 spoke (tyres, imp 4, cost 2.9s, ledger 2.9/20.4s, 1 line): tyreTemps(low, 67°, rearLeft)
🗣 chain (imp 4, cost 3.8s, ledger 6.7/20.4s, 1 events, 1 lines)
📋 lap 15: 1:29.965 clean fuel_used=4.80
🔵 lap 15 antics: contact, gained 9
📊 laps-left model: elapsed 1385.3 s, remaining 2214.7 s, median lap 89.9 s -> 25 (no-stop 25, pit loss 15.0 s, rate 7 l/s)
📊 strategy L16: fuel/lap 4.64 | fuel 90.4 = 19.5 laps | 25.0 laps to go | stops 1
🚪 gate refined: Deep Forest Raceway/customRace/finishLine (127 samples, σ 2.01 m, ±8 m)
🗣 spoke (position, imp 4, cost 3.1s, ledger 6.9/20.4s, 1 line): positionChange(P10→P2)
🗣 spoke (radio, imp 0, cost 2.7s, ledger 9.5/20.4s, 1 line): surveyGate(finishLine, 127)
📋 strategy burst: 2 event(s), releasing best-first — pitWindowState(beforeOpen, now L16, L19/L20/L34, stops 1) | pitStopsToGo(1, 25 to go)
🗣 spoke (strategy, imp 4, cost 2.7s, ledger 12.2/20.4s, 1 line, protected): pitWindowState(beforeOpen, now L16, L19/L20/L34, stops 1)
🗣 spoke (strategy, imp 4, cost 2.5s, ledger 14.7/20.4s, 1 line, protected): pitStopsToGo(1, 25 to go)
🗣 bulletin (imp 6, cost 4.2s, ledger 18.9/20.4s, 2 lines): L16
🗣 spoke (strategy, imp 2, cost 2.2s, ledger 17.3/20.4s, 1 line, protected): strategyUpdate(fuel 19.49L, togo 25, stops 1)
📋 lap 16: 1:28.719 clean fuel_used=4.88
🔵 lap 16: clean
📊 laps-left model: elapsed 1474.1 s, remaining 2125.9 s, median lap 89.9 s -> 24 (no-stop 24, pit loss 15.0 s, rate 7 l/s)
📊 strategy L17: fuel/lap 4.67 | fuel 85.5 = 18.3 laps | 24.0 laps to go | stops 1
🗣 spoke (position, imp 4, cost 4.0s, ledger 4.0/20.4s, 1 line): positionChange(P2→P1)
🚪 gate refined: Deep Forest Raceway/customRace/finishLine (128 samples, σ 2.01 m, ±8 m)
🗣 spoke (radio, imp 0, cost 2.7s, ledger 6.6/20.4s, 1 line): surveyGate(finishLine, 128)
🗺 mapper: learned lap 16 (88.719 s, 4185 m, 837 pts) — installing as session polyline
🗣 spoke (radio, imp 0, cost 4.5s, ledger 11.2/20.4s, 1 line): surveyLap(16, 88719 ms, 837 pts)
🗺 session polyline installed from lap 16 (837 pts) — minimap + delta live
⏱ class lap kept: Deep Forest Raceway/customRace/Gr.3 → 1:28.719 (9/10 laps, 3 car(s), avg 1:29.196)
📋 strategy burst: 2 event(s), releasing best-first — pitWindowState(beforeOpen, now L17, L20/L20/L34, stops 1) | pitStopsToGo(1, 24 to go)
🗣 spoke (strategy, imp 4, cost 2.7s, ledger 13.8/20.4s, 1 line, protected): pitWindowState(beforeOpen, now L17, L20/L20/L34, stops 1)
🗣 spoke (strategy, imp 4, cost 2.1s, ledger 15.9/20.4s, 1 line, protected): pitStopsToGo(1, 24 to go)
🗑 dropped (bulletin, ledger full; cost 6.0s, load 15.9/20.4s, 2 lines): L17
🗣 spoke (strategy, imp 2, cost 2.2s, ledger 18.1/20.4s, 1 line, protected): strategyUpdate(fuel 18.33L, togo 24, stops 1)
📋 lap 17: 1:28.182 clean fuel_used=4.66
🔵 lap 17: clean
📊 laps-left model: elapsed 1562.3 s, remaining 2037.7 s, median lap 89.9 s -> 23 (no-stop 23, pit loss 15.0 s, rate 7 l/s)
📊 strategy L18: fuel/lap 4.67 | fuel 80.8 = 17.3 laps | 23.0 laps to go | stops 1
🚪 gate refined: Deep Forest Raceway/customRace/finishLine (129 samples, σ 2.00 m, ±8 m)
🗣 spoke (radio, imp 0, cost 2.7s, ledger 2.7/20.4s, 1 line): surveyGate(finishLine, 129)
🗺 mapper: learned lap 17 (88.182 s, 4180 m, 836 pts) — installing as session polyline
🗣 spoke (radio, imp 0, cost 4.5s, ledger 7.2/20.4s, 1 line): surveyLap(17, 88182 ms, 836 pts)
🗺 session polyline installed from lap 17 (836 pts) — minimap + delta live
⏱ class lap kept: Deep Forest Raceway/customRace/Gr.3 → 1:28.182 (9/10 laps, 3 car(s), avg 1:28.961)
📋 strategy burst: 2 event(s), releasing best-first — pitWindowState(beforeOpen, now L18, L20/L20/L34, stops 1) | pitStopsToGo(1, 23 to go)
🗣 spoke (strategy, imp 4, cost 4.0s, ledger 11.2/20.4s, 1 line, protected): pitWindowState(beforeOpen, now L18, L20/L20/L34, stops 1)
🗣 spoke (strategy, imp 4, cost 2.1s, ledger 13.2/20.4s, 1 line, protected): pitStopsToGo(1, 23 to go)
🗣 bulletin (imp 2, cost 6.0s, ledger 19.3/20.4s, 2 lines): L18
🗑 speaker: stale, not spoken: "on lap 18"
🗣 spoke (strategy, imp 2, cost 2.2s, ledger 21.5/20.4s, 1 line, protected): strategyUpdate(fuel 17.30L, togo 23, stops 1)
📋 lap 18: 1:28.662 clean fuel_used=4.65
🔵 lap 18: clean
📊 laps-left model: elapsed 1651.1 s, remaining 1948.9 s, median lap 89.9 s -> 22 (no-stop 22, pit loss 15.0 s, rate 7 l/s)
📊 strategy L19: fuel/lap 4.67 | fuel 76.2 = 16.3 laps | 22.0 laps to go | stops 1
🚪 gate refined: Deep Forest Raceway/customRace/finishLine (130 samples, σ 2.00 m, ±8 m)
🗣 spoke (radio, imp 0, cost 2.7s, ledger 2.7/20.4s, 1 line): surveyGate(finishLine, 130)
📋 strategy burst: 2 event(s), releasing best-first — pitWindowState(beforeOpen, now L19, L20/L20/L34, stops 1) | pitStopsToGo(1, 22 to go)
🗣 spoke (strategy, imp 4, cost 2.7s, ledger 5.3/20.4s, 1 line, protected): pitWindowState(beforeOpen, now L19, L20/L20/L34, stops 1)
🗣 spoke (strategy, imp 4, cost 2.1s, ledger 7.4/20.4s, 1 line, protected): pitStopsToGo(1, 22 to go)
🗣 bulletin (imp 6, cost 5.8s, ledger 13.2/20.4s, 2 lines): L19
🗣 spoke (strategy, imp 2, cost 2.2s, ledger 15.4/20.4s, 1 line, protected): strategyUpdate(fuel 16.31L, togo 22, stops 1)
📋 lap 19: 1:28.961 clean fuel_used=4.75
🔵 lap 19: clean
📊 laps-left model: elapsed 1740.1 s, remaining 1859.9 s, median lap 89.4 s -> 21 (no-stop 21, pit loss 15.0 s, rate 7 l/s)
📊 strategy L20: fuel/lap 4.71 | fuel 71.4 = 15.2 laps | 21.0 laps to go | stops 1
🚪 gate refined: Deep Forest Raceway/customRace/finishLine (131 samples, σ 1.99 m, ±8 m)
🗣 spoke (radio, imp 0, cost 2.7s, ledger 2.7/20.4s, 1 line): surveyGate(finishLine, 131)
📋 strategy burst: 2 event(s), releasing best-first — pitWindowState(openToLatest, now L20, L20/L20/L34, stops 1) | pitStopsToGo(1, 21 to go)
🗣 spoke (strategy, imp 4, cost 4.0s, ledger 6.6/20.4s, 1 line, protected): pitWindowState(openToLatest, now L20, L20/L20/L34, stops 1)
🗣 spoke (strategy, imp 4, cost 2.1s, ledger 8.7/20.4s, 1 line, protected): pitStopsToGo(1, 21 to go)
🗣 bulletin (imp 6, cost 4.6s, ledger 13.3/20.4s, 2 lines): L20
🗣 spoke (strategy, imp 2, cost 2.2s, ledger 15.5/20.4s, 1 line, protected): strategyUpdate(fuel 15.17L, togo 21, stops 1)
📋 lap 20: 1:29.700 clean fuel_used=4.52
🔵 lap 20: clean
📊 laps-left model: elapsed 1829.9 s, remaining 1770.1 s, median lap 89.3 s -> 20 (no-stop 20, pit loss 15.0 s, rate 7 l/s)
📊 strategy L21: fuel/lap 4.71 | fuel 66.9 = 14.2 laps | 20.0 laps to go | stops 1
🚪 gate refined: Deep Forest Raceway/customRace/finishLine (132 samples, σ 1.99 m, ±8 m)
🗣 spoke (radio, imp 0, cost 2.7s, ledger 2.7/20.4s, 1 line): surveyGate(finishLine, 132)
📋 strategy burst: 2 event(s), releasing best-first — pitWindowState(openToLatest, now L21, L21/L21/L34, stops 1) | pitStopsToGo(1, 20 to go)
🗣 spoke (strategy, imp 4, cost 4.4s, ledger 7.0/20.4s, 1 line, protected): pitWindowState(openToLatest, now L21, L21/L21/L34, stops 1)
🗣 spoke (strategy, imp 4, cost 2.1s, ledger 9.1/20.4s, 1 line, protected): pitStopsToGo(1, 20 to go)
🗣 bulletin (imp 6, cost 6.9s, ledger 16.0/20.4s, 2 lines): L21
🗣 spoke (strategy, imp 2, cost 2.2s, ledger 18.3/20.4s, 1 line, protected): strategyUpdate(fuel 14.21L, togo 20, stops 1)
🔧 huge stop 227 km/h with clutch 1.00 — pending impact-vs-pit (6 s)
🔀 state RACING → PIT at pkt 1393252 lap 21
🔵 sub-state FLYING → — lap 21
🔧 pit-entry anchor learned: 85235 ms into lap (stop on lap 21)
🔧 pended impact cancelled: pit entry
📊 strategy: stop underway, plan now 0 more
🚪 gate refined: Deep Forest Raceway/customRace/pitEntry (8 samples, σ 0.47 m, ±0 m)
🗣 spoke (pitSequence, imp 0, cost 1.2s, ledger 1.2/20.4s, 1 line, protected): pittingIn(L21)
🗑 dropped (in pit): surveyGate(pitEntry, 8)
📊 strategy: box reached on the ENDING lap (entered L21, counter still L21) — the lap in progress completes on release, counting it as banked
📊 laps-left model: elapsed 1928.3 s, remaining 1671.7 s, median lap 89.3 s -> 19 (no-stop 19, pit loss 15.0 s, rate 7 l/s)
🗣 spoke (pitSequence, imp 2, cost 2.5s, ledger 3.7/20.4s, 1 line, protected): inPitBox
🗣 spoke (strategy, imp 0, cost 2.2s, ledger 5.9/20.4s, 1 line, protected): refuelTarget(19 laps)
🗑 dropped (in pit): tyreTemps(low, 60°)
🔀 state PIT → RACING at pkt 1394864 lap 22
🔵 sub-state — → OUT_LAP lap 22
🅿️ PIT completed: in L21 → out L22 (+37.2 fuel, transit 31.0s, teleport=false)
🚪 gate refined: Deep Forest Raceway/customRace/pitBox (8 samples, σ 0.01 m, ±0 m)
🅿️ entry→box 17.2s (speaking budget)
🗑 dropped (in pit): surveyGate(pitBox, 8)
📋 lap 21: 1:52.089 in fuel_used=4.07
🔵 lap 21: clean
🗑 dropped (in pit): lapStarted(22, last 112.09s)
🗑 dropped (in pit): positionChange(P1→P12)
🔧 teleport 173 m on lap 22 — pit release, not a reset
📊 laps-left model: elapsed 1942.1 s, remaining 1657.9 s, median lap 89.3 s -> 19 (no-stop 19, pit loss 15.0 s, rate 7 l/s)
📊 strategy L22: fuel/lap 4.71 | fuel 100.0 = 21.2 laps | 19.0 laps to go | stops 0
🗣 spoke (pitSequence, imp 2, cost 1.6s, ledger 6.4/20.4s, 1 line, protected): exitingPit(+37.15l, tyres)
🚪 gate refined: Deep Forest Raceway/customRace/pitExit (8 samples, σ 0.01 m, ±8 m)
🗑 dropped (cooldown pit; 0.0s of 1.0s via pitSequence x0.50): freshTyres
🗺 mapper: lap 21 rejected (teleport)
🗣 spoke (radio, imp 0, cost 2.7s, ledger 9.0/20.4s, 1 line): surveyGate(pitExit, 8)
📊 laps-left model: elapsed 1942.1 s, remaining 1642.9 s, median lap 89.3 s -> 19 (no-stop 19, pit loss 15.0 s, rate 7 l/s), out-lap -15.0s
📊 strategy L22: fuel/lap 4.71 | fuel 100.0 = 21.2 laps | 19.0 laps to go | stops 0 (post-stop recalc)
📋 strategy burst: 2 event(s), releasing best-first — fuelStatus(plusLaps, 2, 19 to go, 21.24 fuel-laps) | strategyUpdate(fuel 21.24L, togo 19, stops 0, post-stop)
🗣 spoke (strategy, imp 2, cost 3.5s, ledger 12.6/20.4s, 1 line, protected): fuelStatus(plusLaps, 2, 19 to go, 21.24 fuel-laps)
🗣 spoke (strategy, imp 2, cost 2.9s, ledger 15.5/20.4s, 1 line, protected): strategyUpdate(fuel 21.24L, togo 19, stops 0, post-stop)
🗑 dropped (cooldown strategy; 13.4s of 75.0s via strategy x0.50): strategyUpdate(fuel 21.24L, togo 19, stops 0)
🗣 spoke (tyres, imp 4, cost 2.9s, ledger 2.9/20.4s, 1 line): tyreTemps(inWindow, 70°)
🔵 sub-state OUT_LAP → FLYING lap 23
📋 lap 22: 1:33.221 out fuel_used=4.76
🔵 lap 22: clean
📊 laps-left model: elapsed 2035.4 s, remaining 1564.6 s, median lap 89.3 s -> 18 (no-stop 18, pit loss 15.0 s, rate 7 l/s)
📊 strategy L23: fuel/lap 4.76 | fuel 95.2 = 20.0 laps | 18.0 laps to go | stops 0
🚪 gate refined: Deep Forest Raceway/customRace/finishLine (133 samples, σ 1.99 m, ±8 m)
🗣 spoke (position, imp 4, cost 3.5s, ledger 3.5/20.4s, 1 line): positionChange(P12→P7)
🗺 mapper: lap 22 rejected (teleport)
🗣 spoke (radio, imp 0, cost 2.7s, ledger 6.2/20.4s, 1 line): surveyGate(finishLine, 133)
🗣 spoke (strategy, imp 2, cost 3.5s, ledger 9.7/20.4s, 1 line, protected): fuelStatus(plusLaps, 2, 18 to go, 20.02 fuel-laps)
🗣 bulletin (imp 6, cost 6.4s, ledger 16.1/20.4s, 2 lines): L23
🗣 spoke (strategy, imp 2, cost 3.5s, ledger 19.6/20.4s, 1 line, protected): strategyUpdate(fuel 20.02L, togo 18, stops 0)
🗣 chain (imp 4, cost 2.1s, ledger 2.1/20.4s, 1 events, 1 lines)
🎭 mood relaxed → focused
🗣 chain (imp 2, cost 1.2s, ledger 1.2/20.4s, 2 events, 1 lines)
🗑 dropped (chain cooldown): 1 event(s)
📋 lap 23: 1:44.421 clean fuel_used=4.62
🔵 lap 23 antics: contact, off, gained 5
📊 laps-left model: elapsed 2140.0 s, remaining 1460.0 s, median lap 89.3 s -> 17 (no-stop 17, pit loss 15.0 s, rate 7 l/s)
📊 strategy L24: fuel/lap 4.71 | fuel 90.6 = 19.2 laps | 17.0 laps to go | stops 0
🚪 gate refined: Deep Forest Raceway/customRace/finishLine (134 samples, σ 1.99 m, ±8 m)
🗣 spoke (lapPace, imp 4, cost 5.5s, ledger 5.5/20.4s, 1 line): paceDegradation(2.75s/lap over 5)
🗣 spoke (position, imp 4, cost 1.4s, ledger 6.9/20.4s, 1 line): positionChange(P7→P13)
🗣 spoke (radio, imp 0, cost 2.7s, ledger 9.5/20.4s, 1 line): surveyGate(finishLine, 134)
🗣 spoke (strategy, imp 2, cost 2.7s, ledger 12.2/20.4s, 1 line, protected): fuelStatus(plusLaps, 2, 17 to go, 19.25 fuel-laps)
🗣 bulletin (imp 6, cost 6.2s, ledger 18.4/20.4s, 2 lines): L24
🗑 speaker: stale, not spoken: "reset"
🗑 speaker: stale, not spoken: "go again"
🗣 spoke (strategy, imp 2, cost 3.5s, ledger 22.0/20.4s, 1 line, protected): strategyUpdate(fuel 19.25L, togo 17, stops 0)
📋 lap 24: 1:31.813 clean fuel_used=4.47
🎭 mood focused → relaxed
🔵 lap 24: clean
📊 laps-left model: elapsed 2231.9 s, remaining 1368.1 s, median lap 89.3 s -> 16 (no-stop 16, pit loss 15.0 s, rate 7 l/s)
📊 strategy L25: fuel/lap 4.66 | fuel 86.2 = 18.5 laps | 16.0 laps to go | stops 0
🚪 gate refined: Deep Forest Raceway/customRace/finishLine (135 samples, σ 2.01 m, ±8 m)
🗣 spoke (position, imp 4, cost 2.2s, ledger 2.2/20.4s, 1 line): positionChange(P13→P11)
🗣 spoke (radio, imp 0, cost 2.7s, ledger 4.9/20.4s, 1 line): surveyGate(finishLine, 135)
🗣 spoke (strategy, imp 2, cost 3.5s, ledger 8.4/20.4s, 1 line, protected): fuelStatus(plusLaps, 2, 16 to go, 18.50 fuel-laps)
🗣 bulletin (imp 6, cost 6.4s, ledger 14.8/20.4s, 2 lines): L25
🎭 mood relaxed → focused
🗣 spoke (strategy, imp 2, cost 3.5s, ledger 18.3/20.4s, 1 line, protected): strategyUpdate(fuel 18.50L, togo 16, stops 0)
🗑 dropped (chain, ledger full; cost 3.4s, load 18.3/20.4s, 2 events)
🎭 mood focused → concerned
🗣 chain (imp 4, cost 1.2s, ledger 1.2/20.4s, 3 events, 1 lines)
📋 lap 25: 1:34.205 clean fuel_used=4.64
🎭 mood concerned → focused
🔵 lap 25 antics: contact, off, gained 2
📊 laps-left model: elapsed 2326.2 s, remaining 1273.8 s, median lap 89.3 s -> 15 (no-stop 15, pit loss 15.0 s, rate 7 l/s)
📊 strategy L26: fuel/lap 4.64 | fuel 81.5 = 17.6 laps | 15.0 laps to go | stops 0
🚪 gate refined: Deep Forest Raceway/customRace/finishLine (136 samples, σ 2.04 m, ±8 m)
🗣 spoke (position, imp 4, cost 3.1s, ledger 3.1/20.4s, 1 line): positionChange(P11→P10)
🗣 spoke (radio, imp 0, cost 2.7s, ledger 5.8/20.4s, 1 line): surveyGate(finishLine, 136)
🗣 spoke (strategy, imp 2, cost 3.1s, ledger 8.9/20.4s, 1 line, protected): fuelStatus(plusLaps, 2, 15 to go, 17.55 fuel-laps)
🗣 bulletin (imp 6, cost 6.4s, ledger 15.2/20.4s, 2 lines): L26
🗣 spoke (strategy, imp 2, cost 3.5s, ledger 18.8/20.4s, 1 line, protected): strategyUpdate(fuel 17.55L, togo 15, stops 0)
📋 lap 26: 1:31.273 clean fuel_used=4.57
🎭 mood focused → relaxed
🔵 lap 26: clean
📊 laps-left model: elapsed 2417.5 s, remaining 1182.5 s, median lap 90.5 s -> 14 (no-stop 14, pit loss 15.0 s, rate 7 l/s)
📊 strategy L27: fuel/lap 4.63 | fuel 76.9 = 16.6 laps | 14.0 laps to go | stops 0
🚪 gate refined: Deep Forest Raceway/customRace/finishLine (137 samples, σ 2.04 m, ±8 m)
🗣 spoke (position, imp 4, cost 1.4s, ledger 1.4/20.4s, 1 line): positionChange(P10→P7)
🗣 spoke (radio, imp 0, cost 2.7s, ledger 4.0/20.4s, 1 line): surveyGate(finishLine, 137)
🗣 spoke (strategy, imp 2, cost 3.5s, ledger 7.6/20.4s, 1 line, protected): fuelStatus(plusLaps, 2, 14 to go, 16.62 fuel-laps)
🗣 bulletin (imp 6, cost 4.9s, ledger 12.5/20.4s, 2 lines): L27
🗣 spoke (strategy, imp 2, cost 3.5s, ledger 16.0/20.4s, 1 line, protected): strategyUpdate(fuel 16.62L, togo 14, stops 0)
📋 lap 27: 1:31.097 clean fuel_used=4.85
🔵 lap 27: clean
📊 laps-left model: elapsed 2508.7 s, remaining 1091.3 s, median lap 91.2 s -> 12 (no-stop 12, pit loss 15.0 s, rate 7 l/s)
📊 strategy L28: fuel/lap 4.63 | fuel 72.1 = 15.6 laps | 12.0 laps to go | stops 0
🚪 gate refined: Deep Forest Raceway/customRace/finishLine (138 samples, σ 2.06 m, ±8 m)
🗣 spoke (position, imp 4, cost 2.8s, ledger 2.8/20.4s, 1 line): positionChange(P7→P4)
🗣 spoke (radio, imp 0, cost 2.7s, ledger 5.5/20.4s, 1 line): surveyGate(finishLine, 138)
🗣 spoke (strategy, imp 2, cost 3.5s, ledger 9.0/20.4s, 1 line, protected): fuelStatus(plusLaps, 3, 12 to go, 15.58 fuel-laps)
🗣 bulletin (imp 6, cost 6.2s, ledger 15.2/20.4s, 2 lines): L28
🗣 spoke (strategy, imp 2, cost 3.5s, ledger 18.8/20.4s, 1 line, protected): strategyUpdate(fuel 15.58L, togo 12, stops 0)
📋 lap 28: 1:30.420 clean fuel_used=4.95
🔵 lap 28: clean
📊 laps-left model: elapsed 2599.2 s, remaining 1000.8 s, median lap 91.2 s -> 11 (no-stop 11, pit loss 15.0 s, rate 7 l/s)
📊 strategy L29: fuel/lap 4.63 | fuel 67.2 = 14.5 laps | 11.0 laps to go | stops 0
🚪 gate refined: Deep Forest Raceway/customRace/finishLine (139 samples, σ 2.05 m, ±8 m)
🗣 spoke (position, imp 4, cost 2.1s, ledger 2.1/20.4s, 1 line): positionChange(P4→P1)
🗣 spoke (radio, imp 0, cost 2.7s, ledger 4.7/20.4s, 1 line): surveyGate(finishLine, 139)
🗣 spoke (strategy, imp 2, cost 2.7s, ledger 7.4/20.4s, 1 line, protected): fuelStatus(plusLaps, 3, 11 to go, 14.51 fuel-laps)
🗣 bulletin (imp 6, cost 5.8s, ledger 13.2/20.4s, 2 lines): L29
🗣 spoke (strategy, imp 2, cost 3.5s, ledger 16.7/20.4s, 1 line, protected): strategyUpdate(fuel 14.51L, togo 11, stops 0)
📋 lap 29: 1:31.093 clean fuel_used=4.73
🔵 lap 29: clean
📊 laps-left model: elapsed 2690.4 s, remaining 909.6 s, median lap 91.2 s -> 10 (no-stop 10, pit loss 15.0 s, rate 7 l/s)
📊 strategy L30: fuel/lap 4.68 | fuel 62.4 = 13.3 laps | 10.0 laps to go | stops 0
🚪 gate refined: Deep Forest Raceway/customRace/finishLine (140 samples, σ 2.04 m, ±8 m)
🗣 spoke (radio, imp 0, cost 2.7s, ledger 2.7/20.4s, 1 line): surveyGate(finishLine, 140)
🗣 spoke (strategy, imp 2, cost 3.5s, ledger 6.2/20.4s, 1 line, protected): fuelStatus(plusLaps, 3, 10 to go, 13.33 fuel-laps)
🗣 bulletin (imp 6, cost 5.8s, ledger 12.0/20.4s, 2 lines): L30
🗣 spoke (strategy, imp 2, cost 3.5s, ledger 15.5/20.4s, 1 line, protected): strategyUpdate(fuel 13.33L, togo 10, stops 0)
📋 lap 30: 1:30.866 clean fuel_used=4.60
🔵 lap 30: clean
📊 laps-left model: elapsed 2781.4 s, remaining 818.6 s, median lap 91.2 s -> 9 (no-stop 9, pit loss 15.0 s, rate 7 l/s)
📊 strategy L31: fuel/lap 4.63 | fuel 57.8 = 12.5 laps | 9.0 laps to go | stops 0
🚪 gate refined: Deep Forest Raceway/customRace/finishLine (141 samples, σ 2.04 m, ±8 m)
🗣 spoke (radio, imp 0, cost 2.7s, ledger 2.7/20.4s, 1 line): surveyGate(finishLine, 141)
🗣 spoke (strategy, imp 2, cost 2.7s, ledger 5.3/20.4s, 1 line, protected): fuelStatus(plusLaps, 3, 9 to go, 12.49 fuel-laps)
🗣 bulletin (imp 6, cost 6.7s, ledger 12.0/20.4s, 2 lines): L31
🗣 spoke (strategy, imp 2, cost 3.5s, ledger 15.5/20.4s, 1 line, protected): strategyUpdate(fuel 12.49L, togo 9, stops 0)
📋 lap 31: 1:30.702 clean fuel_used=4.75
🔵 lap 31: clean
📊 laps-left model: elapsed 2872.2 s, remaining 727.8 s, median lap 91.1 s -> 8 (no-stop 8, pit loss 15.0 s, rate 7 l/s)
📊 strategy L32: fuel/lap 4.68 | fuel 53.1 = 11.3 laps | 8.0 laps to go | stops 0
🚪 gate refined: Deep Forest Raceway/customRace/finishLine (142 samples, σ 2.03 m, ±8 m)
🗣 spoke (radio, imp 0, cost 2.7s, ledger 2.7/20.4s, 1 line): surveyGate(finishLine, 142)
🗣 spoke (strategy, imp 2, cost 3.5s, ledger 6.2/20.4s, 1 line, protected): fuelStatus(plusLaps, 3, 8 to go, 11.33 fuel-laps)
🗣 bulletin (imp 6, cost 5.4s, ledger 11.6/20.4s, 2 lines): L32
🗣 spoke (strategy, imp 2, cost 3.5s, ledger 15.1/20.4s, 1 line, protected): strategyUpdate(fuel 11.33L, togo 8, stops 0)
📋 lap 32: 1:31.372 clean fuel_used=4.64
🔵 lap 32: clean
📊 laps-left model: elapsed 2963.6 s, remaining 636.4 s, median lap 91.1 s -> 7 (no-stop 7, pit loss 15.0 s, rate 7 l/s)
📊 strategy L33: fuel/lap 4.69 | fuel 48.4 = 10.3 laps | 7.0 laps to go | stops 0
🚪 gate refined: Deep Forest Raceway/customRace/finishLine (143 samples, σ 2.03 m, ±8 m)
🗣 spoke (radio, imp 0, cost 2.7s, ledger 2.7/20.4s, 1 line): surveyGate(finishLine, 143)
🗣 spoke (strategy, imp 2, cost 3.5s, ledger 6.2/20.4s, 1 line, protected): fuelStatus(plusLaps, 3, 7 to go, 10.33 fuel-laps)
🗣 bulletin (imp 6, cost 6.2s, ledger 12.4/20.4s, 2 lines): L33
🗣 spoke (strategy, imp 2, cost 3.5s, ledger 15.9/20.4s, 1 line, protected): strategyUpdate(fuel 10.33L, togo 7, stops 0)
📋 lap 33: 1:31.054 clean fuel_used=4.67
🔵 lap 33: clean
📊 laps-left model: elapsed 3054.8 s, remaining 545.2 s, median lap 91.1 s -> 6 (no-stop 6, pit loss 15.0 s, rate 7 l/s)
📊 strategy L34: fuel/lap 4.70 | fuel 43.7 = 9.3 laps | 6.0 laps to go | stops 0
🚪 gate refined: Deep Forest Raceway/customRace/finishLine (144 samples, σ 2.02 m, ±8 m)
🗣 spoke (radio, imp 0, cost 2.7s, ledger 2.7/20.4s, 1 line): surveyGate(finishLine, 144)
🗣 spoke (strategy, imp 2, cost 3.5s, ledger 6.2/20.4s, 1 line, protected): fuelStatus(plusLaps, 3, 6 to go, 9.31 fuel-laps)
🗣 bulletin (imp 6, cost 4.9s, ledger 11.1/20.4s, 2 lines): L34
🗣 spoke (strategy, imp 2, cost 3.5s, ledger 14.7/20.4s, 1 line, protected): strategyUpdate(fuel 9.31L, togo 6, stops 0)
📋 lap 34: 1:30.555 clean fuel_used=4.81
🔵 lap 34: clean
📊 laps-left model: elapsed 3145.4 s, remaining 454.6 s, median lap 91.0 s -> 5 (no-stop 5, pit loss 15.0 s, rate 7 l/s)
📊 strategy L35: fuel/lap 4.74 | fuel 38.9 = 8.2 laps | 5.0 laps to go | stops 0
🚪 gate refined: Deep Forest Raceway/customRace/finishLine (145 samples, σ 2.02 m, ±8 m)
🗣 spoke (radio, imp 0, cost 2.7s, ledger 2.7/20.4s, 1 line): surveyGate(finishLine, 145)
🗣 spoke (strategy, imp 2, cost 3.1s, ledger 5.8/20.4s, 1 line, protected): fuelStatus(plusLaps, 3, 5 to go, 8.21 fuel-laps)
🗣 bulletin (imp 6, cost 6.2s, ledger 12.0/20.4s, 2 lines): L35
🗣 spoke (strategy, imp 2, cost 3.5s, ledger 15.5/20.4s, 1 line, protected): strategyUpdate(fuel 8.21L, togo 5, stops 0)
📋 lap 35: 1:30.663 clean fuel_used=4.78
🔵 lap 35: clean
📊 laps-left model: elapsed 3236.2 s, remaining 363.8 s, median lap 90.8 s -> 5 (no-stop 5, pit loss 15.0 s, rate 7 l/s)
📊 strategy L36: fuel/lap 4.74 | fuel 34.2 = 7.2 laps | 5.0 laps to go | stops 0
🚪 gate refined: Deep Forest Raceway/customRace/finishLine (146 samples, σ 2.01 m, ±8 m)
🗣 spoke (radio, imp 0, cost 2.7s, ledger 2.7/20.4s, 1 line): surveyGate(finishLine, 146)
🗣 spoke (strategy, imp 2, cost 3.5s, ledger 6.2/20.4s, 1 line, protected): fuelStatus(plusLaps, 2, 5 to go, 7.20 fuel-laps)
🗣 bulletin (imp 6, cost 5.4s, ledger 11.6/20.4s, 2 lines): L36
🗣 spoke (strategy, imp 2, cost 3.5s, ledger 15.1/20.4s, 1 line, protected): strategyUpdate(fuel 7.20L, togo 5, stops 0)
📋 lap 36: 1:30.807 clean fuel_used=4.78
🔵 lap 36: clean
📊 laps-left model: elapsed 3327.1 s, remaining 272.9 s, median lap 90.8 s -> 4 (no-stop 4, pit loss 15.0 s, rate 7 l/s)
📊 strategy L37: fuel/lap 4.74 | fuel 29.4 = 6.2 laps | 4.0 laps to go | stops 0
🚪 gate refined: Deep Forest Raceway/customRace/finishLine (147 samples, σ 2.01 m, ±8 m)
🗣 spoke (radio, imp 0, cost 2.7s, ledger 2.7/20.4s, 1 line): surveyGate(finishLine, 147)
🗣 spoke (strategy, imp 2, cost 3.5s, ledger 6.2/20.4s, 1 line, protected): fuelStatus(plusLaps, 2, 4 to go, 6.20 fuel-laps)
🗣 bulletin (imp 6, cost 4.9s, ledger 11.1/20.4s, 2 lines): L37
🗣 spoke (strategy, imp 2, cost 3.5s, ledger 14.7/20.4s, 1 line, protected): strategyUpdate(fuel 6.20L, togo 4, stops 0)
📋 lap 37: 1:30.702 clean fuel_used=4.61
🔵 lap 37: clean
📊 laps-left model: elapsed 3417.9 s, remaining 182.1 s, median lap 90.8 s -> 3 (no-stop 3, pit loss 15.0 s, rate 7 l/s)
📊 strategy L38: fuel/lap 4.71 | fuel 24.8 = 5.3 laps | 3.0 laps to go | stops 0
🚪 gate refined: Deep Forest Raceway/customRace/finishLine (148 samples, σ 2.00 m, ±8 m)
🗣 spoke (radio, imp 0, cost 2.7s, ledger 2.7/20.4s, 1 line): surveyGate(finishLine, 148)
🗣 spoke (strategy, imp 2, cost 3.1s, ledger 5.8/20.4s, 1 line, protected): fuelStatus(plusLaps, 2, 3 to go, 5.25 fuel-laps)
🗣 bulletin (imp 6, cost 6.7s, ledger 12.4/20.4s, 2 lines): L38
🗣 spoke (strategy, imp 2, cost 3.5s, ledger 15.9/20.4s, 1 line, protected): strategyUpdate(fuel 5.25L, togo 3, stops 0)
📋 lap 38: 1:31.227 clean fuel_used=4.86
🔵 lap 38: clean
📊 laps-left model: elapsed 3509.2 s, remaining 90.8 s, median lap 90.8 s -> 2 (no-stop 2, pit loss 15.0 s, rate 7 l/s)
📊 strategy L39: fuel/lap 4.76 | fuel 19.9 = 4.2 laps | 2.0 laps to go | stops 0
🚪 gate refined: Deep Forest Raceway/customRace/finishLine (149 samples, σ 2.00 m, ±8 m)
🗣 spoke (radio, imp 0, cost 2.7s, ledger 2.7/20.4s, 1 line): surveyGate(finishLine, 149)
🗣 spoke (strategy, imp 2, cost 3.1s, ledger 5.8/20.4s, 1 line, protected): fuelStatus(plusLaps, 2, 2 to go, 4.18 fuel-laps)
🗣 bulletin (imp 6, cost 4.9s, ledger 10.7/20.4s, 2 lines): L39
🗣 spoke (strategy, imp 2, cost 3.5s, ledger 14.2/20.4s, 1 line, protected): strategyUpdate(fuel 4.18L, togo 2, stops 0)
📋 lap 39: 1:30.825 clean fuel_used=4.84
🔵 lap 39: clean
📊 strategy: finish armed at L40 (clock 3600.1 s of 3600) — awaiting lap-clock freeze
📊 laps-left model: elapsed 3600.1 s, remaining -0.1 s, median lap 90.8 s -> 0 (expired)
📊 strategy L40: fuel/lap 4.78 | fuel 15.1 = 3.1 laps | 0.0 laps to go | stops 0
🚪 gate refined: Deep Forest Raceway/customRace/finishLine (150 samples, σ 1.99 m, ±8 m)
🗣 spoke (radio, imp 0, cost 2.7s, ledger 2.7/20.4s, 1 line): surveyGate(finishLine, 150)
🗣 bulletin (imp 6, cost 5.4s, ledger 8.0/20.4s, 2 lines): L40
📊 strategy: flag WITHHELD at L40 — the clock model says the race ended but the lap clock is still running; staying armed
📋 lap 40: 1:31.159 clean fuel_used=5.11
🔵 lap 40: clean
📊 laps-left model: elapsed 3691.3 s, remaining -91.3 s, median lap 90.8 s -> 0 (expired)
📊 strategy L41: fuel/lap 4.80 | fuel 9.9 = 2.1 laps | 0.0 laps to go | stops 0
🚪 gate refined: Deep Forest Raceway/customRace/finishLine (151 samples, σ 1.99 m, ±8 m)
🗣 spoke (radio, imp 0, cost 2.7s, ledger 2.7/20.4s, 1 line): surveyGate(finishLine, 151)
📊 strategy: race finished at L40 — confirmed, lap clock frozen 0.50 s (handover 0.50 s)
✂️ capture auto-stop in 10s (race finished)
🗑 flag: pending commentary cancelled
🗣 spoke (radio, imp 0, cost 2.5s, ledger 5.2/20.4s, 1 line): raceFinished(L40)
🗑 speaker: 1 queued line(s) preempted by flag
# --- stopped: 222485 packets
