# EzioClient session log
# file:    20260820_191652 - Deep Forest Raceway (51).gt7td
# started: 2026-08-20T17:16:52Z
# track:   Deep Forest Raceway (CRS 51)
# car:     MAZDA RX-VISION GT3 CONCEPT [gr3]
# context: customRace
# ---
# car:     MAZDA RX-VISION GT3 CONCEPT (id 3419) — confirmed from telemetry
🎮 menus → onTrack (pkt 514330, lap 0, flags 0x0009, pos 20, cars 20, tod 61620000)
🏁 start type: ROLLING_START at pkt 514686 lap 1
🔀 state UNKNOWN → RACING at pkt 514686 lap 1
🔵 sub-state — → FIRST_LAP lap 1
📋 lap 0: — clean fuel_used=0.16
📊 strategy: green flag, race clock running
🗣 spoke (lapPace, imp 0, cost 2.5s, ledger 2.5/20.4s, 1 line): greenFlag
📊 strategy L1: no fuel model yet
🧭 learned: 2 gates matched, all Deep Forest Raceway — using the finishLine gate (76 samples)
🧭 identified: Deep Forest Raceway (CRS 51) — finishLine, 76 sample(s), ±8 m
🚪 gate refined: Deep Forest Raceway/customRace/lap1 (4 samples, σ 0.21 m, ±8 m)
🗣 spoke (radio, imp 0, cost 3.1s, ledger 5.6/20.4s, 1 line): surveyGate(lap1, 4)
🔵 sub-state FIRST_LAP → FLYING lap 2
📋 lap 1: 1:35.395 first fuel_used=3.58
🔵 lap 1: clean
📊 strategy L2: fuel/lap 3.58, 26.9 laps of fuel, race length unknown — fuel horizon
🚪 gate refined: Deep Forest Raceway/customRace/finishLine (77 samples, σ 1.85 m, ±8 m)
🗣 spoke (radio, imp 0, cost 2.7s, ledger 2.7/20.4s, 1 line): surveyGate(finishLine, 77)
🗣 bulletin (imp 6, cost 5.4s, ledger 8.0/20.4s, 2 lines): L2
🎭 mood relaxed → focused
🗣 chain (imp 4, cost 2.1s, ledger 2.1/20.4s, 2 events, 1 lines)
📋 lap 2: 1:33.607 clean fuel_used=3.33
🎭 mood focused → relaxed
🔵 lap 2 antics: contact
📊 laps-left model: elapsed 189.3 s, remaining 3410.7 s, median lap 93.6 s -> 37 (no-stop 37, pit loss 15.0 s, rate 5 l/s)
📊 strategy L3: fuel/lap 3.46 | fuel 92.9 = 26.9 laps | 37.0 laps to go | stops 1
🚪 gate refined: Deep Forest Raceway/customRace/finishLine (78 samples, σ 1.91 m, ±8 m)
🗣 spoke (radio, imp 0, cost 2.7s, ledger 2.7/20.4s, 1 line): surveyGate(finishLine, 78)
🗺 mapper: learned lap 2 (93.607 s, 4205 m, 841 pts) — installing as session polyline
🗣 spoke (radio, imp 0, cost 3.1s, ledger 5.8/20.4s, 1 line): surveyLap(2, 93607 ms, 841 pts)
🗺 session polyline installed from lap 2 (841 pts) — minimap + delta live
🗣 spoke (radio, imp 0, cost 2.7s, ledger 8.4/20.4s, 1 line): surveyComplete(3 optional missing)
⏱ class lap kept: Deep Forest Raceway/customRace/Gr.3 → 1:33.607 (5/10 laps, 2 car(s), avg 1:29.738)
📋 strategy burst: 3 event(s), releasing best-first — pitWindow(L11/L19/L28, stops 1) | pitWindowState(beforeOpen, now L3, L11/L19/L28, stops 1) | pitStopsToGo(1, 37 to go)
🗣 spoke (strategy, imp 2, cost 4.1s, ledger 12.5/20.4s, 1 line, protected): pitWindow(L11/L19/L28, stops 1)
🗣 spoke (strategy, imp 4, cost 2.7s, ledger 15.2/20.4s, 1 line, protected): pitWindowState(beforeOpen, now L3, L11/L19/L28, stops 1)
🗣 spoke (strategy, imp 4, cost 2.1s, ledger 17.3/20.4s, 1 line, protected): pitStopsToGo(1, 37 to go)
🗑 dropped (bulletin, ledger full; cost 3.9s, load 17.3/20.4s, 2 lines): L3
🗣 spoke (strategy, imp 2, cost 2.2s, ledger 19.5/20.4s, 1 line, protected): strategyUpdate(fuel 26.88L, togo 37, stops 1)
🎭 mood relaxed → focused
🗣 chain (imp 4, cost 2.5s, ledger 2.5/20.4s, 1 events, 1 lines)
📋 lap 3: 1:32.267 clean fuel_used=3.28
🎭 mood focused → relaxed
🔵 lap 3 antics: contact
📊 laps-left model: elapsed 281.6 s, remaining 3318.4 s, median lap 92.9 s -> 36 (no-stop 36, pit loss 15.0 s, rate 5 l/s)
📊 strategy L4: fuel/lap 3.34 | fuel 89.6 = 26.9 laps | 36.0 laps to go | stops 1
🗣 spoke (position, imp 4, cost 2.2s, ledger 4.7/20.4s, 1 line): positionChange(P17→P15)
🚪 gate refined: Deep Forest Raceway/customRace/finishLine (79 samples, σ 1.94 m, ±8 m)
🗣 spoke (radio, imp 0, cost 2.7s, ledger 7.4/20.4s, 1 line): surveyGate(finishLine, 79)
🗺 mapper: learned lap 3 (92.267 s, 4190 m, 838 pts) — installing as session polyline
🗣 spoke (radio, imp 0, cost 3.5s, ledger 10.9/20.4s, 1 line): surveyLap(3, 92267 ms, 838 pts)
🗺 session polyline installed from lap 3 (838 pts) — minimap + delta live
⏱ class lap kept: Deep Forest Raceway/customRace/Gr.3 → 1:32.267 (6/10 laps, 2 car(s), avg 1:30.160)
📋 strategy burst: 3 event(s), releasing best-first — pitWindow(L10/L19/L29, stops 1) | pitWindowState(beforeOpen, now L4, L10/L19/L29, stops 1) | pitStopsToGo(1, 36 to go)
🗣 spoke (strategy, imp 2, cost 2.8s, ledger 13.8/20.4s, 1 line, protected): pitWindow(L10/L19/L29, stops 1)
🗣 spoke (strategy, imp 4, cost 2.7s, ledger 16.4/20.4s, 1 line, protected): pitWindowState(beforeOpen, now L4, L10/L19/L29, stops 1)
🗣 spoke (strategy, imp 4, cost 2.5s, ledger 18.9/20.4s, 1 line, protected): pitStopsToGo(1, 36 to go)
🗑 dropped (bulletin, ledger full; cost 6.6s, load 18.9/20.4s, 2 lines): L4
🗣 spoke (strategy, imp 2, cost 2.2s, ledger 18.6/20.4s, 1 line, protected): strategyUpdate(fuel 26.88L, togo 36, stops 1)
📋 lap 4: 1:31.739 clean fuel_used=3.39
🔵 lap 4: clean
📊 laps-left model: elapsed 373.4 s, remaining 3226.6 s, median lap 92.3 s -> 35 (no-stop 35, pit loss 15.0 s, rate 5 l/s)
📊 strategy L5: fuel/lap 3.36 | fuel 86.3 = 25.6 laps | 35.0 laps to go | stops 1
🚪 gate refined: Deep Forest Raceway/customRace/finishLine (80 samples, σ 1.93 m, ±8 m)
🗣 spoke (position, imp 4, cost 3.1s, ledger 3.1/20.4s, 1 line): positionChange(P15→P12)
🗣 spoke (radio, imp 0, cost 2.7s, ledger 5.8/20.4s, 1 line): surveyGate(finishLine, 80)
🗺 mapper: learned lap 4 (91.739 s, 4190 m, 838 pts) — installing as session polyline
🗣 spoke (radio, imp 0, cost 3.7s, ledger 9.5/20.4s, 1 line): surveyLap(4, 91739 ms, 838 pts)
🗺 session polyline installed from lap 4 (838 pts) — minimap + delta live
⏱ class lap kept: Deep Forest Raceway/customRace/Gr.3 → 1:31.739 (6/10 laps, 2 car(s), avg 1:29.848)
📋 strategy burst: 2 event(s), releasing best-first — pitWindowState(beforeOpen, now L5, L11/L19/L29, stops 1) | pitStopsToGo(1, 35 to go)
🗣 spoke (strategy, imp 4, cost 2.7s, ledger 12.1/20.4s, 1 line, protected): pitWindowState(beforeOpen, now L5, L11/L19/L29, stops 1)
🗣 spoke (strategy, imp 4, cost 2.1s, ledger 14.2/20.4s, 1 line, protected): pitStopsToGo(1, 35 to go)
🗣 bulletin (imp 2, cost 6.0s, ledger 20.2/20.4s, 2 lines): L5
🗑 speaker: stale, not spoken: "on lap 5"
🗣 spoke (strategy, imp 2, cost 2.2s, ledger 22.4/20.4s, 1 line, protected): strategyUpdate(fuel 25.65L, togo 35, stops 1)
📋 lap 5: 1:32.060 clean fuel_used=3.20
🔵 lap 5: clean
📊 laps-left model: elapsed 465.6 s, remaining 3134.4 s, median lap 92.2 s -> 34 (no-stop 35, pit loss 15.0 s, rate 5 l/s)
📊 strategy L6: fuel/lap 3.34 | fuel 83.1 = 24.9 laps | 34.0 laps to go | stops 1
🗣 spoke (position, imp 4, cost 3.3s, ledger 3.3/20.4s, 1 line): positionChange(P12→P10)
🚪 gate refined: Deep Forest Raceway/customRace/finishLine (81 samples, σ 2.02 m, ±8 m)
🗣 spoke (radio, imp 0, cost 2.7s, ledger 5.9/20.4s, 1 line): surveyGate(finishLine, 81)
📋 strategy burst: 3 event(s), releasing best-first — fuelStatus(extendStint, 24, 34 to go, 24.90 fuel-laps) | pitWindowState(beforeOpen, now L6, L10/L19/L29, stops 1, close) | pitStopsToGo(1, 34 to go)
🗣 spoke (strategy, imp 2, cost 3.8s, ledger 9.7/20.4s, 1 line, protected): fuelStatus(extendStint, 24, 34 to go, 24.90 fuel-laps)
🗣 spoke (strategy, imp 4, cost 2.7s, ledger 12.4/20.4s, 1 line, protected): pitWindowState(beforeOpen, now L6, L10/L19/L29, stops 1, close)
🗣 spoke (strategy, imp 4, cost 2.1s, ledger 14.4/20.4s, 1 line, protected): pitStopsToGo(1, 34 to go)
🗣 bulletin (imp 6, cost 4.6s, ledger 19.0/20.4s, 2 lines): L6
🗣 spoke (strategy, imp 2, cost 2.2s, ledger 21.3/20.4s, 1 line, protected): strategyUpdate(fuel 24.90L, togo 34, stops 1)
📋 lap 6: 1:30.666 clean fuel_used=3.27
🔵 lap 6: clean
📊 laps-left model: elapsed 556.4 s, remaining 3043.6 s, median lap 92.1 s -> 33 (no-stop 34, pit loss 15.0 s, rate 5 l/s)
📊 strategy L7: fuel/lap 3.31 | fuel 79.8 = 24.1 laps | 33.0 laps to go | stops 1
🗣 spoke (position, imp 4, cost 3.7s, ledger 3.7/20.4s, 1 line): positionChange(P10→P7)
🚪 gate refined: Deep Forest Raceway/customRace/finishLine (82 samples, σ 2.01 m, ±8 m)
🗣 spoke (radio, imp 0, cost 2.7s, ledger 6.4/20.4s, 1 line): surveyGate(finishLine, 82)
🗺 mapper: learned lap 6 (90.666 s, 4180 m, 836 pts) — installing as session polyline
🗣 spoke (radio, imp 0, cost 4.1s, ledger 10.5/20.4s, 1 line): surveyLap(6, 90666 ms, 836 pts)
🗺 session polyline installed from lap 6 (836 pts) — minimap + delta live
⏱ class lap kept: Deep Forest Raceway/customRace/Gr.3 → 1:30.666 (6/10 laps, 2 car(s), avg 1:29.582)
📋 strategy burst: 3 event(s), releasing best-first — pitWindow(L10/L19/L30, stops 1) | pitWindowState(beforeOpen, now L7, L10/L19/L30, stops 1) | pitStopsToGo(1, 33 to go)
🗣 spoke (strategy, imp 2, cost 2.8s, ledger 13.3/20.4s, 1 line, protected): pitWindow(L10/L19/L30, stops 1)
🗣 spoke (strategy, imp 4, cost 2.7s, ledger 16.0/20.4s, 1 line, protected): pitWindowState(beforeOpen, now L7, L10/L19/L30, stops 1)
🗣 spoke (strategy, imp 4, cost 2.5s, ledger 18.5/20.4s, 1 line, protected): pitStopsToGo(1, 33 to go)
🗑 dropped (bulletin, ledger full; cost 6.6s, load 18.5/20.4s, 2 lines): L7
🗣 spoke (strategy, imp 2, cost 2.2s, ledger 20.7/20.4s, 1 line, protected): strategyUpdate(fuel 24.12L, togo 33, stops 1)
📋 lap 7: 1:30.673 clean fuel_used=3.31
🔵 lap 7: clean
📊 laps-left model: elapsed 647.1 s, remaining 2952.9 s, median lap 91.9 s -> 32 (no-stop 33, pit loss 15.0 s, rate 5 l/s)
📊 strategy L8: fuel/lap 3.31 | fuel 76.5 = 23.1 laps | 32.0 laps to go | stops 1
🚪 gate refined: Deep Forest Raceway/customRace/finishLine (83 samples, σ 2.00 m, ±8 m)
🗣 spoke (position, imp 4, cost 3.1s, ledger 3.1/20.4s, 1 line): positionChange(P7→P5)
🗣 spoke (radio, imp 0, cost 2.7s, ledger 5.8/20.4s, 1 line): surveyGate(finishLine, 83)
📋 strategy burst: 3 event(s), releasing best-first — fuelStatus(extendStint, 23, 32 to go, 23.08 fuel-laps) | pitWindowState(beforeOpen, now L8, L10/L19/L30, stops 1, close) | pitStopsToGo(1, 32 to go)
🗣 spoke (strategy, imp 2, cost 4.6s, ledger 10.4/20.4s, 1 line, protected): fuelStatus(extendStint, 23, 32 to go, 23.08 fuel-laps)
🗣 spoke (strategy, imp 4, cost 2.7s, ledger 13.1/20.4s, 1 line, protected): pitWindowState(beforeOpen, now L8, L10/L19/L30, stops 1, close)
🗣 spoke (strategy, imp 4, cost 2.1s, ledger 15.1/20.4s, 1 line, protected): pitStopsToGo(1, 32 to go)
🗣 bulletin (imp 6, cost 4.6s, ledger 19.7/20.4s, 2 lines): L8
🗣 spoke (strategy, imp 2, cost 2.2s, ledger 22.0/20.4s, 1 line, protected): strategyUpdate(fuel 23.08L, togo 32, stops 1)
🗣 chain (imp 4, cost 1.2s, ledger 1.2/20.4s, 1 events, 1 lines)
📋 lap 8: 1:31.734 clean fuel_used=3.39
🔵 lap 8 antics: contact, gained 2
📊 laps-left model: elapsed 738.9 s, remaining 2861.1 s, median lap 91.7 s -> 31 (no-stop 32, pit loss 15.0 s, rate 5 l/s)
📊 strategy L9: fuel/lap 3.32 | fuel 73.1 = 22.0 laps | 31.0 laps to go | stops 1
🚪 gate refined: Deep Forest Raceway/customRace/finishLine (84 samples, σ 2.06 m, ±8 m)
🗣 spoke (radio, imp 0, cost 2.7s, ledger 3.9/20.4s, 1 line): surveyGate(finishLine, 84)
📋 strategy burst: 4 event(s), releasing best-first — pitWindow(L10/L19/L29, stops 1) | fuelStatus(extendStint, 21, 31 to go, 21.98 fuel-laps) | pitWindowState(beforeOpen, now L9, L10/L19/L29, stops 1, close) | pitStopsToGo(1, 31 to go)
🗣 spoke (strategy, imp 2, cost 4.1s, ledger 8.0/20.4s, 1 line, protected): pitWindow(L10/L19/L29, stops 1)
🗣 spoke (strategy, imp 2, cost 3.8s, ledger 11.8/20.4s, 1 line, protected): fuelStatus(extendStint, 21, 31 to go, 21.98 fuel-laps)
🗣 spoke (strategy, imp 4, cost 2.7s, ledger 14.4/20.4s, 1 line, protected): pitWindowState(beforeOpen, now L9, L10/L19/L29, stops 1, close)
🗑 dropped (burst cap 3): pitStopsToGo(1, 31 to go)
🗣 bulletin (imp 6, cost 4.1s, ledger 18.5/20.4s, 2 lines): L9
🗣 spoke (strategy, imp 2, cost 2.2s, ledger 19.6/20.4s, 1 line, protected): strategyUpdate(fuel 21.98L, togo 31, stops 1)
📋 lap 9: 1:31.222 clean fuel_used=3.39
🔵 lap 9: clean
📊 laps-left model: elapsed 830.2 s, remaining 2769.8 s, median lap 91.7 s -> 30 (no-stop 31, pit loss 15.0 s, rate 5 l/s)
📊 strategy L10: fuel/lap 3.32 | fuel 69.7 = 21.0 laps | 30.0 laps to go | stops 1
🗣 spoke (position, imp 4, cost 3.7s, ledger 3.7/20.4s, 1 line): positionChange(P5→P2)
🚪 gate refined: Deep Forest Raceway/customRace/finishLine (85 samples, σ 2.12 m, ±8 m)
🗣 spoke (radio, imp 0, cost 2.7s, ledger 6.4/20.4s, 1 line): surveyGate(finishLine, 85)
📋 strategy burst: 3 event(s), releasing best-first — fuelStatus(extendStint, 20, 30 to go, 20.96 fuel-laps) | pitWindowState(openTargetAhead, now L10, L10/L19/L29, stops 1, close) | pitStopsToGo(1, 30 to go)
🗣 spoke (strategy, imp 2, cost 3.8s, ledger 10.1/20.4s, 1 line, protected): fuelStatus(extendStint, 20, 30 to go, 20.96 fuel-laps)
🗣 spoke (strategy, imp 4, cost 3.5s, ledger 13.7/20.4s, 1 line, protected): pitWindowState(openTargetAhead, now L10, L10/L19/L29, stops 1, close)
🗣 spoke (strategy, imp 4, cost 2.1s, ledger 15.7/20.4s, 1 line, protected): pitStopsToGo(1, 30 to go)
🗣 bulletin (imp 6, cost 4.6s, ledger 20.3/20.4s, 2 lines): L10
🗑 speaker: stale, not spoken: "lap 10 now"
🗑 speaker: stale, not spoken: "keep the good laps coming"
🗣 spoke (strategy, imp 2, cost 2.2s, ledger 22.6/20.4s, 1 line, protected): strategyUpdate(fuel 20.96L, togo 30, stops 1)
🗣 chain (imp 4, cost 2.1s, ledger 2.1/20.4s, 1 events, 1 lines)
📋 lap 10: 1:31.431 clean fuel_used=3.34
🔵 lap 10 antics: contact, gained 3
📊 laps-left model: elapsed 921.8 s, remaining 2678.2 s, median lap 91.6 s -> 29-30 (no-stop 30, pit loss 15.0 s, rate 5 l/s, tyre-decisive)
📊 strategy L11: fuel/lap 3.33 | fuel 66.3 = 19.9 laps | 30.0 laps to go | stops 1
🗣 spoke (position, imp 4, cost 2.1s, ledger 4.1/20.4s, 1 line): positionChange(P2→P1)
🚪 gate refined: Deep Forest Raceway/customRace/finishLine (86 samples, σ 2.11 m, ±8 m)
🗣 spoke (radio, imp 0, cost 2.7s, ledger 6.8/20.4s, 1 line): surveyGate(finishLine, 86)
📋 strategy burst: 4 event(s), releasing best-first — pitWindow(L11/L20/L29, stops 1) | fuelStatus(extendStint, 19, 30 to go, 19.95 fuel-laps) | pitWindowState(openTargetAhead, now L11, L11/L20/L29, stops 1, close) | pitStopsToGo(1, 30 to go)
🗣 spoke (strategy, imp 2, cost 4.1s, ledger 10.9/20.4s, 1 line, protected): pitWindow(L11/L20/L29, stops 1)
🗣 spoke (strategy, imp 2, cost 3.8s, ledger 14.7/20.4s, 1 line, protected): fuelStatus(extendStint, 19, 30 to go, 19.95 fuel-laps)
🗣 spoke (strategy, imp 4, cost 3.5s, ledger 18.2/20.4s, 1 line, protected): pitWindowState(openTargetAhead, now L11, L11/L20/L29, stops 1, close)
🗑 dropped (burst cap 3): pitStopsToGo(1, 30 to go)
🗑 dropped (bulletin, ledger full; cost 4.6s, load 18.2/20.4s, 2 lines): L11
🗣 spoke (strategy, imp 2, cost 5.4s, ledger 21.6/20.4s, 1 line, protected): strategyUpdate(fuel 19.95L, togo 29-30/tyres, stops 1)
📋 lap 11: 1:29.968 clean fuel_used=3.33
🔵 lap 11: clean
📊 laps-left model: elapsed 1011.8 s, remaining 2588.2 s, median lap 91.3 s -> 29 (no-stop 29, pit loss 15.0 s, rate 5 l/s)
📊 strategy L12: fuel/lap 3.33 | fuel 63.0 = 18.9 laps | 29.0 laps to go | stops 1
🚪 gate refined: Deep Forest Raceway/customRace/finishLine (87 samples, σ 2.10 m, ±8 m)
🗣 spoke (radio, imp 0, cost 2.7s, ledger 2.7/20.4s, 1 line): surveyGate(finishLine, 87)
🗺 mapper: learned lap 11 (89.968 s, 4185 m, 837 pts) — installing as session polyline
🗣 spoke (radio, imp 0, cost 3.7s, ledger 6.4/20.4s, 1 line): surveyLap(11, 89968 ms, 837 pts)
🗺 session polyline installed from lap 11 (837 pts) — minimap + delta live
⏱ class lap kept: Deep Forest Raceway/customRace/Gr.3 → 1:29.968 (6/10 laps, 2 car(s), avg 1:29.286)
📋 strategy burst: 3 event(s), releasing best-first — fuelStatus(extendStint, 18, 29 to go, 18.91 fuel-laps) | pitWindowState(openTargetAhead, now L12, L12/L20/L29, stops 1, close) | pitStopsToGo(1, 29 to go)
🗣 spoke (strategy, imp 2, cost 4.6s, ledger 11.0/20.4s, 1 line, protected): fuelStatus(extendStint, 18, 29 to go, 18.91 fuel-laps)
🗣 spoke (strategy, imp 4, cost 3.5s, ledger 14.5/20.4s, 1 line, protected): pitWindowState(openTargetAhead, now L12, L12/L20/L29, stops 1, close)
🗣 spoke (strategy, imp 4, cost 2.1s, ledger 16.6/20.4s, 1 line, protected): pitStopsToGo(1, 29 to go)
🗑 dropped (bulletin, ledger full; cost 5.6s, load 16.6/20.4s, 2 lines): L12
🗣 spoke (strategy, imp 2, cost 2.2s, ledger 18.8/20.4s, 1 line, protected): strategyUpdate(fuel 18.91L, togo 29, stops 1)
📋 lap 12: 1:30.352 clean fuel_used=3.18
🔵 lap 12: clean
📊 laps-left model: elapsed 1102.3 s, remaining 2497.7 s, median lap 90.9 s -> 28 (no-stop 28, pit loss 15.0 s, rate 5 l/s)
📊 strategy L13: fuel/lap 3.32 | fuel 59.8 = 18.0 laps | 28.0 laps to go | stops 1
🚪 gate refined: Deep Forest Raceway/customRace/finishLine (88 samples, σ 2.09 m, ±8 m)
🗣 spoke (radio, imp 0, cost 2.7s, ledger 2.7/20.4s, 1 line): surveyGate(finishLine, 88)
📋 strategy burst: 4 event(s), releasing best-first — pitWindow(L13/L20/L30, stops 1) | fuelStatus(extendStint, 18, 28 to go, 18.02 fuel-laps) | pitWindowState(openTargetAhead, now L13, L13/L20/L30, stops 1, close) | pitStopsToGo(1, 28 to go)
🗣 spoke (strategy, imp 2, cost 4.1s, ledger 6.8/20.4s, 1 line, protected): pitWindow(L13/L20/L30, stops 1)
🗣 spoke (strategy, imp 2, cost 3.8s, ledger 10.6/20.4s, 1 line, protected): fuelStatus(extendStint, 18, 28 to go, 18.02 fuel-laps)
🗣 spoke (strategy, imp 4, cost 3.5s, ledger 14.1/20.4s, 1 line, protected): pitWindowState(openTargetAhead, now L13, L13/L20/L30, stops 1, close)
🗑 dropped (burst cap 3): pitStopsToGo(1, 28 to go)
🗣 bulletin (imp 6, cost 4.6s, ledger 18.7/20.4s, 2 lines): L13
🗣 spoke (strategy, imp 2, cost 2.2s, ledger 20.9/20.4s, 1 line, protected): strategyUpdate(fuel 18.02L, togo 28, stops 1)
📋 lap 13: 1:30.428 clean fuel_used=2.95
🔵 lap 13: clean
📊 laps-left model: elapsed 1192.8 s, remaining 2407.2 s, median lap 90.7 s -> 27 (no-stop 27, pit loss 15.0 s, rate 5 l/s)
📊 strategy L14: fuel/lap 3.32 | fuel 56.9 = 17.1 laps | 27.0 laps to go | stops 1
🚪 gate refined: Deep Forest Raceway/customRace/finishLine (89 samples, σ 2.08 m, ±8 m)
🗣 spoke (radio, imp 0, cost 2.7s, ledger 2.7/20.4s, 1 line): surveyGate(finishLine, 89)
📋 strategy burst: 2 event(s), releasing best-first — pitWindowState(openTargetAhead, now L14, L14/L20/L30, stops 1) | pitStopsToGo(1, 27 to go)
🗣 spoke (strategy, imp 4, cost 4.8s, ledger 7.5/20.4s, 1 line, protected): pitWindowState(openTargetAhead, now L14, L14/L20/L30, stops 1)
🗣 spoke (strategy, imp 4, cost 2.1s, ledger 9.5/20.4s, 1 line, protected): pitStopsToGo(1, 27 to go)
🗣 bulletin (imp 6, cost 4.6s, ledger 14.1/20.4s, 2 lines): L14
🗣 spoke (strategy, imp 2, cost 2.2s, ledger 16.4/20.4s, 1 line, protected): strategyUpdate(fuel 17.13L, togo 27, stops 1)
📋 lap 14: 1:30.674 clean fuel_used=3.09
🔵 lap 14: clean
📊 laps-left model: elapsed 1283.6 s, remaining 2316.4 s, median lap 90.7 s -> 26 (no-stop 26, pit loss 15.0 s, rate 5 l/s)
📊 strategy L15: fuel/lap 3.32 | fuel 53.8 = 16.2 laps | 26.0 laps to go | stops 1
🚪 gate refined: Deep Forest Raceway/customRace/finishLine (90 samples, σ 2.14 m, ±8 m)
🗣 spoke (radio, imp 0, cost 2.7s, ledger 2.7/20.4s, 1 line): surveyGate(finishLine, 90)
📋 strategy burst: 2 event(s), releasing best-first — pitWindowState(openTargetAhead, now L15, L15/L20/L30, stops 1) | pitStopsToGo(1, 26 to go)
🗣 spoke (strategy, imp 4, cost 3.5s, ledger 6.2/20.4s, 1 line, protected): pitWindowState(openTargetAhead, now L15, L15/L20/L30, stops 1)
🗣 spoke (strategy, imp 4, cost 2.5s, ledger 8.7/20.4s, 1 line, protected): pitStopsToGo(1, 26 to go)
🗣 bulletin (imp 6, cost 6.2s, ledger 14.9/20.4s, 2 lines): L15
🗣 spoke (strategy, imp 2, cost 2.2s, ledger 17.1/20.4s, 1 line, protected): strategyUpdate(fuel 16.20L, togo 26, stops 1)
📋 lap 15: 1:29.720 clean fuel_used=3.04
🔵 lap 15: clean
📊 laps-left model: elapsed 1373.4 s, remaining 2226.6 s, median lap 90.6 s -> 25 (no-stop 25, pit loss 15.0 s, rate 5 l/s)
📊 strategy L16: fuel/lap 3.26 | fuel 50.8 = 15.6 laps | 25.0 laps to go | stops 1
🚪 gate refined: Deep Forest Raceway/customRace/finishLine (91 samples, σ 2.13 m, ±8 m)
🗣 spoke (radio, imp 0, cost 2.7s, ledger 2.7/20.4s, 1 line): surveyGate(finishLine, 91)
🗺 mapper: learned lap 15 (89.720 s, 4185 m, 837 pts) — installing as session polyline
🗣 spoke (radio, imp 0, cost 4.1s, ledger 6.8/20.4s, 1 line): surveyLap(15, 89720 ms, 837 pts)
🗺 session polyline installed from lap 15 (837 pts) — minimap + delta live
⏱ class lap kept: Deep Forest Raceway/customRace/Gr.3 → 1:29.720 (6/10 laps, 2 car(s), avg 1:29.129)
📋 strategy burst: 2 event(s), releasing best-first — pitWindowState(openTargetAhead, now L16, L16/L20/L30, stops 1) | pitStopsToGo(1, 25 to go)
🗣 spoke (strategy, imp 4, cost 4.5s, ledger 11.3/20.4s, 1 line, protected): pitWindowState(openTargetAhead, now L16, L16/L20/L30, stops 1)
🗣 spoke (strategy, imp 4, cost 2.1s, ledger 13.4/20.4s, 1 line, protected): pitStopsToGo(1, 25 to go)
🗣 bulletin (imp 2, cost 6.0s, ledger 19.4/20.4s, 2 lines): L16
🗑 speaker: stale after pause: "that's lap 16"
🗣 spoke (strategy, imp 2, cost 2.2s, ledger 21.7/20.4s, 1 line, protected): strategyUpdate(fuel 15.59L, togo 25, stops 1)
📋 lap 16: 1:30.691 clean fuel_used=3.22
🔵 lap 16: clean
📊 laps-left model: elapsed 1464.1 s, remaining 2135.9 s, median lap 90.6 s -> 24 (no-stop 24, pit loss 15.0 s, rate 5 l/s)
📊 strategy L17: fuel/lap 3.20 | fuel 47.5 = 14.8 laps | 24.0 laps to go | stops 1
🚪 gate refined: Deep Forest Raceway/customRace/finishLine (92 samples, σ 2.12 m, ±8 m)
🗣 spoke (radio, imp 0, cost 2.7s, ledger 2.7/20.4s, 1 line): surveyGate(finishLine, 92)
📋 strategy burst: 2 event(s), releasing best-first — pitWindowState(openTargetAhead, now L17, L17/L20/L30, stops 1) | pitStopsToGo(1, 24 to go)
🗣 spoke (strategy, imp 4, cost 4.4s, ledger 7.0/20.4s, 1 line, protected): pitWindowState(openTargetAhead, now L17, L17/L20/L30, stops 1)
🗣 spoke (strategy, imp 4, cost 2.5s, ledger 9.5/20.4s, 1 line, protected): pitStopsToGo(1, 24 to go)
🗣 bulletin (imp 6, cost 6.2s, ledger 15.8/20.4s, 2 lines): L17
🗣 spoke (strategy, imp 2, cost 2.2s, ledger 18.0/20.4s, 1 line, protected): strategyUpdate(fuel 14.84L, togo 24, stops 1)
📋 lap 17: 1:30.335 clean fuel_used=3.33
🔵 lap 17: clean
📊 laps-left model: elapsed 1554.6 s, remaining 2045.4 s, median lap 90.4 s -> 23 (no-stop 23, pit loss 15.0 s, rate 5 l/s)
📊 strategy L18: fuel/lap 3.20 | fuel 44.2 = 13.8 laps | 23.0 laps to go | stops 1
🚪 gate refined: Deep Forest Raceway/customRace/finishLine (93 samples, σ 2.11 m, ±8 m)
🗣 spoke (radio, imp 0, cost 2.7s, ledger 2.7/20.4s, 1 line): surveyGate(finishLine, 93)
📋 strategy burst: 2 event(s), releasing best-first — pitWindowState(openTargetAhead, now L18, L18/L20/L30, stops 1) | pitStopsToGo(1, 23 to go)
🗣 spoke (strategy, imp 4, cost 4.8s, ledger 7.5/20.4s, 1 line, protected): pitWindowState(openTargetAhead, now L18, L18/L20/L30, stops 1)
🗣 spoke (strategy, imp 4, cost 2.1s, ledger 9.5/20.4s, 1 line, protected): pitStopsToGo(1, 23 to go)
🗣 bulletin (imp 6, cost 6.3s, ledger 15.8/20.4s, 2 lines): L18
🗣 spoke (strategy, imp 2, cost 2.2s, ledger 18.1/20.4s, 1 line, protected): strategyUpdate(fuel 13.80L, togo 23, stops 1)
📋 lap 18: 1:30.474 clean fuel_used=3.24
🔵 lap 18: clean
📊 laps-left model: elapsed 1645.1 s, remaining 1954.9 s, median lap 90.4 s -> 22 (no-stop 22, pit loss 15.0 s, rate 5 l/s)
📊 strategy L19: fuel/lap 3.20 | fuel 41.0 = 12.8 laps | 22.0 laps to go | stops 1
🚪 gate refined: Deep Forest Raceway/customRace/finishLine (94 samples, σ 2.11 m, ±8 m)
🗣 spoke (radio, imp 0, cost 2.7s, ledger 2.7/20.4s, 1 line): surveyGate(finishLine, 94)
📋 strategy burst: 2 event(s), releasing best-first — pitWindowState(openTargetAhead, now L19, L19/L20/L30, stops 1) | pitStopsToGo(1, 22 to go)
🗣 spoke (strategy, imp 4, cost 4.5s, ledger 7.2/20.4s, 1 line, protected): pitWindowState(openTargetAhead, now L19, L19/L20/L30, stops 1)
🗣 spoke (strategy, imp 4, cost 2.1s, ledger 9.3/20.4s, 1 line, protected): pitStopsToGo(1, 22 to go)
🗣 bulletin (imp 6, cost 4.6s, ledger 13.9/20.4s, 2 lines): L19
🗣 spoke (strategy, imp 2, cost 2.2s, ledger 16.1/20.4s, 1 line, protected): strategyUpdate(fuel 12.78L, togo 22, stops 1)
🔧 huge stop 228 km/h with clutch 1.00 — pending impact-vs-pit (6 s)
🔀 state RACING → PIT at pkt 618413 lap 19
🔵 sub-state FLYING → — lap 19
🔧 pit-entry anchor learned: 85297 ms into lap (stop on lap 19)
🔧 pended impact cancelled: pit entry
📊 strategy: stop underway, plan now 0 more
🚪 gate refined: Deep Forest Raceway/customRace/pitEntry (5 samples, σ 0.18 m, ±0 m)
🗣 spoke (pitSequence, imp 0, cost 2.5s, ledger 2.5/20.4s, 1 line, protected): pittingIn(L19)
🗑 dropped (in pit): surveyGate(pitEntry, 5)
🗑 dropped (in pit): surveyComplete(2 optional missing)
📊 strategy: box reached on the ENDING lap (entered L19, counter still L19) — the lap in progress completes on release, counting it as banked
📊 laps-left model: elapsed 1744.1 s, remaining 1855.9 s, median lap 90.4 s -> 21 (no-stop 21, pit loss 15.0 s, rate 5 l/s)
🗣 spoke (pitSequence, imp 2, cost 2.5s, ledger 5.0/20.4s, 1 line, protected): inPitBox
🗣 spoke (strategy, imp 0, cost 3.5s, ledger 8.5/20.4s, 1 line, protected): refuelTarget(21 laps)
🗑 dropped (in pit): tyreTemps(low, 60°)
🔀 state PIT → RACING at pkt 620161 lap 20
🔵 sub-state — → OUT_LAP lap 20
🅿️ PIT completed: in L19 → out L20 (+35.4 fuel, transit 32.6s, teleport=false)
🚪 gate refined: Deep Forest Raceway/customRace/pitBox (5 samples, σ 0.00 m, ±0 m)
🗑 dropped (in pit): surveyGate(pitBox, 5)
🅿️ entry→box 17.0s (speaking budget)
🗑 dropped (in pit): surveyComplete(1 optional missing)
📋 lap 19: 1:54.418 in fuel_used=2.86
🔵 lap 19: clean
🗑 dropped (in pit): lapStarted(20, last 114.42s)
🗑 dropped (in pit): positionChange(P1→P5)
🔧 teleport 173 m on lap 20 — pit release, not a reset
📊 laps-left model: elapsed 1759.7 s, remaining 1840.3 s, median lap 90.4 s -> 21 (no-stop 21, pit loss 15.0 s, rate 5 l/s)
📊 strategy L20: fuel/lap 3.20 | fuel 73.5 = 22.9 laps | 21.0 laps to go | stops 0
🗣 spoke (pitSequence, imp 2, cost 1.6s, ledger 7.7/20.4s, 1 line, protected): exitingPit(+35.41l, tyres)
🗑 dropped (cooldown pit; 0.0s of 1.0s via pitSequence x0.50): freshTyres
🚪 gate refined: Deep Forest Raceway/customRace/pitExit (5 samples, σ 0.00 m, ±8 m)
🗺 mapper: lap 19 rejected (teleport)
🗣 spoke (radio, imp 0, cost 2.7s, ledger 10.3/20.4s, 1 line): surveyGate(pitExit, 5)
🗣 spoke (radio, imp 0, cost 2.1s, ledger 12.4/20.4s, 1 line): surveyComplete(0 optional missing)
📊 laps-left model: elapsed 1759.7 s, remaining 1825.3 s, median lap 90.4 s -> 21 (no-stop 21, pit loss 15.0 s, rate 5 l/s), out-lap -15.0s
📊 strategy L20: fuel/lap 3.20 | fuel 73.5 = 22.9 laps | 21.0 laps to go | stops 0 (post-stop recalc)
📋 strategy burst: 2 event(s), releasing best-first — fuelStatus(plusLaps, 1, 21 to go, 22.94 fuel-laps) | strategyUpdate(fuel 22.94L, togo 21, stops 0, post-stop)
🗣 spoke (strategy, imp 2, cost 3.5s, ledger 15.9/20.4s, 1 line, protected): fuelStatus(plusLaps, 1, 21 to go, 22.94 fuel-laps)
🗣 spoke (strategy, imp 2, cost 2.9s, ledger 18.8/20.4s, 1 line, protected): strategyUpdate(fuel 22.94L, togo 21, stops 0, post-stop)
🗑 dropped (cooldown strategy; 13.6s of 75.0s via strategy x0.50): strategyUpdate(fuel 22.94L, togo 21, stops 0)
🔵 sub-state OUT_LAP → FLYING lap 21
📋 lap 20: 1:31.976 out fuel_used=3.55
🔵 lap 20: clean
📊 laps-left model: elapsed 1851.7 s, remaining 1748.3 s, median lap 90.4 s -> 20 (no-stop 20, pit loss 15.0 s, rate 5 l/s)
📊 strategy L21: fuel/lap 3.20 | fuel 70.0 = 21.8 laps | 20.0 laps to go | stops 0
🗣 spoke (position, imp 4, cost 2.5s, ledger 2.5/20.4s, 1 line): positionChange(P5→P1)
🚪 gate refined: Deep Forest Raceway/customRace/finishLine (95 samples, σ 2.11 m, ±8 m)
🗺 mapper: lap 20 rejected (teleport)
🗣 spoke (radio, imp 0, cost 2.7s, ledger 5.2/20.4s, 1 line): surveyGate(finishLine, 95)
🗣 spoke (strategy, imp 2, cost 3.1s, ledger 8.2/20.4s, 1 line, protected): fuelStatus(plusLaps, 1, 20 to go, 21.84 fuel-laps)
🗣 bulletin (imp 6, cost 6.2s, ledger 14.5/20.4s, 2 lines): L21
🗣 spoke (strategy, imp 2, cost 3.5s, ledger 18.0/20.4s, 1 line, protected): strategyUpdate(fuel 21.84L, togo 20, stops 0)
🗣 spoke (tyres, imp 4, cost 2.1s, ledger 5.6/20.4s, 1 line): tyreTemps(inWindow, 70°)
📋 lap 21: 1:30.515 clean fuel_used=3.54
🔵 lap 21: clean
📊 laps-left model: elapsed 1942.3 s, remaining 1657.7 s, median lap 90.5 s -> 19 (no-stop 19, pit loss 15.0 s, rate 5 l/s)
📊 strategy L22: fuel/lap 3.23 | fuel 66.4 = 20.5 laps | 19.0 laps to go | stops 0
🚪 gate refined: Deep Forest Raceway/customRace/finishLine (96 samples, σ 2.10 m, ±8 m)
🗣 spoke (radio, imp 0, cost 2.7s, ledger 2.7/20.4s, 1 line): surveyGate(finishLine, 96)
🗣 spoke (strategy, imp 2, cost 2.7s, ledger 5.3/20.4s, 1 line, protected): fuelStatus(plusLaps, 1, 19 to go, 20.53 fuel-laps)
🗣 bulletin (imp 6, cost 5.8s, ledger 11.1/20.4s, 2 lines): L22
🗣 spoke (strategy, imp 2, cost 3.5s, ledger 14.7/20.4s, 1 line, protected): strategyUpdate(fuel 20.53L, togo 19, stops 0)
📋 lap 22: 1:30.443 clean fuel_used=3.41
🔵 lap 22: clean
📊 laps-left model: elapsed 2032.9 s, remaining 1567.1 s, median lap 90.5 s -> 18 (no-stop 18, pit loss 15.0 s, rate 5 l/s)
📊 strategy L23: fuel/lap 3.29 | fuel 63.0 = 19.2 laps | 18.0 laps to go | stops 0
🚪 gate refined: Deep Forest Raceway/customRace/finishLine (97 samples, σ 2.09 m, ±8 m)
🗣 spoke (radio, imp 0, cost 2.7s, ledger 2.7/20.4s, 1 line): surveyGate(finishLine, 97)
🗣 spoke (strategy, imp 2, cost 3.5s, ledger 6.2/20.4s, 1 line, protected): fuelStatus(plusLaps, 1, 18 to go, 19.17 fuel-laps)
🗣 bulletin (imp 6, cost 4.2s, ledger 10.4/20.4s, 2 lines): L23
🗣 spoke (strategy, imp 2, cost 3.5s, ledger 13.9/20.4s, 1 line, protected): strategyUpdate(fuel 19.17L, togo 18, stops 0)
📋 lap 23: 1:30.979 clean fuel_used=3.34
🔵 lap 23: clean
📊 laps-left model: elapsed 2124.0 s, remaining 1476.0 s, median lap 90.5 s -> 17 (no-stop 17, pit loss 15.0 s, rate 5 l/s)
📊 strategy L24: fuel/lap 3.33 | fuel 59.7 = 17.9 laps | 17.0 laps to go | stops 0
🚪 gate refined: Deep Forest Raceway/customRace/finishLine (98 samples, σ 2.08 m, ±8 m)
🗣 spoke (radio, imp 0, cost 2.7s, ledger 2.7/20.4s, 1 line): surveyGate(finishLine, 98)
🗣 bulletin (imp 6, cost 5.4s, ledger 8.0/20.4s, 2 lines): L24
🗣 spoke (strategy, imp 2, cost 4.0s, ledger 12.0/20.4s, 1 line, protected): strategyUpdate(fuel 17.90L, togo 17, stops 0)
📋 lap 24: 1:30.865 clean fuel_used=3.19
🔵 lap 24: clean
📊 laps-left model: elapsed 2214.9 s, remaining 1385.1 s, median lap 90.5 s -> 16 (no-stop 16, pit loss 15.0 s, rate 5 l/s)
📊 strategy L25: fuel/lap 3.33 | fuel 56.5 = 16.9 laps | 16.0 laps to go | stops 0
🚪 gate refined: Deep Forest Raceway/customRace/finishLine (99 samples, σ 2.08 m, ±8 m)
🗣 spoke (radio, imp 0, cost 2.7s, ledger 2.7/20.4s, 1 line): surveyGate(finishLine, 99)
🗣 bulletin (imp 6, cost 5.4s, ledger 8.0/20.4s, 2 lines): L25
🗣 spoke (strategy, imp 2, cost 3.5s, ledger 11.6/20.4s, 1 line, protected): strategyUpdate(fuel 16.95L, togo 16, stops 0)
📋 lap 25: 1:30.696 clean fuel_used=3.23
🔵 lap 25: clean
📊 laps-left model: elapsed 2305.7 s, remaining 1294.3 s, median lap 90.6 s -> 15 (no-stop 15, pit loss 15.0 s, rate 5 l/s)
📊 strategy L26: fuel/lap 3.33 | fuel 53.2 = 16.0 laps | 15.0 laps to go | stops 0
🚪 gate refined: Deep Forest Raceway/customRace/finishLine (100 samples, σ 2.07 m, ±8 m)
🗣 spoke (radio, imp 0, cost 2.7s, ledger 2.7/20.4s, 1 line): surveyGate(finishLine, 100)
🗣 bulletin (imp 6, cost 5.8s, ledger 8.5/20.4s, 2 lines): L26
🗣 spoke (strategy, imp 2, cost 4.0s, ledger 12.4/20.4s, 1 line, protected): strategyUpdate(fuel 15.98L, togo 15, stops 0)
📋 lap 26: 1:30.095 clean fuel_used=3.28
🔵 lap 26: clean
📊 laps-left model: elapsed 2395.9 s, remaining 1204.1 s, median lap 90.5 s -> 14 (no-stop 14, pit loss 15.0 s, rate 5 l/s)
📊 strategy L27: fuel/lap 3.31 | fuel 50.0 = 15.1 laps | 14.0 laps to go | stops 0
🚪 gate refined: Deep Forest Raceway/customRace/finishLine (101 samples, σ 2.06 m, ±8 m)
🗣 spoke (radio, imp 0, cost 2.7s, ledger 2.7/20.4s, 1 line): surveyGate(finishLine, 101)
🗣 spoke (strategy, imp 2, cost 2.7s, ledger 5.3/20.4s, 1 line, protected): fuelStatus(plusLaps, 1, 14 to go, 15.11 fuel-laps)
🗣 bulletin (imp 6, cost 5.8s, ledger 11.1/20.4s, 2 lines): L27
🗣 spoke (strategy, imp 2, cost 3.5s, ledger 14.7/20.4s, 1 line, protected): strategyUpdate(fuel 15.11L, togo 14, stops 0)
📋 lap 27: 1:31.171 clean fuel_used=3.12
🔵 lap 27: clean
📊 laps-left model: elapsed 2487.1 s, remaining 1112.9 s, median lap 90.6 s -> 13 (no-stop 13, pit loss 15.0 s, rate 5 l/s)
📊 strategy L28: fuel/lap 3.31 | fuel 46.9 = 14.2 laps | 13.0 laps to go | stops 0
🚪 gate refined: Deep Forest Raceway/customRace/finishLine (102 samples, σ 2.05 m, ±8 m)
🗣 spoke (radio, imp 0, cost 2.7s, ledger 2.7/20.4s, 1 line): surveyGate(finishLine, 102)
🗣 spoke (strategy, imp 2, cost 3.1s, ledger 5.8/20.4s, 1 line, protected): fuelStatus(plusLaps, 1, 13 to go, 14.16 fuel-laps)
🗣 bulletin (imp 6, cost 5.8s, ledger 11.6/20.4s, 2 lines): L28
🗣 spoke (strategy, imp 2, cost 3.5s, ledger 15.1/20.4s, 1 line, protected): strategyUpdate(fuel 14.16L, togo 13, stops 0)
📋 lap 28: 1:30.375 clean fuel_used=3.22
🔵 lap 28: clean
📊 laps-left model: elapsed 2577.6 s, remaining 1022.4 s, median lap 90.6 s -> 12 (no-stop 12, pit loss 15.0 s, rate 5 l/s)
📊 strategy L29: fuel/lap 3.25 | fuel 43.6 = 13.4 laps | 12.0 laps to go | stops 0
🚪 gate refined: Deep Forest Raceway/customRace/finishLine (103 samples, σ 2.04 m, ±8 m)
🗣 spoke (radio, imp 0, cost 2.7s, ledger 2.7/20.4s, 1 line): surveyGate(finishLine, 103)
🗣 spoke (strategy, imp 2, cost 3.5s, ledger 6.2/20.4s, 1 line, protected): fuelStatus(plusLaps, 1, 12 to go, 13.41 fuel-laps)
🗣 bulletin (imp 6, cost 4.6s, ledger 10.8/20.4s, 2 lines): L29
🗣 spoke (strategy, imp 2, cost 3.5s, ledger 14.3/20.4s, 1 line, protected): strategyUpdate(fuel 13.41L, togo 12, stops 0)
📋 lap 29: 1:30.408 clean fuel_used=3.24
🔵 lap 29: clean
📊 laps-left model: elapsed 2668.1 s, remaining 931.9 s, median lap 90.6 s -> 11 (no-stop 11, pit loss 15.0 s, rate 5 l/s)
📊 strategy L30: fuel/lap 3.24 | fuel 40.4 = 12.5 laps | 11.0 laps to go | stops 0
🚪 gate refined: Deep Forest Raceway/customRace/finishLine (104 samples, σ 2.03 m, ±8 m)
🗣 spoke (radio, imp 0, cost 2.7s, ledger 2.7/20.4s, 1 line): surveyGate(finishLine, 104)
🗣 spoke (strategy, imp 2, cost 3.5s, ledger 6.2/20.4s, 1 line, protected): fuelStatus(plusLaps, 1, 11 to go, 12.47 fuel-laps)
🗣 bulletin (imp 6, cost 6.7s, ledger 12.9/20.4s, 2 lines): L30
🗣 spoke (strategy, imp 2, cost 3.5s, ledger 16.4/20.4s, 1 line, protected): strategyUpdate(fuel 12.47L, togo 11, stops 0)
📋 lap 30: 1:30.381 clean fuel_used=3.14
🔵 lap 30: clean
📊 laps-left model: elapsed 2758.6 s, remaining 841.4 s, median lap 90.6 s -> 10 (no-stop 10, pit loss 15.0 s, rate 5 l/s)
📊 strategy L31: fuel/lap 3.23 | fuel 37.2 = 11.5 laps | 10.0 laps to go | stops 0
🚪 gate refined: Deep Forest Raceway/customRace/finishLine (105 samples, σ 2.03 m, ±8 m)
🗣 spoke (radio, imp 0, cost 2.7s, ledger 2.7/20.4s, 1 line): surveyGate(finishLine, 105)
🗣 spoke (strategy, imp 2, cost 3.1s, ledger 5.8/20.4s, 1 line, protected): fuelStatus(plusLaps, 1, 10 to go, 11.54 fuel-laps)
🗣 bulletin (imp 6, cost 4.6s, ledger 10.4/20.4s, 2 lines): L31
🗣 spoke (strategy, imp 2, cost 3.5s, ledger 13.9/20.4s, 1 line, protected): strategyUpdate(fuel 11.54L, togo 10, stops 0)
📋 lap 31: 1:31.034 clean fuel_used=3.10
🔵 lap 31: clean
📊 laps-left model: elapsed 2849.7 s, remaining 750.3 s, median lap 90.6 s -> 9 (no-stop 9, pit loss 15.0 s, rate 5 l/s)
📊 strategy L32: fuel/lap 3.21 | fuel 34.1 = 10.6 laps | 9.0 laps to go | stops 0
🚪 gate refined: Deep Forest Raceway/customRace/finishLine (106 samples, σ 2.02 m, ±8 m)
🗣 spoke (radio, imp 0, cost 2.7s, ledger 2.7/20.4s, 1 line): surveyGate(finishLine, 106)
🗣 spoke (strategy, imp 2, cost 3.5s, ledger 6.2/20.4s, 1 line, protected): fuelStatus(plusLaps, 1, 9 to go, 10.64 fuel-laps)
🗣 bulletin (imp 6, cost 6.9s, ledger 13.1/20.4s, 2 lines): L32
🗣 spoke (strategy, imp 2, cost 3.5s, ledger 16.6/20.4s, 1 line, protected): strategyUpdate(fuel 10.64L, togo 9, stops 0)
📋 lap 32: 1:30.665 clean fuel_used=3.21
📊 laps-left model: elapsed 2940.5 s, remaining 659.5 s, median lap 90.5 s -> 8 (no-stop 8, pit loss 15.0 s, rate 5 l/s)
🔵 lap 32: clean
📊 strategy L33: fuel/lap 3.22 | fuel 30.9 = 9.6 laps | 8.0 laps to go | stops 0
🚪 gate refined: Deep Forest Raceway/customRace/finishLine (107 samples, σ 2.01 m, ±8 m)
🗣 spoke (radio, imp 0, cost 2.7s, ledger 2.7/20.4s, 1 line): surveyGate(finishLine, 107)
🗣 spoke (strategy, imp 2, cost 3.1s, ledger 5.8/20.4s, 1 line, protected): fuelStatus(plusLaps, 1, 8 to go, 9.62 fuel-laps)
🗣 bulletin (imp 6, cost 6.7s, ledger 12.5/20.4s, 2 lines): L33
🗣 spoke (strategy, imp 2, cost 3.5s, ledger 16.0/20.4s, 1 line, protected): strategyUpdate(fuel 9.62L, togo 8, stops 0)
📋 lap 33: 1:30.913 clean fuel_used=2.93
📊 laps-left model: elapsed 3031.5 s, remaining 568.5 s, median lap 90.5 s -> 7 (no-stop 7, pit loss 15.0 s, rate 5 l/s)
🔵 lap 33: clean
📊 strategy L34: fuel/lap 3.18 | fuel 28.0 = 8.8 laps | 7.0 laps to go | stops 0
🚪 gate refined: Deep Forest Raceway/customRace/finishLine (108 samples, σ 2.00 m, ±8 m)
🗣 spoke (radio, imp 0, cost 2.7s, ledger 2.7/20.4s, 1 line): surveyGate(finishLine, 108)
🗣 spoke (strategy, imp 2, cost 3.1s, ledger 5.8/20.4s, 1 line, protected): fuelStatus(plusLaps, 1, 7 to go, 8.82 fuel-laps)
🗣 bulletin (imp 6, cost 4.5s, ledger 10.3/20.4s, 2 lines): L34
🗣 spoke (strategy, imp 2, cost 3.5s, ledger 13.8/20.4s, 1 line, protected): strategyUpdate(fuel 8.82L, togo 7, stops 0)
📋 lap 34: 1:30.497 clean fuel_used=3.09
📊 laps-left model: elapsed 3122.1 s, remaining 477.9 s, median lap 90.6 s -> 6 (no-stop 6, pit loss 15.0 s, rate 5 l/s)
🔵 lap 34: clean
📊 strategy L35: fuel/lap 3.13 | fuel 24.9 = 8.0 laps | 6.0 laps to go | stops 0
🚪 gate refined: Deep Forest Raceway/customRace/finishLine (109 samples, σ 1.99 m, ±8 m)
🗣 spoke (radio, imp 0, cost 2.7s, ledger 2.7/20.4s, 1 line): surveyGate(finishLine, 109)
🗣 spoke (strategy, imp 2, cost 3.1s, ledger 5.8/20.4s, 1 line, protected): fuelStatus(plusLaps, 1, 6 to go, 7.95 fuel-laps)
🗣 bulletin (imp 6, cost 5.8s, ledger 11.6/20.4s, 2 lines): L35
🗣 spoke (strategy, imp 2, cost 3.5s, ledger 15.1/20.4s, 1 line, protected): strategyUpdate(fuel 7.95L, togo 6, stops 0)
🔧 huge stop 228 km/h with clutch 1.00 — pending impact-vs-pit (6 s)
🔀 state RACING → PIT at pkt 706956 lap 35
🔵 sub-state FLYING → — lap 35
🔧 pit-entry anchor learned: 85583 ms into lap (stop on lap 35)
🔧 pended impact cancelled: pit entry
🚪 gate refined: Deep Forest Raceway/customRace/pitEntry (6 samples, σ 0.31 m, ±0 m)
🗣 spoke (pitSequence, imp 0, cost 2.5s, ledger 2.5/20.4s, 1 line, protected): pittingIn(L35)
🗑 dropped (in pit): surveyGate(pitEntry, 6)
📊 strategy: box reached on the ENDING lap (entered L35, counter still L35) — the lap in progress completes on release, counting it as banked
📊 laps-left model: elapsed 3221.3 s, remaining 378.7 s, median lap 90.6 s -> 5 (no-stop 5, pit loss 15.0 s, rate 5 l/s)
🗣 spoke (pitSequence, imp 2, cost 1.6s, ledger 4.1/20.4s, 1 line, protected): inPitBox
🗣 spoke (strategy, imp 0, cost 2.2s, ledger 6.4/20.4s, 1 line, protected): refuelTarget(5 laps)
🗑 dropped (in pit): tyreTemps(low, 60°)
🔀 state PIT → RACING at pkt 708265 lap 36
🔵 sub-state — → OUT_LAP lap 36
🅿️ PIT completed: in L35 → out L36 (no fuel, transit 25.3s, teleport=false)
🚪 gate refined: Deep Forest Raceway/customRace/pitBox (6 samples, σ 0.00 m, ±0 m)
🅿️ entry→box 17.0s (speaking budget)
🗑 dropped (in pit): surveyGate(pitBox, 6)
📋 lap 35: 1:47.387 in fuel_used=2.80
🔵 lap 35: clean
🗑 dropped (in pit): lapStarted(36, last 107.39s)
🗑 dropped (in pit): positionChange(P1→P4)
🔧 teleport 173 m on lap 36 — pit release, not a reset
📊 laps-left model: elapsed 3229.5 s, remaining 370.5 s, median lap 90.6 s -> 5 (no-stop 5, pit loss 15.0 s, rate 5 l/s)
🗣 spoke (pitSequence, imp 2, cost 1.6s, ledger 8.0/20.4s, 1 line, protected): exitingPit(+0.00l, tyres)
📊 strategy L36: fuel/lap 3.12 | fuel 22.1 = 7.1 laps | 5.0 laps to go | stops 0
🗑 dropped (cooldown pit; 0.0s of 1.0s via pitSequence x0.50): freshTyres
🚪 gate refined: Deep Forest Raceway/customRace/pitExit (6 samples, σ 0.00 m, ±8 m)
🗺 mapper: lap 35 rejected (teleport)
🗣 spoke (radio, imp 0, cost 2.7s, ledger 10.7/20.4s, 1 line): surveyGate(pitExit, 6)
📊 laps-left model: elapsed 3229.6 s, remaining 355.4 s, median lap 90.6 s -> 4 (no-stop 4, pit loss 15.0 s, rate 5 l/s), out-lap -15.0s
📊 strategy L36: fuel/lap 3.12 | fuel 22.1 = 7.1 laps | 4.0 laps to go | stops 0 (post-stop recalc)
📋 strategy burst: 2 event(s), releasing best-first — fuelStatus(plusLaps, 2, 5 to go, 7.08 fuel-laps) | strategyUpdate(fuel 7.08L, togo 4, stops 0, post-stop)
🗣 spoke (strategy, imp 2, cost 3.5s, ledger 14.2/20.4s, 1 line, protected): fuelStatus(plusLaps, 2, 5 to go, 7.08 fuel-laps)
🗣 spoke (strategy, imp 2, cost 2.9s, ledger 17.1/20.4s, 1 line, protected): strategyUpdate(fuel 7.08L, togo 4, stops 0, post-stop)
🗑 dropped (cooldown strategy; 13.6s of 75.0s via strategy x0.50): strategyUpdate(fuel 7.08L, togo 5, stops 0)
🔵 sub-state OUT_LAP → FLYING lap 37
📋 lap 36: 1:29.250 out fuel_used=3.56
🔵 lap 36: clean
📊 laps-left model: elapsed 3318.9 s, remaining 281.1 s, median lap 90.6 s -> 4 (no-stop 4, pit loss 15.0 s, rate 5 l/s)
📊 strategy L37: fuel/lap 3.12 | fuel 18.6 = 5.9 laps | 4.0 laps to go | stops 0
🚪 gate refined: Deep Forest Raceway/customRace/finishLine (110 samples, σ 1.98 m, ±8 m)
🗣 spoke (position, imp 4, cost 2.5s, ledger 2.5/20.4s, 1 line): positionChange(P4→P1)
🗺 mapper: lap 36 rejected (teleport)
🗣 spoke (radio, imp 0, cost 2.7s, ledger 5.2/20.4s, 1 line): surveyGate(finishLine, 110)
🗣 spoke (strategy, imp 2, cost 3.1s, ledger 8.2/20.4s, 1 line, protected): fuelStatus(plusLaps, 1, 4 to go, 5.94 fuel-laps)
🗣 bulletin (imp 6, cost 5.8s, ledger 14.1/20.4s, 2 lines): L37
🗣 spoke (strategy, imp 2, cost 3.5s, ledger 17.6/20.4s, 1 line, protected): strategyUpdate(fuel 5.94L, togo 4, stops 0)
🎭 mood relaxed → focused
🗑 dropped (chain, ledger full; cost 3.4s, load 17.6/20.4s, 3 events)
📋 lap 37: 1:45.301 clean fuel_used=3.32
🔵 lap 37 antics: contact, off, gained 3
🗣 spoke (lapPace, imp 4, cost 1.6s, ledger 1.6/20.4s, 1 line): paceDegradation(2.43s/lap over 5)
📊 laps-left model: elapsed 3424.3 s, remaining 175.7 s, median lap 90.6 s -> 2 (no-stop 2, pit loss 15.0 s, rate 5 l/s)
📊 strategy L38: fuel/lap 3.12 | fuel 15.2 = 4.9 laps | 2.0 laps to go | stops 0
🚪 gate refined: Deep Forest Raceway/customRace/finishLine (111 samples, σ 1.97 m, ±8 m)
🗣 spoke (position, imp 4, cost 4.4s, ledger 6.0/20.4s, 1 line): positionChange(P1→P5)
🗣 spoke (radio, imp 0, cost 2.7s, ledger 8.7/20.4s, 1 line): surveyGate(finishLine, 111)
🗣 spoke (strategy, imp 2, cost 3.5s, ledger 12.2/20.4s, 1 line, protected): fuelStatus(plusLaps, 2, 2 to go, 4.88 fuel-laps)
🗣 bulletin (imp 6, cost 5.8s, ledger 18.0/20.4s, 2 lines): L38
🗑 speaker: stale, not spoken: "reset"
🗑 speaker: stale, not spoken: "go again"
🎭 mood focused → relaxed
🗣 spoke (strategy, imp 2, cost 3.5s, ledger 21.5/20.4s, 1 line, protected): strategyUpdate(fuel 4.88L, togo 2, stops 0)
📋 lap 38: 1:30.438 clean fuel_used=3.30
🔵 lap 38: clean
📊 laps-left model: elapsed 3514.8 s, remaining 85.2 s, median lap 90.6 s -> 1 (no-stop 1, pit loss 15.0 s, rate 5 l/s)
📊 strategy L39: fuel/lap 3.15 | fuel 11.9 = 3.8 laps | 1.0 laps to go | stops 0
🚪 gate refined: Deep Forest Raceway/customRace/finishLine (112 samples, σ 2.00 m, ±8 m)
🗣 spoke (position, imp 4, cost 3.7s, ledger 3.7/20.4s, 1 line): positionChange(P5→P3)
🗣 spoke (radio, imp 0, cost 2.7s, ledger 6.4/20.4s, 1 line): surveyGate(finishLine, 112)
🗣 bulletin (imp 6, cost 5.4s, ledger 11.7/20.4s, 2 lines): L39
🎭 mood relaxed → focused
🗣 chain (imp 4, cost 3.4s, ledger 15.1/20.4s, 2 events, 1 lines)
🗣 chain (imp 4, cost 1.2s, ledger 4.6/20.4s, 1 events, 1 lines)
📋 lap 39: 1:29.565 clean fuel_used=3.12
🔵 lap 39 antics: contact, off, gained 2
📊 strategy: finish armed at L40 (clock 3604.5 s of 3600) — awaiting lap-clock freeze
📊 laps-left model: elapsed 3604.5 s, remaining -4.5 s, median lap 90.6 s -> 0 (expired)
📊 strategy L40: fuel/lap 3.17 | fuel 8.8 = 2.8 laps | 0.0 laps to go | stops 0
🚪 gate refined: Deep Forest Raceway/customRace/finishLine (113 samples, σ 1.99 m, ±8 m)
🗣 spoke (position, imp 4, cost 2.1s, ledger 2.1/20.4s, 1 line): positionChange(P3→P1)
🗣 spoke (radio, imp 0, cost 2.7s, ledger 4.7/20.4s, 1 line): surveyGate(finishLine, 113)
🗺 mapper: learned lap 39 (89.565 s, 4185 m, 837 pts) — installing as session polyline
🗣 spoke (radio, imp 0, cost 3.7s, ledger 8.4/20.4s, 1 line): surveyLap(39, 89565 ms, 837 pts)
🗺 session polyline installed from lap 39 (837 pts) — minimap + delta live
⏱ class lap kept: Deep Forest Raceway/customRace/Gr.3 → 1:29.565 (6/10 laps, 2 car(s), avg 1:29.062)
📊 strategy: race finished at L40 — confirmed, lap clock frozen 0.50 s (handover 0.50 s)
✂️ capture auto-stop in 10s (race finished)
🗑 flag: pending commentary cancelled
🗣 spoke (radio, imp 0, cost 2.1s, ledger 10.5/20.4s, 1 line): raceFinished(L40)
🗑 speaker: 4 queued line(s) preempted by flag
# --- stopped: 217293 packets
