# EzioClient session log
# file:    20260920_201818 - Deep Forest Raceway (51).gt7td
# started: 2026-09-20T18:18:18Z
# track:   Deep Forest Raceway (CRS 51)
# car:     Chevrolet Corvette C7 Gr.3 [gr3]
# context: customRace
# ---
# car:     Volvo V40 T5 R-Design '13 (id 3482) — corrected from telemetry, capture setup declared "Chevrolet Corvette C7 Gr.3"
📊 strategy L1: no fuel model yet
📋 lap 1: — clean fuel_used=0.00
📊 strategy: reset
🎮 menus → onTrack (pkt 782623, lap 0, flags 0x0019, pos 1, cars 20, tod 61620000)
🏁 start type: ROLLING_START at pkt 783006 lap 1
🔀 state UNKNOWN → RACING at pkt 783006 lap 1
🔵 sub-state — → FIRST_LAP lap 1
📋 lap 0: — clean fuel_used=0.07
📊 strategy: green flag, race clock running
🗣 spoke (lapPace, imp 0, cost 1.6s, ledger 4.7/20.4s, 1 line): greenFlag
📊 strategy L1: no fuel model yet
🧭 learned: 4 gates across 2 tracks matched but divergence is unavailable (no stored polylines) — this crossing cannot name the track
🚪 gate refined: Deep Forest Raceway/customRace/lap1 (147 samples, σ 0.73 m, ±12 m, across -2.3…1.1 m)
🔵 sub-state FIRST_LAP → FLYING lap 2
📋 lap 1: 1:56.525 first fuel_used=1.52
🔵 lap 1: clean
📊 strategy L2: fuel/lap 1.52 | fuel 98.4 = 64.9 laps | 5.0 laps to go | stops 0
🚪 gate refined: Deep Forest Raceway/customRace/finishLine (4335 samples, σ 1.98 m, ±12 m, across -8.9…5.4 m)
🗣 spoke (radio, imp 0, cost 2.7s, ledger 2.7/20.4s, 1 line): surveyGate(finishLine, 4335)
🗣 bulletin (imp 6, cost 6.2s, ledger 8.9/20.4s, 2 lines): L2
🔧 huge stop 181 km/h with clutch 1.00 — pending impact-vs-pit (6 s)
🔀 state RACING → PIT at pkt 796315 lap 2
🔵 sub-state FLYING → — lap 2
🔧 pit-entry anchor learned: 105691 ms into lap (stop on lap 2)
🔧 pended impact cancelled: pit entry
📊 strategy: no refuel needed — 64.1 laps of fuel against 5 to go (margin 6.2)
🚪 gate refined: Deep Forest Raceway/customRace/pitEntry (198 samples, σ 0.52 m, ±0 m)
🗣 spoke (pitSequence, imp 0, cost 0.8s, ledger 0.8/20.4s, 1 line, protected): pittingIn(L2)
🗣 spoke (strategy, imp 0, cost 2.9s, ledger 3.7/20.4s, 1 line, protected): refuelNotNeeded(5 laps to go)
🗑 dropped (in pit): surveyGate(pitEntry, 198)
🗣 spoke (pitSequence, imp 2, cost 1.6s, ledger 1.6/20.4s, 1 line, protected): inPitBox
🔀 state PIT → RACING at pkt 798454 lap 3
🔵 sub-state — → OUT_LAP lap 3
🅿️ PIT completed: in L2 → out L3 (no fuel, transit 38.8s, teleport=false)
🚪 gate refined: Deep Forest Raceway/customRace/pitBox (222 samples, σ 0.05 m, ±0 m)
🅿️ entry→box 30.5s (speaking budget)
🗑 dropped (in pit): surveyGate(pitBox, 222)
📋 lap 2: 2:21.329 in fuel_used=1.24
🔵 lap 2: clean
🗑 dropped (in pit): lapStarted(3/6, last 141.33s)
🔧 teleport 173 m on lap 3 — pit release, not a reset
🗑 dropped (in pit): positionChange(P1→P15)
📊 strategy L3: fuel/lap 1.38 | fuel 97.2 = 70.5 laps | 4.0 laps to go | stops 0
🗣 spoke (pitSequence, imp 2, cost 1.6s, ledger 3.3/20.4s, 1 line, protected): exitingPit(+0.00l, tyres)
🗑 dropped (cooldown pit; 0.0s of 1.0s via tyres x0.50): freshTyres(inferred)
🚪 gate refined: Deep Forest Raceway/customRace/pitExit (222 samples, σ 0.05 m, ±12 m, across -0.0…0.0 m)
🗺 mapper: lap 2 rejected (teleport)
📊 strategy L3: fuel/lap 1.38 | fuel 97.2 = 70.5 laps | 4.0 laps to go | stops 0 (post-stop recalc)
🗣 spoke (radio, imp 0, cost 2.7s, ledger 5.9/20.4s, 1 line): surveyGate(pitExit, 222)
🗣 spoke (strategy, imp 2, cost 2.9s, ledger 8.9/20.4s, 1 line, protected): strategyUpdate(fuel 70.54L, togo 4, stops 0, post-stop)
🔵 sub-state OUT_LAP → FLYING lap 4
📋 lap 3: 1:55.653 out fuel_used=1.54
🔵 lap 3: clean
📊 strategy L4: fuel/lap 1.52 | fuel 95.6 = 63.1 laps | 3.0 laps to go | stops 0
🚪 gate refined: Deep Forest Raceway/customRace/finishLine (4336 samples, σ 1.98 m, ±12 m, across -8.9…5.4 m)
🗣 spoke (position, imp 4, cost 3.3s, ledger 3.3/20.4s, 1 line): positionChange(P15→P6)
🗺 mapper: lap 3 rejected (teleport)
🗣 bulletin (imp 6, cost 6.7s, ledger 9.9/20.4s, 2 lines): L4
📋 lap 4: 1:53.899 clean fuel_used=1.50
🔵 lap 4: clean
📊 strategy L5: fuel/lap 1.51 | fuel 94.1 = 62.4 laps | 2.0 laps to go | stops 0
🚪 gate refined: Deep Forest Raceway/customRace/finishLine (4337 samples, σ 1.98 m, ±12 m, across -8.9…5.4 m)
🗣 spoke (position, imp 4, cost 1.4s, ledger 1.4/20.4s, 1 line): positionChange(P6→P3)
🗺 mapper: learned lap 4 (113.899 s, 4195 m, 839 pts) — installing as session polyline
🗣 spoke (radio, imp 0, cost 5.1s, ledger 6.5/20.4s, 1 line): surveyLap(4, 113899 ms, 839 pts)
🗺 session polyline installed from lap 4 (839 pts) — minimap + delta live
🗣 spoke (radio, imp 0, cost 2.1s, ledger 8.6/20.4s, 1 line): surveyComplete(0 optional missing)
🗣 bulletin (imp 6, cost 5.4s, ledger 14.0/20.4s, 2 lines): L5
🗣 spoke (strategy, imp 2, cost 3.5s, ledger 17.5/20.4s, 1 line, protected): strategyUpdate(fuel 62.38L, togo 2, stops 0)
🔧 fresh tyres confirmed: 50.7° across all four (was 58.7° at pit entry, step 8.0°)
🗣 spoke (pitSequence, imp 2, cost 1.6s, ledger 1.6/20.4s, 1 line, protected): freshTyres(confirmed 50.75°)
🗑 dropped (topic tyres; 9.0s of 12.5s, tyres reopens in 3.5s): tyreTemps(cold, 50°)
📋 lap 5: 1:53.047 clean fuel_used=1.53
🔵 lap 5: clean
📊 strategy L6: fuel/lap 1.52 | fuel 92.6 = 61.1 laps | 1.0 laps to go | stops 0
🚪 gate refined: Deep Forest Raceway/customRace/finishLine (4338 samples, σ 1.98 m, ±12 m, across -8.9…5.4 m)
🗣 spoke (position, imp 4, cost 3.7s, ledger 5.3/20.4s, 1 line): positionChange(P3→P2)
🗺 mapper: learned lap 5 (113.047 s, 4190 m, 838 pts) — installing as session polyline
🗣 spoke (radio, imp 0, cost 4.5s, ledger 9.9/20.4s, 1 line): surveyLap(5, 113047 ms, 838 pts)
🗺 session polyline installed from lap 5 (838 pts) — minimap + delta live
🗣 bulletin (imp 6, cost 6.5s, ledger 16.4/20.4s, 2 lines): L6
🗣 chain (imp 4, cost 1.2s, ledger 1.2/20.4s, 1 events, 1 lines)
🎭 mood relaxed → focused
🎭 mood focused → concerned
🗣 chain (imp 1, cost 4.2s, ledger 4.2/20.4s, 3 events, 1 lines)
📋 lap 6: 1:53.870 clean fuel_used=1.55
🔵 lap 6 antics: contact, impact, off, gained 1
📊 strategy: finish armed at L7 (lap 7 > 6) — awaiting lap-clock freeze
📊 strategy L7: fuel/lap 1.52 | fuel 91.1 = 59.8 laps | 0.0 laps to go | stops 0
🚪 gate refined: Deep Forest Raceway/customRace/finishLine (4339 samples, σ 1.98 m, ±12 m, across -8.9…5.4 m)
📊 strategy: race finished at L7 — confirmed, lap clock frozen 0.50 s (handover 0.50 s)
💾 race preserved (finished): 8 lap(s), 1 stop(s), start ROLLING_START, P2/20
🗑 flag: pending commentary cancelled
✂️ capture auto-stop in 30s (race finished)
🗣 spoke (radio, imp 0, cost 2.1s, ledger 6.3/20.4s, 1 line): raceFinished(L7)
🗑 speaker: 1 queued line(s) preempted by flag
🔧 session ended after lap 7
🎭 mood concerned → relaxed
🗑 flag: pending commentary cancelled
🎮 replay handshake armed (off track, race context still valid: pos 1, cars 20)
🔄 new session on the same connection — resetting track-scoped state
🧭 learned pool: 139 gate(s) from 317 stored
📊 strategy: reset
📊 pit loss: estimated 15.0 s from the unofficial table (Deep Forest Raceway)
⚙️ crew cfg: wpm=140 window=24.0s sat=0.85 cap=20.4s overhead=0.35s speech=on
⚙️ crew cat lapPace: slider=11 eff=11 budget=24 cd=x0.50 lock=20.0->10.0s ttl=10s
⚙️ crew cat position: slider=11 eff=11 budget=24 cd=x0.50 lock=20.0->10.0s ttl=10s
⚙️ crew cat strategy: slider=11 eff=11 budget=24 cd=x0.50 lock=12.0->6.0s ttl=30s protected
⚙️ crew cat pitSequence: slider=11 eff=11 budget=24 cd=x0.50 lock=10.0->5.0s ttl=12s protected
⚙️ crew cat tyres: slider=11 eff=11 budget=24 cd=x0.50 lock=25.0->12.5s ttl=12s
⚙️ crew cat incidents: slider=3 eff=3 budget=24 cd=x0.50 lock=15.0->7.5s ttl=3s
⚙️ crew cat radio: slider=11 eff=11 budget=24 cd=x0.50 lock=45.0->22.5s ttl=8s
⚙️ crew cat chatter: slider=6 eff=6 budget=14 cd=x1.25 lock=60.0->75.0s ttl=6s
🎮 onTrack → replay (pkt 826379, lap 0, flags 0x0018, pos 1, cars 20, tod 61620000)
⏸ replay — race commentary suspended
🔄 new session on the same connection — resetting track-scoped state
📊 strategy: reset
📊 pit loss: estimated 15.0 s from the unofficial table (Deep Forest Raceway)
⚙️ crew cfg: wpm=140 window=24.0s sat=0.85 cap=20.4s overhead=0.35s speech=on
⚙️ crew cat lapPace: slider=11 eff=11 budget=24 cd=x0.50 lock=20.0->10.0s ttl=10s
⚙️ crew cat position: slider=11 eff=11 budget=24 cd=x0.50 lock=20.0->10.0s ttl=10s
⚙️ crew cat strategy: slider=11 eff=11 budget=24 cd=x0.50 lock=12.0->6.0s ttl=30s protected
⚙️ crew cat pitSequence: slider=11 eff=11 budget=24 cd=x0.50 lock=10.0->5.0s ttl=12s protected
⚙️ crew cat tyres: slider=11 eff=11 budget=24 cd=x0.50 lock=25.0->12.5s ttl=12s
⚙️ crew cat incidents: slider=3 eff=3 budget=24 cd=x0.50 lock=15.0->7.5s ttl=3s
⚙️ crew cat radio: slider=11 eff=11 budget=24 cd=x0.50 lock=45.0->22.5s ttl=8s
⚙️ crew cat chatter: slider=6 eff=6 budget=14 cd=x1.25 lock=60.0->75.0s ttl=6s
🎮 replay → menus (pkt 826587, lap 0, flags 0x0018, pos —, cars —, tod 61620000)
▶️ replay ended — race commentary resumed
🎮 back to the menus — ending the session
📊 strategy: reset
📊 pit loss: estimated 15.0 s from the unofficial table (Deep Forest Raceway)
⚙️ crew cfg: wpm=140 window=24.0s sat=0.85 cap=20.4s overhead=0.35s speech=on
⚙️ crew cat lapPace: slider=11 eff=11 budget=24 cd=x0.50 lock=20.0->10.0s ttl=10s
⚙️ crew cat position: slider=11 eff=11 budget=24 cd=x0.50 lock=20.0->10.0s ttl=10s
⚙️ crew cat strategy: slider=11 eff=11 budget=24 cd=x0.50 lock=12.0->6.0s ttl=30s protected
⚙️ crew cat pitSequence: slider=11 eff=11 budget=24 cd=x0.50 lock=10.0->5.0s ttl=12s protected
⚙️ crew cat tyres: slider=11 eff=11 budget=24 cd=x0.50 lock=25.0->12.5s ttl=12s
⚙️ crew cat incidents: slider=3 eff=3 budget=24 cd=x0.50 lock=15.0->7.5s ttl=3s
⚙️ crew cat radio: slider=11 eff=11 budget=24 cd=x0.50 lock=45.0->22.5s ttl=8s
⚙️ crew cat chatter: slider=6 eff=6 budget=14 cd=x1.25 lock=60.0->75.0s ttl=6s
🧭 polyline [MENU]: 14 candidate(s) dropped on direction — best of them Red Bull Ring Short Track median 35.97 (alignment -0.95)
🧭 polyline [MENU]: Deep Forest Raceway (CRS 51, map ctx customRace) median 1.53 m, p90 2.53 m, 3% of lap, 30 samples, alignment +1.00 — next course Autodrome Lago Maggiore - East median 47.69/p90 80.45
🧭 polyline agrees with the declared course (CRS 51)
⏹ stopping the recording — auto-stop: race finished
# --- stopped: 45311 packets
