# EzioClient session log
# file:    20260830_114540 - Deep Forest Raceway (51).gt7td
# started: 2026-08-30T09:45:40Z
# track:   Deep Forest Raceway (CRS 51)
# car:     Subaru WRX Gr.3 [gr3]
# context: customRace
# ---
# car:     Subaru WRX Gr.3 (id 2186) — confirmed from telemetry
🎮 menus → onTrack (pkt 5523363, lap 0, flags 0x0019, pos 20, cars 20, tod 61620000)
🏁 start type: ROLLING_START at pkt 5523722 lap 1
🔀 state UNKNOWN → RACING at pkt 5523722 lap 1
🔵 sub-state — → FIRST_LAP lap 1
📋 lap 0: — clean fuel_used=0.21
📊 strategy: green flag, race clock running
🗣 spoke (lapPace, imp 0, cost 1.2s, ledger 1.2/20.4s, 1 line): greenFlag
📊 strategy L1: no fuel model yet
🧭 learned: 2 gates matched, all Deep Forest Raceway — using the finishLine gate (450 samples)
🧭 identified: Deep Forest Raceway (CRS 51) — finishLine, 450 sample(s), ±8 m
🚪 gate refined: Deep Forest Raceway/customRace/lap1 (17 samples, σ 0.53 m, ±8 m)
🗣 spoke (radio, imp 0, cost 3.1s, ledger 4.3/20.4s, 1 line): surveyGate(lap1, 17)
🗣 chain (imp 4, cost 4.2s, ledger 4.2/20.4s, 3 events, 1 lines)
# --- stopped: 2562 packets
