# EzioClient session log
# file:    20260920_200122 - Deep Forest Raceway (51).gt7td
# started: 2026-09-20T18:01:22Z
# track:   Deep Forest Raceway (CRS 51)
# car:     Chevrolet Corvette C7 Gr.3 [gr3]
# context: customRace
# ---
# car:     Hyundai ELANTRA N '23 (id 3585) — corrected from telemetry, capture setup declared "Chevrolet Corvette C7 Gr.3"
📊 strategy L1: no fuel model yet
📋 lap 1: — clean fuel_used=0.00
📊 strategy: reset
🎮 menus → onTrack (pkt 721847, lap 0, flags 0x0019, pos 1, cars 20, tod 61620000)
🏁 start type: ROLLING_START at pkt 722225 lap 1
🔀 state UNKNOWN → RACING at pkt 722225 lap 1
🔵 sub-state — → FIRST_LAP lap 1
📋 lap 0: — clean fuel_used=0.09
📊 strategy: green flag, race clock running
🗣 spoke (lapPace, imp 0, cost 2.1s, ledger 2.1/20.4s, 1 line): greenFlag
📊 strategy L1: no fuel model yet
🧭 learned: 4 gates across 2 tracks matched but divergence is unavailable (no stored polylines) — this crossing cannot name the track
🚪 gate refined: Deep Forest Raceway/customRace/lap1 (145 samples, σ 0.72 m, ±12 m, across -2.3…1.1 m)
🗣 chain (imp 4, cost 1.6s, ledger 3.7/20.4s, 1 events, 1 lines)
🔵 sub-state FIRST_LAP → FLYING lap 2
📋 lap 1: 1:54.117 first fuel_used=2.21
🔵 lap 1 antics: off
📊 strategy L2: fuel/lap 2.21 | fuel 97.7 = 44.1 laps | 5.0 laps to go | stops 0
🚪 gate refined: Deep Forest Raceway/customRace/finishLine (4330 samples, σ 1.98 m, ±12 m, across -8.9…5.4 m)
🗣 spoke (radio, imp 0, cost 2.7s, ledger 2.7/20.4s, 1 line): surveyGate(finishLine, 4330)
🗣 bulletin (imp 6, cost 4.9s, ledger 7.6/20.4s, 2 lines): L2
🗣 spoke (tyres, imp 4, cost 2.5s, ledger 2.5/20.4s, 1 line): tyreTemps(high, 87°, frontRight)
🗑 dropped (cooldown tyretemps; 3.5s of 22.5s via tyres x0.50): tyreTemps(low, 65°)
📋 lap 2: 1:48.613 clean fuel_used=2.01
🔵 lap 2: clean
📊 strategy L3: fuel/lap 2.11 | fuel 95.7 = 45.3 laps | 4.0 laps to go | stops 0
🚪 gate refined: Deep Forest Raceway/customRace/finishLine (4331 samples, σ 1.98 m, ±12 m, across -8.9…5.4 m)
🗺 mapper: learned lap 2 (108.613 s, 4205 m, 841 pts) — installing as session polyline
🗣 spoke (radio, imp 0, cost 5.1s, ledger 5.1/20.4s, 1 line): surveyLap(2, 108613 ms, 841 pts)
🗺 session polyline installed from lap 2 (841 pts) — minimap + delta live
🗣 spoke (radio, imp 0, cost 3.1s, ledger 8.2/20.4s, 1 line): surveyComplete(3 optional missing)
🗣 bulletin (imp 6, cost 6.2s, ledger 14.5/20.4s, 2 lines): L3
🗣 spoke (strategy, imp 2, cost 3.5s, ledger 18.0/20.4s, 1 line, protected): strategyUpdate(fuel 45.33L, togo 4, stops 0)
🎭 mood relaxed → focused
🗣 chain (imp 4, cost 3.4s, ledger 3.4/20.4s, 2 events, 1 lines)
🔧 huge stop 195 km/h with clutch 1.00 — pending impact-vs-pit (6 s)
🔀 state RACING → PIT at pkt 741703 lap 3
🔵 sub-state FLYING → — lap 3
🔧 pit-entry anchor learned: 102220 ms into lap (stop on lap 3)
🔧 pended impact cancelled: pit entry
🎭 mood focused → relaxed
📊 strategy: no refuel needed — 44.5 laps of fuel against 4 to go (margin 5.2)
🚪 gate refined: Deep Forest Raceway/customRace/pitEntry (197 samples, σ 0.52 m, ±0 m)
🗣 spoke (pitSequence, imp 0, cost 2.5s, ledger 2.5/20.4s, 1 line, protected): pittingIn(L3)
🗣 spoke (strategy, imp 0, cost 2.9s, ledger 5.4/20.4s, 1 line, protected): refuelNotNeeded(4 laps to go)
🗑 dropped (in pit): surveyGate(pitEntry, 197)
🗑 dropped (in pit): surveyComplete(2 optional missing)
🗣 spoke (pitSequence, imp 2, cost 1.6s, ledger 7.1/20.4s, 1 line, protected): inPitBox
🔀 state PIT → RACING at pkt 743497 lap 4
🔵 sub-state — → OUT_LAP lap 4
🅿️ PIT completed: in L3 → out L4 (no fuel, transit 33.0s, teleport=false)
🚪 gate refined: Deep Forest Raceway/customRace/pitBox (221 samples, σ 0.05 m, ±0 m)
🗑 dropped (in pit): surveyGate(pitBox, 221)
🗑 dropped (in pit): surveyComplete(1 optional missing)
🅿️ entry→box 24.7s (speaking budget)
📋 lap 3: 2:12.107 in fuel_used=1.67
🔵 lap 3 antics: contact, off
🗑 dropped (in pit): lapStarted(4/6, last 132.11s)
🔧 teleport 173 m on lap 4 — pit release, not a reset
🗑 dropped (in pit): positionChange(P1→P13)
📊 strategy L4: fuel/lap 2.01 | fuel 94.0 = 46.8 laps | 3.0 laps to go | stops 0
🗣 spoke (pitSequence, imp 2, cost 1.6s, ledger 3.3/20.4s, 1 line, protected): exitingPit(+0.00l, tyres)
🚪 gate refined: Deep Forest Raceway/customRace/pitExit (221 samples, σ 0.05 m, ±12 m, across -0.0…0.0 m)
🗑 dropped (cooldown pit; 0.0s of 1.0s via tyres x0.50): freshTyres(inferred)
🗺 mapper: lap 3 rejected (teleport)
📊 strategy L4: fuel/lap 2.01 | fuel 94.0 = 46.8 laps | 3.0 laps to go | stops 0 (post-stop recalc)
🗣 spoke (radio, imp 0, cost 2.7s, ledger 5.9/20.4s, 1 line): surveyGate(pitExit, 221)
🗣 spoke (radio, imp 0, cost 2.1s, ledger 8.0/20.4s, 1 line): surveyComplete(0 optional missing)
🗣 spoke (strategy, imp 2, cost 2.9s, ledger 10.9/20.4s, 1 line, protected): strategyUpdate(fuel 46.81L, togo 3, stops 0, post-stop)
🗣 spoke (strategy, imp 2, cost 3.5s, ledger 3.5/20.4s, 1 line, protected): strategyUpdate(fuel 46.81L, togo 3, stops 0)
🔵 sub-state OUT_LAP → FLYING lap 5
📋 lap 4: 1:50.836 out fuel_used=2.21
🔵 lap 4: clean
📊 strategy L5: fuel/lap 2.11 | fuel 91.8 = 43.5 laps | 2.0 laps to go | stops 0
🚪 gate refined: Deep Forest Raceway/customRace/finishLine (4332 samples, σ 1.98 m, ±12 m, across -8.9…5.4 m)
🗣 spoke (position, imp 4, cost 2.1s, ledger 2.1/20.4s, 1 line): positionChange(P13→P1)
🗺 mapper: lap 4 rejected (teleport)
🗣 bulletin (imp 6, cost 6.2s, ledger 8.3/20.4s, 2 lines): L5
🗣 spoke (strategy, imp 2, cost 4.0s, ledger 12.2/20.4s, 1 line, protected): strategyUpdate(fuel 43.53L, togo 2, stops 0)
🗣 chain (imp 4, cost 2.1s, ledger 2.1/20.4s, 1 events, 1 lines)
📋 lap 5: 1:47.778 clean fuel_used=2.11
🔵 lap 5 antics: contact, gained 12
📊 strategy L6: fuel/lap 2.12 | fuel 89.7 = 42.4 laps | 1.0 laps to go | stops 0
🚪 gate refined: Deep Forest Raceway/customRace/finishLine (4333 samples, σ 1.98 m, ±12 m, across -8.9…5.4 m)
🗺 mapper: learned lap 5 (107.778 s, 4190 m, 838 pts) — installing as session polyline
🗣 spoke (radio, imp 0, cost 3.7s, ledger 3.7/20.4s, 1 line): surveyLap(5, 107778 ms, 838 pts)
🗺 session polyline installed from lap 5 (838 pts) — minimap + delta live
🗣 bulletin (imp 6, cost 5.2s, ledger 8.9/20.4s, 2 lines): L6
📋 lap 6: 1:47.985 clean fuel_used=2.14
🔵 lap 6: clean
📊 strategy: finish armed at L7 (lap 7 > 6) — awaiting lap-clock freeze
📊 strategy L7: fuel/lap 2.13 | fuel 87.5 = 41.1 laps | 0.0 laps to go | stops 0
🚪 gate refined: Deep Forest Raceway/customRace/finishLine (4334 samples, σ 1.98 m, ±12 m, across -8.9…5.4 m)
📊 strategy: race finished at L7 — confirmed, lap clock frozen 0.50 s (handover 0.50 s)
💾 race preserved (finished): 8 lap(s), 1 stop(s), start ROLLING_START, P1/20
🗑 flag: pending commentary cancelled
✂️ capture auto-stop in 30s (race finished)
🗣 spoke (radio, imp 0, cost 2.1s, ledger 2.1/20.4s, 1 line): raceFinished(L7)
⏹ stopping the recording — auto-stop: race finished
# --- stopped: 49096 packets
