# EzioClient session log
# file:    20260922_230214 - Deep Forest Raceway (51).gt7td
# started: 2026-09-22T21:02:14Z
# track:   Deep Forest Raceway (CRS 51)
# context: customRace
# ---
# car:     Hyundai Genesis Gr.3 [Gr.3] (id 2160) — confirmed from telemetry
📊 strategy L3: no fuel model yet
🔄 new session on the same connection — resetting track-scoped state
📊 strategy: reset
⚙️ crew cfg: wpm=140 window=24.0s sat=0.85 cap=20.4s overhead=0.35s speech=on
📊 pit loss: estimated 15.0 s from the unofficial table (Deep Forest Raceway)
⚙️ crew cat lapPace: slider=11 eff=11 budget=24 cd=x0.50 lock=20.0->10.0s ttl=10s
⚙️ crew cat position: slider=11 eff=11 budget=24 cd=x0.50 lock=20.0->10.0s ttl=10s
⚙️ crew cat strategy: slider=11 eff=11 budget=24 cd=x0.50 lock=12.0->6.0s ttl=30s protected
⚙️ crew cat pitSequence: slider=11 eff=11 budget=24 cd=x0.50 lock=10.0->5.0s ttl=12s protected
⚙️ crew cat tyres: slider=11 eff=11 budget=24 cd=x0.50 lock=25.0->12.5s ttl=12s
⚙️ crew cat incidents: slider=3 eff=3 budget=24 cd=x0.50 lock=15.0->7.5s ttl=3s
⚙️ crew cat radio: slider=11 eff=11 budget=24 cd=x0.50 lock=45.0->22.5s ttl=8s
⚙️ crew cat chatter: slider=11 eff=11 budget=24 cd=x0.50 lock=60.0->30.0s ttl=6s
🎮 menus → onTrack (pkt 29593, lap 0, flags 0x0009, pos 1, cars 2, tod 61620000)
🧭 polyline [PRE-GREEN]: 15 candidate(s) dropped on direction — best of them Sardegna - Road Track - B median 23.89 (alignment -0.94)
🧭 polyline [PRE-GREEN]: no fit yet — best Deep Forest Raceway median 6.24 m (30 samples, pass 1 of 12)
🏁 start type: ROLLING_START at pkt 29953 lap 1
🔀 state UNKNOWN → RACING at pkt 29953 lap 1
🔵 sub-state — → FIRST_LAP lap 1
📋 lap 0: — clean fuel_used=0.00
📊 strategy: green flag, race clock running
🗣 spoke (lapPace, imp 0, cost 1.6s, ledger 1.6/20.4s, 1 line): greenFlag
📊 strategy L1: no fuel model yet
🧭 learned: 3 layouts tied (Circuit de Barcelona-Catalunya GP Layout, Circuit de Sainte-Croix - C, Deep Forest Raceway) — resolving by divergence
🚪 gate refined: Deep Forest Raceway/customRace/lap1 (171 samples, σ 0.76 m, ±12 m, across -2.3…1.1 m)
🗣 spoke (radio, imp 0, cost 2.7s, ledger 4.3/20.4s, 1 line): surveyGate(lap1, 171)
🧭 divergence: fork at 10 m on course 51 — 1 left (Deep Forest Raceway)
🧭 divergence: resolved to Deep Forest Raceway
🧭 identified: Deep Forest Raceway (CRS 51) — finishLine, 4381 sample(s), ±12 m
🧭 polyline [L1]: 15 candidate(s) dropped on direction — best of them Sardegna - Road Track - B median 18.73 (alignment -0.90)
🧭 polyline [L1]: no fit yet — best Deep Forest Raceway median 5.55 m (60 samples, pass 2 of 12)
🧭 polyline [L1]: 15 candidate(s) dropped on direction — best of them Sardegna - Road Track - B median 24.79 (alignment -0.60)
🧭 polyline [L1]: Deep Forest Raceway (CRS 51, map ctx customRace) median 2.95 m, p90 6.58 m, 10% of lap, 90 samples, alignment +1.00 — next course Brands Hatch Grand Prix Circuit median 39.45/p90 86.16
🧭 polyline agrees with the declared course (CRS 51)
🔵 sub-state FIRST_LAP → FLYING lap 2
📋 lap 1: 1:31.577 first fuel_used=0.00
📊 strategy L2: no fuel model yet
🔵 lap 1: clean
🚪 gate refined: Deep Forest Raceway/customRace/finishLine (4382 samples, σ 1.99 m, ±12 m, across -8.9…5.4 m)
🗣 spoke (radio, imp 0, cost 2.7s, ledger 2.7/20.4s, 1 line): surveyGate(finishLine, 4382)
🗣 bulletin (imp 6, cost 5.4s, ledger 8.0/20.4s, 2 lines): L2
📋 lap 2: 1:27.778 clean fuel_used=0.00
🔵 lap 2: clean
📊 strategy L3: no fuel model yet
🚪 gate refined: Deep Forest Raceway/customRace/finishLine (4383 samples, σ 1.99 m, ±12 m, across -8.9…5.4 m)
🗺 mapper: learned lap 2 (87.778 s, 4190 m, 838 pts) — installing as session polyline
🗣 spoke (radio, imp 0, cost 6.0s, ledger 6.0/20.4s, 1 line): surveyLap(2, 87778 ms, 838 pts)
🗣 spoke (radio, imp 0, cost 2.7s, ledger 8.7/20.4s, 1 line): surveyComplete(3 optional missing)
🗺 survey stored → 51.trackmap.json
🗺 session polyline installed from lap 2 (838 pts) — minimap + delta live
⏱ class lap kept: Deep Forest Raceway/customRace/Gr.3 → 1:27.778 (10/10 laps, 6 car(s), avg 1:28.029)
🗣 bulletin (imp 2, cost 3.9s, ledger 12.6/20.4s, 2 lines): L3
📋 lap 3: 1:27.861 clean fuel_used=0.00
🔵 lap 3: clean
📊 strategy L4: no fuel model yet
🚪 gate refined: Deep Forest Raceway/customRace/finishLine (4384 samples, σ 1.99 m, ±12 m, across -8.9…5.4 m)
🗣 bulletin (imp 6, cost 6.1s, ledger 6.1/20.4s, 2 lines): L4
📋 lap 4: 1:27.025 clean fuel_used=0.00
🔵 lap 4: clean
📊 strategy: finish armed at L5 (lap 5 > 4) — awaiting lap-clock freeze
📊 strategy L5: no fuel model yet
🚪 gate refined: Deep Forest Raceway/customRace/finishLine (4385 samples, σ 1.99 m, ±12 m, across -8.9…5.4 m)
🗺 mapper: learned lap 4 (87.025 s, 4180 m, 836 pts) — installing as session polyline
🗣 spoke (radio, imp 0, cost 6.0s, ledger 6.0/20.4s, 1 line): surveyLap(4, 87025 ms, 836 pts)
🗺 survey stored → 51.trackmap.json
🗺 session polyline installed from lap 4 (836 pts) — minimap + delta live
⏱ class lap BEST: Deep Forest Raceway/customRace/Gr.3 → 1:27.025 (10/10 laps, 6 car(s), avg 1:27.888)
📊 strategy: race finished at L5 — confirmed, lap clock frozen 0.50 s (handover 0.50 s)
💾 race preserved (finished): 5 lap(s), 0 stop(s), start ROLLING_START, P1/2
✂️ capture auto-stop in 30s (race finished)
🗑 flag: pending commentary cancelled
🗣 spoke (radio, imp 0, cost 2.5s, ledger 8.5/20.4s, 1 line): raceFinished(L5)
🗑 speaker: 1 queued line(s) preempted by flag
🗑 flag: pending commentary cancelled
🔧 session ended after lap 5
🎮 replay handshake armed (off track, race context still valid: pos 1, cars 2)
🔄 new session on the same connection — resetting track-scoped state
🧭 learned pool: 142 gate(s) from 323 stored
📊 strategy: reset
⚙️ crew cfg: wpm=140 window=24.0s sat=0.85 cap=20.4s overhead=0.35s speech=on
📊 pit loss: estimated 15.0 s from the unofficial table (Deep Forest Raceway)
⚙️ crew cat lapPace: slider=11 eff=11 budget=24 cd=x0.50 lock=20.0->10.0s ttl=10s
⚙️ crew cat position: slider=11 eff=11 budget=24 cd=x0.50 lock=20.0->10.0s ttl=10s
⚙️ crew cat strategy: slider=11 eff=11 budget=24 cd=x0.50 lock=12.0->6.0s ttl=30s protected
⚙️ crew cat pitSequence: slider=11 eff=11 budget=24 cd=x0.50 lock=10.0->5.0s ttl=12s protected
⚙️ crew cat tyres: slider=11 eff=11 budget=24 cd=x0.50 lock=25.0->12.5s ttl=12s
⚙️ crew cat incidents: slider=3 eff=3 budget=24 cd=x0.50 lock=15.0->7.5s ttl=3s
⚙️ crew cat radio: slider=11 eff=11 budget=24 cd=x0.50 lock=45.0->22.5s ttl=8s
⚙️ crew cat chatter: slider=11 eff=11 budget=24 cd=x0.50 lock=60.0->30.0s ttl=6s
🎮 onTrack → replay (pkt 52150, lap 0, flags 0x0008, pos 1, cars 2, tod 61620000)
⏸ replay — race commentary suspended
🧭 polyline [MENU]: 15 candidate(s) dropped on direction — best of them Sardegna - Road Track - B median 24.36 (alignment -0.93)
🧭 polyline [MENU]: Deep Forest Raceway (CRS 51, map ctx customRace) median 1.41 m, p90 2.46 m, 3% of lap, 30 samples, alignment +1.00 — next course WeatherTech Raceway Laguna Seca median 15.67/p90 32.47
🧭 polyline agrees with the declared course (CRS 51)
🧭 learned: 3 layouts tied (Circuit de Barcelona-Catalunya GP Layout, Circuit de Sainte-Croix - C, Deep Forest Raceway) — resolving by divergence
🚪 gate refined: Deep Forest Raceway/customRace/lap1 (172 samples, σ 0.76 m, ±12 m, across -2.3…1.1 m)
🗣 spoke (radio, imp 0, cost 3.1s, ledger 11.6/20.4s, 1 line): surveyGate(lap1, 172)
🧭 divergence: fork at 10 m on course 51 — 1 left (Deep Forest Raceway)
🧭 divergence: resolved to Deep Forest Raceway
🧭 identified: Deep Forest Raceway (CRS 51) — finishLine, 4385 sample(s), ±12 m
🗺 mapper: lap 2 rejected (teleport)
⏹ stopping the recording — auto-stop: race finished
# --- stopped: 24373 packets
