# EzioClient session log
# file:    20260831_175448 - Deep Forest Raceway (51).gt7td
# started: 2026-08-31T15:54:48Z
# track:   Deep Forest Raceway (CRS 51)
# car:     Chevrolet Corvette C7 Gr.3 [gr3]
# context: lobby
# ---
📊 pit loss: estimated 15.0 s from the unofficial table (Deep Forest Raceway)
📊 strategy: track pit loss 15.0 s
# car:     Chevrolet Corvette C7 Gr.3 (id 2183) — confirmed from telemetry
📋 lap 0: — clean fuel_used=0.00
📊 strategy L1: no fuel model yet
🧭 no gate matched at lap 0→1 (new coordinates) — live-learn only; the learner records this crossing if the track is declared
🎮 menus → onTrack (pkt 482741, lap 1, flags 0x0001, pos 1, cars 1, tod 64932504)
🏁 start type: START_UNDETERMINED at pkt 482769 lap 1
🔀 state UNKNOWN → RACING at pkt 482769 lap 1
🔵 sub-state — → FIRST_LAP lap 1
📊 strategy: green flag, race clock running
🗣 spoke (lapPace, imp 0, cost 2.5s, ledger 2.5/20.4s, 1 line): greenFlag
🧭 polyline [L1]: 14 candidate(s) dropped on direction — best of them Blue Moon Bay Speedway Reverse median 9.90 (alignment -0.93)
🧭 polyline [L1]: no fit yet — best Blue Moon Bay Speedway median 9.35 m (30 samples, pass 1 of 12)
# --- stopped: 1067 packets
