# EzioClient session log
# file:    20260727_001126 - Autodrome Lago Maggiore - Full Course Reverse (602).gt7td
# started: 2026-07-26T22:11:26Z
# track:   Autodrome Lago Maggiore - Full Course Reverse (CRS 602)
# car:     Porsche 911 GT3 R (992) '22 [gr3]
# context: customRace
# ---
🧭 polyline [MENU]: ambiguous — Autodrome Lago Maggiore - West median 0.45/p90 0.45 vs Autodrome Lago Maggiore - West End median 0.64/p90 0.64 (180 samples), abstaining
🧭 polyline [MENU]: ambiguous — Autodrome Lago Maggiore - West median 0.45/p90 0.45 vs Autodrome Lago Maggiore - West End median 0.64/p90 0.64 (180 samples), abstaining
🧭 polyline [MENU]: ambiguous — Autodrome Lago Maggiore - West median 0.45/p90 0.45 vs Autodrome Lago Maggiore - West End median 0.64/p90 0.64 (180 samples), abstaining
🏁 start type: GRID_START at pkt 5506736 lap 1
🔀 state UNKNOWN → RACING at pkt 5506736 lap 1
🔵 sub-state — → FIRST_LAP lap 1
📊 strategy: green flag, race clock running
🗣 spoke (lapPace, imp 0, cost 2.1s, ledger 2.1/20.4s, 1 line): greenFlag
📊 strategy L1: no fuel model yet
🧭 learned: 4 layouts tied (Autodrome Lago Maggiore - Centre Reverse, Autodrome Lago Maggiore - East Reverse, Autodrome Lago Maggiore - Full Course Reverse, Autodrome Lago Maggiore - West Reverse) — resolving by divergence
🚪 gate learned: Autodrome Lago Maggiore - Full Course Reverse/customRace/lap1 heading 144°
🗣 spoke (radio, imp 0, cost 2.1s, ledger 4.1/20.4s, 1 line): surveyGate(lap1, 1)
🧭 divergence: fork at 365 m on course 1233 — 3 left (Autodrome Lago Maggiore - East Reverse, Autodrome Lago Maggiore - Full Course Reverse, Autodrome Lago Maggiore - West Reverse)
🧭 divergence: 3 gate(s) for 3 candidates at 370m, 370m, 370m
🧭 divergence: fork at 370 m on course 602 — 2 left (Autodrome Lago Maggiore - Full Course Reverse, Autodrome Lago Maggiore - West Reverse)
🧭 divergence: 2 gate(s) for 2 candidates at 3388m, 3377m
🗣 chain (imp 4, cost 2.9s, ledger 7.0/20.4s, 3 events, 1 lines)
🗣 chain (imp 4, cost 2.9s, ledger 5.8/20.4s, 1 events, 1 lines)
🎭 mood relaxed → focused
🎭 mood focused → concerned
🗣 chain (imp 1, cost 1.6s, ledger 4.6/20.4s, 5 events, 1 lines)
🎭 mood concerned → annoyed
🗣 chain (imp 2, cost 3.4s, ledger 5.0/20.4s, 4 events, 1 lines)
🧭 divergence: fork at 3388 m on course 602 — 1 left (Autodrome Lago Maggiore - Full Course Reverse)
🧭 divergence: resolved to Autodrome Lago Maggiore - Full Course Reverse
🧭 identified (learned): Autodrome Lago Maggiore - Full Course Reverse (CRS 602) — finishLine, 2 sample(s), ±16 m — no legacy gate (new track)
🔵 sub-state FIRST_LAP → FLYING lap 2
🎭 mood annoyed → focused
📊 strategy L2: fuel/lap 20.21, 3.9 laps of fuel, race length unknown — fuel horizon
🔵 lap 1 antics: contact, impact, off
🚪 gate learned: Autodrome Lago Maggiore - Full Course Reverse/customRace/finishLine heading 143°
🎭 mood focused → concerned
🗣 spoke (radio, imp 0, cost 2.7s, ledger 2.7/20.4s, 1 line): surveyGate(finishLine, 2)
🗣 bulletin (imp 6, cost 5.4s, ledger 8.0/20.4s, 2 lines): L2
🗣 chain (imp 2, cost 1.2s, ledger 9.2/20.4s, 3 events, 1 lines)
🗣 spoke (tyres, imp 4, cost 2.5s, ledger 3.7/20.4s, 1 line): tyreTemps(high, 85°)
🎭 mood concerned → annoyed
🗣 chain (imp 4, cost 7.9s, ledger 10.4/20.4s, 3 events, 2 lines)
🗑 speaker: stale, not spoken: "settle it down and rebuild"
🎭 mood annoyed → concerned
🗣 spoke (tyres, imp 2, cost 1.2s, ledger 9.1/20.4s, 1 line): tyreTemps(overheating, 146°)
🎭 mood concerned → annoyed
🗑 dropped (cooldown tyretemps; 6.2s of 22.5s via tyres x0.50): tyreTemps(high, 88°)
🗣 chain (imp 4, cost 8.8s, ledger 10.0/20.4s, 4 events, 2 lines)
🗑 speaker: stale, not spoken: "we need the car in one piece"
🔧 huge stop 147 km/h with clutch 1.00 — pending impact-vs-pit (6 s)
🔀 state RACING → PIT at pkt 5523281 lap 2
🔵 sub-state FLYING → — lap 2
🔧 pit-entry anchor learned: 135164 ms into lap (stop on lap 2)
🔧 pended impact cancelled: pit entry
🎭 mood annoyed → concerned
🚪 gate learned: Autodrome Lago Maggiore - Full Course Reverse/customRace/pitEntry (no heading)
🗣 spoke (pitSequence, imp 0, cost 2.9s, ledger 2.9/20.4s, 1 line, protected): pittingIn(L2)
🗑 dropped (in pit): surveyGate(pitEntry, 1)
🔵 lap 2 antics: contact, off
🗺 mapper: lap 2 rejected (pit)
🗑 dropped (in pit): lapStarted(3, last 144.58s)
🗑 dropped (in pit): positionChange(P1→P20)
🗣 spoke (pitSequence, imp 2, cost 1.2s, ledger 4.1/20.4s, 1 line, protected): inPitBox
🔀 state PIT → RACING at pkt 5524295 lap 3
🔵 sub-state — → OUT_LAP lap 3
🅿️ PIT completed: in L2 → out L3 (no fuel, transit 19.9s, teleport=false)
🚪 gate learned: Autodrome Lago Maggiore - Full Course Reverse/customRace/pitBox (no heading)
🅿️ entry→box 14.6s (speaking budget)
🗑 dropped (in pit): surveyGate(pitBox, 1)
🔧 teleport 106 m on lap 3 — pending reset-vs-pit (2.5 s)
📊 strategy L3: fuel/lap 19.20, 3.2 laps of fuel, race length unknown — fuel horizon
🗣 spoke (pitSequence, imp 2, cost 1.6s, ledger 5.8/20.4s, 1 line, protected): exitingPit(+0.00l, tyres)
🗑 dropped (cooldown pit; 0.0s of 1.0s via pitSequence x0.50): freshTyres
🚪 gate learned: Autodrome Lago Maggiore - Full Course Reverse/customRace/pitExit heading 142°
🗣 spoke (radio, imp 0, cost 2.1s, ledger 7.8/20.4s, 1 line): surveyGate(pitExit, 1)
📊 strategy L3: fuel/lap 19.20, 3.2 laps of fuel, race length unknown — fuel horizon
🗣 spoke (tyres, imp 4, cost 2.1s, ledger 9.9/20.4s, 1 line): tyreTemps(low, 60°)
🔧 reset-to-track confirmed (no pit followed)
🗣 chain (imp 2, cost 1.2s, ledger 11.1/20.4s, 1 events, 1 lines)
🗣 chain (imp 6, cost 2.1s, ledger 3.3/20.4s, 1 events, 1 lines)
🗣 spoke (tyres, imp 4, cost 1.6s, ledger 1.6/20.4s, 1 line): tyreTemps(inWindow, 71°)
🗣 chain (imp 4, cost 3.8s, ledger 5.4/20.4s, 1 events, 1 lines)
🔵 sub-state OUT_LAP → FLYING lap 4
🎭 mood concerned → focused
📊 strategy L4: fuel/lap 18.68, 2.3 laps of fuel, race length unknown — fuel horizon
🔵 lap 3 antics: contact
🚪 gate refined: Autodrome Lago Maggiore - Full Course Reverse/customRace/finishLine (2 samples, σ 4.49 m, ±16 m)
🗺 mapper: lap 3 rejected (teleport)
🗣 spoke (radio, imp 0, cost 2.7s, ledger 2.7/20.4s, 1 line): surveyGate(finishLine, 2)
🗣 bulletin (imp 6, cost 5.8s, ledger 8.5/20.4s, 2 lines): L4
🗣 chain (imp 4, cost 1.2s, ledger 1.2/20.4s, 2 events, 1 lines)
🔵 lap 4 antics: contact
📊 laps-left model: elapsed 536.7 s, remaining 63.3 s, median lap 122.5 s -> 1 (no-stop 1, pit loss 18.0 s, rate 3 l/s)
📊 strategy L5: fuel/lap 19.06 | fuel 22.8 = 1.2 laps | 1.0 laps to go | stops 0
🗣 spoke (lapPace, imp 4, cost 1.6s, ledger 2.8/20.4s, 1 line): paceDegradation(6.61s/lap over 4)
🚪 gate refined: Autodrome Lago Maggiore - Full Course Reverse/customRace/finishLine (3 samples, σ 3.82 m, ±11 m)
🗣 spoke (position, imp 4, cost 2.8s, ledger 5.7/20.4s, 1 line): positionChange(P20→P6)
🗣 spoke (radio, imp 0, cost 2.7s, ledger 8.3/20.4s, 1 line): surveyGate(finishLine, 2)
🗺 mapper: learned lap 4 (122.513 s, 5735 m, 1147 pts) — installing as session polyline
🗣 spoke (radio, imp 0, cost 4.1s, ledger 12.5/20.4s, 1 line): surveyLap(4, 122513 ms, 1147 pts)
🗺 session polyline installed from lap 4 (1147 pts) — minimap + delta live
⏱ class lap BEST: Autodrome Lago Maggiore - Full Course Reverse/customRace/Gr.3 → 2:02.513 (1/10 laps, 1 car(s), avg 2:02.513)
🗣 spoke (radio, imp 0, cost 2.9s, ledger 15.4/20.4s, 1 line): surveyComplete(0 optional missing)
🗑 dropped (bulletin, ledger full; cost 6.2s, load 15.4/20.4s, 2 lines): L5
🗣 spoke (radio, imp 10, cost 2.5s, ledger 17.9/20.4s, 1 line): radioCheck(P6, fuel 22%)
🗑 speaker: stale, not spoken: "that's the full set"
🗑 speaker: stale, not spoken: "survey complete"
🗣 spoke (strategy, imp 2, cost 3.1s, ledger 21.0/20.4s, 1 line, protected): strategyUpdate(fuel 2.26L, togo ?, stops 0)
🎭 mood focused → concerned
🗣 chain (imp 4, cost 2.5s, ledger 5.6/20.4s, 2 events, 1 lines)
🎭 mood concerned → focused
🔵 lap 5 antics: contact, gained 14
📊 strategy: finish armed at L6 (clock 658.0 s of 600) — awaiting lap-clock freeze
📊 laps-left model: elapsed 658.0 s, remaining -58.0 s, median lap 121.9 s -> 0 (expired)
📊 strategy L6: fuel/lap 18.94 | fuel 3.8 = 0.2 laps | 0.0 laps to go | stops 0
🚪 gate refined: Autodrome Lago Maggiore - Full Course Reverse/customRace/finishLine (4 samples, σ 4.03 m, ±12 m)
🗣 spoke (position, imp 4, cost 1.4s, ledger 1.4/20.4s, 1 line): positionChange(P6→P4)
🗣 spoke (radio, imp 0, cost 2.7s, ledger 4.0/20.4s, 1 line): surveyGate(finishLine, 2)
🗺 mapper: learned lap 5 (121.195 s, 5725 m, 1145 pts) — installing as session polyline
🗣 spoke (radio, imp 0, cost 3.7s, ledger 7.7/20.4s, 1 line): surveyLap(5, 121195 ms, 1145 pts)
🗺 session polyline installed from lap 5 (1145 pts) — minimap + delta live
⏱ class lap BEST: Autodrome Lago Maggiore - Full Course Reverse/customRace/Gr.3 → 2:01.195 (2/10 laps, 1 car(s), avg 2:01.854)
📊 strategy: race finished at L6 — confirmed, lap clock frozen 0.50 s (handover 0.48 s)
✂️ capture auto-stop in 30s (race finished)
🗑 flag: pending commentary cancelled
🗣 spoke (radio, imp 0, cost 1.6s, ledger 9.4/20.4s, 1 line): raceFinished(L6)
🗑 speaker: 3 queued line(s) preempted by flag
🔧 session ended after lap 6
🎭 mood focused → relaxed
🗑 flag: pending commentary cancelled
🔄 new session on the same connection — resetting track-scoped state
🧭 learned pool: 108 gate(s) from 265 stored
📊 strategy: reset
⚙️ crew cfg: wpm=140 window=24.0s sat=0.85 cap=20.4s overhead=0.35s speech=on
⚙️ crew cat lapPace: slider=11 eff=11 budget=24 cd=x0.50 lock=20.0->10.0s ttl=10s
⚙️ crew cat position: slider=11 eff=11 budget=24 cd=x0.50 lock=20.0->10.0s ttl=10s
⚙️ crew cat strategy: slider=11 eff=11 budget=24 cd=x0.50 lock=12.0->6.0s ttl=30s protected
⚙️ crew cat pitSequence: slider=11 eff=11 budget=24 cd=x0.50 lock=10.0->5.0s ttl=12s protected
⚙️ crew cat tyres: slider=11 eff=11 budget=24 cd=x0.50 lock=25.0->12.5s ttl=12s
⚙️ crew cat incidents: slider=3 eff=3 budget=24 cd=x0.50 lock=15.0->7.5s ttl=3s
⚙️ crew cat radio: slider=11 eff=11 budget=24 cd=x0.50 lock=45.0->22.5s ttl=8s
⚙️ crew cat chatter: slider=6 eff=6 budget=14 cd=x1.25 lock=60.0->75.0s ttl=6s
📊 strategy L6: no fuel model yet
🔄 new session on the same connection — resetting track-scoped state
🧭 learned pool: 108 gate(s) from 265 stored
📊 strategy: reset
⚙️ crew cfg: wpm=140 window=24.0s sat=0.85 cap=20.4s overhead=0.35s speech=on
⚙️ crew cat lapPace: slider=11 eff=11 budget=24 cd=x0.50 lock=20.0->10.0s ttl=10s
⚙️ crew cat position: slider=11 eff=11 budget=24 cd=x0.50 lock=20.0->10.0s ttl=10s
⚙️ crew cat strategy: slider=11 eff=11 budget=24 cd=x0.50 lock=12.0->6.0s ttl=30s protected
⚙️ crew cat pitSequence: slider=11 eff=11 budget=24 cd=x0.50 lock=10.0->5.0s ttl=12s protected
⚙️ crew cat tyres: slider=11 eff=11 budget=24 cd=x0.50 lock=25.0->12.5s ttl=12s
⚙️ crew cat incidents: slider=3 eff=3 budget=24 cd=x0.50 lock=15.0->7.5s ttl=3s
⚙️ crew cat radio: slider=11 eff=11 budget=24 cd=x0.50 lock=45.0->22.5s ttl=8s
⚙️ crew cat chatter: slider=6 eff=6 budget=14 cd=x1.25 lock=60.0->75.0s ttl=6s
🧭 polyline [MENU]: ambiguous — Autodrome Lago Maggiore - Full Course median 1.14/p90 2.34 vs Autodrome Lago Maggiore - East median 1.45/p90 2.37 (30 samples), abstaining
🧭 polyline [MENU]: ambiguous — Autodrome Lago Maggiore - East End median 0.59/p90 2.38 vs Autodrome Lago Maggiore - Full Course Reverse median 0.67/p90 1.83 (60 samples), abstaining
# --- stopped: 43085 packets
