# EzioClient session log
# file:    20260725_221844 - Autodrome Lago Maggiore - Full Course Reverse (602).gt7td
# started: 2026-07-25T20:18:44Z
# track:   Autodrome Lago Maggiore - Full Course Reverse (CRS 602)
# car:     Ferrari 499P '23 [gr3]
# context: lobby
# ---
🏁 start type: GRID_START at pkt 1556301 lap 1
🔀 state UNKNOWN → RACING at pkt 1556301 lap 1
🔵 sub-state — → FIRST_LAP lap 1
📊 strategy: green flag, race clock running
📊 strategy L1: no fuel model yet
🧭 primary: 2 candidates ["Autodrome Lago Maggiore: Full Course Reverse", "Autodrome Lago Maggiore: West Reverse"]
🧭 identified (legacy): Autodrome Lago Maggiore: Full Course Reverse (CRS 602) — after narrowing
🔵 sub-state FIRST_LAP → FLYING lap 2
🔵 lap 1: clean
📊 strategy L2: fuel/lap 8.28, 11.0 laps of fuel, race length unknown — fuel horizon
🔵 lap 2: clean
📊 strategy L3: fuel/lap 8.35, 9.9 laps of fuel, race length unknown — fuel horizon
🗺 mapper: learned lap 2 (120.324 s, 5730 m, 1146 pts) — installing as session polyline
🗺 survey stored → 602.trackmap.json
🗺 session polyline installed from lap 2 (1146 pts) — minimap + delta live
⏱ class lap BEST: Autodrome Lago Maggiore - Full Course Reverse/lobby/Gr.3 → 2:00.324 (1/10 laps, 1 car(s), avg 2:00.324)
🗑 speaker: stale, not spoken: "radio check"
🗑 speaker: stale, not spoken: "P 1"
🎭 mood relaxed → focused
🔧 huge stop 152 km/h with clutch 1.00 — pending impact-vs-pit (6 s)
🔀 state RACING → PIT at pkt 1577863 lap 3
🔵 sub-state FLYING → — lap 3
🔧 pit-entry anchor learned: 119719 ms into lap (stop on lap 3)
🔧 pended impact cancelled: pit entry
🗑 dropped (in pit): surveyGate(pitEntry, 1)
🗑 dropped (in pit): surveyComplete(2 optional missing)
🗑 dropped (cooldown): inPitBox
🔵 lap 3 antics: impact
🗺 mapper: lap 3 rejected (pit)
🗑 dropped (in pit): lapStarted(4, last 126.33s)
🔀 state PIT → RACING at pkt 1578709 lap 4
🔵 sub-state — → OUT_LAP lap 4
🅿️ PIT completed: in L3 → out L4 (no fuel, transit 16.8s, teleport=false)
🗑 dropped (in pit): surveyGate(pitBox, 1)
🅿️ entry→box 11.5s (speaking budget)
🗑 dropped (in pit): surveyComplete(1 optional missing)
🔧 teleport 106 m on lap 4 — pending reset-vs-pit (2.5 s)
📊 strategy L4: fuel/lap 8.41, 8.9 laps of fuel, race length unknown — fuel horizon
🗑 dropped (cooldown): freshTyres
📊 strategy L4: fuel/lap 8.41, 8.9 laps of fuel, race length unknown — fuel horizon
🔧 reset-to-track confirmed (no pit followed)
🔄 new session on the same connection — resetting track-scoped state
📊 strategy: reset
🔧 session restart: lap-scoped state reset
✂️ capture auto-stop in 5s (parked — left the driver's seat)
# --- stopped: 24238 packets
