# EzioClient session log
# file:    20260725_223916 - Autodrome Lago Maggiore - West End (792).gt7td
# started: 2026-07-25T20:39:16Z
# track:   Autodrome Lago Maggiore - West End (CRS 792)
# car:     Ferrari 499P '23 [gr3]
# context: lobby
# ---
🏁 start type: GRID_START at pkt 1629979 lap 0
🔀 state UNKNOWN → RACING at pkt 1629979 lap 0
🔵 sub-state — → FIRST_LAP lap 0
📊 strategy: green flag, race clock running
🎭 mood focused → relaxed
📊 strategy L1: no fuel model yet
🧭 identified (legacy): Autodrome Lago Maggiore: West End (CRS 792) — primary gate
🔵 sub-state FIRST_LAP → FLYING lap 2
🔵 lap 1: clean
📊 strategy L2: fuel/lap 3.57, 27.0 laps of fuel, race length unknown — fuel horizon
🔵 lap 2: clean
📊 strategy L3: fuel/lap 3.60, 25.7 laps of fuel, race length unknown — fuel horizon
🗺 mapper: learned lap 2 (53.677 s, 2355 m, 471 pts) — installing as session polyline
🗺 survey stored → 792.trackmap.json
🗺 session polyline installed from lap 2 (471 pts) — minimap + delta live
⏱ class lap BEST: Autodrome Lago Maggiore - West End/lobby/Gr.3 → 53.677 (1/10 laps, 1 car(s), avg 53.677)
🔧 huge stop 164 km/h with clutch 1.00 — pending impact-vs-pit (6 s)
🔀 state RACING → PIT at pkt 1639831 lap 3
🔵 sub-state FLYING → — lap 3
🔧 pit-entry anchor learned: 53157 ms into lap (stop on lap 3)
🔧 pended impact cancelled: pit entry
🗑 dropped (in pit): surveyGate(pitEntry, 1)
🗑 dropped (in pit): surveyComplete(2 optional missing)
🗑 dropped (cooldown): inPitBox
🔵 lap 3: clean
🗺 mapper: lap 3 rejected (teleport)
🗑 dropped (in pit): lapStarted(4, last 61.33s)
🔀 state PIT → RACING at pkt 1640903 lap 4
🔵 sub-state — → OUT_LAP lap 4
🅿️ PIT completed: in L3 → out L4 (no fuel, transit 20.7s, teleport=false)
🗑 dropped (in pit): surveyGate(pitBox, 1)
🅿️ entry→box 13.4s (speaking budget)
🗑 dropped (in pit): surveyComplete(1 optional missing)
🔧 teleport 53 m on lap 4 — pending reset-vs-pit (2.5 s)
📊 strategy L4: fuel/lap 3.57, 25.1 laps of fuel, race length unknown — fuel horizon
🗑 dropped (cooldown): freshTyres
🗑 dropped (cooldown): strategyUpdate(fuel 25.09L, togo 25.09, stops 0)
📊 strategy L4: fuel/lap 3.57, 25.1 laps of fuel, race length unknown — fuel horizon
🔧 reset-to-track confirmed (no pit followed)
🎭 mood relaxed → focused
🔄 new session on the same connection — resetting track-scoped state
📊 strategy: reset
🔧 session restart: lap-scoped state reset
✂️ capture auto-stop in 5s (driver off track / not in control)
# --- stopped: 12313 packets
