# EzioClient session log
# file:    20260725_222551 - Autodrome Lago Maggiore - Centre (793).gt7td
# started: 2026-07-25T20:25:51Z
# track:   Autodrome Lago Maggiore - Centre (CRS 793)
# car:     Ferrari 499P '23 [gr3]
# context: lobby
# ---
🏁 start type: GRID_START at pkt 1581655 lap 0
🔀 state UNKNOWN → RACING at pkt 1581655 lap 0
🔵 sub-state — → FIRST_LAP lap 0
📊 strategy: green flag, race clock running
📊 strategy L1: no fuel model yet
🧭 identified (learned): Autodrome Lago Maggiore - Full Course (CRS 365) — legacy agrees
🎭 mood focused → relaxed
🔵 sub-state FIRST_LAP → FLYING lap 2
🔵 lap 1: clean
📊 strategy L2: fuel/lap 2.98, 32.5 laps of fuel, race length unknown — fuel horizon
🎭 mood relaxed → focused
🔵 lap 2 antics: contact
📊 strategy L3: fuel/lap 3.03, 30.9 laps of fuel, race length unknown — fuel horizon
🗺 mapper: learned lap 2 (45.885 s, 1980 m, 396 pts) — installing as session polyline
🗺 survey stored → 793.trackmap.json
🗺 session polyline installed from lap 2 (396 pts) — minimap + delta live
⏱ class lap BEST: Autodrome Lago Maggiore - Centre/lobby/Gr.3 → 45.885 (1/10 laps, 1 car(s), avg 45.885)
🗑 speaker: stale after pause: "lap 3"
🔧 huge stop 181 km/h with clutch 1.00 — pending impact-vs-pit (6 s)
🔀 state RACING → PIT at pkt 1589996 lap 3
🔵 sub-state FLYING → — lap 3
🔧 pit-entry anchor learned: 45017 ms into lap (stop on lap 3)
🔧 pended impact cancelled: pit entry
🎭 mood focused → relaxed
🗑 dropped (in pit): surveyGate(pitEntry, 1)
🗑 dropped (in pit): surveyComplete(2 optional missing)
🗑 dropped (cooldown): inPitBox
🔀 state PIT → RACING at pkt 1590877 lap 4
🔵 sub-state — → OUT_LAP lap 4
🅿️ PIT completed: in L3 → out L4 (no fuel, transit 17.4s, teleport=false)
🗑 dropped (in pit): surveyGate(pitBox, 1)
🅿️ entry→box 13.0s (speaking budget)
🗑 dropped (in pit): surveyComplete(1 optional missing)
🔵 lap 3: clean
🗑 dropped (in pit): lapStarted(4, last 59.70s)
🔧 teleport 165 m on lap 4 — pending reset-vs-pit (2.5 s)
📊 strategy L4: fuel/lap 2.98, 30.6 laps of fuel, race length unknown — fuel horizon
🗑 dropped (cooldown): freshTyres
🗺 mapper: lap 3 rejected (teleport)
📊 strategy L4: fuel/lap 2.98, 30.6 laps of fuel, race length unknown — fuel horizon
🔧 reset-to-track confirmed (no pit followed)
🎭 mood relaxed → focused
🗑 dropped (cooldown): strategyUpdate(fuel 30.58L, togo 30.58, stops 0)
🔄 new session on the same connection — resetting track-scoped state
📊 strategy: reset
🔧 session restart: lap-scoped state reset
✂️ capture auto-stop in 5s (driver off track / not in control)
# --- stopped: 10869 packets
