# EzioClient session log
# file:    20260920_174226 - Circuit de Barcelona-Catalunya GP Layout (874).gt7td
# started: 2026-09-20T15:42:26Z
# track:   Circuit de Barcelona-Catalunya GP Layout (CRS 874)
# car:     Chevrolet Corvette C7 Gr.3 [gr3]
# context: customRace
# ---
📊 pit loss: estimated 28.0 s from the unofficial table (Circuit de Barcelona-Catalunya GP Layout)
📊 strategy: track pit loss 28.0 s
📊 strategy: declared 7 lap race
# car:     Alfa Romeo 155 2.5 V6 TI '93 (id 365) — corrected from telemetry, capture setup declared "Chevrolet Corvette C7 Gr.3"
🎮 menus → onTrack (pkt 222493, lap 0, flags 0x0009, pos 1, cars 19, tod 54000000)
🔧 session restart: lap-scoped state reset
🧭 polyline [PRE-GREEN]: 23 candidate(s) dropped on direction — best of them Autodromo Nazionale Monza median 41.85 (alignment -0.40)
🧭 polyline [PRE-GREEN]: no fit yet — best Circuit de Barcelona-Catalunya GP Layout No Chicane median 19.50 m (30 samples, pass 1 of 12)
🧭 polyline [PRE-GREEN]: 22 candidate(s) dropped on direction — best of them Autodromo Nazionale Monza median 82.61 (alignment -0.45)
🧭 polyline [PRE-GREEN]: no fit yet — best Watkins Glen Short Course median 25.38 m (60 samples, pass 2 of 12)
🧭 polyline [PRE-GREEN]: 22 candidate(s) dropped on direction — best of them High Speed Ring median 69.86 (alignment -0.87)
🧭 polyline [PRE-GREEN]: no fit yet — best Circuit de Barcelona-Catalunya GP Layout No Chicane median 21.67 m (90 samples, pass 3 of 12)
🧭 polyline [PRE-GREEN]: 18 candidate(s) dropped on direction — best of them High Speed Ring median 63.77 (alignment -0.77)
🧭 polyline [PRE-GREEN]: no fit yet — best Circuit de Barcelona-Catalunya GP Layout No Chicane median 9.72 m (120 samples, pass 4 of 12)
🧭 polyline [PRE-GREEN]: 17 candidate(s) dropped on direction — best of them High Speed Ring median 63.99 (alignment -0.58)
🧭 polyline [PRE-GREEN]: Circuit de Barcelona-Catalunya GP Layout No Chicane (CRS 1249, map ctx customRace) median 3.71 m, p90 48.74 m, 9% of lap, 150 samples, alignment +0.92 — next course Watkins Glen Short Course median 40.45/p90 65.94
🧭 polyline DISAGREES with the DECLARED course: Circuit de Barcelona-Catalunya GP Layout No Chicane (CRS 1249) vs CRS 874 — declaration wins
🏁 start type: ROLLING_START at pkt 225165 lap 1
🔀 state UNKNOWN → RACING at pkt 225165 lap 1
🔵 sub-state — → FIRST_LAP lap 1
📋 lap 0: — clean fuel_used=0.84
📊 strategy: green flag, race clock running
🗣 spoke (lapPace, imp 0, cost 2.1s, ledger 2.1/20.4s, 1 line): greenFlag
📊 strategy L1: no fuel model yet
🧭 identified: Circuit de Barcelona-Catalunya GP Layout No Chicane (CRS 1249) — lap1, 11 sample(s), ±12 m
🚪 gate learned: Circuit de Barcelona-Catalunya GP Layout/customRace/lap1 heading 122°
🗣 spoke (radio, imp 0, cost 2.1s, ledger 4.1/20.4s, 1 line): surveyGate(lap1, 1)
🔵 sub-state FIRST_LAP → FLYING lap 2
📋 lap 1: 1:51.807 first fuel_used=8.25
🔵 lap 1: clean
📊 strategy L2: fuel/lap 8.25 | fuel 90.9 = 11.0 laps | 6.0 laps to go | stops 0
🚪 gate learned: Circuit de Barcelona-Catalunya GP Layout/customRace/finishLine heading 122°
🗣 spoke (radio, imp 0, cost 2.1s, ledger 2.1/20.4s, 1 line): surveyGate(finishLine, 1)
🗣 bulletin (imp 6, cost 4.9s, ledger 7.0/20.4s, 2 lines): L2
🗣 spoke (tyres, imp 4, cost 1.6s, ledger 1.6/20.4s, 1 line): tyreTemps(high, 85°)
📋 lap 2: 1:51.321 clean fuel_used=8.12
🔵 lap 2: clean
📊 strategy L3: fuel/lap 8.19 | fuel 82.8 = 10.1 laps | 5.0 laps to go | stops 0
🚪 gate refined: Circuit de Barcelona-Catalunya GP Layout/customRace/finishLine (2 samples, σ 0.29 m, ±16 m, across 0.0…0.3 m)
🗣 spoke (radio, imp 0, cost 2.7s, ledger 4.3/20.4s, 1 line): surveyGate(finishLine, 2)
🗺 mapper: learned lap 2 (111.321 s, 4575 m, 915 pts) — installing as session polyline
🗣 spoke (radio, imp 0, cost 4.1s, ledger 8.4/20.4s, 1 line): surveyLap(2, 111321 ms, 915 pts)
🗺 session polyline installed from lap 2 (915 pts) — minimap + delta live
⏱ class lap BEST: Circuit de Barcelona-Catalunya GP Layout/customRace/Gr.4 → 1:51.321 (1/10 laps, 1 car(s), avg 1:51.321)
🗣 spoke (radio, imp 0, cost 2.7s, ledger 11.1/20.4s, 1 line): surveyComplete(3 optional missing)
🗣 bulletin (imp 2, cost 4.3s, ledger 15.4/20.4s, 2 lines): L3
🗣 spoke (strategy, imp 2, cost 3.5s, ledger 18.9/20.4s, 1 line, protected): strategyUpdate(fuel 10.11L, togo 5, stops 0)
📋 lap 3: 1:51.001 clean fuel_used=7.33
🔵 lap 3: clean
📊 strategy L4: fuel/lap 8.12 | fuel 75.5 = 9.3 laps | 4.0 laps to go | stops 0
🚪 gate refined: Circuit de Barcelona-Catalunya GP Layout/customRace/finishLine (3 samples, σ 0.36 m, ±12 m, across 0.0…0.5 m)
🗣 spoke (radio, imp 0, cost 2.7s, ledger 2.7/20.4s, 1 line): surveyGate(finishLine, 3)
🗺 mapper: learned lap 3 (111.001 s, 4575 m, 915 pts) — installing as session polyline
🗣 spoke (radio, imp 0, cost 3.7s, ledger 6.4/20.4s, 1 line): surveyLap(3, 111001 ms, 915 pts)
🗺 session polyline installed from lap 3 (915 pts) — minimap + delta live
⏱ class lap BEST: Circuit de Barcelona-Catalunya GP Layout/customRace/Gr.4 → 1:51.001 (2/10 laps, 1 car(s), avg 1:51.161)
🗣 bulletin (imp 2, cost 6.8s, ledger 13.2/20.4s, 2 lines): L4
🗣 spoke (strategy, imp 2, cost 3.5s, ledger 16.7/20.4s, 1 line, protected): strategyUpdate(fuel 9.29L, togo 4, stops 0)
⏱ speaker: no callback after 8 s and the synthesizer is idle — restarting the queue pump
📋 lap 4: 1:51.868 clean fuel_used=7.55
🔵 lap 4: clean
📊 strategy L5: fuel/lap 7.84 | fuel 67.9 = 8.7 laps | 3.0 laps to go | stops 0
🚪 gate refined: Circuit de Barcelona-Catalunya GP Layout/customRace/finishLine (4 samples, σ 0.40 m, ±12 m, across 0.0…0.5 m)
🗣 spoke (radio, imp 0, cost 2.7s, ledger 2.7/20.4s, 1 line): surveyGate(finishLine, 4)
🗣 bulletin (imp 6, cost 6.3s, ledger 9.0/20.4s, 2 lines): L5
🗣 spoke (strategy, imp 2, cost 3.5s, ledger 12.5/20.4s, 1 line, protected): strategyUpdate(fuel 8.66L, togo 3, stops 0)
📋 lap 5: 1:51.449 clean fuel_used=7.84
🔵 lap 5: clean
📊 strategy L6: fuel/lap 7.84 | fuel 60.1 = 7.7 laps | 2.0 laps to go | stops 0
🚪 gate refined: Circuit de Barcelona-Catalunya GP Layout/customRace/finishLine (5 samples, σ 0.36 m, ±12 m, across -0.2…0.5 m)
🗣 spoke (radio, imp 0, cost 2.7s, ledger 2.7/20.4s, 1 line): surveyGate(finishLine, 5)
🗣 spoke (strategy, imp 4, cost 3.5s, ledger 6.2/20.4s, 1 line, protected): fuelStatus(lapsToGo, 8, 2 to go, 7.66 fuel-laps)
🗣 bulletin (imp 6, cost 6.7s, ledger 12.9/20.4s, 2 lines): L6
🗣 spoke (strategy, imp 2, cost 3.5s, ledger 16.4/20.4s, 1 line, protected): strategyUpdate(fuel 7.66L, togo 2, stops 0)
📋 lap 6: 1:52.668 clean fuel_used=8.05
🔵 lap 6: clean
📊 strategy L7: fuel/lap 7.94 | fuel 52.0 = 6.5 laps | 1.0 laps to go | stops 0
🚪 gate refined: Circuit de Barcelona-Catalunya GP Layout/customRace/finishLine (6 samples, σ 1.51 m, ±12 m, across -0.2…3.6 m)
🗣 spoke (radio, imp 0, cost 2.7s, ledger 2.7/20.4s, 1 line): surveyGate(finishLine, 6)
🗣 bulletin (imp 6, cost 5.6s, ledger 8.3/20.4s, 2 lines): L7
📋 lap 7: 1:52.809 clean fuel_used=7.30
🔵 lap 7: clean
📊 strategy: finish armed at L8 (lap 8 > 7) — awaiting lap-clock freeze
📊 strategy L8: fuel/lap 7.84 | fuel 44.7 = 5.7 laps | 0.0 laps to go | stops 0
🚪 gate refined: Circuit de Barcelona-Catalunya GP Layout/customRace/finishLine (7 samples, σ 4.63 m, ±14 m, across -0.2…11.7 m)
🗣 spoke (radio, imp 0, cost 2.7s, ledger 2.7/20.4s, 1 line): surveyGate(finishLine, 7)
🎭 mood relaxed → focused
📊 strategy: race finished at L8 — confirmed, lap clock frozen 0.50 s (handover 0.50 s)
💾 race preserved (finished): 8 lap(s), 0 stop(s), start ROLLING_START, P1/19
✂️ capture auto-stop in 30s (race finished)
🗑 flag: pending commentary cancelled
🗣 spoke (radio, imp 0, cost 2.5s, ledger 5.2/20.4s, 1 line): raceFinished(L8)
🔧 session ended after lap 8
🎭 mood focused → relaxed
🗑 flag: pending commentary cancelled
🎮 replay handshake armed (off track, race context still valid: pos 1, cars 19)
🔄 new session on the same connection — resetting track-scoped state
🧭 learned pool: 138 gate(s) from 316 stored
📊 strategy: reset
⚙️ crew cfg: wpm=140 window=24.0s sat=0.85 cap=20.4s overhead=0.35s speech=on
📊 pit loss: estimated 28.0 s from the unofficial table (Circuit de Barcelona-Catalunya GP Layout)
⚙️ crew cat lapPace: slider=11 eff=11 budget=24 cd=x0.50 lock=20.0->10.0s ttl=10s
⚙️ crew cat position: slider=11 eff=11 budget=24 cd=x0.50 lock=20.0->10.0s ttl=10s
⚙️ crew cat strategy: slider=11 eff=11 budget=24 cd=x0.50 lock=12.0->6.0s ttl=30s protected
⚙️ crew cat pitSequence: slider=11 eff=11 budget=24 cd=x0.50 lock=10.0->5.0s ttl=12s protected
⚙️ crew cat tyres: slider=11 eff=11 budget=24 cd=x0.50 lock=25.0->12.5s ttl=12s
⚙️ crew cat incidents: slider=3 eff=3 budget=24 cd=x0.50 lock=15.0->7.5s ttl=3s
⚙️ crew cat radio: slider=11 eff=11 budget=24 cd=x0.50 lock=45.0->22.5s ttl=8s
⚙️ crew cat chatter: slider=6 eff=6 budget=14 cd=x1.25 lock=60.0->75.0s ttl=6s
🎮 onTrack → replay (pkt 272892, lap 0, flags 0x0008, pos 1, cars 19, tod 54000083)
⏸ replay — race commentary suspended
🧭 polyline [MENU]: 23 candidate(s) dropped on direction — best of them Autodromo Nazionale Monza median 40.53 (alignment -0.41)
🧭 polyline [MENU]: no fit yet — best Circuit de Barcelona-Catalunya GP Layout No Chicane median 18.76 m (30 samples, pass 1 of 12)
🧭 polyline [MENU]: 22 candidate(s) dropped on direction — best of them Autodromo Nazionale Monza median 81.24 (alignment -0.45)
🧭 polyline [MENU]: no fit yet — best Watkins Glen Short Course median 25.46 m (60 samples, pass 2 of 12)
🧭 polyline [MENU]: 22 candidate(s) dropped on direction — best of them High Speed Ring median 69.86 (alignment -0.87)
🧭 polyline [MENU]: no fit yet — best Circuit de Barcelona-Catalunya GP Layout No Chicane median 21.90 m (90 samples, pass 3 of 12)
⏹ stopping the recording — auto-stop: race finished
# --- stopped: 50669 packets
